Archive member included to satisfy reference by file (symbol)

.\CortexM3\ARM_GCC_541\Debug\NeverLose.a(SW1.o)
                              .\CortexM3\ARM_GCC_541\Debug\main.o (SW1_Read)
.\CortexM3\ARM_GCC_541\Debug\NeverLose.a(SW2.o)
                              .\CortexM3\ARM_GCC_541\Debug\main.o (SW2_Read)
.\CortexM3\ARM_GCC_541\Debug\NeverLose.a(SW3.o)
                              .\CortexM3\ARM_GCC_541\Debug\main.o (SW3_Read)
.\CortexM3\ARM_GCC_541\Debug\NeverLose.a(LED1.o)
                              .\CortexM3\ARM_GCC_541\Debug\main.o (LED1_Write)
.\CortexM3\ARM_GCC_541\Debug\NeverLose.a(LED2.o)
                              .\CortexM3\ARM_GCC_541\Debug\main.o (LED2_Write)
.\CortexM3\ARM_GCC_541\Debug\NeverLose.a(LED3.o)
                              .\CortexM3\ARM_GCC_541\Debug\main.o (LED3_Write)
.\CortexM3\ARM_GCC_541\Debug\NeverLose.a(LED4.o)
                              .\CortexM3\ARM_GCC_541\Debug\main.o (LED4_Write)
.\CortexM3\ARM_GCC_541\Debug\NeverLose.a(ADC.o)
                              .\CortexM3\ARM_GCC_541\Debug\main.o (ADC_Start)
.\CortexM3\ARM_GCC_541\Debug\NeverLose.a(ADC_INT.o)
                              .\CortexM3\ARM_GCC_541\Debug\NeverLose.a(ADC.o) (ADC_ISR1)
.\CortexM3\ARM_GCC_541\Debug\NeverLose.a(LCD.o)
                              .\CortexM3\ARM_GCC_541\Debug\main.o (LCD_PrintString)
.\CortexM3\ARM_GCC_541\Debug\NeverLose.a(UART.o)
                              .\CortexM3\ARM_GCC_541\Debug\main.o (UART_Start)
.\CortexM3\ARM_GCC_541\Debug\NeverLose.a(ADC_AMux.o)
                              .\CortexM3\ARM_GCC_541\Debug\NeverLose.a(ADC.o) (ADC_AMux_Select)
.\CortexM3\ARM_GCC_541\Debug\NeverLose.a(ADC_Ext_CP_Clk.o)
                              .\CortexM3\ARM_GCC_541\Debug\NeverLose.a(ADC.o) (ADC_Ext_CP_Clk_SetModeRegister)
.\CortexM3\ARM_GCC_541\Debug\NeverLose.a(ADC_theACLK.o)
                              .\CortexM3\ARM_GCC_541\Debug\NeverLose.a(ADC.o) (ADC_theACLK_SetModeRegister)
.\CortexM3\ARM_GCC_541\Debug\NeverLose.a(UART_IntClock.o)
                              .\CortexM3\ARM_GCC_541\Debug\NeverLose.a(UART.o) (UART_IntClock_Start)
.\CortexM3\ARM_GCC_541\Debug\NeverLose.a(CyLib.o)
                              .\CortexM3\ARM_GCC_541\Debug\Cm3Start.o (CyHalt)
.\CortexM3\ARM_GCC_541\Debug\NeverLose.a(cyPm.o)
                              .\CortexM3\ARM_GCC_541\Debug\NeverLose.a(CyLib.o) (CyPmReadStatus)
.\CortexM3\ARM_GCC_541\Debug\NeverLose.a(DAC.o)
                              .\CortexM3\ARM_GCC_541\Debug\main.o (DAC_SetValue)
.\CortexM3\ARM_GCC_541\Debug\NeverLose.a(PWM1.o)
                              .\CortexM3\ARM_GCC_541\Debug\main.o (PWM1_WritePeriod)
.\CortexM3\ARM_GCC_541\Debug\NeverLose.a(PWM2.o)
                              .\CortexM3\ARM_GCC_541\Debug\main.o (PWM2_WritePeriod)
.\CortexM3\ARM_GCC_541\Debug\NeverLose.a(Timer.o)
                              .\CortexM3\ARM_GCC_541\Debug\main.o (Timer_ReadStatusRegister)
.\CortexM3\ARM_GCC_541\Debug\NeverLose.a(ROW0.o)
                              .\CortexM3\ARM_GCC_541\Debug\keypad.o (ROW0_Read)
.\CortexM3\ARM_GCC_541\Debug\NeverLose.a(ROW1.o)
                              .\CortexM3\ARM_GCC_541\Debug\keypad.o (ROW1_Read)
.\CortexM3\ARM_GCC_541\Debug\NeverLose.a(ROW3.o)
                              .\CortexM3\ARM_GCC_541\Debug\keypad.o (ROW3_Read)
.\CortexM3\ARM_GCC_541\Debug\NeverLose.a(COL1.o)
                              .\CortexM3\ARM_GCC_541\Debug\keypad.o (COL1_Write)
.\CortexM3\ARM_GCC_541\Debug\NeverLose.a(COL2.o)
                              .\CortexM3\ARM_GCC_541\Debug\keypad.o (COL2_Write)
.\CortexM3\ARM_GCC_541\Debug\NeverLose.a(COL3.o)
                              .\CortexM3\ARM_GCC_541\Debug\keypad.o (COL3_Write)
.\CortexM3\ARM_GCC_541\Debug\NeverLose.a(Mux.o)
                              .\CortexM3\ARM_GCC_541\Debug\main.o (Mux_Start)
.\CortexM3\ARM_GCC_541\Debug\NeverLose.a(CyBootAsmGnu.o)
                              .\CortexM3\ARM_GCC_541\Debug\cyfitter_cfg.o (CyDelayCycles)
.\CortexM3\ARM_GCC_541\Debug\NeverLose.a(CyFlash.o)
                              .\CortexM3\ARM_GCC_541\Debug\NeverLose.a(cyPm.o) (CyFlash_SetWaitCycles)
.\CortexM3\ARM_GCC_541\Debug\NeverLose.a(CySpc.o)
                              .\CortexM3\ARM_GCC_541\Debug\NeverLose.a(CyFlash.o) (CySpcStart)
c:/program files (x86)/cypress/psoc creator/4.4/psoc creator/import/gnu/arm/5.4.1/bin/../lib/gcc/arm-none-eabi/5.4.1/armv7-m\libgcc.a(_arm_addsubdf3.o)
                              .\CortexM3\ARM_GCC_541\Debug\NeverLose.a(ADC.o) (__aeabi_f2d)
c:/program files (x86)/cypress/psoc creator/4.4/psoc creator/import/gnu/arm/5.4.1/bin/../lib/gcc/arm-none-eabi/5.4.1/armv7-m\libgcc.a(_arm_cmpdf2.o)
                              .\CortexM3\ARM_GCC_541\Debug\NeverLose.a(ADC.o) (__aeabi_dcmpgt)
c:/program files (x86)/cypress/psoc creator/4.4/psoc creator/import/gnu/arm/5.4.1/bin/../lib/gcc/arm-none-eabi/5.4.1/armv7-m\libgcc.a(_arm_addsubsf3.o)
[...]
Memory Configuration

Name             Origin             Length             Attributes
rom              0x00000000         0x00040000         xr
ram              0x1fff8000         0x00010000         xrw
*default*        0x00000000         0xffffffff

Linker script and memory map

LOAD c:/program files (x86)/cypress/psoc creator/4.4/psoc creator/import/gnu/arm/5.4.1/bin/../lib/gcc/arm-none-eabi/5.4.1/armv7-m/crti.o
LOAD c:/program files (x86)/cypress/psoc creator/4.4/psoc creator/import/gnu/arm/5.4.1/bin/../lib/gcc/arm-none-eabi/5.4.1/armv7-m/crtbegin.o
LOAD c:/program files (x86)/cypress/psoc creator/4.4/psoc creator/import/gnu/arm/5.4.1/bin/../lib/gcc/arm-none-eabi/5.4.1/../../../../arm-none-eabi/lib/armv7-m/crt0.o
START GROUP
LOAD .\CortexM3\ARM_GCC_541\Debug\main.o
LOAD .\CortexM3\ARM_GCC_541\Debug\keypad.o
LOAD .\CortexM3\ARM_GCC_541\Debug\cyfitter_cfg.o
LOAD .\CortexM3\ARM_GCC_541\Debug\cymetadata.o
LOAD .\CortexM3\ARM_GCC_541\Debug\Cm3Start.o
LOAD .\CortexM3\ARM_GCC_541\Debug\NeverLose.a
LOAD C:\Program Files (x86)\Cypress\PSoC Creator\4.4\PSoC Creator\psoc\content\cycomponentlibrary\CyComponentLibrary.cylib\CortexM3\ARM_GCC_541\Debug\CyComponentLibrary.a
END GROUP
START GROUP
LOAD c:/program files (x86)/cypress/psoc creator/4.4/psoc creator/import/gnu/arm/5.4.1/bin/../lib/gcc/arm-none-eabi/5.4.1/armv7-m\libgcc.a
LOAD c:/program files (x86)/cypress/psoc creator/4.4/psoc creator/import/gnu/arm/5.4.1/bin/../lib/gcc/arm-none-eabi/5.4.1/../../../../arm-none-eabi/lib/armv7-m\libg_nano.a
LOAD c:/program files (x86)/cypress/psoc creator/4.4/psoc creator/import/gnu/arm/5.4.1/bin/../lib/gcc/arm-none-eabi/5.4.1/../../../../arm-none-eabi/lib/armv7-m\libc_nano.a
END GROUP
START GROUP
LOAD c:/program files (x86)/cypress/psoc creator/4.4/psoc creator/import/gnu/arm/5.4.1/bin/../lib/gcc/arm-none-eabi/5.4.1/armv7-m\libgcc.a
LOAD c:/program files (x86)/cypress/psoc creator/4.4/psoc creator/import/gnu/arm/5.4.1/bin/../lib/gcc/arm-none-eabi/5.4.1/../../../../arm-none-eabi/lib/armv7-m\libc_nano.a
END GROUP
LOAD c:/program files (x86)/cypress/psoc creator/4.4/psoc creator/import/gnu/arm/5.4.1/bin/../lib/gcc/arm-none-eabi/5.4.1/armv7-m/crtend.o
LOAD c:/program files (x86)/cypress/psoc creator/4.4/psoc creator/import/gnu/arm/5.4.1/bin/../lib/gcc/arm-none-eabi/5.4.1/armv7-m/crtn.o
START GROUP
LOAD c:/program files (x86)/cypress/psoc creator/4.4/psoc creator/import/gnu/arm/5.4.1/bin/../lib/gcc/arm-none-eabi/5.4.1/armv7-m\libgcc.a
LOAD c:/program files (x86)/cypress/psoc creator/4.4/psoc creator/import/gnu/arm/5.4.1/bin/../lib/gcc/arm-none-eabi/5.4.1/../../../../arm-none-eabi/lib/armv7-m\libc.a
LOAD c:/program files (x86)/cypress/psoc creator/4.4/psoc creator/import/gnu/arm/5.4.1/bin/../lib/gcc/arm-none-eabi/5.4.1/../../../../arm-none-eabi/lib/armv7-m\libnosys.a
END GROUP
                0x00000000                CY_APPL_ORIGIN = 0x0
                0x00000100                CY_FLASH_ROW_SIZE = 0x100
                0x00000020                CY_ECC_ROW_SIZE = 0x20
                0x00000000                CY_EE_IN_BTLDR = 0x0
                0x00000000                CY_APPL_LOADABLE = 0x0
                0x00000800                CY_EE_SIZE = 0x800
                0x00000001                CY_APPL_NUM = 0x1
                0x00000001                CY_APPL_MAX = 0x1
                0x00000040                CY_METADATA_SIZE = 0x40
                0x00000000                CY_APPL_LOADABLE = 0x0
                0x00000000                CY_CHECKSUM_EXCLUDE_SIZE = ALIGN (0x0, CY_FLASH_ROW_SIZE)
                [!provide]                PROVIDE (__cy_heap_start, _end)
                0x00000001                PROVIDE (__cy_region_num, ((__cy_regions_end - __cy_regions) / 0x10))
                0x20008000                PROVIDE (__cy_stack, (ORIGIN (ram) + LENGTH (ram)))
                [!provide]                PROVIDE (__cy_heap_end, (__cy_stack - 0x800))

.cybootloader   0x00000000        0x0
 *(.cybootloader)
                0x00000000                appl1_start = CY_APPL_ORIGIN?CY_APPL_ORIGIN:ALIGN (CY_FLASH_ROW_SIZE)
                0x0001ff00                appl2_start = (appl1_start + ALIGN ((((LENGTH (rom) - appl1_start) - (0x2 * CY_FLASH_ROW_SIZE)) / 0x2), CY_FLASH_ROW_SIZE))
                0x00000000                appl_start = (CY_APPL_NUM == 0x1)?appl1_start:appl2_start
                0x00000000                ecc_offset = ((appl_start / CY_FLASH_ROW_SIZE) * CY_ECC_ROW_SIZE)
                0x00000000                ee_offset = (CY_APPL_LOADABLE && ! (CY_EE_IN_BTLDR))?((CY_EE_SIZE / CY_APPL_MAX) * (CY_APPL_NUM - 0x1)):0x0
                0x00000800                ee_size = (CY_APPL_LOADABLE && ! (CY_EE_IN_BTLDR))?(CY_EE_SIZE / CY_APPL_MAX):CY_EE_SIZE
                [!provide]                PROVIDE (CY_ECC_OFFSET, ecc_offset)

.text           0x00000000     0x17de
 CREATE_OBJECT_SYMBOLS
                0x00000000                PROVIDE (__cy_interrupt_vector, RomVectors)
 *(.romvectors)
 .romvectors    0x00000000       0x10 .\CortexM3\ARM_GCC_541\Debug\Cm3Start.o
                0x00000000                RomVectors
                0x00000001                ASSERT ((. != __cy_interrupt_vector), No interrupt vector)
                0x00000001                ASSERT (CY_APPL_ORIGIN?(SIZEOF (.cybootloader) <= CY_APPL_ORIGIN):0x1, Wrong image location)
                0x00000010                PROVIDE (__cy_reset, Reset)
 *(.text.Reset)
 .text.Reset    0x00000010       0x18 .\CortexM3\ARM_GCC_541\Debug\Cm3Start.o
                0x00000010                Reset
                0x00000001                ASSERT ((. != __cy_reset), No reset code)
 *(.dma_init)
                0x00000001                ASSERT ((((appl_start + .) <= 0x10000) || 0x1), DMA Init must be within the first 64k of flash)
 *(.text .text.* .gnu.linkonce.t.*)
 .text          0x00000028       0x5c c:/program files (x86)/cypress/psoc creator/4.4/psoc creator/import/gnu/arm/5.4.1/bin/../lib/gcc/arm-none-eabi/5.4.1/armv7-m/crtbegin.o
 .text.jump     0x00000084       0x34 .\CortexM3\ARM_GCC_541\Debug\main.o
                0x00000084                jump
 .text.duck     0x000000b8       0x30 .\CortexM3\ARM_GCC_541\Debug\main.o
                0x000000b8                duck
 .text.detectKeyboard
                0x000000e8       0x2c .\CortexM3\ARM_GCC_541\Debug\main.o
                0x000000e8                detectKeyboard
 .text.main     0x00000114      0x130 .\CortexM3\ARM_GCC_541\Debug\main.o
                0x00000114                main
 .text.keypadInit
                0x00000244       0x18 .\CortexM3\ARM_GCC_541\Debug\keypad.o
                0x00000244                keypadInit
 .text.keypadScan
                0x0000025c       0x44 .\CortexM3\ARM_GCC_541\Debug\keypad.o
                0x0000025c                keypadScan
 .text.CyClockStartupError
                0x000002a0        0x4 .\CortexM3\ARM_GCC_541\Debug\cyfitter_cfg.o
 .text.cfg_write_bytes32
                0x000002a4       0x34 .\CortexM3\ARM_GCC_541\Debug\cyfitter_cfg.o
 .text.AnalogSetDefault
                0x000002d8       0x40 .\CortexM3\ARM_GCC_541\Debug\cyfitter_cfg.o
 .text.CYMEMZERO
                0x00000318        0xc .\CortexM3\ARM_GCC_541\Debug\cyfitter_cfg.o
 .text.CYCONFIGCPY
                0x00000324        0x8 .\CortexM3\ARM_GCC_541\Debug\cyfitter_cfg.o
 .text.ClockSetup
                0x0000032c      0x10c .\CortexM3\ARM_GCC_541\Debug\cyfitter_cfg.o
 .text.Mux_Unset
                0x00000438       0x38 .\CortexM3\ARM_GCC_541\Debug\cyfitter_cfg.o
                0x00000438                Mux_Unset
 .text.ADC_AMux_Set
                0x00000470       0x1c .\CortexM3\ARM_GCC_541\Debug\cyfitter_cfg.o
                0x00000470                ADC_AMux_Set
 .text.ADC_AMux_Unset
                0x0000048c       0x20 .\CortexM3\ARM_GCC_541\Debug\cyfitter_cfg.o
                0x0000048c                ADC_AMux_Unset
 .text.cyfitter_cfg
                0x000004ac      0x12c .\CortexM3\ARM_GCC_541\Debug\cyfitter_cfg.o
                0x000004ac                cyfitter_cfg
 .text.IntDefaultHandler
                0x000005d8       0x10 .\CortexM3\ARM_GCC_541\Debug\Cm3Start.o
                0x000005d8                IntDefaultHandler
 .text.Start_c  0x000005e8       0x4c .\CortexM3\ARM_GCC_541\Debug\Cm3Start.o
                0x000005e8                Start_c
 .text.initialize_psoc
                0x00000634       0x68 .\CortexM3\ARM_GCC_541\Debug\Cm3Start.o
                0x00000634                initialize_psoc
 .text.SW1_Read
                0x0000069c       0x10 .\CortexM3\ARM_GCC_541\Debug\NeverLose.a(SW1.o)
                0x0000069c                SW1_Read
 .text.SW2_Read
                0x000006ac       0x10 .\CortexM3\ARM_GCC_541\Debug\NeverLose.a(SW2.o)
                0x000006ac                SW2_Read
 .text.SW3_Read
                0x000006bc       0x10 .\CortexM3\ARM_GCC_541\Debug\NeverLose.a(SW3.o)
                0x000006bc                SW3_Read
 .text.LED1_Write
                0x000006cc       0x18 .\CortexM3\ARM_GCC_541\Debug\NeverLose.a(LED1.o)
                0x000006cc                LED1_Write
 .text.LED2_Write
                0x000006e4       0x18 .\CortexM3\ARM_GCC_541\Debug\NeverLose.a(LED2.o)
                0x000006e4                LED2_Write
 .text.LED3_Write
                0x000006fc       0x18 .\CortexM3\ARM_GCC_541\Debug\NeverLose.a(LED3.o)
                0x000006fc                LED3_Write
 .text.LED4_Write
                0x00000714       0x18 .\CortexM3\ARM_GCC_541\Debug\NeverLose.a(LED4.o)
                0x00000714                LED4_Write
 .text.ADC_GainCompensation
                0x0000072c       0xe0 .\CortexM3\ARM_GCC_541\Debug\NeverLose.a(ADC.o)
 .text.ADC_SetDSMRef0Reg
                0x0000080c       0x4c .\CortexM3\ARM_GCC_541\Debug\NeverLose.a(ADC.o)
 .text.ADC_InitConfig
                0x00000858      0x32c .\CortexM3\ARM_GCC_541\Debug\NeverLose.a(ADC.o)
 .text.ADC_Init
                0x00000b84      0x108 .\CortexM3\ARM_GCC_541\Debug\NeverLose.a(ADC.o)
                0x00000b84                ADC_Init
 .text.ADC_Enable
                0x00000c8c       0xd8 .\CortexM3\ARM_GCC_541\Debug\NeverLose.a(ADC.o)
                0x00000c8c                ADC_Enable
 .text.ADC_Start
                0x00000d64       0x28 .\CortexM3\ARM_GCC_541\Debug\NeverLose.a(ADC.o)
                0x00000d64                ADC_Start
 .text.ADC_ISR1
                0x00000d8c        0x4 .\CortexM3\ARM_GCC_541\Debug\NeverLose.a(ADC_INT.o)
                0x00000d8c                ADC_ISR1
 .text.ADC_ISR2
                0x00000d90        0x4 .\CortexM3\ARM_GCC_541\Debug\NeverLose.a(ADC_INT.o)
                0x00000d90                ADC_ISR2
 .text.ADC_ISR3
                0x00000d94        0x4 .\CortexM3\ARM_GCC_541\Debug\NeverLose.a(ADC_INT.o)
                0x00000d94                ADC_ISR3
 .text.ADC_ISR4
                0x00000d98        0x4 .\CortexM3\ARM_GCC_541\Debug\NeverLose.a(ADC_INT.o)
                0x00000d98                ADC_ISR4
 .text.LCD_WrCntrlNib
                0x00000d9c       0x34 .\CortexM3\ARM_GCC_541\Debug\NeverLose.a(LCD.o)
 .text.LCD_WrDatNib
                0x00000dd0       0x44 .\CortexM3\ARM_GCC_541\Debug\NeverLose.a(LCD.o)
 .text.LCD_IsReady
                0x00000e14       0xe4 .\CortexM3\ARM_GCC_541\Debug\NeverLose.a(LCD.o)
                0x00000e14                LCD_IsReady
 .text.LCD_WriteData
                0x00000ef8       0x18 .\CortexM3\ARM_GCC_541\Debug\NeverLose.a(LCD.o)
                0x00000ef8                LCD_WriteData
 .text.LCD_PrintString
                0x00000f10       0x1c .\CortexM3\ARM_GCC_541\Debug\NeverLose.a(LCD.o)
                0x00000f10                LCD_PrintString
 .text.LCD_WriteControl
                0x00000f2c       0x18 .\CortexM3\ARM_GCC_541\Debug\NeverLose.a(LCD.o)
                0x00000f2c                LCD_WriteControl
 .text.LCD_Init
                0x00000f44       0x6c .\CortexM3\ARM_GCC_541\Debug\NeverLose.a(LCD.o)
                0x00000f44                LCD_Init
 .text.LCD_Enable
                0x00000fb0       0x14 .\CortexM3\ARM_GCC_541\Debug\NeverLose.a(LCD.o)
                0x00000fb0                LCD_Enable
 .text.LCD_Start
                0x00000fc4       0x1c .\CortexM3\ARM_GCC_541\Debug\NeverLose.a(LCD.o)
                0x00000fc4                LCD_Start
 .text.LCD_Position
                0x00000fe0       0x3c .\CortexM3\ARM_GCC_541\Debug\NeverLose.a(LCD.o)
                0x00000fe0                LCD_Position
 .text.LCD_PrintU32Number
                0x0000101c       0x64 .\CortexM3\ARM_GCC_541\Debug\NeverLose.a(LCD.o)
                0x0000101c                LCD_PrintU32Number
 .text.UART_Init
                0x00001080       0x24 .\CortexM3\ARM_GCC_541\Debug\NeverLose.a(UART.o)
                0x00001080                UART_Init
 .text.UART_Enable
                0x000010a4       0x38 .\CortexM3\ARM_GCC_541\Debug\NeverLose.a(UART.o)
                0x000010a4                UART_Enable
 .text.UART_Start
                0x000010dc       0x1c .\CortexM3\ARM_GCC_541\Debug\NeverLose.a(UART.o)
                0x000010dc                UART_Start
 .text.ADC_AMux_Start
                0x000010f8       0x20 .\CortexM3\ARM_GCC_541\Debug\NeverLose.a(ADC_AMux.o)
                0x000010f8                ADC_AMux_Start
 .text.ADC_AMux_Select
                0x00001118       0x18 .\CortexM3\ARM_GCC_541\Debug\NeverLose.a(ADC_AMux.o)
                0x00001118                ADC_AMux_Select
 .text.ADC_Ext_CP_Clk_GetDividerRegister
                0x00001130        0xc .\CortexM3\ARM_GCC_541\Debug\NeverLose.a(ADC_Ext_CP_Clk.o)
                0x00001130                ADC_Ext_CP_Clk_GetDividerRegister
 .text.ADC_Ext_CP_Clk_SetModeRegister
                0x0000113c       0x14 .\CortexM3\ARM_GCC_541\Debug\NeverLose.a(ADC_Ext_CP_Clk.o)
                0x0000113c                ADC_Ext_CP_Clk_SetModeRegister
 .text.ADC_Ext_CP_Clk_GetSourceRegister
                0x00001150       0x10 .\CortexM3\ARM_GCC_541\Debug\NeverLose.a(ADC_Ext_CP_Clk.o)
                0x00001150                ADC_Ext_CP_Clk_GetSourceRegister
 .text.ADC_Ext_CP_Clk_SetDividerRegister
                0x00001160       0xdc .\CortexM3\ARM_GCC_541\Debug\NeverLose.a(ADC_Ext_CP_Clk.o)
                0x00001160                ADC_Ext_CP_Clk_SetDividerRegister
 .text.ADC_theACLK_GetDividerRegister
                0x0000123c        0xc .\CortexM3\ARM_GCC_541\Debug\NeverLose.a(ADC_theACLK.o)
                0x0000123c                ADC_theACLK_GetDividerRegister
 .text.ADC_theACLK_SetModeRegister
                0x00001248       0x14 .\CortexM3\ARM_GCC_541\Debug\NeverLose.a(ADC_theACLK.o)
                0x00001248                ADC_theACLK_SetModeRegister
 .text.ADC_theACLK_GetSourceRegister
                0x0000125c       0x10 .\CortexM3\ARM_GCC_541\Debug\NeverLose.a(ADC_theACLK.o)
                0x0000125c                ADC_theACLK_GetSourceRegister
 .text.ADC_theACLK_SetDividerRegister
                0x0000126c       0xd8 .\CortexM3\ARM_GCC_541\Debug\NeverLose.a(ADC_theACLK.o)
                0x0000126c                ADC_theACLK_SetDividerRegister
 .text.UART_IntClock_Start
                0x00001344       0x1c .\CortexM3\ARM_GCC_541\Debug\NeverLose.a(UART_IntClock.o)
                0x00001344                UART_IntClock_Start
 .text.CyHalt   0x00001360        0x4 .\CortexM3\ARM_GCC_541\Debug\NeverLose.a(CyLib.o)
                0x00001360                CyHalt
 .text.CyDelay  0x00001364       0x2c .\CortexM3\ARM_GCC_541\Debug\NeverLose.a(CyLib.o)
                0x00001364                CyDelay
 .text.CyDelayUs
                0x00001390       0x14 .\CortexM3\ARM_GCC_541\Debug\NeverLose.a(CyLib.o)
                0x00001390                CyDelayUs
 .text.CyIntSetVector
                0x000013a4       0x28 .\CortexM3\ARM_GCC_541\Debug\NeverLose.a(CyLib.o)
                0x000013a4                CyIntSetVector
 .text.CyIntSetPriority
                0x000013cc       0x30 .\CortexM3\ARM_GCC_541\Debug\NeverLose.a(CyLib.o)
                0x000013cc                CyIntSetPriority
 .text.PWM1_Enable
                0x000013fc       0x10 .\CortexM3\ARM_GCC_541\Debug\NeverLose.a(PWM1.o)
                0x000013fc                PWM1_Enable
 .text.PWM1_WriteCounter
                0x0000140c        0xc .\CortexM3\ARM_GCC_541\Debug\NeverLose.a(PWM1.o)
                0x0000140c                PWM1_WriteCounter
 .text.PWM1_WritePeriod
                0x00001418        0xc .\CortexM3\ARM_GCC_541\Debug\NeverLose.a(PWM1.o)
                0x00001418                PWM1_WritePeriod
 .text.PWM1_WriteCompare
                0x00001424        0xc .\CortexM3\ARM_GCC_541\Debug\NeverLose.a(PWM1.o)
                0x00001424                PWM1_WriteCompare
 .text.PWM1_SetInterruptMode
                0x00001430        0xc .\CortexM3\ARM_GCC_541\Debug\NeverLose.a(PWM1.o)
                0x00001430                PWM1_SetInterruptMode
 .text.PWM1_ReadStatusRegister
                0x0000143c        0xc .\CortexM3\ARM_GCC_541\Debug\NeverLose.a(PWM1.o)
                0x0000143c                PWM1_ReadStatusRegister
 .text.PWM1_ReadCapture
                0x00001448        0xc .\CortexM3\ARM_GCC_541\Debug\NeverLose.a(PWM1.o)
                0x00001448                PWM1_ReadCapture
 .text.PWM1_ClearFIFO
                0x00001454       0x14 .\CortexM3\ARM_GCC_541\Debug\NeverLose.a(PWM1.o)
                0x00001454                PWM1_ClearFIFO
 .text.PWM1_Init
                0x00001468       0x60 .\CortexM3\ARM_GCC_541\Debug\NeverLose.a(PWM1.o)
                0x00001468                PWM1_Init
 .text.PWM1_Start
                0x000014c8       0x1c .\CortexM3\ARM_GCC_541\Debug\NeverLose.a(PWM1.o)
                0x000014c8                PWM1_Start
 .text.PWM2_Enable
                0x000014e4       0x10 .\CortexM3\ARM_GCC_541\Debug\NeverLose.a(PWM2.o)
                0x000014e4                PWM2_Enable
 .text.PWM2_WriteCounter
                0x000014f4        0xc .\CortexM3\ARM_GCC_541\Debug\NeverLose.a(PWM2.o)
                0x000014f4                PWM2_WriteCounter
 .text.PWM2_WritePeriod
                0x00001500        0xc .\CortexM3\ARM_GCC_541\Debug\NeverLose.a(PWM2.o)
                0x00001500                PWM2_WritePeriod
 .text.PWM2_WriteCompare
                0x0000150c        0xc .\CortexM3\ARM_GCC_541\Debug\NeverLose.a(PWM2.o)
                0x0000150c                PWM2_WriteCompare
 .text.PWM2_SetInterruptMode
                0x00001518        0xc .\CortexM3\ARM_GCC_541\Debug\NeverLose.a(PWM2.o)
                0x00001518                PWM2_SetInterruptMode
 .text.PWM2_ReadStatusRegister
                0x00001524        0xc .\CortexM3\ARM_GCC_541\Debug\NeverLose.a(PWM2.o)
                0x00001524                PWM2_ReadStatusRegister
 .text.PWM2_ReadCapture
                0x00001530        0xc .\CortexM3\ARM_GCC_541\Debug\NeverLose.a(PWM2.o)
                0x00001530                PWM2_ReadCapture
 .text.PWM2_ClearFIFO
                0x0000153c       0x14 .\CortexM3\ARM_GCC_541\Debug\NeverLose.a(PWM2.o)
                0x0000153c                PWM2_ClearFIFO
 .text.PWM2_Init
                0x00001550       0x60 .\CortexM3\ARM_GCC_541\Debug\NeverLose.a(PWM2.o)
                0x00001550                PWM2_Init
 .text.PWM2_Start
                0x000015b0       0x1c .\CortexM3\ARM_GCC_541\Debug\NeverLose.a(PWM2.o)
                0x000015b0                PWM2_Start
 .text.Timer_Enable
                0x000015cc       0x28 .\CortexM3\ARM_GCC_541\Debug\NeverLose.a(Timer.o)
                0x000015cc                Timer_Enable
 .text.Timer_SetInterruptMode
                0x000015f4        0xc .\CortexM3\ARM_GCC_541\Debug\NeverLose.a(Timer.o)
                0x000015f4                Timer_SetInterruptMode
 .text.Timer_ReadStatusRegister
                0x00001600        0xc .\CortexM3\ARM_GCC_541\Debug\NeverLose.a(Timer.o)
                0x00001600                Timer_ReadStatusRegister
 .text.Timer_WritePeriod
                0x0000160c        0xc .\CortexM3\ARM_GCC_541\Debug\NeverLose.a(Timer.o)
                0x0000160c                Timer_WritePeriod
 .text.Timer_WriteCounter
                0x00001618        0xc .\CortexM3\ARM_GCC_541\Debug\NeverLose.a(Timer.o)
                0x00001618                Timer_WriteCounter
 .text.Timer_Init
                0x00001624       0x68 .\CortexM3\ARM_GCC_541\Debug\NeverLose.a(Timer.o)
                0x00001624                Timer_Init
 .text.Timer_Start
                0x0000168c       0x1c .\CortexM3\ARM_GCC_541\Debug\NeverLose.a(Timer.o)
                0x0000168c                Timer_Start
 .text.ROW0_Read
                0x000016a8       0x10 .\CortexM3\ARM_GCC_541\Debug\NeverLose.a(ROW0.o)
                0x000016a8                ROW0_Read
 .text.ROW1_Read
                0x000016b8       0x10 .\CortexM3\ARM_GCC_541\Debug\NeverLose.a(ROW1.o)
                0x000016b8                ROW1_Read
 .text.ROW3_Read
                0x000016c8       0x10 .\CortexM3\ARM_GCC_541\Debug\NeverLose.a(ROW3.o)
                0x000016c8                ROW3_Read
 .text.COL1_Write
                0x000016d8       0x18 .\CortexM3\ARM_GCC_541\Debug\NeverLose.a(COL1.o)
                0x000016d8                COL1_Write
 .text.COL2_Write
                0x000016f0       0x18 .\CortexM3\ARM_GCC_541\Debug\NeverLose.a(COL2.o)
                0x000016f0                COL2_Write
 .text.COL3_Write
                0x00001708       0x18 .\CortexM3\ARM_GCC_541\Debug\NeverLose.a(COL3.o)
                0x00001708                COL3_Write
 .text.Mux_Start
                0x00001720       0x20 .\CortexM3\ARM_GCC_541\Debug\NeverLose.a(Mux.o)
                0x00001720                Mux_Start
 .text          0x00001740       0x20 .\CortexM3\ARM_GCC_541\Debug\NeverLose.a(CyBootAsmGnu.o)
                0x00001740                CyDelayCycles
                0x00001750                CyEnterCriticalSection
                0x00001758                CyExitCriticalSection
 .text.__errno  0x00001760        0xc c:/program files (x86)/cypress/psoc creator/4.4/psoc creator/import/gnu/arm/5.4.1/bin/../lib/gcc/arm-none-eabi/5.4.1/../../../../arm-none-eabi/lib/armv7-m\libg_nano.a(lib_a-errno.o)
                0x00001760                __errno
 .text.__libc_init_array
                0x0000176c       0x4c c:/program files (x86)/cypress/psoc creator/4.4/psoc creator/import/gnu/arm/5.4.1/bin/../lib/gcc/arm-none-eabi/5.4.1/../../../../arm-none-eabi/lib/armv7-m\libg_nano.a(lib_a-init.o)
                0x0000176c                __libc_init_array
 .text.memcpy   0x000017b8       0x16 c:/program files (x86)/cypress/psoc creator/4.4/psoc creator/import/gnu/arm/5.4.1/bin/../lib/gcc/arm-none-eabi/5.4.1/../../../../arm-none-eabi/lib/armv7-m\libg_nano.a(lib_a-memcpy-stub.o)
                0x000017b8                memcpy
 .text.memset   0x000017ce       0x10 c:/program files (x86)/cypress/psoc creator/4.4/psoc creator/import/gnu/arm/5.4.1/bin/../lib/gcc/arm-none-eabi/5.4.1/../../../../arm-none-eabi/lib/armv7-m\libg_nano.a(lib_a-memset.o)
                0x000017ce                memset
 *(.plt)
 *(.gnu.warning)
 *(.glue_7t)
 .glue_7t       0x000017de        0x0 linker stubs
 *(.glue_7)
 .glue_7        0x000017de        0x0 linker stubs
 *(.vfp11_veneer)
 .vfp11_veneer  0x000017de        0x0 linker stubs
 *(.bootloader)
 *(.ARM.extab* .gnu.linkonce.armextab.*)
 *(.gcc_except_table)

.v4_bx          0x000017e0        0x0
 .v4_bx         0x000017e0        0x0 linker stubs

.iplt           0x000017e0        0x0
 .iplt          0x000017e0        0x0 c:/program files (x86)/cypress/psoc creator/4.4/psoc creator/import/gnu/arm/5.4.1/bin/../lib/gcc/arm-none-eabi/5.4.1/armv7-m/crtbegin.o

.eh_frame_hdr
 *(.eh_frame_hdr)

.eh_frame       0x000017e0        0x4
 *(.eh_frame)
 .eh_frame      0x000017e0        0x0 c:/program files (x86)/cypress/psoc creator/4.4/psoc creator/import/gnu/arm/5.4.1/bin/../lib/gcc/arm-none-eabi/5.4.1/armv7-m/crtbegin.o
 .eh_frame      0x000017e0        0x4 c:/program files (x86)/cypress/psoc creator/4.4/psoc creator/import/gnu/arm/5.4.1/bin/../lib/gcc/arm-none-eabi/5.4.1/armv7-m/crtend.o
                [!provide]                PROVIDE (__exidx_start, .)

.ARM.exidx
 *(.ARM.exidx* .gnu.linkonce.armexidx.*)
                0x000017e4                __exidx_end = .

.rodata         0x000017e4       0x94
 *(.rodata .rodata.* .gnu.linkonce.r.*)
 .rodata.str1.4
                0x000017e4       0x10 .\CortexM3\ARM_GCC_541\Debug\main.o
                                  0xd (size before relaxing)
 .rodata        0x000017f4       0x4a .\CortexM3\ARM_GCC_541\Debug\cyfitter_cfg.o
                0x000017f4                Mux__addrTable
                0x00001804                Mux__maskTable
                0x00001808                ADC_AMux__addrTable
                0x00001810                ADC_AMux__maskTable
 .rodata.str1.1
                0x0000183e        0x2 c:/program files (x86)/cypress/psoc creator/4.4/psoc creator/import/gnu/arm/5.4.1/bin/../lib/gcc/arm-none-eabi/5.4.1/../../../../arm-none-eabi/lib/armv7-m\libg_nano.a(lib_a-impure.o)
                0x00001840                . = ALIGN (0x4)
 *(.init)
 .init          0x00001840        0x4 c:/program files (x86)/cypress/psoc creator/4.4/psoc creator/import/gnu/arm/5.4.1/bin/../lib/gcc/arm-none-eabi/5.4.1/armv7-m/crti.o
                0x00001840                _init
 .init          0x00001844        0x8 c:/program files (x86)/cypress/psoc creator/4.4/psoc creator/import/gnu/arm/5.4.1/bin/../lib/gcc/arm-none-eabi/5.4.1/armv7-m/crtn.o
                0x0000184c                . = ALIGN (0x4)
                0x0000184c                __preinit_array_start = .
 *(.preinit_array)
                0x0000184c                __preinit_array_end = .
                0x0000184c                . = ALIGN (0x4)
                0x0000184c                __init_array_start = .
 *(SORT(.init_array.*))
 *(.init_array)
 .init_array    0x0000184c        0x4 c:/program files (x86)/cypress/psoc creator/4.4/psoc creator/import/gnu/arm/5.4.1/bin/../lib/gcc/arm-none-eabi/5.4.1/armv7-m/crtbegin.o
 .init_array    0x00001850        0x4 .\CortexM3\ARM_GCC_541\Debug\Cm3Start.o
                0x00001854                __init_array_end = .
                0x00001854                . = ALIGN (0x4)
 *(.fini)
 .fini          0x00001854        0x4 c:/program files (x86)/cypress/psoc creator/4.4/psoc creator/import/gnu/arm/5.4.1/bin/../lib/gcc/arm-none-eabi/5.4.1/armv7-m/crti.o
                0x00001854                _fini
 .fini          0x00001858        0x8 c:/program files (x86)/cypress/psoc creator/4.4/psoc creator/import/gnu/arm/5.4.1/bin/../lib/gcc/arm-none-eabi/5.4.1/armv7-m/crtn.o
                0x00001860                . = ALIGN (0x4)
                0x00001860                __fini_array_start = .
 *(.fini_array)
 .fini_array    0x00001860        0x4 c:/program files (x86)/cypress/psoc creator/4.4/psoc creator/import/gnu/arm/5.4.1/bin/../lib/gcc/arm-none-eabi/5.4.1/armv7-m/crtbegin.o
 *(SORT(.fini_array.*))
                0x00001864                __fini_array_end = .
                0x00001864                . = ALIGN (0x4)
 *crtbegin.o(.ctors)
 *(EXCLUDE_FILE(*crtend.o) .ctors)
 *(SORT(.ctors.*))
 *crtend.o(.ctors)
                0x00001864                . = ALIGN (0x4)
 *crtbegin.o(.dtors)
 *(EXCLUDE_FILE(*crtend.o) .dtors)
 *(SORT(.dtors.*))
 *crtend.o(.dtors)
                0x00001864                . = ALIGN (0x4)
                0x00001864                __cy_regions = .
                0x00001864        0x4 LONG 0x1878 __cy_region_init_ram
                0x00001868        0x4 LONG 0x1fff80c8 __cy_region_start_data
                0x0000186c        0x4 LONG 0x80 __cy_region_init_size_ram
                0x00001870        0x4 LONG 0x40 __cy_region_zero_size_ram
                0x00001874                __cy_regions_end = .
                0x00001878                . = ALIGN (0x8)
 *fill*         0x00001874        0x4 
                0x00001878                _etext = .

.cy_checksum_exclude
                0x00001878        0x0
 *(.cy_checksum_exclude)

.ramvectors     0x1fff8000       0xc0
                0x1fff8000                __cy_region_start_ram = .
 *(.ramvectors)
 .ramvectors    0x1fff8000       0xc0 .\CortexM3\ARM_GCC_541\Debug\Cm3Start.o
                0x1fff8000                CyRamVectors

.noinit         0x1fff80c0        0x1
 *(.noinit)
 .noinit        0x1fff80c0        0x1 .\CortexM3\ARM_GCC_541\Debug\NeverLose.a(CyLib.o)
                0x1fff80c0                CyResetStatus

.data           0x1fff80c8       0x80 load address 0x00001878
                0x1fff80c8                __cy_region_start_data = .
 *(.jcr)
 .jcr           0x1fff80c8        0x0 c:/program files (x86)/cypress/psoc creator/4.4/psoc creator/import/gnu/arm/5.4.1/bin/../lib/gcc/arm-none-eabi/5.4.1/armv7-m/crtbegin.o
 .jcr           0x1fff80c8        0x4 c:/program files (x86)/cypress/psoc creator/4.4/psoc creator/import/gnu/arm/5.4.1/bin/../lib/gcc/arm-none-eabi/5.4.1/armv7-m/crtend.o
 *(.got.plt)
 *(.got)
 *(.shdata)
 *(.data .data.* .gnu.linkonce.d.*)
 .data          0x1fff80cc        0x1 .\CortexM3\ARM_GCC_541\Debug\NeverLose.a(ADC.o)
                0x1fff80cc                ADC_Config
 .data          0x1fff80cd        0x1 .\CortexM3\ARM_GCC_541\Debug\NeverLose.a(ADC_AMux.o)
 *fill*         0x1fff80ce        0x2 
 .data          0x1fff80d0       0x10 .\CortexM3\ARM_GCC_541\Debug\NeverLose.a(CyLib.o)
                0x1fff80d0                cydelay_32k_ms
                0x1fff80d4                cydelay_freq_khz
                0x1fff80d8                cydelay_freq_mhz
                0x1fff80dc                cydelay_freq_hz
 .data          0x1fff80e0        0x1 .\CortexM3\ARM_GCC_541\Debug\NeverLose.a(Mux.o)
 *fill*         0x1fff80e1        0x3 
 .data.impure_data
                0x1fff80e4       0x60 c:/program files (x86)/cypress/psoc creator/4.4/psoc creator/import/gnu/arm/5.4.1/bin/../lib/gcc/arm-none-eabi/5.4.1/../../../../arm-none-eabi/lib/armv7-m\libg_nano.a(lib_a-impure.o)
 .data._impure_ptr
                0x1fff8144        0x4 c:/program files (x86)/cypress/psoc creator/4.4/psoc creator/import/gnu/arm/5.4.1/bin/../lib/gcc/arm-none-eabi/5.4.1/../../../../arm-none-eabi/lib/armv7-m\libg_nano.a(lib_a-impure.o)
                0x1fff8144                _impure_ptr
                0x1fff8148                . = ALIGN (0x8)
 *(.ram)
                0x1fff8148                _edata = .

.igot.plt       0x1fff8148        0x0 load address 0x000018f8
 .igot.plt      0x1fff8148        0x0 c:/program files (x86)/cypress/psoc creator/4.4/psoc creator/import/gnu/arm/5.4.1/bin/../lib/gcc/arm-none-eabi/5.4.1/armv7-m/crtbegin.o

.bss            0x1fff8148       0x40 load address 0x000018f8
                0x1fff8148                PROVIDE (__bss_start__, .)
 *(.shbss)
 *(.bss .bss.* .gnu.linkonce.b.*)
 .bss           0x1fff8148       0x1c c:/program files (x86)/cypress/psoc creator/4.4/psoc creator/import/gnu/arm/5.4.1/bin/../lib/gcc/arm-none-eabi/5.4.1/armv7-m/crtbegin.o
 .bss           0x1fff8164       0x18 .\CortexM3\ARM_GCC_541\Debug\NeverLose.a(ADC.o)
                0x1fff8174                ADC_stopConversion
                0x1fff8175                ADC_convDone
                0x1fff8176                ADC_initVar
                0x1fff8177                ADC_started
                0x1fff8178                ADC_Offset
 .bss           0x1fff817c        0x2 .\CortexM3\ARM_GCC_541\Debug\NeverLose.a(LCD.o)
                0x1fff817c                LCD_enableState
                0x1fff817d                LCD_initVar
 .bss           0x1fff817e        0x2 .\CortexM3\ARM_GCC_541\Debug\NeverLose.a(UART.o)
                0x1fff817e                UART_initVar
 .bss           0x1fff8180        0x1 .\CortexM3\ARM_GCC_541\Debug\NeverLose.a(PWM1.o)
                0x1fff8180                PWM1_initVar
 .bss           0x1fff8181        0x1 .\CortexM3\ARM_GCC_541\Debug\NeverLose.a(PWM2.o)
                0x1fff8181                PWM2_initVar
 .bss           0x1fff8182        0x1 .\CortexM3\ARM_GCC_541\Debug\NeverLose.a(Timer.o)
                0x1fff8182                Timer_initVar
 *(COMMON)
 *fill*         0x1fff8183        0x1 
 COMMON         0x1fff8184        0x4 .\CortexM3\ARM_GCC_541\Debug\NeverLose.a(ADC.o)
                0x1fff8184                ADC_CountsPerVolt
                0x1fff8188                . = ALIGN (0x8)
 *(.ram.b)
                0x1fff8188                _end = .
                0x1fff8188                __end = .
                0x1fff8188                PROVIDE (end, .)
                0x1fff8188                PROVIDE (__bss_end__, .)
                0x00001878                __cy_region_init_ram = LOADADDR (.data)
                0x00000080                __cy_region_init_size_ram = (_edata - ADDR (.data))
                0x00000040                __cy_region_zero_size_ram = (_end - _edata)

.heap           0x1fff8188       0x80 load address 0x000018f8
                0x1fff8188                . = _end
                0x1fff8208                . = (. + 0x80)
 *fill*         0x1fff8188       0x80 
                0x1fff8208                __cy_heap_limit = .

.stack          0x20007800      0x800
                0x20007800                __cy_stack_limit = .
                0x20008000                . = (. + 0x800)
 *fill*         0x20007800      0x800 
                0x00000001                ASSERT ((__cy_stack_limit >= __cy_heap_limit), region RAM overflowed with stack)
                0x00000000                cy_checksum_exclude_size = (CY_APPL_LOADABLE == 0x1)?SIZEOF (.cy_checksum_exclude):0x0
                0x00000001                ASSERT ((cy_checksum_exclude_size <= CY_CHECKSUM_EXCLUDE_SIZE), CY_BOOT: Section .cy_checksum_exclude size exceedes specified limit.)

.cyloadermeta
 *(.cyloadermeta)

.cyloadablemeta
 *(.cyloadablemeta)

.cyconfigecc    0x80000000      0x674
 *(.cyconfigecc)
 .cyconfigecc   0x80000000      0x674 .\CortexM3\ARM_GCC_541\Debug\cymetadata.o
                0x80000000                cy_meta_configecc

.cycustnvl      0x90000000        0x4
 *(.cycustnvl)
 .cycustnvl     0x90000000        0x4 .\CortexM3\ARM_GCC_541\Debug\cymetadata.o
                0x90000000                cy_meta_custnvl

.cywolatch      0x90100000        0x4
 *(.cywolatch)
 .cywolatch     0x90100000        0x4 .\CortexM3\ARM_GCC_541\Debug\cymetadata.o
                0x90100000                cy_meta_wonvl

.cyeeprom       0x90200000        0x0
 *(.cyeeprom)
                0x00000001                ASSERT ((. <= ((0x90200000 + ee_offset) + ee_size)), .cyeeprom data will not fit in EEPROM)

.cyflashprotect
                0x90400000      0x100
 *(.cyflashprotect)
 .cyflashprotect
                0x90400000      0x100 .\CortexM3\ARM_GCC_541\Debug\cymetadata.o
                0x90400000                cy_meta_flashprotect

.cymeta         0x90500000        0xc
 *(.cymeta)
 .cymeta        0x90500000        0xc .\CortexM3\ARM_GCC_541\Debug\cymetadata.o
                0x90500000                cy_metadata

.rel.dyn        0x000018f8        0x0 load address 0x9050000c
 .rel.iplt      0x000018f8        0x0 c:/program files (x86)/cypress/psoc creator/4.4/psoc creator/import/gnu/arm/5.4.1/bin/../lib/gcc/arm-none-eabi/5.4.1/armv7-m/crtbegin.o

.stab
 *(.stab)

.stabstr
 *(.stabstr)

.debug
 *(.debug)

.line
 *(.line)

.debug_srcinfo
 *(.debug_srcinfo)

.debug_sfnames
 *(.debug_sfnames)

.debug_aranges  0x00000000      0xef8
 *(.debug_aranges)
 .debug_aranges
                0x00000000       0x48 .\CortexM3\ARM_GCC_541\Debug\main.o
 .debug_aranges
                0x00000048       0x28 .\CortexM3\ARM_GCC_541\Debug\keypad.o
 .debug_aranges
                0x00000070       0x78 .\CortexM3\ARM_GCC_541\Debug\cyfitter_cfg.o
 .debug_aranges
                0x000000e8       0x18 .\CortexM3\ARM_GCC_541\Debug\cymetadata.o
 .debug_aranges
                0x00000100       0x48 .\CortexM3\ARM_GCC_541\Debug\Cm3Start.o
 .debug_aranges
                0x00000148       0x38 .\CortexM3\ARM_GCC_541\Debug\NeverLose.a(SW1.o)
 .debug_aranges
                0x00000180       0x38 .\CortexM3\ARM_GCC_541\Debug\NeverLose.a(SW2.o)
 .debug_aranges
                0x000001b8       0x38 .\CortexM3\ARM_GCC_541\Debug\NeverLose.a(SW3.o)
 .debug_aranges
                0x000001f0       0x38 .\CortexM3\ARM_GCC_541\Debug\NeverLose.a(LED1.o)
 .debug_aranges
                0x00000228       0x38 .\CortexM3\ARM_GCC_541\Debug\NeverLose.a(LED2.o)
 .debug_aranges
                0x00000260       0x38 .\CortexM3\ARM_GCC_541\Debug\NeverLose.a(LED3.o)
 .debug_aranges
                0x00000298       0x38 .\CortexM3\ARM_GCC_541\Debug\NeverLose.a(LED4.o)
 .debug_aranges
                0x000002d0       0xe8 .\CortexM3\ARM_GCC_541\Debug\NeverLose.a(ADC.o)
 .debug_aranges
                0x000003b8       0x38 .\CortexM3\ARM_GCC_541\Debug\NeverLose.a(ADC_INT.o)
 .debug_aranges
                0x000003f0       0x98 .\CortexM3\ARM_GCC_541\Debug\NeverLose.a(LCD.o)
 .debug_aranges
                0x00000488       0xf0 .\CortexM3\ARM_GCC_541\Debug\NeverLose.a(UART.o)
 .debug_aranges
                0x00000578       0x30 .\CortexM3\ARM_GCC_541\Debug\NeverLose.a(ADC_AMux.o)
 .debug_aranges
                0x000005a8       0x70 .\CortexM3\ARM_GCC_541\Debug\NeverLose.a(ADC_Ext_CP_Clk.o)
 .debug_aranges
                0x00000618       0x80 .\CortexM3\ARM_GCC_541\Debug\NeverLose.a(ADC_theACLK.o)
 .debug_aranges
                0x00000698       0x70 .\CortexM3\ARM_GCC_541\Debug\NeverLose.a(UART_IntClock.o)
 .debug_aranges
                0x00000708      0x2a0 .\CortexM3\ARM_GCC_541\Debug\NeverLose.a(CyLib.o)
 .debug_aranges
                0x000009a8       0x98 .\CortexM3\ARM_GCC_541\Debug\NeverLose.a(cyPm.o)
 .debug_aranges
                0x00000a40       0x58 .\CortexM3\ARM_GCC_541\Debug\NeverLose.a(DAC.o)
 .debug_aranges
                0x00000a98       0x98 .\CortexM3\ARM_GCC_541\Debug\NeverLose.a(PWM1.o)
 .debug_aranges
                0x00000b30       0x98 .\CortexM3\ARM_GCC_541\Debug\NeverLose.a(PWM2.o)
 .debug_aranges
                0x00000bc8       0x88 .\CortexM3\ARM_GCC_541\Debug\NeverLose.a(Timer.o)
 .debug_aranges
                0x00000c50       0x38 .\CortexM3\ARM_GCC_541\Debug\NeverLose.a(ROW0.o)
 .debug_aranges
                0x00000c88       0x38 .\CortexM3\ARM_GCC_541\Debug\NeverLose.a(ROW1.o)
 .debug_aranges
                0x00000cc0       0x38 .\CortexM3\ARM_GCC_541\Debug\NeverLose.a(ROW3.o)
 .debug_aranges
                0x00000cf8       0x38 .\CortexM3\ARM_GCC_541\Debug\NeverLose.a(COL1.o)
 .debug_aranges
                0x00000d30       0x38 .\CortexM3\ARM_GCC_541\Debug\NeverLose.a(COL2.o)
 .debug_aranges
                0x00000d68       0x38 .\CortexM3\ARM_GCC_541\Debug\NeverLose.a(COL3.o)
 .debug_aranges
                0x00000da0       0x30 .\CortexM3\ARM_GCC_541\Debug\NeverLose.a(Mux.o)
 .debug_aranges
                0x00000dd0       0x20 .\CortexM3\ARM_GCC_541\Debug\NeverLose.a(CyBootAsmGnu.o)
 .debug_aranges
                0x00000df0       0x88 .\CortexM3\ARM_GCC_541\Debug\NeverLose.a(CyFlash.o)
 .debug_aranges
                0x00000e78       0x80 .\CortexM3\ARM_GCC_541\Debug\NeverLose.a(CySpc.o)

.debug_pubnames
 *(.debug_pubnames)

.debug_info     0x00000000     0x7e21
 *(.debug_info .gnu.linkonce.wi.*)
 .debug_info    0x00000000      0x898 .\CortexM3\ARM_GCC_541\Debug\main.o
 .debug_info    0x00000898      0x1e9 .\CortexM3\ARM_GCC_541\Debug\keypad.o
 .debug_info    0x00000a81      0x6a9 .\CortexM3\ARM_GCC_541\Debug\cyfitter_cfg.o
 .debug_info    0x0000112a      0x138 .\CortexM3\ARM_GCC_541\Debug\cymetadata.o
 .debug_info    0x00001262      0x3bb .\CortexM3\ARM_GCC_541\Debug\Cm3Start.o
 .debug_info    0x0000161d      0x11f .\CortexM3\ARM_GCC_541\Debug\NeverLose.a(SW1.o)
 .debug_info    0x0000173c      0x11f .\CortexM3\ARM_GCC_541\Debug\NeverLose.a(SW2.o)
 .debug_info    0x0000185b      0x11f .\CortexM3\ARM_GCC_541\Debug\NeverLose.a(SW3.o)
 .debug_info    0x0000197a      0x11f .\CortexM3\ARM_GCC_541\Debug\NeverLose.a(LED1.o)
 .debug_info    0x00001a99      0x11f .\CortexM3\ARM_GCC_541\Debug\NeverLose.a(LED2.o)
 .debug_info    0x00001bb8      0x11f .\CortexM3\ARM_GCC_541\Debug\NeverLose.a(LED3.o)
 .debug_info    0x00001cd7      0x11f .\CortexM3\ARM_GCC_541\Debug\NeverLose.a(LED4.o)
 .debug_info    0x00001df6      0xbed .\CortexM3\ARM_GCC_541\Debug\NeverLose.a(ADC.o)
 .debug_info    0x000029e3       0xd3 .\CortexM3\ARM_GCC_541\Debug\NeverLose.a(ADC_INT.o)
 .debug_info    0x00002ab6      0x715 .\CortexM3\ARM_GCC_541\Debug\NeverLose.a(LCD.o)
 .debug_info    0x000031cb      0x60c .\CortexM3\ARM_GCC_541\Debug\NeverLose.a(UART.o)
 .debug_info    0x000037d7      0x165 .\CortexM3\ARM_GCC_541\Debug\NeverLose.a(ADC_AMux.o)
 .debug_info    0x0000393c      0x283 .\CortexM3\ARM_GCC_541\Debug\NeverLose.a(ADC_Ext_CP_Clk.o)
 .debug_info    0x00003bbf      0x2c4 .\CortexM3\ARM_GCC_541\Debug\NeverLose.a(ADC_theACLK.o)
 .debug_info    0x00003e83      0x283 .\CortexM3\ARM_GCC_541\Debug\NeverLose.a(UART_IntClock.o)
 .debug_info    0x00004106     0x1374 .\CortexM3\ARM_GCC_541\Debug\NeverLose.a(CyLib.o)
 .debug_info    0x0000547a      0xa2a .\CortexM3\ARM_GCC_541\Debug\NeverLose.a(cyPm.o)
 .debug_info    0x00005ea4      0x1e0 .\CortexM3\ARM_GCC_541\Debug\NeverLose.a(DAC.o)
 .debug_info    0x00006084      0x354 .\CortexM3\ARM_GCC_541\Debug\NeverLose.a(PWM1.o)
 .debug_info    0x000063d8      0x354 .\CortexM3\ARM_GCC_541\Debug\NeverLose.a(PWM2.o)
 .debug_info    0x0000672c      0x295 .\CortexM3\ARM_GCC_541\Debug\NeverLose.a(Timer.o)
 .debug_info    0x000069c1      0x11f .\CortexM3\ARM_GCC_541\Debug\NeverLose.a(ROW0.o)
 .debug_info    0x00006ae0      0x11f .\CortexM3\ARM_GCC_541\Debug\NeverLose.a(ROW1.o)
 .debug_info    0x00006bff      0x11f .\CortexM3\ARM_GCC_541\Debug\NeverLose.a(ROW3.o)
 .debug_info    0x00006d1e      0x11f .\CortexM3\ARM_GCC_541\Debug\NeverLose.a(COL1.o)
 .debug_info    0x00006e3d      0x11f .\CortexM3\ARM_GCC_541\Debug\NeverLose.a(COL2.o)
 .debug_info    0x00006f5c      0x11f .\CortexM3\ARM_GCC_541\Debug\NeverLose.a(COL3.o)
 .debug_info    0x0000707b      0x165 .\CortexM3\ARM_GCC_541\Debug\NeverLose.a(Mux.o)
 .debug_info    0x000071e0       0xa4 .\CortexM3\ARM_GCC_541\Debug\NeverLose.a(CyBootAsmGnu.o)
 .debug_info    0x00007284      0x64d .\CortexM3\ARM_GCC_541\Debug\NeverLose.a(CyFlash.o)
 .debug_info    0x000078d1      0x550 .\CortexM3\ARM_GCC_541\Debug\NeverLose.a(CySpc.o)

.debug_abbrev   0x00000000     0x240c
 *(.debug_abbrev)
 .debug_abbrev  0x00000000      0x1c7 .\CortexM3\ARM_GCC_541\Debug\main.o
 .debug_abbrev  0x000001c7       0xc5 .\CortexM3\ARM_GCC_541\Debug\keypad.o
 .debug_abbrev  0x0000028c      0x21e .\CortexM3\ARM_GCC_541\Debug\cyfitter_cfg.o
 .debug_abbrev  0x000004aa       0x77 .\CortexM3\ARM_GCC_541\Debug\cymetadata.o
 .debug_abbrev  0x00000521      0x1e8 .\CortexM3\ARM_GCC_541\Debug\Cm3Start.o
 .debug_abbrev  0x00000709       0x90 .\CortexM3\ARM_GCC_541\Debug\NeverLose.a(SW1.o)
 .debug_abbrev  0x00000799       0x90 .\CortexM3\ARM_GCC_541\Debug\NeverLose.a(SW2.o)
 .debug_abbrev  0x00000829       0x90 .\CortexM3\ARM_GCC_541\Debug\NeverLose.a(SW3.o)
 .debug_abbrev  0x000008b9       0x90 .\CortexM3\ARM_GCC_541\Debug\NeverLose.a(LED1.o)
 .debug_abbrev  0x00000949       0x90 .\CortexM3\ARM_GCC_541\Debug\NeverLose.a(LED2.o)
 .debug_abbrev  0x000009d9       0x90 .\CortexM3\ARM_GCC_541\Debug\NeverLose.a(LED3.o)
 .debug_abbrev  0x00000a69       0x90 .\CortexM3\ARM_GCC_541\Debug\NeverLose.a(LED4.o)
 .debug_abbrev  0x00000af9      0x1eb .\CortexM3\ARM_GCC_541\Debug\NeverLose.a(ADC.o)
 .debug_abbrev  0x00000ce4       0x42 .\CortexM3\ARM_GCC_541\Debug\NeverLose.a(ADC_INT.o)
 .debug_abbrev  0x00000d26      0x157 .\CortexM3\ARM_GCC_541\Debug\NeverLose.a(LCD.o)
 .debug_abbrev  0x00000e7d      0x175 .\CortexM3\ARM_GCC_541\Debug\NeverLose.a(UART.o)
 .debug_abbrev  0x00000ff2       0xb1 .\CortexM3\ARM_GCC_541\Debug\NeverLose.a(ADC_AMux.o)
 .debug_abbrev  0x000010a3      0x139 .\CortexM3\ARM_GCC_541\Debug\NeverLose.a(ADC_Ext_CP_Clk.o)
 .debug_abbrev  0x000011dc      0x121 .\CortexM3\ARM_GCC_541\Debug\NeverLose.a(ADC_theACLK.o)
 .debug_abbrev  0x000012fd      0x139 .\CortexM3\ARM_GCC_541\Debug\NeverLose.a(UART_IntClock.o)
 .debug_abbrev  0x00001436      0x254 .\CortexM3\ARM_GCC_541\Debug\NeverLose.a(CyLib.o)
 .debug_abbrev  0x0000168a      0x1ab .\CortexM3\ARM_GCC_541\Debug\NeverLose.a(cyPm.o)
 .debug_abbrev  0x00001835       0xf7 .\CortexM3\ARM_GCC_541\Debug\NeverLose.a(DAC.o)
 .debug_abbrev  0x0000192c      0x133 .\CortexM3\ARM_GCC_541\Debug\NeverLose.a(PWM1.o)
 .debug_abbrev  0x00001a5f      0x133 .\CortexM3\ARM_GCC_541\Debug\NeverLose.a(PWM2.o)
 .debug_abbrev  0x00001b92      0x11a .\CortexM3\ARM_GCC_541\Debug\NeverLose.a(Timer.o)
 .debug_abbrev  0x00001cac       0x90 .\CortexM3\ARM_GCC_541\Debug\NeverLose.a(ROW0.o)
 .debug_abbrev  0x00001d3c       0x90 .\CortexM3\ARM_GCC_541\Debug\NeverLose.a(ROW1.o)
 .debug_abbrev  0x00001dcc       0x90 .\CortexM3\ARM_GCC_541\Debug\NeverLose.a(ROW3.o)
 .debug_abbrev  0x00001e5c       0x90 .\CortexM3\ARM_GCC_541\Debug\NeverLose.a(COL1.o)
 .debug_abbrev  0x00001eec       0x90 .\CortexM3\ARM_GCC_541\Debug\NeverLose.a(COL2.o)
 .debug_abbrev  0x00001f7c       0x90 .\CortexM3\ARM_GCC_541\Debug\NeverLose.a(COL3.o)
 .debug_abbrev  0x0000200c       0xb1 .\CortexM3\ARM_GCC_541\Debug\NeverLose.a(Mux.o)
 .debug_abbrev  0x000020bd       0x14 .\CortexM3\ARM_GCC_541\Debug\NeverLose.a(CyBootAsmGnu.o)
 .debug_abbrev  0x000020d1      0x1a7 .\CortexM3\ARM_GCC_541\Debug\NeverLose.a(CyFlash.o)
 .debug_abbrev  0x00002278      0x194 .\CortexM3\ARM_GCC_541\Debug\NeverLose.a(CySpc.o)

.debug_line     0x00000000     0x35e0
 *(.debug_line)
 .debug_line    0x00000000      0x2c2 .\CortexM3\ARM_GCC_541\Debug\main.o
 .debug_line    0x000002c2      0x1b5 .\CortexM3\ARM_GCC_541\Debug\keypad.o
 .debug_line    0x00000477      0x23a .\CortexM3\ARM_GCC_541\Debug\cyfitter_cfg.o
 .debug_line    0x000006b1      0x141 .\CortexM3\ARM_GCC_541\Debug\cymetadata.o
 .debug_line    0x000007f2      0x234 .\CortexM3\ARM_GCC_541\Debug\Cm3Start.o
 .debug_line    0x00000a26       0x90 .\CortexM3\ARM_GCC_541\Debug\NeverLose.a(SW1.o)
 .debug_line    0x00000ab6       0x90 .\CortexM3\ARM_GCC_541\Debug\NeverLose.a(SW2.o)
 .debug_line    0x00000b46       0x90 .\CortexM3\ARM_GCC_541\Debug\NeverLose.a(SW3.o)
 .debug_line    0x00000bd6       0x91 .\CortexM3\ARM_GCC_541\Debug\NeverLose.a(LED1.o)
 .debug_line    0x00000c67       0x91 .\CortexM3\ARM_GCC_541\Debug\NeverLose.a(LED2.o)
 .debug_line    0x00000cf8       0x91 .\CortexM3\ARM_GCC_541\Debug\NeverLose.a(LED3.o)
 .debug_line    0x00000d89       0x91 .\CortexM3\ARM_GCC_541\Debug\NeverLose.a(LED4.o)
 .debug_line    0x00000e1a      0x3c1 .\CortexM3\ARM_GCC_541\Debug\NeverLose.a(ADC.o)
 .debug_line    0x000011db       0x80 .\CortexM3\ARM_GCC_541\Debug\NeverLose.a(ADC_INT.o)
 .debug_line    0x0000125b      0x1dc .\CortexM3\ARM_GCC_541\Debug\NeverLose.a(LCD.o)
 .debug_line    0x00001437      0x2bc .\CortexM3\ARM_GCC_541\Debug\NeverLose.a(UART.o)
 .debug_line    0x000016f3       0xac .\CortexM3\ARM_GCC_541\Debug\NeverLose.a(ADC_AMux.o)
 .debug_line    0x0000179f      0x17d .\CortexM3\ARM_GCC_541\Debug\NeverLose.a(ADC_Ext_CP_Clk.o)
 .debug_line    0x0000191c      0x19d .\CortexM3\ARM_GCC_541\Debug\NeverLose.a(ADC_theACLK.o)
 .debug_line    0x00001ab9      0x17c .\CortexM3\ARM_GCC_541\Debug\NeverLose.a(UART_IntClock.o)
 .debug_line    0x00001c35      0x816 .\CortexM3\ARM_GCC_541\Debug\NeverLose.a(CyLib.o)
 .debug_line    0x0000244b      0x367 .\CortexM3\ARM_GCC_541\Debug\NeverLose.a(cyPm.o)
 .debug_line    0x000027b2       0xe0 .\CortexM3\ARM_GCC_541\Debug\NeverLose.a(DAC.o)
 .debug_line    0x00002892      0x187 .\CortexM3\ARM_GCC_541\Debug\NeverLose.a(PWM1.o)
 .debug_line    0x00002a19      0x187 .\CortexM3\ARM_GCC_541\Debug\NeverLose.a(PWM2.o)
 .debug_line    0x00002ba0      0x153 .\CortexM3\ARM_GCC_541\Debug\NeverLose.a(Timer.o)
 .debug_line    0x00002cf3       0x91 .\CortexM3\ARM_GCC_541\Debug\NeverLose.a(ROW0.o)
 .debug_line    0x00002d84       0x91 .\CortexM3\ARM_GCC_541\Debug\NeverLose.a(ROW1.o)
 .debug_line    0x00002e15       0x91 .\CortexM3\ARM_GCC_541\Debug\NeverLose.a(ROW3.o)
 .debug_line    0x00002ea6       0x91 .\CortexM3\ARM_GCC_541\Debug\NeverLose.a(COL1.o)
 .debug_line    0x00002f37       0x91 .\CortexM3\ARM_GCC_541\Debug\NeverLose.a(COL2.o)
 .debug_line    0x00002fc8       0x91 .\CortexM3\ARM_GCC_541\Debug\NeverLose.a(COL3.o)
 .debug_line    0x00003059       0xa7 .\CortexM3\ARM_GCC_541\Debug\NeverLose.a(Mux.o)
 .debug_line    0x00003100       0x66 .\CortexM3\ARM_GCC_541\Debug\NeverLose.a(CyBootAsmGnu.o)
 .debug_line    0x00003166      0x21a .\CortexM3\ARM_GCC_541\Debug\NeverLose.a(CyFlash.o)
 .debug_line    0x00003380      0x260 .\CortexM3\ARM_GCC_541\Debug\NeverLose.a(CySpc.o)

.debug_frame    0x00000000     0x22d0
 *(.debug_frame)
 .debug_frame   0x00000000       0xcc .\CortexM3\ARM_GCC_541\Debug\main.o
 .debug_frame   0x000000cc       0x48 .\CortexM3\ARM_GCC_541\Debug\keypad.o
 .debug_frame   0x00000114      0x13c .\CortexM3\ARM_GCC_541\Debug\cyfitter_cfg.o
 .debug_frame   0x00000250       0xb8 .\CortexM3\ARM_GCC_541\Debug\Cm3Start.o
 .debug_frame   0x00000308       0x50 .\CortexM3\ARM_GCC_541\Debug\NeverLose.a(SW1.o)
 .debug_frame   0x00000358       0x50 .\CortexM3\ARM_GCC_541\Debug\NeverLose.a(SW2.o)
 .debug_frame   0x000003a8       0x50 .\CortexM3\ARM_GCC_541\Debug\NeverLose.a(SW3.o)
 .debug_frame   0x000003f8       0x50 .\CortexM3\ARM_GCC_541\Debug\NeverLose.a(LED1.o)
 .debug_frame   0x00000448       0x50 .\CortexM3\ARM_GCC_541\Debug\NeverLose.a(LED2.o)
 .debug_frame   0x00000498       0x50 .\CortexM3\ARM_GCC_541\Debug\NeverLose.a(LED3.o)
 .debug_frame   0x000004e8       0x50 .\CortexM3\ARM_GCC_541\Debug\NeverLose.a(LED4.o)
 .debug_frame   0x00000538      0x284 .\CortexM3\ARM_GCC_541\Debug\NeverLose.a(ADC.o)
 .debug_frame   0x000007bc       0x50 .\CortexM3\ARM_GCC_541\Debug\NeverLose.a(ADC_INT.o)
 .debug_frame   0x0000080c      0x1e8 .\CortexM3\ARM_GCC_541\Debug\NeverLose.a(LCD.o)
 .debug_frame   0x000009f4      0x250 .\CortexM3\ARM_GCC_541\Debug\NeverLose.a(UART.o)
 .debug_frame   0x00000c44       0x64 .\CortexM3\ARM_GCC_541\Debug\NeverLose.a(ADC_AMux.o)
 .debug_frame   0x00000ca8       0xe0 .\CortexM3\ARM_GCC_541\Debug\NeverLose.a(ADC_Ext_CP_Clk.o)
 .debug_frame   0x00000d88      0x100 .\CortexM3\ARM_GCC_541\Debug\NeverLose.a(ADC_theACLK.o)
 .debug_frame   0x00000e88       0xe0 .\CortexM3\ARM_GCC_541\Debug\NeverLose.a(UART_IntClock.o)
 .debug_frame   0x00000f68      0x738 .\CortexM3\ARM_GCC_541\Debug\NeverLose.a(CyLib.o)
 .debug_frame   0x000016a0      0x1f8 .\CortexM3\ARM_GCC_541\Debug\NeverLose.a(cyPm.o)
 .debug_frame   0x00001898       0xb4 .\CortexM3\ARM_GCC_541\Debug\NeverLose.a(DAC.o)
 .debug_frame   0x0000194c      0x134 .\CortexM3\ARM_GCC_541\Debug\NeverLose.a(PWM1.o)
 .debug_frame   0x00001a80      0x134 .\CortexM3\ARM_GCC_541\Debug\NeverLose.a(PWM2.o)
 .debug_frame   0x00001bb4      0x108 .\CortexM3\ARM_GCC_541\Debug\NeverLose.a(Timer.o)
 .debug_frame   0x00001cbc       0x50 .\CortexM3\ARM_GCC_541\Debug\NeverLose.a(ROW0.o)
 .debug_frame   0x00001d0c       0x50 .\CortexM3\ARM_GCC_541\Debug\NeverLose.a(ROW1.o)
 .debug_frame   0x00001d5c       0x50 .\CortexM3\ARM_GCC_541\Debug\NeverLose.a(ROW3.o)
 .debug_frame   0x00001dac       0x50 .\CortexM3\ARM_GCC_541\Debug\NeverLose.a(COL1.o)
 .debug_frame   0x00001dfc       0x50 .\CortexM3\ARM_GCC_541\Debug\NeverLose.a(COL2.o)
 .debug_frame   0x00001e4c       0x50 .\CortexM3\ARM_GCC_541\Debug\NeverLose.a(COL3.o)
 .debug_frame   0x00001e9c       0x64 .\CortexM3\ARM_GCC_541\Debug\NeverLose.a(Mux.o)
 .debug_frame   0x00001f00      0x194 .\CortexM3\ARM_GCC_541\Debug\NeverLose.a(CyFlash.o)
 .debug_frame   0x00002094      0x180 .\CortexM3\ARM_GCC_541\Debug\NeverLose.a(CySpc.o)
 .debug_frame   0x00002214       0x20 c:/program files (x86)/cypress/psoc creator/4.4/psoc creator/import/gnu/arm/5.4.1/bin/../lib/gcc/arm-none-eabi/5.4.1/../../../../arm-none-eabi/lib/armv7-m\libg_nano.a(lib_a-errno.o)
 .debug_frame   0x00002234       0x28 c:/program files (x86)/cypress/psoc creator/4.4/psoc creator/import/gnu/arm/5.4.1/bin/../lib/gcc/arm-none-eabi/5.4.1/../../../../arm-none-eabi/lib/armv7-m\libg_nano.a(lib_a-exit.o)
 .debug_frame   0x0000225c       0x2c c:/program files (x86)/cypress/psoc creator/4.4/psoc creator/import/gnu/arm/5.4.1/bin/../lib/gcc/arm-none-eabi/5.4.1/../../../../arm-none-eabi/lib/armv7-m\libg_nano.a(lib_a-init.o)
 .debug_frame   0x00002288       0x28 c:/program files (x86)/cypress/psoc creator/4.4/psoc creator/import/gnu/arm/5.4.1/bin/../lib/gcc/arm-none-eabi/5.4.1/../../../../arm-none-eabi/lib/armv7-m\libg_nano.a(lib_a-memcpy-stub.o)
 .debug_frame   0x000022b0       0x20 c:/program files (x86)/cypress/psoc creator/4.4/psoc creator/import/gnu/arm/5.4.1/bin/../lib/gcc/arm-none-eabi/5.4.1/../../../../arm-none-eabi/lib/armv7-m\libg_nano.a(lib_a-memset.o)

.debug_str      0x00000000     0x28fd
 *(.debug_str)
 .debug_str     0x00000000      0x3d2 .\CortexM3\ARM_GCC_541\Debug\main.o
                                0x44e (size before relaxing)
 .debug_str     0x000003d2       0x48 .\CortexM3\ARM_GCC_541\Debug\keypad.o
                                0x21e (size before relaxing)
 .debug_str     0x0000041a      0x1c0 .\CortexM3\ARM_GCC_541\Debug\cyfitter_cfg.o
                                0x39f (size before relaxing)
 .debug_str     0x000005da       0x75 .\CortexM3\ARM_GCC_541\Debug\cymetadata.o
                                0x1f8 (size before relaxing)
 .debug_str     0x0000064f      0x144 .\CortexM3\ARM_GCC_541\Debug\Cm3Start.o
                                0x31e (size before relaxing)
 .debug_str     0x00000793       0x58 .\CortexM3\ARM_GCC_541\Debug\NeverLose.a(SW1.o)
                                0x1ec (size before relaxing)
 .debug_str     0x000007eb       0x48 .\CortexM3\ARM_GCC_541\Debug\NeverLose.a(SW2.o)
                                0x1ec (size before relaxing)
 .debug_str     0x00000833       0x48 .\CortexM3\ARM_GCC_541\Debug\NeverLose.a(SW3.o)
                                0x1ec (size before relaxing)
 .debug_str     0x0000087b       0x4b .\CortexM3\ARM_GCC_541\Debug\NeverLose.a(LED1.o)
                                0x1f1 (size before relaxing)
 .debug_str     0x000008c6       0x4b .\CortexM3\ARM_GCC_541\Debug\NeverLose.a(LED2.o)
                                0x1f1 (size before relaxing)
 .debug_str     0x00000911       0x4b .\CortexM3\ARM_GCC_541\Debug\NeverLose.a(LED3.o)
                                0x1f1 (size before relaxing)
 .debug_str     0x0000095c       0x4b .\CortexM3\ARM_GCC_541\Debug\NeverLose.a(LED4.o)
                                0x1f1 (size before relaxing)
 .debug_str     0x000009a7      0x39e .\CortexM3\ARM_GCC_541\Debug\NeverLose.a(ADC.o)
                                0x5dd (size before relaxing)
 .debug_str     0x00000d45       0x45 .\CortexM3\ARM_GCC_541\Debug\NeverLose.a(ADC_INT.o)
                                0x1d4 (size before relaxing)
 .debug_str     0x00000d8a      0x12c .\CortexM3\ARM_GCC_541\Debug\NeverLose.a(LCD.o)
                                0x33f (size before relaxing)
 .debug_str     0x00000eb6      0x26f .\CortexM3\ARM_GCC_541\Debug\NeverLose.a(UART.o)
                                0x489 (size before relaxing)
 .debug_str     0x00001125       0x5f .\CortexM3\ARM_GCC_541\Debug\NeverLose.a(ADC_AMux.o)
                                0x213 (size before relaxing)
 .debug_str     0x00001184      0x173 .\CortexM3\ARM_GCC_541\Debug\NeverLose.a(ADC_Ext_CP_Clk.o)
                                0x356 (size before relaxing)
 .debug_str     0x000012f7      0x14f .\CortexM3\ARM_GCC_541\Debug\NeverLose.a(ADC_theACLK.o)
                                0x375 (size before relaxing)
 .debug_str     0x00001446      0x138 .\CortexM3\ARM_GCC_541\Debug\NeverLose.a(UART_IntClock.o)
                                0x34a (size before relaxing)
 .debug_str     0x0000157e      0x7cc .\CortexM3\ARM_GCC_541\Debug\NeverLose.a(CyLib.o)
                                0xa5b (size before relaxing)
 .debug_str     0x00001d4a      0x365 .\CortexM3\ARM_GCC_541\Debug\NeverLose.a(cyPm.o)
                                0x747 (size before relaxing)
 .debug_str     0x000020af       0x82 .\CortexM3\ARM_GCC_541\Debug\NeverLose.a(DAC.o)
                                0x21f (size before relaxing)
 .debug_str     0x00002131      0x147 .\CortexM3\ARM_GCC_541\Debug\NeverLose.a(PWM1.o)
                                0x35f (size before relaxing)
 .debug_str     0x00002278      0x124 .\CortexM3\ARM_GCC_541\Debug\NeverLose.a(PWM2.o)
                                0x35f (size before relaxing)
 .debug_str     0x0000239c      0x118 .\CortexM3\ARM_GCC_541\Debug\NeverLose.a(Timer.o)
                                0x309 (size before relaxing)
 .debug_str     0x000024b4       0x4c .\CortexM3\ARM_GCC_541\Debug\NeverLose.a(ROW0.o)
                                0x1f1 (size before relaxing)
 .debug_str     0x00002500       0x4c .\CortexM3\ARM_GCC_541\Debug\NeverLose.a(ROW1.o)
                                0x1f1 (size before relaxing)
 .debug_str     0x0000254c       0x4c .\CortexM3\ARM_GCC_541\Debug\NeverLose.a(ROW3.o)
                                0x1f1 (size before relaxing)
 .debug_str     0x00002598       0x4b .\CortexM3\ARM_GCC_541\Debug\NeverLose.a(COL1.o)
                                0x1f1 (size before relaxing)
 .debug_str     0x000025e3       0x4b .\CortexM3\ARM_GCC_541\Debug\NeverLose.a(COL2.o)
                                0x1f1 (size before relaxing)
 .debug_str     0x0000262e       0x4b .\CortexM3\ARM_GCC_541\Debug\NeverLose.a(COL3.o)
                                0x1f1 (size before relaxing)
 .debug_str     0x00002679       0x1d .\CortexM3\ARM_GCC_541\Debug\NeverLose.a(Mux.o)
                                0x1f0 (size before relaxing)
 .debug_str     0x00002696      0x1bb .\CortexM3\ARM_GCC_541\Debug\NeverLose.a(CyFlash.o)
                                0x3d4 (size before relaxing)
 .debug_str     0x00002851       0xac .\CortexM3\ARM_GCC_541\Debug\NeverLose.a(CySpc.o)
                                0x34c (size before relaxing)

.debug_loc      0x00000000     0x31ee
 *(.debug_loc)
 .debug_loc     0x00000000      0x204 .\CortexM3\ARM_GCC_541\Debug\main.o
 .debug_loc     0x00000204      0x2c7 .\CortexM3\ARM_GCC_541\Debug\cyfitter_cfg.o
 .debug_loc     0x000004cb      0x144 .\CortexM3\ARM_GCC_541\Debug\Cm3Start.o
 .debug_loc     0x0000060f       0x42 .\CortexM3\ARM_GCC_541\Debug\NeverLose.a(SW1.o)
 .debug_loc     0x00000651       0x42 .\CortexM3\ARM_GCC_541\Debug\NeverLose.a(SW2.o)
 .debug_loc     0x00000693       0x42 .\CortexM3\ARM_GCC_541\Debug\NeverLose.a(SW3.o)
 .debug_loc     0x000006d5       0x42 .\CortexM3\ARM_GCC_541\Debug\NeverLose.a(LED1.o)
 .debug_loc     0x00000717       0x42 .\CortexM3\ARM_GCC_541\Debug\NeverLose.a(LED2.o)
 .debug_loc     0x00000759       0x42 .\CortexM3\ARM_GCC_541\Debug\NeverLose.a(LED3.o)
 .debug_loc     0x0000079b       0x42 .\CortexM3\ARM_GCC_541\Debug\NeverLose.a(LED4.o)
 .debug_loc     0x000007dd      0x681 .\CortexM3\ARM_GCC_541\Debug\NeverLose.a(ADC.o)
 .debug_loc     0x00000e5e      0x3c6 .\CortexM3\ARM_GCC_541\Debug\NeverLose.a(LCD.o)
 .debug_loc     0x00001224      0x258 .\CortexM3\ARM_GCC_541\Debug\NeverLose.a(UART.o)
 .debug_loc     0x0000147c       0x6c .\CortexM3\ARM_GCC_541\Debug\NeverLose.a(ADC_AMux.o)
 .debug_loc     0x000014e8      0x128 .\CortexM3\ARM_GCC_541\Debug\NeverLose.a(ADC_Ext_CP_Clk.o)
 .debug_loc     0x00001610      0x14d .\CortexM3\ARM_GCC_541\Debug\NeverLose.a(ADC_theACLK.o)
 .debug_loc     0x0000175d      0x128 .\CortexM3\ARM_GCC_541\Debug\NeverLose.a(UART_IntClock.o)
 .debug_loc     0x00001885      0xa11 .\CortexM3\ARM_GCC_541\Debug\NeverLose.a(CyLib.o)
 .debug_loc     0x00002296      0x1e4 .\CortexM3\ARM_GCC_541\Debug\NeverLose.a(cyPm.o)
 .debug_loc     0x0000247a       0x79 .\CortexM3\ARM_GCC_541\Debug\NeverLose.a(DAC.o)
 .debug_loc     0x000024f3       0x26 .\CortexM3\ARM_GCC_541\Debug\NeverLose.a(PWM1.o)
 .debug_loc     0x00002519       0x26 .\CortexM3\ARM_GCC_541\Debug\NeverLose.a(PWM2.o)
 .debug_loc     0x0000253f       0x42 .\CortexM3\ARM_GCC_541\Debug\NeverLose.a(ROW0.o)
 .debug_loc     0x00002581       0x42 .\CortexM3\ARM_GCC_541\Debug\NeverLose.a(ROW1.o)
 .debug_loc     0x000025c3       0x42 .\CortexM3\ARM_GCC_541\Debug\NeverLose.a(ROW3.o)
 .debug_loc     0x00002605       0x42 .\CortexM3\ARM_GCC_541\Debug\NeverLose.a(COL1.o)
 .debug_loc     0x00002647       0x42 .\CortexM3\ARM_GCC_541\Debug\NeverLose.a(COL2.o)
 .debug_loc     0x00002689       0x42 .\CortexM3\ARM_GCC_541\Debug\NeverLose.a(COL3.o)
 .debug_loc     0x000026cb       0x6c .\CortexM3\ARM_GCC_541\Debug\NeverLose.a(Mux.o)
 .debug_loc     0x00002737      0x3b2 .\CortexM3\ARM_GCC_541\Debug\NeverLose.a(CyFlash.o)
 .debug_loc     0x00002ae9      0x705 .\CortexM3\ARM_GCC_541\Debug\NeverLose.a(CySpc.o)

.debug_macinfo
 *(.debug_macinfo)

.debug_ranges   0x00000000      0xca0
 *(.debug_ranges)
 .debug_ranges  0x00000000       0x38 .\CortexM3\ARM_GCC_541\Debug\main.o
 .debug_ranges  0x00000038       0x18 .\CortexM3\ARM_GCC_541\Debug\keypad.o
 .debug_ranges  0x00000050       0x68 .\CortexM3\ARM_GCC_541\Debug\cyfitter_cfg.o
 .debug_ranges  0x000000b8       0x38 .\CortexM3\ARM_GCC_541\Debug\Cm3Start.o
 .debug_ranges  0x000000f0       0x28 .\CortexM3\ARM_GCC_541\Debug\NeverLose.a(SW1.o)
 .debug_ranges  0x00000118       0x28 .\CortexM3\ARM_GCC_541\Debug\NeverLose.a(SW2.o)
 .debug_ranges  0x00000140       0x28 .\CortexM3\ARM_GCC_541\Debug\NeverLose.a(SW3.o)
 .debug_ranges  0x00000168       0x28 .\CortexM3\ARM_GCC_541\Debug\NeverLose.a(LED1.o)
 .debug_ranges  0x00000190       0x28 .\CortexM3\ARM_GCC_541\Debug\NeverLose.a(LED2.o)
 .debug_ranges  0x000001b8       0x28 .\CortexM3\ARM_GCC_541\Debug\NeverLose.a(LED3.o)
 .debug_ranges  0x000001e0       0x28 .\CortexM3\ARM_GCC_541\Debug\NeverLose.a(LED4.o)
 .debug_ranges  0x00000208       0xd8 .\CortexM3\ARM_GCC_541\Debug\NeverLose.a(ADC.o)
 .debug_ranges  0x000002e0       0x28 .\CortexM3\ARM_GCC_541\Debug\NeverLose.a(ADC_INT.o)
 .debug_ranges  0x00000308       0x88 .\CortexM3\ARM_GCC_541\Debug\NeverLose.a(LCD.o)
 .debug_ranges  0x00000390       0xe0 .\CortexM3\ARM_GCC_541\Debug\NeverLose.a(UART.o)
 .debug_ranges  0x00000470       0x20 .\CortexM3\ARM_GCC_541\Debug\NeverLose.a(ADC_AMux.o)
 .debug_ranges  0x00000490       0x60 .\CortexM3\ARM_GCC_541\Debug\NeverLose.a(ADC_Ext_CP_Clk.o)
 .debug_ranges  0x000004f0       0x70 .\CortexM3\ARM_GCC_541\Debug\NeverLose.a(ADC_theACLK.o)
 .debug_ranges  0x00000560       0x60 .\CortexM3\ARM_GCC_541\Debug\NeverLose.a(UART_IntClock.o)
 .debug_ranges  0x000005c0      0x290 .\CortexM3\ARM_GCC_541\Debug\NeverLose.a(CyLib.o)
 .debug_ranges  0x00000850       0x88 .\CortexM3\ARM_GCC_541\Debug\NeverLose.a(cyPm.o)
 .debug_ranges  0x000008d8       0x48 .\CortexM3\ARM_GCC_541\Debug\NeverLose.a(DAC.o)
 .debug_ranges  0x00000920       0x88 .\CortexM3\ARM_GCC_541\Debug\NeverLose.a(PWM1.o)
 .debug_ranges  0x000009a8       0x88 .\CortexM3\ARM_GCC_541\Debug\NeverLose.a(PWM2.o)
 .debug_ranges  0x00000a30       0x78 .\CortexM3\ARM_GCC_541\Debug\NeverLose.a(Timer.o)
 .debug_ranges  0x00000aa8       0x28 .\CortexM3\ARM_GCC_541\Debug\NeverLose.a(ROW0.o)
 .debug_ranges  0x00000ad0       0x28 .\CortexM3\ARM_GCC_541\Debug\NeverLose.a(ROW1.o)
 .debug_ranges  0x00000af8       0x28 .\CortexM3\ARM_GCC_541\Debug\NeverLose.a(ROW3.o)
 .debug_ranges  0x00000b20       0x28 .\CortexM3\ARM_GCC_541\Debug\NeverLose.a(COL1.o)
 .debug_ranges  0x00000b48       0x28 .\CortexM3\ARM_GCC_541\Debug\NeverLose.a(COL2.o)
 .debug_ranges  0x00000b70       0x28 .\CortexM3\ARM_GCC_541\Debug\NeverLose.a(COL3.o)
 .debug_ranges  0x00000b98       0x20 .\CortexM3\ARM_GCC_541\Debug\NeverLose.a(Mux.o)
 .debug_ranges  0x00000bb8       0x78 .\CortexM3\ARM_GCC_541\Debug\NeverLose.a(CyFlash.o)
 .debug_ranges  0x00000c30       0x70 .\CortexM3\ARM_GCC_541\Debug\NeverLose.a(CySpc.o)

.comment        0x00000000       0x6e
 .comment       0x00000000       0x6e .\CortexM3\ARM_GCC_541\Debug\main.o
                                 0x6f (size before relaxing)
 .comment       0x0000006e       0x6f .\CortexM3\ARM_GCC_541\Debug\keypad.o
 .comment       0x0000006e       0x6f .\CortexM3\ARM_GCC_541\Debug\cyfitter_cfg.o
 .comment       0x0000006e       0x6f .\CortexM3\ARM_GCC_541\Debug\cymetadata.o
 .comment       0x0000006e       0x6f .\CortexM3\ARM_GCC_541\Debug\Cm3Start.o
 .comment       0x0000006e       0x6f .\CortexM3\ARM_GCC_541\Debug\NeverLose.a(SW1.o)
 .comment       0x0000006e       0x6f .\CortexM3\ARM_GCC_541\Debug\NeverLose.a(SW2.o)
 .comment       0x0000006e       0x6f .\CortexM3\ARM_GCC_541\Debug\NeverLose.a(SW3.o)
 .comment       0x0000006e       0x6f .\CortexM3\ARM_GCC_541\Debug\NeverLose.a(LED1.o)
 .comment       0x0000006e       0x6f .\CortexM3\ARM_GCC_541\Debug\NeverLose.a(LED2.o)
 .comment       0x0000006e       0x6f .\CortexM3\ARM_GCC_541\Debug\NeverLose.a(LED3.o)
 .comment       0x0000006e       0x6f .\CortexM3\ARM_GCC_541\Debug\NeverLose.a(LED4.o)
 .comment       0x0000006e       0x6f .\CortexM3\ARM_GCC_541\Debug\NeverLose.a(ADC.o)
 .comment       0x0000006e       0x6f .\CortexM3\ARM_GCC_541\Debug\NeverLose.a(ADC_INT.o)
 .comment       0x0000006e       0x6f .\CortexM3\ARM_GCC_541\Debug\NeverLose.a(LCD.o)
 .comment       0x0000006e       0x6f .\CortexM3\ARM_GCC_541\Debug\NeverLose.a(UART.o)
 .comment       0x0000006e       0x6f .\CortexM3\ARM_GCC_541\Debug\NeverLose.a(ADC_AMux.o)
 .comment       0x0000006e       0x6f .\CortexM3\ARM_GCC_541\Debug\NeverLose.a(ADC_Ext_CP_Clk.o)
 .comment       0x0000006e       0x6f .\CortexM3\ARM_GCC_541\Debug\NeverLose.a(ADC_theACLK.o)
 .comment       0x0000006e       0x6f .\CortexM3\ARM_GCC_541\Debug\NeverLose.a(UART_IntClock.o)
 .comment       0x0000006e       0x6f .\CortexM3\ARM_GCC_541\Debug\NeverLose.a(CyLib.o)
 .comment       0x0000006e       0x6f .\CortexM3\ARM_GCC_541\Debug\NeverLose.a(cyPm.o)
 .comment       0x0000006e       0x6f .\CortexM3\ARM_GCC_541\Debug\NeverLose.a(DAC.o)
 .comment       0x0000006e       0x6f .\CortexM3\ARM_GCC_541\Debug\NeverLose.a(PWM1.o)
 .comment       0x0000006e       0x6f .\CortexM3\ARM_GCC_541\Debug\NeverLose.a(PWM2.o)
 .comment       0x0000006e       0x6f .\CortexM3\ARM_GCC_541\Debug\NeverLose.a(Timer.o)
 .comment       0x0000006e       0x6f .\CortexM3\ARM_GCC_541\Debug\NeverLose.a(ROW0.o)
 .comment       0x0000006e       0x6f .\CortexM3\ARM_GCC_541\Debug\NeverLose.a(ROW1.o)
 .comment       0x0000006e       0x6f .\CortexM3\ARM_GCC_541\Debug\NeverLose.a(ROW3.o)
 .comment       0x0000006e       0x6f .\CortexM3\ARM_GCC_541\Debug\NeverLose.a(COL1.o)
 .comment       0x0000006e       0x6f .\CortexM3\ARM_GCC_541\Debug\NeverLose.a(COL2.o)
 .comment       0x0000006e       0x6f .\CortexM3\ARM_GCC_541\Debug\NeverLose.a(COL3.o)
 .comment       0x0000006e       0x6f .\CortexM3\ARM_GCC_541\Debug\NeverLose.a(Mux.o)
 .comment       0x0000006e       0x6f .\CortexM3\ARM_GCC_541\Debug\NeverLose.a(CyFlash.o)
 .comment       0x0000006e       0x6f .\CortexM3\ARM_GCC_541\Debug\NeverLose.a(CySpc.o)

.debug_weaknames
 *(.debug_weaknames)

.debug_funcnames
 *(.debug_funcnames)

.debug_typenames
 *(.debug_typenames)

.debug_varnames
 *(.debug_varnames)

.note.gnu.arm.ident
 *(.note.gnu.arm.ident)

.ARM.attributes
                0x00000000       0x29
 *(.ARM.attributes)
 .ARM.attributes
                0x00000000       0x1d c:/program files (x86)/cypress/psoc creator/4.4/psoc creator/import/gnu/arm/5.4.1/bin/../lib/gcc/arm-none-eabi/5.4.1/armv7-m/crti.o
 .ARM.attributes
                0x0000001d       0x2d c:/program files (x86)/cypress/psoc creator/4.4/psoc creator/import/gnu/arm/5.4.1/bin/../lib/gcc/arm-none-eabi/5.4.1/armv7-m/crtbegin.o
 .ARM.attributes
                0x0000004a       0x1b c:/program files (x86)/cypress/psoc creator/4.4/psoc creator/import/gnu/arm/5.4.1/bin/../lib/gcc/arm-none-eabi/5.4.1/../../../../arm-none-eabi/lib/armv7-m/crt0.o
 .ARM.attributes
                0x00000065       0x33 .\CortexM3\ARM_GCC_541\Debug\main.o
 .ARM.attributes
                0x00000098       0x33 .\CortexM3\ARM_GCC_541\Debug\keypad.o
 .ARM.attributes
                0x000000cb       0x33 .\CortexM3\ARM_GCC_541\Debug\cyfitter_cfg.o
 .ARM.attributes
                0x000000fe       0x33 .\CortexM3\ARM_GCC_541\Debug\cymetadata.o
 .ARM.attributes
                0x00000131       0x33 .\CortexM3\ARM_GCC_541\Debug\Cm3Start.o
 .ARM.attributes
                0x00000164       0x33 .\CortexM3\ARM_GCC_541\Debug\NeverLose.a(SW1.o)
 .ARM.attributes
                0x00000197       0x33 .\CortexM3\ARM_GCC_541\Debug\NeverLose.a(SW2.o)
 .ARM.attributes
                0x000001ca       0x33 .\CortexM3\ARM_GCC_541\Debug\NeverLose.a(SW3.o)
 .ARM.attributes
                0x000001fd       0x33 .\CortexM3\ARM_GCC_541\Debug\NeverLose.a(LED1.o)
 .ARM.attributes
                0x00000230       0x33 .\CortexM3\ARM_GCC_541\Debug\NeverLose.a(LED2.o)
 .ARM.attributes
                0x00000263       0x33 .\CortexM3\ARM_GCC_541\Debug\NeverLose.a(LED3.o)
 .ARM.attributes
                0x00000296       0x33 .\CortexM3\ARM_GCC_541\Debug\NeverLose.a(LED4.o)
 .ARM.attributes
                0x000002c9       0x33 .\CortexM3\ARM_GCC_541\Debug\NeverLose.a(ADC.o)
 .ARM.attributes
                0x000002fc       0x33 .\CortexM3\ARM_GCC_541\Debug\NeverLose.a(ADC_INT.o)
 .ARM.attributes
                0x0000032f       0x33 .\CortexM3\ARM_GCC_541\Debug\NeverLose.a(LCD.o)
 .ARM.attributes
                0x00000362       0x33 .\CortexM3\ARM_GCC_541\Debug\NeverLose.a(UART.o)
 .ARM.attributes
                0x00000395       0x33 .\CortexM3\ARM_GCC_541\Debug\NeverLose.a(ADC_AMux.o)
 .ARM.attributes
                0x000003c8       0x33 .\CortexM3\ARM_GCC_541\Debug\NeverLose.a(ADC_Ext_CP_Clk.o)
 .ARM.attributes
                0x000003fb       0x33 .\CortexM3\ARM_GCC_541\Debug\NeverLose.a(ADC_theACLK.o)
 .ARM.attributes
                0x0000042e       0x33 .\CortexM3\ARM_GCC_541\Debug\NeverLose.a(UART_IntClock.o)
 .ARM.attributes
                0x00000461       0x33 .\CortexM3\ARM_GCC_541\Debug\NeverLose.a(CyLib.o)
 .ARM.attributes
                0x00000494       0x33 .\CortexM3\ARM_GCC_541\Debug\NeverLose.a(cyPm.o)
 .ARM.attributes
                0x000004c7       0x33 .\CortexM3\ARM_GCC_541\Debug\NeverLose.a(DAC.o)
 .ARM.attributes
                0x000004fa       0x33 .\CortexM3\ARM_GCC_541\Debug\NeverLose.a(PWM1.o)
 .ARM.attributes
                0x0000052d       0x33 .\CortexM3\ARM_GCC_541\Debug\NeverLose.a(PWM2.o)
 .ARM.attributes
                0x00000560       0x33 .\CortexM3\ARM_GCC_541\Debug\NeverLose.a(Timer.o)
 .ARM.attributes
                0x00000593       0x33 .\CortexM3\ARM_GCC_541\Debug\NeverLose.a(ROW0.o)
 .ARM.attributes
                0x000005c6       0x33 .\CortexM3\ARM_GCC_541\Debug\NeverLose.a(ROW1.o)
 .ARM.attributes
                0x000005f9       0x33 .\CortexM3\ARM_GCC_541\Debug\NeverLose.a(ROW3.o)
 .ARM.attributes
                0x0000062c       0x33 .\CortexM3\ARM_GCC_541\Debug\NeverLose.a(COL1.o)
 .ARM.attributes
                0x0000065f       0x33 .\CortexM3\ARM_GCC_541\Debug\NeverLose.a(COL2.o)
 .ARM.attributes
                0x00000692       0x33 .\CortexM3\ARM_GCC_541\Debug\NeverLose.a(COL3.o)
 .ARM.attributes
                0x000006c5       0x33 .\CortexM3\ARM_GCC_541\Debug\NeverLose.a(Mux.o)
 .ARM.attributes
                0x000006f8       0x21 .\CortexM3\ARM_GCC_541\Debug\NeverLose.a(CyBootAsmGnu.o)
 .ARM.attributes
                0x00000719       0x33 .\CortexM3\ARM_GCC_541\Debug\NeverLose.a(CyFlash.o)
 .ARM.attributes
                0x0000074c       0x33 .\CortexM3\ARM_GCC_541\Debug\NeverLose.a(CySpc.o)
 .ARM.attributes
                0x0000077f       0x1d c:/program files (x86)/cypress/psoc creator/4.4/psoc creator/import/gnu/arm/5.4.1/bin/../lib/gcc/arm-none-eabi/5.4.1/armv7-m\libgcc.a(_arm_addsubdf3.o)
 .ARM.attributes
                0x0000079c       0x1d c:/program files (x86)/cypress/psoc creator/4.4/psoc creator/import/gnu/arm/5.4.1/bin/../lib/gcc/arm-none-eabi/5.4.1/armv7-m\libgcc.a(_arm_cmpdf2.o)
 .ARM.attributes
                0x000007b9       0x1d c:/program files (x86)/cypress/psoc creator/4.4/psoc creator/import/gnu/arm/5.4.1/bin/../lib/gcc/arm-none-eabi/5.4.1/armv7-m\libgcc.a(_arm_addsubsf3.o)
 .ARM.attributes
                0x000007d6       0x1d c:/program files (x86)/cypress/psoc creator/4.4/psoc creator/import/gnu/arm/5.4.1/bin/../lib/gcc/arm-none-eabi/5.4.1/armv7-m\libgcc.a(_arm_muldivsf3.o)
 .ARM.attributes
                0x000007f3       0x1d c:/program files (x86)/cypress/psoc creator/4.4/psoc creator/import/gnu/arm/5.4.1/bin/../lib/gcc/arm-none-eabi/5.4.1/armv7-m\libgcc.a(_arm_fixunssfsi.o)
 .ARM.attributes
                0x00000810       0x2d c:/program files (x86)/cypress/psoc creator/4.4/psoc creator/import/gnu/arm/5.4.1/bin/../lib/gcc/arm-none-eabi/5.4.1/../../../../arm-none-eabi/lib/armv7-m\libg_nano.a(lib_a-errno.o)
 .ARM.attributes
                0x0000083d       0x2d c:/program files (x86)/cypress/psoc creator/4.4/psoc creator/import/gnu/arm/5.4.1/bin/../lib/gcc/arm-none-eabi/5.4.1/../../../../arm-none-eabi/lib/armv7-m\libg_nano.a(lib_a-exit.o)
 .ARM.attributes
                0x0000086a       0x2d c:/program files (x86)/cypress/psoc creator/4.4/psoc creator/import/gnu/arm/5.4.1/bin/../lib/gcc/arm-none-eabi/5.4.1/../../../../arm-none-eabi/lib/armv7-m\libg_nano.a(lib_a-impure.o)
 .ARM.attributes
                0x00000897       0x2d c:/program files (x86)/cypress/psoc creator/4.4/psoc creator/import/gnu/arm/5.4.1/bin/../lib/gcc/arm-none-eabi/5.4.1/../../../../arm-none-eabi/lib/armv7-m\libg_nano.a(lib_a-init.o)
 .ARM.attributes
                0x000008c4       0x2d c:/program files (x86)/cypress/psoc creator/4.4/psoc creator/import/gnu/arm/5.4.1/bin/../lib/gcc/arm-none-eabi/5.4.1/../../../../arm-none-eabi/lib/armv7-m\libg_nano.a(lib_a-memcpy-stub.o)
 .ARM.attributes
                0x000008f1       0x2d c:/program files (x86)/cypress/psoc creator/4.4/psoc creator/import/gnu/arm/5.4.1/bin/../lib/gcc/arm-none-eabi/5.4.1/../../../../arm-none-eabi/lib/armv7-m\libg_nano.a(lib_a-memset.o)
 .ARM.attributes
                0x0000091e       0x2d c:/program files (x86)/cypress/psoc creator/4.4/psoc creator/import/gnu/arm/5.4.1/bin/../lib/gcc/arm-none-eabi/5.4.1/armv7-m/crtend.o
 .ARM.attributes
                0x0000094b       0x1d c:/program files (x86)/cypress/psoc creator/4.4/psoc creator/import/gnu/arm/5.4.1/bin/../lib/gcc/arm-none-eabi/5.4.1/armv7-m/crtn.o

/DISCARD/
 *(.note.GNU-stack)
OUTPUT(C:\Users\cleme\Desktop\Cours\Q2\Digital Electronics\Projet\never-lose\NeverLose.cydsn\CortexM3\ARM_GCC_541\Debug\NeverLose.elf elf32-littlearm)
