Archive member included to satisfy reference by file (symbol)

.\CortexM3\ARM_GCC_541\Debug\NeverLose.a(SW1.o)
                              .\CortexM3\ARM_GCC_541\Debug\main.o (SW1_Read)
.\CortexM3\ARM_GCC_541\Debug\NeverLose.a(SW2.o)
                              .\CortexM3\ARM_GCC_541\Debug\main.o (SW2_Read)
.\CortexM3\ARM_GCC_541\Debug\NeverLose.a(SW3.o)
                              .\CortexM3\ARM_GCC_541\Debug\main.o (SW3_Read)
.\CortexM3\ARM_GCC_541\Debug\NeverLose.a(LED1.o)
                              .\CortexM3\ARM_GCC_541\Debug\main.o (LED1_Write)
.\CortexM3\ARM_GCC_541\Debug\NeverLose.a(LED2.o)
                              .\CortexM3\ARM_GCC_541\Debug\main.o (LED2_Write)
.\CortexM3\ARM_GCC_541\Debug\NeverLose.a(LED3.o)
                              .\CortexM3\ARM_GCC_541\Debug\main.o (LED3_Write)
.\CortexM3\ARM_GCC_541\Debug\NeverLose.a(LED4.o)
                              .\CortexM3\ARM_GCC_541\Debug\main.o (LED4_Write)
.\CortexM3\ARM_GCC_541\Debug\NeverLose.a(ADC.o)
                              .\CortexM3\ARM_GCC_541\Debug\main.o (ADC_Start)
.\CortexM3\ARM_GCC_541\Debug\NeverLose.a(ADC_INT.o)
                              .\CortexM3\ARM_GCC_541\Debug\NeverLose.a(ADC.o) (ADC_ISR1)
.\CortexM3\ARM_GCC_541\Debug\NeverLose.a(LCD.o)
                              .\CortexM3\ARM_GCC_541\Debug\main.o (LCD_PrintString)
.\CortexM3\ARM_GCC_541\Debug\NeverLose.a(UART.o)
                              .\CortexM3\ARM_GCC_541\Debug\main.o (UART_Start)
.\CortexM3\ARM_GCC_541\Debug\NeverLose.a(ADC_AMux.o)
                              .\CortexM3\ARM_GCC_541\Debug\NeverLose.a(ADC.o) (ADC_AMux_Select)
.\CortexM3\ARM_GCC_541\Debug\NeverLose.a(ADC_Ext_CP_Clk.o)
                              .\CortexM3\ARM_GCC_541\Debug\NeverLose.a(ADC.o) (ADC_Ext_CP_Clk_SetModeRegister)
.\CortexM3\ARM_GCC_541\Debug\NeverLose.a(ADC_theACLK.o)
                              .\CortexM3\ARM_GCC_541\Debug\NeverLose.a(ADC.o) (ADC_theACLK_SetModeRegister)
.\CortexM3\ARM_GCC_541\Debug\NeverLose.a(UART_IntClock.o)
                              .\CortexM3\ARM_GCC_541\Debug\NeverLose.a(UART.o) (UART_IntClock_Start)
.\CortexM3\ARM_GCC_541\Debug\NeverLose.a(CyLib.o)
                              .\CortexM3\ARM_GCC_541\Debug\Cm3Start.o (CyHalt)
.\CortexM3\ARM_GCC_541\Debug\NeverLose.a(cyPm.o)
                              .\CortexM3\ARM_GCC_541\Debug\NeverLose.a(CyLib.o) (CyPmReadStatus)
.\CortexM3\ARM_GCC_541\Debug\NeverLose.a(DAC.o)
                              .\CortexM3\ARM_GCC_541\Debug\main.o (DAC_SetValue)
.\CortexM3\ARM_GCC_541\Debug\NeverLose.a(PWM1.o)
                              .\CortexM3\ARM_GCC_541\Debug\main.o (PWM1_WritePeriod)
.\CortexM3\ARM_GCC_541\Debug\NeverLose.a(PWM2.o)
                              .\CortexM3\ARM_GCC_541\Debug\main.o (PWM2_WritePeriod)
.\CortexM3\ARM_GCC_541\Debug\NeverLose.a(Timer.o)
                              .\CortexM3\ARM_GCC_541\Debug\main.o (Timer_ReadStatusRegister)
.\CortexM3\ARM_GCC_541\Debug\NeverLose.a(ROW0.o)
                              .\CortexM3\ARM_GCC_541\Debug\keypad.o (ROW0_Read)
.\CortexM3\ARM_GCC_541\Debug\NeverLose.a(ROW1.o)
                              .\CortexM3\ARM_GCC_541\Debug\keypad.o (ROW1_Read)
.\CortexM3\ARM_GCC_541\Debug\NeverLose.a(ROW3.o)
                              .\CortexM3\ARM_GCC_541\Debug\keypad.o (ROW3_Read)
.\CortexM3\ARM_GCC_541\Debug\NeverLose.a(COL1.o)
                              .\CortexM3\ARM_GCC_541\Debug\keypad.o (COL1_Write)
.\CortexM3\ARM_GCC_541\Debug\NeverLose.a(COL2.o)
                              .\CortexM3\ARM_GCC_541\Debug\keypad.o (COL2_Write)
.\CortexM3\ARM_GCC_541\Debug\NeverLose.a(COL3.o)
                              .\CortexM3\ARM_GCC_541\Debug\keypad.o (COL3_Write)
.\CortexM3\ARM_GCC_541\Debug\NeverLose.a(Timer_DAC.o)
                              .\CortexM3\ARM_GCC_541\Debug\main.o (Timer_DAC_ReadStatusRegister)
.\CortexM3\ARM_GCC_541\Debug\NeverLose.a(CyBootAsmGnu.o)
                              .\CortexM3\ARM_GCC_541\Debug\cyfitter_cfg.o (CyDelayCycles)
.\CortexM3\ARM_GCC_541\Debug\NeverLose.a(CyFlash.o)
                              .\CortexM3\ARM_GCC_541\Debug\NeverLose.a(cyPm.o) (CyFlash_SetWaitCycles)
.\CortexM3\ARM_GCC_541\Debug\NeverLose.a(CySpc.o)
                              .\CortexM3\ARM_GCC_541\Debug\NeverLose.a(CyFlash.o) (CySpcStart)
c:/program files (x86)/cypress/psoc creator/4.4/psoc creator/import/gnu/arm/5.4.1/bin/../lib/gcc/arm-none-eabi/5.4.1/../../../../arm-none-eabi/lib/armv7-m\libm.a(lib_a-s_sin.o)
                              .\CortexM3\ARM_GCC_541\Debug\main.o (sin)
c:/program files (x86)/cypress/psoc creator/4.4/psoc creator/import/gnu/arm/5.4.1/bin/../lib/gcc/arm-none-eabi/5.4.1/../../../../arm-none-eabi/lib/armv7-m\libm.a(lib_a-e_rem_pio2.o)
                              c:/program files (x86)/cypress/psoc creator/4.4/psoc creator/import/gnu/arm/5.4.1/bin/../lib/gcc/arm-none-eabi/5.4.1/../../../../arm-none-eabi/lib/armv7-m\libm.a(lib_a-s_sin.o) (__ieee754_rem_pio2)
[...]
Memory Configuration

Name             Origin             Length             Attributes
rom              0x00000000         0x00040000         xr
ram              0x1fff8000         0x00010000         xrw
*default*        0x00000000         0xffffffff

Linker script and memory map

LOAD c:/program files (x86)/cypress/psoc creator/4.4/psoc creator/import/gnu/arm/5.4.1/bin/../lib/gcc/arm-none-eabi/5.4.1/armv7-m/crti.o
LOAD c:/program files (x86)/cypress/psoc creator/4.4/psoc creator/import/gnu/arm/5.4.1/bin/../lib/gcc/arm-none-eabi/5.4.1/armv7-m/crtbegin.o
LOAD c:/program files (x86)/cypress/psoc creator/4.4/psoc creator/import/gnu/arm/5.4.1/bin/../lib/gcc/arm-none-eabi/5.4.1/../../../../arm-none-eabi/lib/armv7-m/crt0.o
START GROUP
LOAD .\CortexM3\ARM_GCC_541\Debug\main.o
LOAD .\CortexM3\ARM_GCC_541\Debug\keypad.o
LOAD .\CortexM3\ARM_GCC_541\Debug\cyfitter_cfg.o
LOAD .\CortexM3\ARM_GCC_541\Debug\cymetadata.o
LOAD .\CortexM3\ARM_GCC_541\Debug\Cm3Start.o
LOAD .\CortexM3\ARM_GCC_541\Debug\NeverLose.a
LOAD C:\Program Files (x86)\Cypress\PSoC Creator\4.4\PSoC Creator\psoc\content\cycomponentlibrary\CyComponentLibrary.cylib\CortexM3\ARM_GCC_541\Debug\CyComponentLibrary.a
LOAD c:/program files (x86)/cypress/psoc creator/4.4/psoc creator/import/gnu/arm/5.4.1/bin/../lib/gcc/arm-none-eabi/5.4.1/../../../../arm-none-eabi/lib/armv7-m\libm.a
END GROUP
START GROUP
LOAD c:/program files (x86)/cypress/psoc creator/4.4/psoc creator/import/gnu/arm/5.4.1/bin/../lib/gcc/arm-none-eabi/5.4.1/armv7-m\libgcc.a
LOAD c:/program files (x86)/cypress/psoc creator/4.4/psoc creator/import/gnu/arm/5.4.1/bin/../lib/gcc/arm-none-eabi/5.4.1/../../../../arm-none-eabi/lib/armv7-m\libg_nano.a
LOAD c:/program files (x86)/cypress/psoc creator/4.4/psoc creator/import/gnu/arm/5.4.1/bin/../lib/gcc/arm-none-eabi/5.4.1/../../../../arm-none-eabi/lib/armv7-m\libc_nano.a
END GROUP
START GROUP
LOAD c:/program files (x86)/cypress/psoc creator/4.4/psoc creator/import/gnu/arm/5.4.1/bin/../lib/gcc/arm-none-eabi/5.4.1/armv7-m\libgcc.a
LOAD c:/program files (x86)/cypress/psoc creator/4.4/psoc creator/import/gnu/arm/5.4.1/bin/../lib/gcc/arm-none-eabi/5.4.1/../../../../arm-none-eabi/lib/armv7-m\libc_nano.a
END GROUP
LOAD c:/program files (x86)/cypress/psoc creator/4.4/psoc creator/import/gnu/arm/5.4.1/bin/../lib/gcc/arm-none-eabi/5.4.1/armv7-m/crtend.o
LOAD c:/program files (x86)/cypress/psoc creator/4.4/psoc creator/import/gnu/arm/5.4.1/bin/../lib/gcc/arm-none-eabi/5.4.1/armv7-m/crtn.o
START GROUP
LOAD c:/program files (x86)/cypress/psoc creator/4.4/psoc creator/import/gnu/arm/5.4.1/bin/../lib/gcc/arm-none-eabi/5.4.1/armv7-m\libgcc.a
LOAD c:/program files (x86)/cypress/psoc creator/4.4/psoc creator/import/gnu/arm/5.4.1/bin/../lib/gcc/arm-none-eabi/5.4.1/../../../../arm-none-eabi/lib/armv7-m\libc.a
LOAD c:/program files (x86)/cypress/psoc creator/4.4/psoc creator/import/gnu/arm/5.4.1/bin/../lib/gcc/arm-none-eabi/5.4.1/../../../../arm-none-eabi/lib/armv7-m\libnosys.a
END GROUP
                0x00000000                CY_APPL_ORIGIN = 0x0
                0x00000100                CY_FLASH_ROW_SIZE = 0x100
                0x00000020                CY_ECC_ROW_SIZE = 0x20
                0x00000000                CY_EE_IN_BTLDR = 0x0
                0x00000000                CY_APPL_LOADABLE = 0x0
                0x00000800                CY_EE_SIZE = 0x800
                0x00000001                CY_APPL_NUM = 0x1
                0x00000001                CY_APPL_MAX = 0x1
                0x00000040                CY_METADATA_SIZE = 0x40
                0x00000000                CY_APPL_LOADABLE = 0x0
                0x00000000                CY_CHECKSUM_EXCLUDE_SIZE = ALIGN (0x0, CY_FLASH_ROW_SIZE)
                [!provide]                PROVIDE (__cy_heap_start, _end)
                0x00000001                PROVIDE (__cy_region_num, ((__cy_regions_end - __cy_regions) / 0x10))
                0x20008000                PROVIDE (__cy_stack, (ORIGIN (ram) + LENGTH (ram)))
                [!provide]                PROVIDE (__cy_heap_end, (__cy_stack - 0x800))

.cybootloader   0x00000000        0x0
 *(.cybootloader)
                0x00000000                appl1_start = CY_APPL_ORIGIN?CY_APPL_ORIGIN:ALIGN (CY_FLASH_ROW_SIZE)
                0x0001ff00                appl2_start = (appl1_start + ALIGN ((((LENGTH (rom) - appl1_start) - (0x2 * CY_FLASH_ROW_SIZE)) / 0x2), CY_FLASH_ROW_SIZE))
                0x00000000                appl_start = (CY_APPL_NUM == 0x1)?appl1_start:appl2_start
                0x00000000                ecc_offset = ((appl_start / CY_FLASH_ROW_SIZE) * CY_ECC_ROW_SIZE)
                0x00000000                ee_offset = (CY_APPL_LOADABLE && ! (CY_EE_IN_BTLDR))?((CY_EE_SIZE / CY_APPL_MAX) * (CY_APPL_NUM - 0x1)):0x0
                0x00000800                ee_size = (CY_APPL_LOADABLE && ! (CY_EE_IN_BTLDR))?(CY_EE_SIZE / CY_APPL_MAX):CY_EE_SIZE
                [!provide]                PROVIDE (CY_ECC_OFFSET, ecc_offset)

.text           0x00000000     0x3c8a
 CREATE_OBJECT_SYMBOLS
                0x00000000                PROVIDE (__cy_interrupt_vector, RomVectors)
 *(.romvectors)
 .romvectors    0x00000000       0x10 .\CortexM3\ARM_GCC_541\Debug\Cm3Start.o
                0x00000000                RomVectors
                0x00000001                ASSERT ((. != __cy_interrupt_vector), No interrupt vector)
                0x00000001                ASSERT (CY_APPL_ORIGIN?(SIZEOF (.cybootloader) <= CY_APPL_ORIGIN):0x1, Wrong image location)
                0x00000010                PROVIDE (__cy_reset, Reset)
 *(.text.Reset)
 .text.Reset    0x00000010       0x18 .\CortexM3\ARM_GCC_541\Debug\Cm3Start.o
                0x00000010                Reset
                0x00000001                ASSERT ((. != __cy_reset), No reset code)
 *(.dma_init)
                0x00000001                ASSERT ((((appl_start + .) <= 0x10000) || 0x1), DMA Init must be within the first 64k of flash)
 *(.text .text.* .gnu.linkonce.t.*)
 .text          0x00000028       0x5c c:/program files (x86)/cypress/psoc creator/4.4/psoc creator/import/gnu/arm/5.4.1/bin/../lib/gcc/arm-none-eabi/5.4.1/armv7-m/crtbegin.o
 .text.jump     0x00000084       0x40 .\CortexM3\ARM_GCC_541\Debug\main.o
                0x00000084                jump
 .text.duck     0x000000c4       0x38 .\CortexM3\ARM_GCC_541\Debug\main.o
                0x000000c4                duck
 .text.detectKeyboard
                0x000000fc       0x2c .\CortexM3\ARM_GCC_541\Debug\main.o
                0x000000fc                detectKeyboard
 .text.detectLight
                0x00000128       0x28 .\CortexM3\ARM_GCC_541\Debug\main.o
                0x00000128                detectLight
 .text.main     0x00000150      0x298 .\CortexM3\ARM_GCC_541\Debug\main.o
                0x00000150                main
 .text.keypadInit
                0x000003e8       0x18 .\CortexM3\ARM_GCC_541\Debug\keypad.o
                0x000003e8                keypadInit
 .text.keypadScan
                0x00000400       0x44 .\CortexM3\ARM_GCC_541\Debug\keypad.o
                0x00000400                keypadScan
 .text.CyClockStartupError
                0x00000444        0x4 .\CortexM3\ARM_GCC_541\Debug\cyfitter_cfg.o
 .text.cfg_write_bytes32
                0x00000448       0x34 .\CortexM3\ARM_GCC_541\Debug\cyfitter_cfg.o
 .text.AnalogSetDefault
                0x0000047c       0x48 .\CortexM3\ARM_GCC_541\Debug\cyfitter_cfg.o
 .text.CYMEMZERO
                0x000004c4        0xc .\CortexM3\ARM_GCC_541\Debug\cyfitter_cfg.o
 .text.CYCONFIGCPY
                0x000004d0        0x8 .\CortexM3\ARM_GCC_541\Debug\cyfitter_cfg.o
 .text.ClockSetup
                0x000004d8      0x10c .\CortexM3\ARM_GCC_541\Debug\cyfitter_cfg.o
 .text.ADC_AMux_Set
                0x000005e4       0x1c .\CortexM3\ARM_GCC_541\Debug\cyfitter_cfg.o
                0x000005e4                ADC_AMux_Set
 .text.ADC_AMux_Unset
                0x00000600       0x1c .\CortexM3\ARM_GCC_541\Debug\cyfitter_cfg.o
                0x00000600                ADC_AMux_Unset
 .text.cyfitter_cfg
                0x0000061c      0x12c .\CortexM3\ARM_GCC_541\Debug\cyfitter_cfg.o
                0x0000061c                cyfitter_cfg
 .text.IntDefaultHandler
                0x00000748       0x10 .\CortexM3\ARM_GCC_541\Debug\Cm3Start.o
                0x00000748                IntDefaultHandler
 .text.Start_c  0x00000758       0x4c .\CortexM3\ARM_GCC_541\Debug\Cm3Start.o
                0x00000758                Start_c
 .text.initialize_psoc
                0x000007a4       0x68 .\CortexM3\ARM_GCC_541\Debug\Cm3Start.o
                0x000007a4                initialize_psoc
 .text.SW1_Read
                0x0000080c       0x10 .\CortexM3\ARM_GCC_541\Debug\NeverLose.a(SW1.o)
                0x0000080c                SW1_Read
 .text.SW2_Read
                0x0000081c       0x10 .\CortexM3\ARM_GCC_541\Debug\NeverLose.a(SW2.o)
                0x0000081c                SW2_Read
 .text.SW3_Read
                0x0000082c       0x10 .\CortexM3\ARM_GCC_541\Debug\NeverLose.a(SW3.o)
                0x0000082c                SW3_Read
 .text.LED1_Write
                0x0000083c       0x18 .\CortexM3\ARM_GCC_541\Debug\NeverLose.a(LED1.o)
                0x0000083c                LED1_Write
 .text.LED2_Write
                0x00000854       0x18 .\CortexM3\ARM_GCC_541\Debug\NeverLose.a(LED2.o)
                0x00000854                LED2_Write
 .text.LED3_Write
                0x0000086c       0x18 .\CortexM3\ARM_GCC_541\Debug\NeverLose.a(LED3.o)
                0x0000086c                LED3_Write
 .text.LED4_Write
                0x00000884       0x18 .\CortexM3\ARM_GCC_541\Debug\NeverLose.a(LED4.o)
                0x00000884                LED4_Write
 .text.ADC_GainCompensation
                0x0000089c       0xe0 .\CortexM3\ARM_GCC_541\Debug\NeverLose.a(ADC.o)
 .text.ADC_SetDSMRef0Reg
                0x0000097c       0x4c .\CortexM3\ARM_GCC_541\Debug\NeverLose.a(ADC.o)
 .text.ADC_InitConfig
                0x000009c8      0x32c .\CortexM3\ARM_GCC_541\Debug\NeverLose.a(ADC.o)
 .text.ADC_Init
                0x00000cf4      0x108 .\CortexM3\ARM_GCC_541\Debug\NeverLose.a(ADC.o)
                0x00000cf4                ADC_Init
 .text.ADC_Enable
                0x00000dfc       0xd8 .\CortexM3\ARM_GCC_541\Debug\NeverLose.a(ADC.o)
                0x00000dfc                ADC_Enable
 .text.ADC_Start
                0x00000ed4       0x28 .\CortexM3\ARM_GCC_541\Debug\NeverLose.a(ADC.o)
                0x00000ed4                ADC_Start
 .text.ADC_StartConvert
                0x00000efc       0x10 .\CortexM3\ARM_GCC_541\Debug\NeverLose.a(ADC.o)
                0x00000efc                ADC_StartConvert
 .text.ADC_IsEndConversion
                0x00000f0c       0x30 .\CortexM3\ARM_GCC_541\Debug\NeverLose.a(ADC.o)
                0x00000f0c                ADC_IsEndConversion
 .text.ADC_GetResult32
                0x00000f3c       0x6c .\CortexM3\ARM_GCC_541\Debug\NeverLose.a(ADC.o)
                0x00000f3c                ADC_GetResult32
 .text.ADC_ISR1
                0x00000fa8        0x4 .\CortexM3\ARM_GCC_541\Debug\NeverLose.a(ADC_INT.o)
                0x00000fa8                ADC_ISR1
 .text.ADC_ISR2
                0x00000fac        0x4 .\CortexM3\ARM_GCC_541\Debug\NeverLose.a(ADC_INT.o)
                0x00000fac                ADC_ISR2
 .text.ADC_ISR3
                0x00000fb0        0x4 .\CortexM3\ARM_GCC_541\Debug\NeverLose.a(ADC_INT.o)
                0x00000fb0                ADC_ISR3
 .text.ADC_ISR4
                0x00000fb4        0x4 .\CortexM3\ARM_GCC_541\Debug\NeverLose.a(ADC_INT.o)
                0x00000fb4                ADC_ISR4
 .text.LCD_WrCntrlNib
                0x00000fb8       0x34 .\CortexM3\ARM_GCC_541\Debug\NeverLose.a(LCD.o)
 .text.LCD_WrDatNib
                0x00000fec       0x44 .\CortexM3\ARM_GCC_541\Debug\NeverLose.a(LCD.o)
 .text.LCD_IsReady
                0x00001030       0xe4 .\CortexM3\ARM_GCC_541\Debug\NeverLose.a(LCD.o)
                0x00001030                LCD_IsReady
 .text.LCD_WriteData
                0x00001114       0x18 .\CortexM3\ARM_GCC_541\Debug\NeverLose.a(LCD.o)
                0x00001114                LCD_WriteData
 .text.LCD_PrintString
                0x0000112c       0x1c .\CortexM3\ARM_GCC_541\Debug\NeverLose.a(LCD.o)
                0x0000112c                LCD_PrintString
 .text.LCD_WriteControl
                0x00001148       0x18 .\CortexM3\ARM_GCC_541\Debug\NeverLose.a(LCD.o)
                0x00001148                LCD_WriteControl
 .text.LCD_Init
                0x00001160       0x6c .\CortexM3\ARM_GCC_541\Debug\NeverLose.a(LCD.o)
                0x00001160                LCD_Init
 .text.LCD_Enable
                0x000011cc       0x14 .\CortexM3\ARM_GCC_541\Debug\NeverLose.a(LCD.o)
                0x000011cc                LCD_Enable
 .text.LCD_Start
                0x000011e0       0x1c .\CortexM3\ARM_GCC_541\Debug\NeverLose.a(LCD.o)
                0x000011e0                LCD_Start
 .text.LCD_Position
                0x000011fc       0x3c .\CortexM3\ARM_GCC_541\Debug\NeverLose.a(LCD.o)
                0x000011fc                LCD_Position
 .text.LCD_PrintU32Number
                0x00001238       0x64 .\CortexM3\ARM_GCC_541\Debug\NeverLose.a(LCD.o)
                0x00001238                LCD_PrintU32Number
 .text.UART_Init
                0x0000129c       0x24 .\CortexM3\ARM_GCC_541\Debug\NeverLose.a(UART.o)
                0x0000129c                UART_Init
 .text.UART_Enable
                0x000012c0       0x38 .\CortexM3\ARM_GCC_541\Debug\NeverLose.a(UART.o)
                0x000012c0                UART_Enable
 .text.UART_Start
                0x000012f8       0x1c .\CortexM3\ARM_GCC_541\Debug\NeverLose.a(UART.o)
                0x000012f8                UART_Start
 .text.ADC_AMux_Start
                0x00001314       0x20 .\CortexM3\ARM_GCC_541\Debug\NeverLose.a(ADC_AMux.o)
                0x00001314                ADC_AMux_Start
 .text.ADC_AMux_Select
                0x00001334       0x18 .\CortexM3\ARM_GCC_541\Debug\NeverLose.a(ADC_AMux.o)
                0x00001334                ADC_AMux_Select
 .text.ADC_Ext_CP_Clk_GetDividerRegister
                0x0000134c        0xc .\CortexM3\ARM_GCC_541\Debug\NeverLose.a(ADC_Ext_CP_Clk.o)
                0x0000134c                ADC_Ext_CP_Clk_GetDividerRegister
 .text.ADC_Ext_CP_Clk_SetModeRegister
                0x00001358       0x14 .\CortexM3\ARM_GCC_541\Debug\NeverLose.a(ADC_Ext_CP_Clk.o)
                0x00001358                ADC_Ext_CP_Clk_SetModeRegister
 .text.ADC_Ext_CP_Clk_GetSourceRegister
                0x0000136c       0x10 .\CortexM3\ARM_GCC_541\Debug\NeverLose.a(ADC_Ext_CP_Clk.o)
                0x0000136c                ADC_Ext_CP_Clk_GetSourceRegister
 .text.ADC_Ext_CP_Clk_SetDividerRegister
                0x0000137c       0xdc .\CortexM3\ARM_GCC_541\Debug\NeverLose.a(ADC_Ext_CP_Clk.o)
                0x0000137c                ADC_Ext_CP_Clk_SetDividerRegister
 .text.ADC_theACLK_GetDividerRegister
                0x00001458        0xc .\CortexM3\ARM_GCC_541\Debug\NeverLose.a(ADC_theACLK.o)
                0x00001458                ADC_theACLK_GetDividerRegister
 .text.ADC_theACLK_SetModeRegister
                0x00001464       0x14 .\CortexM3\ARM_GCC_541\Debug\NeverLose.a(ADC_theACLK.o)
                0x00001464                ADC_theACLK_SetModeRegister
 .text.ADC_theACLK_GetSourceRegister
                0x00001478       0x10 .\CortexM3\ARM_GCC_541\Debug\NeverLose.a(ADC_theACLK.o)
                0x00001478                ADC_theACLK_GetSourceRegister
 .text.ADC_theACLK_SetDividerRegister
                0x00001488       0xd8 .\CortexM3\ARM_GCC_541\Debug\NeverLose.a(ADC_theACLK.o)
                0x00001488                ADC_theACLK_SetDividerRegister
 .text.UART_IntClock_Start
                0x00001560       0x1c .\CortexM3\ARM_GCC_541\Debug\NeverLose.a(UART_IntClock.o)
                0x00001560                UART_IntClock_Start
 .text.CyHalt   0x0000157c        0x4 .\CortexM3\ARM_GCC_541\Debug\NeverLose.a(CyLib.o)
                0x0000157c                CyHalt
 .text.CyDelay  0x00001580       0x2c .\CortexM3\ARM_GCC_541\Debug\NeverLose.a(CyLib.o)
                0x00001580                CyDelay
 .text.CyDelayUs
                0x000015ac       0x14 .\CortexM3\ARM_GCC_541\Debug\NeverLose.a(CyLib.o)
                0x000015ac                CyDelayUs
 .text.CyIntSetVector
                0x000015c0       0x28 .\CortexM3\ARM_GCC_541\Debug\NeverLose.a(CyLib.o)
                0x000015c0                CyIntSetVector
 .text.CyIntSetPriority
                0x000015e8       0x30 .\CortexM3\ARM_GCC_541\Debug\NeverLose.a(CyLib.o)
                0x000015e8                CyIntSetPriority
 .text.DAC_Enable
                0x00001618       0x1c .\CortexM3\ARM_GCC_541\Debug\NeverLose.a(DAC.o)
                0x00001618                DAC_Enable
 .text.DAC_SetSpeed
                0x00001634       0x1c .\CortexM3\ARM_GCC_541\Debug\NeverLose.a(DAC.o)
                0x00001634                DAC_SetSpeed
 .text.DAC_SetValue
                0x00001650        0xc .\CortexM3\ARM_GCC_541\Debug\NeverLose.a(DAC.o)
                0x00001650                DAC_SetValue
 .text.DAC_DacTrim
                0x0000165c       0x24 .\CortexM3\ARM_GCC_541\Debug\NeverLose.a(DAC.o)
                0x0000165c                DAC_DacTrim
 .text.DAC_SetRange
                0x00001680       0x20 .\CortexM3\ARM_GCC_541\Debug\NeverLose.a(DAC.o)
                0x00001680                DAC_SetRange
 .text.DAC_Init
                0x000016a0       0x20 .\CortexM3\ARM_GCC_541\Debug\NeverLose.a(DAC.o)
                0x000016a0                DAC_Init
 .text.DAC_Start
                0x000016c0       0x24 .\CortexM3\ARM_GCC_541\Debug\NeverLose.a(DAC.o)
                0x000016c0                DAC_Start
 .text.PWM1_Enable
                0x000016e4       0x10 .\CortexM3\ARM_GCC_541\Debug\NeverLose.a(PWM1.o)
                0x000016e4                PWM1_Enable
 .text.PWM1_WriteCounter
                0x000016f4        0xc .\CortexM3\ARM_GCC_541\Debug\NeverLose.a(PWM1.o)
                0x000016f4                PWM1_WriteCounter
 .text.PWM1_WritePeriod
                0x00001700        0xc .\CortexM3\ARM_GCC_541\Debug\NeverLose.a(PWM1.o)
                0x00001700                PWM1_WritePeriod
 .text.PWM1_WriteCompare
                0x0000170c        0xc .\CortexM3\ARM_GCC_541\Debug\NeverLose.a(PWM1.o)
                0x0000170c                PWM1_WriteCompare
 .text.PWM1_SetInterruptMode
                0x00001718        0xc .\CortexM3\ARM_GCC_541\Debug\NeverLose.a(PWM1.o)
                0x00001718                PWM1_SetInterruptMode
 .text.PWM1_ReadStatusRegister
                0x00001724        0xc .\CortexM3\ARM_GCC_541\Debug\NeverLose.a(PWM1.o)
                0x00001724                PWM1_ReadStatusRegister
 .text.PWM1_ReadCapture
                0x00001730        0xc .\CortexM3\ARM_GCC_541\Debug\NeverLose.a(PWM1.o)
                0x00001730                PWM1_ReadCapture
 .text.PWM1_ClearFIFO
                0x0000173c       0x14 .\CortexM3\ARM_GCC_541\Debug\NeverLose.a(PWM1.o)
                0x0000173c                PWM1_ClearFIFO
 .text.PWM1_Init
                0x00001750       0x60 .\CortexM3\ARM_GCC_541\Debug\NeverLose.a(PWM1.o)
                0x00001750                PWM1_Init
 .text.PWM1_Start
                0x000017b0       0x1c .\CortexM3\ARM_GCC_541\Debug\NeverLose.a(PWM1.o)
                0x000017b0                PWM1_Start
 .text.PWM2_Enable
                0x000017cc       0x10 .\CortexM3\ARM_GCC_541\Debug\NeverLose.a(PWM2.o)
                0x000017cc                PWM2_Enable
 .text.PWM2_WriteCounter
                0x000017dc        0xc .\CortexM3\ARM_GCC_541\Debug\NeverLose.a(PWM2.o)
                0x000017dc                PWM2_WriteCounter
 .text.PWM2_WritePeriod
                0x000017e8        0xc .\CortexM3\ARM_GCC_541\Debug\NeverLose.a(PWM2.o)
                0x000017e8                PWM2_WritePeriod
 .text.PWM2_WriteCompare
                0x000017f4        0xc .\CortexM3\ARM_GCC_541\Debug\NeverLose.a(PWM2.o)
                0x000017f4                PWM2_WriteCompare
 .text.PWM2_SetInterruptMode
                0x00001800        0xc .\CortexM3\ARM_GCC_541\Debug\NeverLose.a(PWM2.o)
                0x00001800                PWM2_SetInterruptMode
 .text.PWM2_ReadStatusRegister
                0x0000180c        0xc .\CortexM3\ARM_GCC_541\Debug\NeverLose.a(PWM2.o)
                0x0000180c                PWM2_ReadStatusRegister
 .text.PWM2_ReadCapture
                0x00001818        0xc .\CortexM3\ARM_GCC_541\Debug\NeverLose.a(PWM2.o)
                0x00001818                PWM2_ReadCapture
 .text.PWM2_ClearFIFO
                0x00001824       0x14 .\CortexM3\ARM_GCC_541\Debug\NeverLose.a(PWM2.o)
                0x00001824                PWM2_ClearFIFO
 .text.PWM2_Init
                0x00001838       0x60 .\CortexM3\ARM_GCC_541\Debug\NeverLose.a(PWM2.o)
                0x00001838                PWM2_Init
 .text.PWM2_Start
                0x00001898       0x1c .\CortexM3\ARM_GCC_541\Debug\NeverLose.a(PWM2.o)
                0x00001898                PWM2_Start
 .text.Timer_Enable
                0x000018b4       0x28 .\CortexM3\ARM_GCC_541\Debug\NeverLose.a(Timer.o)
                0x000018b4                Timer_Enable
 .text.Timer_SetInterruptMode
                0x000018dc        0xc .\CortexM3\ARM_GCC_541\Debug\NeverLose.a(Timer.o)
                0x000018dc                Timer_SetInterruptMode
 .text.Timer_ReadStatusRegister
                0x000018e8        0xc .\CortexM3\ARM_GCC_541\Debug\NeverLose.a(Timer.o)
                0x000018e8                Timer_ReadStatusRegister
 .text.Timer_WritePeriod
                0x000018f4        0xc .\CortexM3\ARM_GCC_541\Debug\NeverLose.a(Timer.o)
                0x000018f4                Timer_WritePeriod
 .text.Timer_WriteCounter
                0x00001900        0xc .\CortexM3\ARM_GCC_541\Debug\NeverLose.a(Timer.o)
                0x00001900                Timer_WriteCounter
 .text.Timer_Init
                0x0000190c       0x68 .\CortexM3\ARM_GCC_541\Debug\NeverLose.a(Timer.o)
                0x0000190c                Timer_Init
 .text.Timer_Start
                0x00001974       0x1c .\CortexM3\ARM_GCC_541\Debug\NeverLose.a(Timer.o)
                0x00001974                Timer_Start
 .text.ROW0_Read
                0x00001990       0x10 .\CortexM3\ARM_GCC_541\Debug\NeverLose.a(ROW0.o)
                0x00001990                ROW0_Read
 .text.ROW1_Read
                0x000019a0       0x10 .\CortexM3\ARM_GCC_541\Debug\NeverLose.a(ROW1.o)
                0x000019a0                ROW1_Read
 .text.ROW3_Read
                0x000019b0       0x10 .\CortexM3\ARM_GCC_541\Debug\NeverLose.a(ROW3.o)
                0x000019b0                ROW3_Read
 .text.COL1_Write
                0x000019c0       0x18 .\CortexM3\ARM_GCC_541\Debug\NeverLose.a(COL1.o)
                0x000019c0                COL1_Write
 .text.COL2_Write
                0x000019d8       0x18 .\CortexM3\ARM_GCC_541\Debug\NeverLose.a(COL2.o)
                0x000019d8                COL2_Write
 .text.COL3_Write
                0x000019f0       0x18 .\CortexM3\ARM_GCC_541\Debug\NeverLose.a(COL3.o)
                0x000019f0                COL3_Write
 .text.Timer_DAC_Enable
                0x00001a08       0x28 .\CortexM3\ARM_GCC_541\Debug\NeverLose.a(Timer_DAC.o)
                0x00001a08                Timer_DAC_Enable
 .text.Timer_DAC_SetInterruptMode
                0x00001a30        0xc .\CortexM3\ARM_GCC_541\Debug\NeverLose.a(Timer_DAC.o)
                0x00001a30                Timer_DAC_SetInterruptMode
 .text.Timer_DAC_ReadStatusRegister
                0x00001a3c        0xc .\CortexM3\ARM_GCC_541\Debug\NeverLose.a(Timer_DAC.o)
                0x00001a3c                Timer_DAC_ReadStatusRegister
 .text.Timer_DAC_WritePeriod
                0x00001a48        0xc .\CortexM3\ARM_GCC_541\Debug\NeverLose.a(Timer_DAC.o)
                0x00001a48                Timer_DAC_WritePeriod
 .text.Timer_DAC_WriteCounter
                0x00001a54        0xc .\CortexM3\ARM_GCC_541\Debug\NeverLose.a(Timer_DAC.o)
                0x00001a54                Timer_DAC_WriteCounter
 .text.Timer_DAC_Init
                0x00001a60       0x68 .\CortexM3\ARM_GCC_541\Debug\NeverLose.a(Timer_DAC.o)
                0x00001a60                Timer_DAC_Init
 .text.Timer_DAC_Start
                0x00001ac8       0x1c .\CortexM3\ARM_GCC_541\Debug\NeverLose.a(Timer_DAC.o)
                0x00001ac8                Timer_DAC_Start
 *fill*         0x00001ae4        0x4 
 .text          0x00001ae8       0x20 .\CortexM3\ARM_GCC_541\Debug\NeverLose.a(CyBootAsmGnu.o)
                0x00001ae8                CyDelayCycles
                0x00001af8                CyEnterCriticalSection
                0x00001b00                CyExitCriticalSection
 .text.sin      0x00001b08       0x90 c:/program files (x86)/cypress/psoc creator/4.4/psoc creator/import/gnu/arm/5.4.1/bin/../lib/gcc/arm-none-eabi/5.4.1/../../../../arm-none-eabi/lib/armv7-m\libm.a(lib_a-s_sin.o)
                0x00001b08                sin
 .text.__ieee754_rem_pio2
                0x00001b98      0x42c c:/program files (x86)/cypress/psoc creator/4.4/psoc creator/import/gnu/arm/5.4.1/bin/../lib/gcc/arm-none-eabi/5.4.1/../../../../arm-none-eabi/lib/armv7-m\libm.a(lib_a-e_rem_pio2.o)
                0x00001b98                __ieee754_rem_pio2
 *fill*         0x00001fc4        0x4 
 .text.__kernel_cos
                0x00001fc8      0x248 c:/program files (x86)/cypress/psoc creator/4.4/psoc creator/import/gnu/arm/5.4.1/bin/../lib/gcc/arm-none-eabi/5.4.1/../../../../arm-none-eabi/lib/armv7-m\libm.a(lib_a-k_cos.o)
                0x00001fc8                __kernel_cos
 .text.__kernel_rem_pio2
                0x00002210      0x7f0 c:/program files (x86)/cypress/psoc creator/4.4/psoc creator/import/gnu/arm/5.4.1/bin/../lib/gcc/arm-none-eabi/5.4.1/../../../../arm-none-eabi/lib/armv7-m\libm.a(lib_a-k_rem_pio2.o)
                0x00002210                __kernel_rem_pio2
 .text.__kernel_sin
                0x00002a00      0x16c c:/program files (x86)/cypress/psoc creator/4.4/psoc creator/import/gnu/arm/5.4.1/bin/../lib/gcc/arm-none-eabi/5.4.1/../../../../arm-none-eabi/lib/armv7-m\libm.a(lib_a-k_sin.o)
                0x00002a00                __kernel_sin
 .text.fabs     0x00002b6c        0x8 c:/program files (x86)/cypress/psoc creator/4.4/psoc creator/import/gnu/arm/5.4.1/bin/../lib/gcc/arm-none-eabi/5.4.1/../../../../arm-none-eabi/lib/armv7-m\libm.a(lib_a-s_fabs.o)
                0x00002b6c                fabs
 *fill*         0x00002b74        0x4 
 .text.floor    0x00002b78      0x110 c:/program files (x86)/cypress/psoc creator/4.4/psoc creator/import/gnu/arm/5.4.1/bin/../lib/gcc/arm-none-eabi/5.4.1/../../../../arm-none-eabi/lib/armv7-m\libm.a(lib_a-s_floor.o)
                0x00002b78                floor
 .text.scalbn   0x00002c88       0xe4 c:/program files (x86)/cypress/psoc creator/4.4/psoc creator/import/gnu/arm/5.4.1/bin/../lib/gcc/arm-none-eabi/5.4.1/../../../../arm-none-eabi/lib/armv7-m\libm.a(lib_a-s_scalbn.o)
                0x00002c88                scalbn
 .text.copysign
                0x00002d6c       0x10 c:/program files (x86)/cypress/psoc creator/4.4/psoc creator/import/gnu/arm/5.4.1/bin/../lib/gcc/arm-none-eabi/5.4.1/../../../../arm-none-eabi/lib/armv7-m\libm.a(lib_a-s_copysign.o)
                0x00002d6c                copysign
 .text          0x00002d7c      0x370 c:/program files (x86)/cypress/psoc creator/4.4/psoc creator/import/gnu/arm/5.4.1/bin/../lib/gcc/arm-none-eabi/5.4.1/armv7-m\libgcc.a(_arm_addsubdf3.o)
                0x00002d7c                __aeabi_drsub
                0x00002d84                __aeabi_dsub
                0x00002d84                __subdf3
                0x00002d88                __aeabi_dadd
                0x00002d88                __adddf3
                0x00003000                __floatunsidf
                0x00003000                __aeabi_ui2d
                0x00003020                __floatsidf
                0x00003020                __aeabi_i2d
                0x00003044                __aeabi_f2d
                0x00003044                __extendsfdf2
                0x00003080                __floatundidf
                0x00003080                __aeabi_ul2d
                0x00003090                __floatdidf
                0x00003090                __aeabi_l2d
 .text          0x000030ec      0x424 c:/program files (x86)/cypress/psoc creator/4.4/psoc creator/import/gnu/arm/5.4.1/bin/../lib/gcc/arm-none-eabi/5.4.1/armv7-m\libgcc.a(_arm_muldivdf3.o)
                0x000030ec                __aeabi_dmul
                0x000030ec                __muldf3
                0x00003340                __divdf3
                0x00003340                __aeabi_ddiv
 .text          0x00003510      0x110 c:/program files (x86)/cypress/psoc creator/4.4/psoc creator/import/gnu/arm/5.4.1/bin/../lib/gcc/arm-none-eabi/5.4.1/armv7-m\libgcc.a(_arm_cmpdf2.o)
                0x00003510                __gtdf2
                0x00003510                __gedf2
                0x00003518                __ltdf2
                0x00003518                __ledf2
                0x00003520                __nedf2
                0x00003520                __eqdf2
                0x00003520                __cmpdf2
                0x0000359c                __aeabi_cdrcmple
                0x000035ac                __aeabi_cdcmpeq
                0x000035ac                __aeabi_cdcmple
                0x000035bc                __aeabi_dcmpeq
                0x000035d0                __aeabi_dcmplt
                0x000035e4                __aeabi_dcmple
                0x000035f8                __aeabi_dcmpge
                0x0000360c                __aeabi_dcmpgt
 .text          0x00003620       0x50 c:/program files (x86)/cypress/psoc creator/4.4/psoc creator/import/gnu/arm/5.4.1/bin/../lib/gcc/arm-none-eabi/5.4.1/armv7-m\libgcc.a(_arm_fixdfsi.o)
                0x00003620                __aeabi_d2iz
                0x00003620                __fixdfsi
 .text          0x00003670       0xa0 c:/program files (x86)/cypress/psoc creator/4.4/psoc creator/import/gnu/arm/5.4.1/bin/../lib/gcc/arm-none-eabi/5.4.1/armv7-m\libgcc.a(_arm_truncdfsf2.o)
                0x00003670                __truncdfsf2
                0x00003670                __aeabi_d2f
 .text          0x00003710      0x21c c:/program files (x86)/cypress/psoc creator/4.4/psoc creator/import/gnu/arm/5.4.1/bin/../lib/gcc/arm-none-eabi/5.4.1/armv7-m\libgcc.a(_arm_addsubsf3.o)
                0x00003710                __aeabi_frsub
                0x00003718                __subsf3
                0x00003718                __aeabi_fsub
                0x0000371c                __aeabi_fadd
                0x0000371c                __addsf3
                0x0000387c                __aeabi_ui2f
                0x0000387c                __floatunsisf
                0x00003884                __aeabi_i2f
                0x00003884                __floatsisf
                0x000038a0                __aeabi_ul2f
                0x000038a0                __floatundisf
                0x000038b0                __aeabi_l2f
                0x000038b0                __floatdisf
 .text          0x0000392c      0x2a0 c:/program files (x86)/cypress/psoc creator/4.4/psoc creator/import/gnu/arm/5.4.1/bin/../lib/gcc/arm-none-eabi/5.4.1/armv7-m\libgcc.a(_arm_muldivsf3.o)
                0x0000392c                __mulsf3
                0x0000392c                __aeabi_fmul
                0x00003a94                __aeabi_fdiv
                0x00003a94                __divsf3
 .text          0x00003bcc       0x40 c:/program files (x86)/cypress/psoc creator/4.4/psoc creator/import/gnu/arm/5.4.1/bin/../lib/gcc/arm-none-eabi/5.4.1/armv7-m\libgcc.a(_arm_fixunssfsi.o)
                0x00003bcc                __fixunssfsi
                0x00003bcc                __aeabi_f2uiz
 .text.__errno  0x00003c0c        0xc c:/program files (x86)/cypress/psoc creator/4.4/psoc creator/import/gnu/arm/5.4.1/bin/../lib/gcc/arm-none-eabi/5.4.1/../../../../arm-none-eabi/lib/armv7-m\libg_nano.a(lib_a-errno.o)
                0x00003c0c                __errno
 .text.__libc_init_array
                0x00003c18       0x4c c:/program files (x86)/cypress/psoc creator/4.4/psoc creator/import/gnu/arm/5.4.1/bin/../lib/gcc/arm-none-eabi/5.4.1/../../../../arm-none-eabi/lib/armv7-m\libg_nano.a(lib_a-init.o)
                0x00003c18                __libc_init_array
 .text.memcpy   0x00003c64       0x16 c:/program files (x86)/cypress/psoc creator/4.4/psoc creator/import/gnu/arm/5.4.1/bin/../lib/gcc/arm-none-eabi/5.4.1/../../../../arm-none-eabi/lib/armv7-m\libg_nano.a(lib_a-memcpy-stub.o)
                0x00003c64                memcpy
 .text.memset   0x00003c7a       0x10 c:/program files (x86)/cypress/psoc creator/4.4/psoc creator/import/gnu/arm/5.4.1/bin/../lib/gcc/arm-none-eabi/5.4.1/../../../../arm-none-eabi/lib/armv7-m\libg_nano.a(lib_a-memset.o)
                0x00003c7a                memset
 *(.plt)
 *(.gnu.warning)
 *(.glue_7t)
 .glue_7t       0x00003c8a        0x0 linker stubs
 *(.glue_7)
 .glue_7        0x00003c8a        0x0 linker stubs
 *(.vfp11_veneer)
 .vfp11_veneer  0x00003c8a        0x0 linker stubs
 *(.bootloader)
 *(.ARM.extab* .gnu.linkonce.armextab.*)
 *(.gcc_except_table)

.v4_bx          0x00003c8c        0x0
 .v4_bx         0x00003c8c        0x0 linker stubs

.iplt           0x00003c8c        0x0
 .iplt          0x00003c8c        0x0 c:/program files (x86)/cypress/psoc creator/4.4/psoc creator/import/gnu/arm/5.4.1/bin/../lib/gcc/arm-none-eabi/5.4.1/armv7-m/crtbegin.o

.eh_frame_hdr
 *(.eh_frame_hdr)

.eh_frame       0x00003c8c        0x4
 *(.eh_frame)
 .eh_frame      0x00003c8c        0x0 c:/program files (x86)/cypress/psoc creator/4.4/psoc creator/import/gnu/arm/5.4.1/bin/../lib/gcc/arm-none-eabi/5.4.1/armv7-m/crtbegin.o
 .eh_frame      0x00003c8c        0x4 c:/program files (x86)/cypress/psoc creator/4.4/psoc creator/import/gnu/arm/5.4.1/bin/../lib/gcc/arm-none-eabi/5.4.1/armv7-m/crtend.o
                [!provide]                PROVIDE (__exidx_start, .)

.ARM.exidx
 *(.ARM.exidx* .gnu.linkonce.armexidx.*)
                0x00003c90                __exidx_end = .

.rodata         0x00003c90      0x258
 *(.rodata .rodata.* .gnu.linkonce.r.*)
 .rodata.str1.4
                0x00003c90       0x10 .\CortexM3\ARM_GCC_541\Debug\main.o
                                  0xd (size before relaxing)
 .rodata        0x00003ca0       0x36 .\CortexM3\ARM_GCC_541\Debug\cyfitter_cfg.o
                0x00003ca0                ADC_AMux__addrTable
                0x00003ca8                ADC_AMux__maskTable
 *fill*         0x00003cd6        0x2 
 .rodata.npio2_hw
                0x00003cd8       0x80 c:/program files (x86)/cypress/psoc creator/4.4/psoc creator/import/gnu/arm/5.4.1/bin/../lib/gcc/arm-none-eabi/5.4.1/../../../../arm-none-eabi/lib/armv7-m\libm.a(lib_a-e_rem_pio2.o)
 .rodata.two_over_pi
                0x00003d58      0x108 c:/program files (x86)/cypress/psoc creator/4.4/psoc creator/import/gnu/arm/5.4.1/bin/../lib/gcc/arm-none-eabi/5.4.1/../../../../arm-none-eabi/lib/armv7-m\libm.a(lib_a-e_rem_pio2.o)
 .rodata.init_jk
                0x00003e60       0x10 c:/program files (x86)/cypress/psoc creator/4.4/psoc creator/import/gnu/arm/5.4.1/bin/../lib/gcc/arm-none-eabi/5.4.1/../../../../arm-none-eabi/lib/armv7-m\libm.a(lib_a-k_rem_pio2.o)
 .rodata.PIo2   0x00003e70       0x40 c:/program files (x86)/cypress/psoc creator/4.4/psoc creator/import/gnu/arm/5.4.1/bin/../lib/gcc/arm-none-eabi/5.4.1/../../../../arm-none-eabi/lib/armv7-m\libm.a(lib_a-k_rem_pio2.o)
 .rodata.str1.1
                0x00003eb0        0x2 c:/program files (x86)/cypress/psoc creator/4.4/psoc creator/import/gnu/arm/5.4.1/bin/../lib/gcc/arm-none-eabi/5.4.1/../../../../arm-none-eabi/lib/armv7-m\libg_nano.a(lib_a-impure.o)
                0x00003eb4                . = ALIGN (0x4)
 *fill*         0x00003eb2        0x2 
 *(.init)
 .init          0x00003eb4        0x4 c:/program files (x86)/cypress/psoc creator/4.4/psoc creator/import/gnu/arm/5.4.1/bin/../lib/gcc/arm-none-eabi/5.4.1/armv7-m/crti.o
                0x00003eb4                _init
 .init          0x00003eb8        0x8 c:/program files (x86)/cypress/psoc creator/4.4/psoc creator/import/gnu/arm/5.4.1/bin/../lib/gcc/arm-none-eabi/5.4.1/armv7-m/crtn.o
                0x00003ec0                . = ALIGN (0x4)
                0x00003ec0                __preinit_array_start = .
 *(.preinit_array)
                0x00003ec0                __preinit_array_end = .
                0x00003ec0                . = ALIGN (0x4)
                0x00003ec0                __init_array_start = .
 *(SORT(.init_array.*))
 *(.init_array)
 .init_array    0x00003ec0        0x4 c:/program files (x86)/cypress/psoc creator/4.4/psoc creator/import/gnu/arm/5.4.1/bin/../lib/gcc/arm-none-eabi/5.4.1/armv7-m/crtbegin.o
 .init_array    0x00003ec4        0x4 .\CortexM3\ARM_GCC_541\Debug\Cm3Start.o
                0x00003ec8                __init_array_end = .
                0x00003ec8                . = ALIGN (0x4)
 *(.fini)
 .fini          0x00003ec8        0x4 c:/program files (x86)/cypress/psoc creator/4.4/psoc creator/import/gnu/arm/5.4.1/bin/../lib/gcc/arm-none-eabi/5.4.1/armv7-m/crti.o
                0x00003ec8                _fini
 .fini          0x00003ecc        0x8 c:/program files (x86)/cypress/psoc creator/4.4/psoc creator/import/gnu/arm/5.4.1/bin/../lib/gcc/arm-none-eabi/5.4.1/armv7-m/crtn.o
                0x00003ed4                . = ALIGN (0x4)
                0x00003ed4                __fini_array_start = .
 *(.fini_array)
 .fini_array    0x00003ed4        0x4 c:/program files (x86)/cypress/psoc creator/4.4/psoc creator/import/gnu/arm/5.4.1/bin/../lib/gcc/arm-none-eabi/5.4.1/armv7-m/crtbegin.o
 *(SORT(.fini_array.*))
                0x00003ed8                __fini_array_end = .
                0x00003ed8                . = ALIGN (0x4)
 *crtbegin.o(.ctors)
 *(EXCLUDE_FILE(*crtend.o) .ctors)
 *(SORT(.ctors.*))
 *crtend.o(.ctors)
                0x00003ed8                . = ALIGN (0x4)
 *crtbegin.o(.dtors)
 *(EXCLUDE_FILE(*crtend.o) .dtors)
 *(SORT(.dtors.*))
 *crtend.o(.dtors)
                0x00003ed8                . = ALIGN (0x4)
                0x00003ed8                __cy_regions = .
                0x00003ed8        0x4 LONG 0x3ee8 __cy_region_init_ram
                0x00003edc        0x4 LONG 0x1fff80c8 __cy_region_start_data
                0x00003ee0        0x4 LONG 0x80 __cy_region_init_size_ram
                0x00003ee4        0x4 LONG 0x370 __cy_region_zero_size_ram
                0x00003ee8                __cy_regions_end = .
                0x00003ee8                . = ALIGN (0x8)
                0x00003ee8                _etext = .

.cy_checksum_exclude
                0x00003ee8        0x0
 *(.cy_checksum_exclude)

.ramvectors     0x1fff8000       0xc0
                0x1fff8000                __cy_region_start_ram = .
 *(.ramvectors)
 .ramvectors    0x1fff8000       0xc0 .\CortexM3\ARM_GCC_541\Debug\Cm3Start.o
                0x1fff8000                CyRamVectors

.noinit         0x1fff80c0        0x1
 *(.noinit)
 .noinit        0x1fff80c0        0x1 .\CortexM3\ARM_GCC_541\Debug\NeverLose.a(CyLib.o)
                0x1fff80c0                CyResetStatus

.data           0x1fff80c8       0x80 load address 0x00003ee8
                0x1fff80c8                __cy_region_start_data = .
 *(.jcr)
 .jcr           0x1fff80c8        0x0 c:/program files (x86)/cypress/psoc creator/4.4/psoc creator/import/gnu/arm/5.4.1/bin/../lib/gcc/arm-none-eabi/5.4.1/armv7-m/crtbegin.o
 .jcr           0x1fff80c8        0x4 c:/program files (x86)/cypress/psoc creator/4.4/psoc creator/import/gnu/arm/5.4.1/bin/../lib/gcc/arm-none-eabi/5.4.1/armv7-m/crtend.o
 *(.got.plt)
 *(.got)
 *(.shdata)
 *(.data .data.* .gnu.linkonce.d.*)
 .data          0x1fff80cc        0x1 .\CortexM3\ARM_GCC_541\Debug\NeverLose.a(ADC.o)
                0x1fff80cc                ADC_Config
 .data          0x1fff80cd        0x1 .\CortexM3\ARM_GCC_541\Debug\NeverLose.a(ADC_AMux.o)
 *fill*         0x1fff80ce        0x2 
 .data          0x1fff80d0       0x10 .\CortexM3\ARM_GCC_541\Debug\NeverLose.a(CyLib.o)
                0x1fff80d0                cydelay_32k_ms
                0x1fff80d4                cydelay_freq_khz
                0x1fff80d8                cydelay_freq_mhz
                0x1fff80dc                cydelay_freq_hz
 .data.impure_data
                0x1fff80e0       0x60 c:/program files (x86)/cypress/psoc creator/4.4/psoc creator/import/gnu/arm/5.4.1/bin/../lib/gcc/arm-none-eabi/5.4.1/../../../../arm-none-eabi/lib/armv7-m\libg_nano.a(lib_a-impure.o)
 .data._impure_ptr
                0x1fff8140        0x4 c:/program files (x86)/cypress/psoc creator/4.4/psoc creator/import/gnu/arm/5.4.1/bin/../lib/gcc/arm-none-eabi/5.4.1/../../../../arm-none-eabi/lib/armv7-m\libg_nano.a(lib_a-impure.o)
                0x1fff8140                _impure_ptr
                0x1fff8148                . = ALIGN (0x8)
 *fill*         0x1fff8144        0x4 
 *(.ram)
                0x1fff8148                _edata = .

.igot.plt       0x1fff8148        0x0 load address 0x00003f68
 .igot.plt      0x1fff8148        0x0 c:/program files (x86)/cypress/psoc creator/4.4/psoc creator/import/gnu/arm/5.4.1/bin/../lib/gcc/arm-none-eabi/5.4.1/armv7-m/crtbegin.o

.bss            0x1fff8148      0x370 load address 0x00003f68
                0x1fff8148                PROVIDE (__bss_start__, .)
 *(.shbss)
 *(.bss .bss.* .gnu.linkonce.b.*)
 .bss           0x1fff8148       0x1c c:/program files (x86)/cypress/psoc creator/4.4/psoc creator/import/gnu/arm/5.4.1/bin/../lib/gcc/arm-none-eabi/5.4.1/armv7-m/crtbegin.o
 .bss           0x1fff8164        0x4 .\CortexM3\ARM_GCC_541\Debug\main.o
                0x1fff8164                sound1
                0x1fff8165                sound2
                0x1fff8166                i
 .bss           0x1fff8168       0x18 .\CortexM3\ARM_GCC_541\Debug\NeverLose.a(ADC.o)
                0x1fff8178                ADC_stopConversion
                0x1fff8179                ADC_convDone
                0x1fff817a                ADC_initVar
                0x1fff817b                ADC_started
                0x1fff817c                ADC_Offset
 .bss           0x1fff8180        0x2 .\CortexM3\ARM_GCC_541\Debug\NeverLose.a(LCD.o)
                0x1fff8180                LCD_enableState
                0x1fff8181                LCD_initVar
 .bss           0x1fff8182        0x2 .\CortexM3\ARM_GCC_541\Debug\NeverLose.a(UART.o)
                0x1fff8182                UART_initVar
 .bss           0x1fff8184        0x1 .\CortexM3\ARM_GCC_541\Debug\NeverLose.a(DAC.o)
                0x1fff8184                DAC_initVar
 .bss           0x1fff8185        0x1 .\CortexM3\ARM_GCC_541\Debug\NeverLose.a(PWM1.o)
                0x1fff8185                PWM1_initVar
 .bss           0x1fff8186        0x1 .\CortexM3\ARM_GCC_541\Debug\NeverLose.a(PWM2.o)
                0x1fff8186                PWM2_initVar
 .bss           0x1fff8187        0x1 .\CortexM3\ARM_GCC_541\Debug\NeverLose.a(Timer.o)
                0x1fff8187                Timer_initVar
 .bss           0x1fff8188        0x1 .\CortexM3\ARM_GCC_541\Debug\NeverLose.a(Timer_DAC.o)
                0x1fff8188                Timer_DAC_initVar
 *(COMMON)
 *fill*         0x1fff8189        0x3 
 COMMON         0x1fff818c      0x325 .\CortexM3\ARM_GCC_541\Debug\main.o
                0x1fff818c                rxData
                0x1fff8190                signal2
                0x1fff8320                signal1
                0x1fff84b0                value
 *fill*         0x1fff84b1        0x3 
 COMMON         0x1fff84b4        0x4 .\CortexM3\ARM_GCC_541\Debug\NeverLose.a(ADC.o)
                0x1fff84b4                ADC_CountsPerVolt
                0x1fff84b8                . = ALIGN (0x8)
 *(.ram.b)
                0x1fff84b8                _end = .
                0x1fff84b8                __end = .
                0x1fff84b8                PROVIDE (end, .)
                0x1fff84b8                PROVIDE (__bss_end__, .)
                0x00003ee8                __cy_region_init_ram = LOADADDR (.data)
                0x00000080                __cy_region_init_size_ram = (_edata - ADDR (.data))
                0x00000370                __cy_region_zero_size_ram = (_end - _edata)

.heap           0x1fff84b8       0x80 load address 0x00003f68
                0x1fff84b8                . = _end
                0x1fff8538                . = (. + 0x80)
 *fill*         0x1fff84b8       0x80 
                0x1fff8538                __cy_heap_limit = .

.stack          0x20007800      0x800
                0x20007800                __cy_stack_limit = .
                0x20008000                . = (. + 0x800)
 *fill*         0x20007800      0x800 
                0x00000001                ASSERT ((__cy_stack_limit >= __cy_heap_limit), region RAM overflowed with stack)
                0x00000000                cy_checksum_exclude_size = (CY_APPL_LOADABLE == 0x1)?SIZEOF (.cy_checksum_exclude):0x0
                0x00000001                ASSERT ((cy_checksum_exclude_size <= CY_CHECKSUM_EXCLUDE_SIZE), CY_BOOT: Section .cy_checksum_exclude size exceedes specified limit.)

.cyloadermeta
 *(.cyloadermeta)

.cyloadablemeta
 *(.cyloadablemeta)

.cyconfigecc    0x80000000      0x674
 *(.cyconfigecc)
 .cyconfigecc   0x80000000      0x674 .\CortexM3\ARM_GCC_541\Debug\cymetadata.o
                0x80000000                cy_meta_configecc

.cycustnvl      0x90000000        0x4
 *(.cycustnvl)
 .cycustnvl     0x90000000        0x4 .\CortexM3\ARM_GCC_541\Debug\cymetadata.o
                0x90000000                cy_meta_custnvl

.cywolatch      0x90100000        0x4
 *(.cywolatch)
 .cywolatch     0x90100000        0x4 .\CortexM3\ARM_GCC_541\Debug\cymetadata.o
                0x90100000                cy_meta_wonvl

.cyeeprom       0x90200000        0x0
 *(.cyeeprom)
                0x00000001                ASSERT ((. <= ((0x90200000 + ee_offset) + ee_size)), .cyeeprom data will not fit in EEPROM)

.cyflashprotect
                0x90400000      0x100
 *(.cyflashprotect)
 .cyflashprotect
                0x90400000      0x100 .\CortexM3\ARM_GCC_541\Debug\cymetadata.o
                0x90400000                cy_meta_flashprotect

.cymeta         0x90500000        0xc
 *(.cymeta)
 .cymeta        0x90500000        0xc .\CortexM3\ARM_GCC_541\Debug\cymetadata.o
                0x90500000                cy_metadata

.rel.dyn        0x00003f68        0x0 load address 0x9050000c
 .rel.iplt      0x00003f68        0x0 c:/program files (x86)/cypress/psoc creator/4.4/psoc creator/import/gnu/arm/5.4.1/bin/../lib/gcc/arm-none-eabi/5.4.1/armv7-m/crtbegin.o

.stab
 *(.stab)

.stabstr
 *(.stabstr)

.debug
 *(.debug)

.line
 *(.line)

.debug_srcinfo
 *(.debug_srcinfo)

.debug_sfnames
 *(.debug_sfnames)

.debug_aranges  0x00000000      0xf38
 *(.debug_aranges)
 .debug_aranges
                0x00000000       0x40 .\CortexM3\ARM_GCC_541\Debug\main.o
 .debug_aranges
                0x00000040       0x28 .\CortexM3\ARM_GCC_541\Debug\keypad.o
 .debug_aranges
                0x00000068       0x68 .\CortexM3\ARM_GCC_541\Debug\cyfitter_cfg.o
 .debug_aranges
                0x000000d0       0x18 .\CortexM3\ARM_GCC_541\Debug\cymetadata.o
 .debug_aranges
                0x000000e8       0x48 .\CortexM3\ARM_GCC_541\Debug\Cm3Start.o
 .debug_aranges
                0x00000130       0x38 .\CortexM3\ARM_GCC_541\Debug\NeverLose.a(SW1.o)
 .debug_aranges
                0x00000168       0x38 .\CortexM3\ARM_GCC_541\Debug\NeverLose.a(SW2.o)
 .debug_aranges
                0x000001a0       0x38 .\CortexM3\ARM_GCC_541\Debug\NeverLose.a(SW3.o)
 .debug_aranges
                0x000001d8       0x38 .\CortexM3\ARM_GCC_541\Debug\NeverLose.a(LED1.o)
 .debug_aranges
                0x00000210       0x38 .\CortexM3\ARM_GCC_541\Debug\NeverLose.a(LED2.o)
 .debug_aranges
                0x00000248       0x38 .\CortexM3\ARM_GCC_541\Debug\NeverLose.a(LED3.o)
 .debug_aranges
                0x00000280       0x38 .\CortexM3\ARM_GCC_541\Debug\NeverLose.a(LED4.o)
 .debug_aranges
                0x000002b8       0xe8 .\CortexM3\ARM_GCC_541\Debug\NeverLose.a(ADC.o)
 .debug_aranges
                0x000003a0       0x38 .\CortexM3\ARM_GCC_541\Debug\NeverLose.a(ADC_INT.o)
 .debug_aranges
                0x000003d8       0x98 .\CortexM3\ARM_GCC_541\Debug\NeverLose.a(LCD.o)
 .debug_aranges
                0x00000470       0xf0 .\CortexM3\ARM_GCC_541\Debug\NeverLose.a(UART.o)
 .debug_aranges
                0x00000560       0x30 .\CortexM3\ARM_GCC_541\Debug\NeverLose.a(ADC_AMux.o)
 .debug_aranges
                0x00000590       0x70 .\CortexM3\ARM_GCC_541\Debug\NeverLose.a(ADC_Ext_CP_Clk.o)
 .debug_aranges
                0x00000600       0x80 .\CortexM3\ARM_GCC_541\Debug\NeverLose.a(ADC_theACLK.o)
 .debug_aranges
                0x00000680       0x70 .\CortexM3\ARM_GCC_541\Debug\NeverLose.a(UART_IntClock.o)
 .debug_aranges
                0x000006f0      0x2a0 .\CortexM3\ARM_GCC_541\Debug\NeverLose.a(CyLib.o)
 .debug_aranges
                0x00000990       0x98 .\CortexM3\ARM_GCC_541\Debug\NeverLose.a(cyPm.o)
 .debug_aranges
                0x00000a28       0x58 .\CortexM3\ARM_GCC_541\Debug\NeverLose.a(DAC.o)
 .debug_aranges
                0x00000a80       0x98 .\CortexM3\ARM_GCC_541\Debug\NeverLose.a(PWM1.o)
 .debug_aranges
                0x00000b18       0x98 .\CortexM3\ARM_GCC_541\Debug\NeverLose.a(PWM2.o)
 .debug_aranges
                0x00000bb0       0x88 .\CortexM3\ARM_GCC_541\Debug\NeverLose.a(Timer.o)
 .debug_aranges
                0x00000c38       0x38 .\CortexM3\ARM_GCC_541\Debug\NeverLose.a(ROW0.o)
 .debug_aranges
                0x00000c70       0x38 .\CortexM3\ARM_GCC_541\Debug\NeverLose.a(ROW1.o)
 .debug_aranges
                0x00000ca8       0x38 .\CortexM3\ARM_GCC_541\Debug\NeverLose.a(ROW3.o)
 .debug_aranges
                0x00000ce0       0x38 .\CortexM3\ARM_GCC_541\Debug\NeverLose.a(COL1.o)
 .debug_aranges
                0x00000d18       0x38 .\CortexM3\ARM_GCC_541\Debug\NeverLose.a(COL2.o)
 .debug_aranges
                0x00000d50       0x38 .\CortexM3\ARM_GCC_541\Debug\NeverLose.a(COL3.o)
 .debug_aranges
                0x00000d88       0x88 .\CortexM3\ARM_GCC_541\Debug\NeverLose.a(Timer_DAC.o)
 .debug_aranges
                0x00000e10       0x20 .\CortexM3\ARM_GCC_541\Debug\NeverLose.a(CyBootAsmGnu.o)
 .debug_aranges
                0x00000e30       0x88 .\CortexM3\ARM_GCC_541\Debug\NeverLose.a(CyFlash.o)
 .debug_aranges
                0x00000eb8       0x80 .\CortexM3\ARM_GCC_541\Debug\NeverLose.a(CySpc.o)

.debug_pubnames
 *(.debug_pubnames)

.debug_info     0x00000000     0x7f56
 *(.debug_info .gnu.linkonce.wi.*)
 .debug_info    0x00000000      0x94e .\CortexM3\ARM_GCC_541\Debug\main.o
 .debug_info    0x0000094e      0x1e9 .\CortexM3\ARM_GCC_541\Debug\keypad.o
 .debug_info    0x00000b37      0x60d .\CortexM3\ARM_GCC_541\Debug\cyfitter_cfg.o
 .debug_info    0x00001144      0x138 .\CortexM3\ARM_GCC_541\Debug\cymetadata.o
 .debug_info    0x0000127c      0x3bb .\CortexM3\ARM_GCC_541\Debug\Cm3Start.o
 .debug_info    0x00001637      0x11f .\CortexM3\ARM_GCC_541\Debug\NeverLose.a(SW1.o)
 .debug_info    0x00001756      0x11f .\CortexM3\ARM_GCC_541\Debug\NeverLose.a(SW2.o)
 .debug_info    0x00001875      0x11f .\CortexM3\ARM_GCC_541\Debug\NeverLose.a(SW3.o)
 .debug_info    0x00001994      0x11f .\CortexM3\ARM_GCC_541\Debug\NeverLose.a(LED1.o)
 .debug_info    0x00001ab3      0x11f .\CortexM3\ARM_GCC_541\Debug\NeverLose.a(LED2.o)
 .debug_info    0x00001bd2      0x11f .\CortexM3\ARM_GCC_541\Debug\NeverLose.a(LED3.o)
 .debug_info    0x00001cf1      0x11f .\CortexM3\ARM_GCC_541\Debug\NeverLose.a(LED4.o)
 .debug_info    0x00001e10      0xbed .\CortexM3\ARM_GCC_541\Debug\NeverLose.a(ADC.o)
 .debug_info    0x000029fd       0xd3 .\CortexM3\ARM_GCC_541\Debug\NeverLose.a(ADC_INT.o)
 .debug_info    0x00002ad0      0x715 .\CortexM3\ARM_GCC_541\Debug\NeverLose.a(LCD.o)
 .debug_info    0x000031e5      0x60c .\CortexM3\ARM_GCC_541\Debug\NeverLose.a(UART.o)
 .debug_info    0x000037f1      0x165 .\CortexM3\ARM_GCC_541\Debug\NeverLose.a(ADC_AMux.o)
 .debug_info    0x00003956      0x283 .\CortexM3\ARM_GCC_541\Debug\NeverLose.a(ADC_Ext_CP_Clk.o)
 .debug_info    0x00003bd9      0x2c4 .\CortexM3\ARM_GCC_541\Debug\NeverLose.a(ADC_theACLK.o)
 .debug_info    0x00003e9d      0x283 .\CortexM3\ARM_GCC_541\Debug\NeverLose.a(UART_IntClock.o)
 .debug_info    0x00004120     0x1374 .\CortexM3\ARM_GCC_541\Debug\NeverLose.a(CyLib.o)
 .debug_info    0x00005494      0xa2a .\CortexM3\ARM_GCC_541\Debug\NeverLose.a(cyPm.o)
 .debug_info    0x00005ebe      0x1e0 .\CortexM3\ARM_GCC_541\Debug\NeverLose.a(DAC.o)
 .debug_info    0x0000609e      0x354 .\CortexM3\ARM_GCC_541\Debug\NeverLose.a(PWM1.o)
 .debug_info    0x000063f2      0x354 .\CortexM3\ARM_GCC_541\Debug\NeverLose.a(PWM2.o)
 .debug_info    0x00006746      0x295 .\CortexM3\ARM_GCC_541\Debug\NeverLose.a(Timer.o)
 .debug_info    0x000069db      0x11f .\CortexM3\ARM_GCC_541\Debug\NeverLose.a(ROW0.o)
 .debug_info    0x00006afa      0x11f .\CortexM3\ARM_GCC_541\Debug\NeverLose.a(ROW1.o)
 .debug_info    0x00006c19      0x11f .\CortexM3\ARM_GCC_541\Debug\NeverLose.a(ROW3.o)
 .debug_info    0x00006d38      0x11f .\CortexM3\ARM_GCC_541\Debug\NeverLose.a(COL1.o)
 .debug_info    0x00006e57      0x11f .\CortexM3\ARM_GCC_541\Debug\NeverLose.a(COL2.o)
 .debug_info    0x00006f76      0x11f .\CortexM3\ARM_GCC_541\Debug\NeverLose.a(COL3.o)
 .debug_info    0x00007095      0x293 .\CortexM3\ARM_GCC_541\Debug\NeverLose.a(Timer_DAC.o)
 .debug_info    0x00007328       0x91 .\CortexM3\ARM_GCC_541\Debug\NeverLose.a(CyBootAsmGnu.o)
 .debug_info    0x000073b9      0x64d .\CortexM3\ARM_GCC_541\Debug\NeverLose.a(CyFlash.o)
 .debug_info    0x00007a06      0x550 .\CortexM3\ARM_GCC_541\Debug\NeverLose.a(CySpc.o)

.debug_abbrev   0x00000000     0x24a4
 *(.debug_abbrev)
 .debug_abbrev  0x00000000      0x1f6 .\CortexM3\ARM_GCC_541\Debug\main.o
 .debug_abbrev  0x000001f6       0xc5 .\CortexM3\ARM_GCC_541\Debug\keypad.o
 .debug_abbrev  0x000002bb      0x21e .\CortexM3\ARM_GCC_541\Debug\cyfitter_cfg.o
 .debug_abbrev  0x000004d9       0x77 .\CortexM3\ARM_GCC_541\Debug\cymetadata.o
 .debug_abbrev  0x00000550      0x1e8 .\CortexM3\ARM_GCC_541\Debug\Cm3Start.o
 .debug_abbrev  0x00000738       0x90 .\CortexM3\ARM_GCC_541\Debug\NeverLose.a(SW1.o)
 .debug_abbrev  0x000007c8       0x90 .\CortexM3\ARM_GCC_541\Debug\NeverLose.a(SW2.o)
 .debug_abbrev  0x00000858       0x90 .\CortexM3\ARM_GCC_541\Debug\NeverLose.a(SW3.o)
 .debug_abbrev  0x000008e8       0x90 .\CortexM3\ARM_GCC_541\Debug\NeverLose.a(LED1.o)
 .debug_abbrev  0x00000978       0x90 .\CortexM3\ARM_GCC_541\Debug\NeverLose.a(LED2.o)
 .debug_abbrev  0x00000a08       0x90 .\CortexM3\ARM_GCC_541\Debug\NeverLose.a(LED3.o)
 .debug_abbrev  0x00000a98       0x90 .\CortexM3\ARM_GCC_541\Debug\NeverLose.a(LED4.o)
 .debug_abbrev  0x00000b28      0x1eb .\CortexM3\ARM_GCC_541\Debug\NeverLose.a(ADC.o)
 .debug_abbrev  0x00000d13       0x42 .\CortexM3\ARM_GCC_541\Debug\NeverLose.a(ADC_INT.o)
 .debug_abbrev  0x00000d55      0x157 .\CortexM3\ARM_GCC_541\Debug\NeverLose.a(LCD.o)
 .debug_abbrev  0x00000eac      0x175 .\CortexM3\ARM_GCC_541\Debug\NeverLose.a(UART.o)
 .debug_abbrev  0x00001021       0xb1 .\CortexM3\ARM_GCC_541\Debug\NeverLose.a(ADC_AMux.o)
 .debug_abbrev  0x000010d2      0x139 .\CortexM3\ARM_GCC_541\Debug\NeverLose.a(ADC_Ext_CP_Clk.o)
 .debug_abbrev  0x0000120b      0x121 .\CortexM3\ARM_GCC_541\Debug\NeverLose.a(ADC_theACLK.o)
 .debug_abbrev  0x0000132c      0x139 .\CortexM3\ARM_GCC_541\Debug\NeverLose.a(UART_IntClock.o)
 .debug_abbrev  0x00001465      0x254 .\CortexM3\ARM_GCC_541\Debug\NeverLose.a(CyLib.o)
 .debug_abbrev  0x000016b9      0x1ab .\CortexM3\ARM_GCC_541\Debug\NeverLose.a(cyPm.o)
 .debug_abbrev  0x00001864       0xf7 .\CortexM3\ARM_GCC_541\Debug\NeverLose.a(DAC.o)
 .debug_abbrev  0x0000195b      0x133 .\CortexM3\ARM_GCC_541\Debug\NeverLose.a(PWM1.o)
 .debug_abbrev  0x00001a8e      0x133 .\CortexM3\ARM_GCC_541\Debug\NeverLose.a(PWM2.o)
 .debug_abbrev  0x00001bc1      0x11a .\CortexM3\ARM_GCC_541\Debug\NeverLose.a(Timer.o)
 .debug_abbrev  0x00001cdb       0x90 .\CortexM3\ARM_GCC_541\Debug\NeverLose.a(ROW0.o)
 .debug_abbrev  0x00001d6b       0x90 .\CortexM3\ARM_GCC_541\Debug\NeverLose.a(ROW1.o)
 .debug_abbrev  0x00001dfb       0x90 .\CortexM3\ARM_GCC_541\Debug\NeverLose.a(ROW3.o)
 .debug_abbrev  0x00001e8b       0x90 .\CortexM3\ARM_GCC_541\Debug\NeverLose.a(COL1.o)
 .debug_abbrev  0x00001f1b       0x90 .\CortexM3\ARM_GCC_541\Debug\NeverLose.a(COL2.o)
 .debug_abbrev  0x00001fab       0x90 .\CortexM3\ARM_GCC_541\Debug\NeverLose.a(COL3.o)
 .debug_abbrev  0x0000203b      0x11a .\CortexM3\ARM_GCC_541\Debug\NeverLose.a(Timer_DAC.o)
 .debug_abbrev  0x00002155       0x14 .\CortexM3\ARM_GCC_541\Debug\NeverLose.a(CyBootAsmGnu.o)
 .debug_abbrev  0x00002169      0x1a7 .\CortexM3\ARM_GCC_541\Debug\NeverLose.a(CyFlash.o)
 .debug_abbrev  0x00002310      0x194 .\CortexM3\ARM_GCC_541\Debug\NeverLose.a(CySpc.o)

.debug_line     0x00000000     0x36f9
 *(.debug_line)
 .debug_line    0x00000000      0x358 .\CortexM3\ARM_GCC_541\Debug\main.o
 .debug_line    0x00000358      0x1b5 .\CortexM3\ARM_GCC_541\Debug\keypad.o
 .debug_line    0x0000050d      0x20d .\CortexM3\ARM_GCC_541\Debug\cyfitter_cfg.o
 .debug_line    0x0000071a      0x141 .\CortexM3\ARM_GCC_541\Debug\cymetadata.o
 .debug_line    0x0000085b      0x234 .\CortexM3\ARM_GCC_541\Debug\Cm3Start.o
 .debug_line    0x00000a8f       0x90 .\CortexM3\ARM_GCC_541\Debug\NeverLose.a(SW1.o)
 .debug_line    0x00000b1f       0x90 .\CortexM3\ARM_GCC_541\Debug\NeverLose.a(SW2.o)
 .debug_line    0x00000baf       0x90 .\CortexM3\ARM_GCC_541\Debug\NeverLose.a(SW3.o)
 .debug_line    0x00000c3f       0x91 .\CortexM3\ARM_GCC_541\Debug\NeverLose.a(LED1.o)
 .debug_line    0x00000cd0       0x91 .\CortexM3\ARM_GCC_541\Debug\NeverLose.a(LED2.o)
 .debug_line    0x00000d61       0x91 .\CortexM3\ARM_GCC_541\Debug\NeverLose.a(LED3.o)
 .debug_line    0x00000df2       0x91 .\CortexM3\ARM_GCC_541\Debug\NeverLose.a(LED4.o)
 .debug_line    0x00000e83      0x3c1 .\CortexM3\ARM_GCC_541\Debug\NeverLose.a(ADC.o)
 .debug_line    0x00001244       0x80 .\CortexM3\ARM_GCC_541\Debug\NeverLose.a(ADC_INT.o)
 .debug_line    0x000012c4      0x1dc .\CortexM3\ARM_GCC_541\Debug\NeverLose.a(LCD.o)
 .debug_line    0x000014a0      0x2bc .\CortexM3\ARM_GCC_541\Debug\NeverLose.a(UART.o)
 .debug_line    0x0000175c       0xac .\CortexM3\ARM_GCC_541\Debug\NeverLose.a(ADC_AMux.o)
 .debug_line    0x00001808      0x17d .\CortexM3\ARM_GCC_541\Debug\NeverLose.a(ADC_Ext_CP_Clk.o)
 .debug_line    0x00001985      0x19d .\CortexM3\ARM_GCC_541\Debug\NeverLose.a(ADC_theACLK.o)
 .debug_line    0x00001b22      0x17c .\CortexM3\ARM_GCC_541\Debug\NeverLose.a(UART_IntClock.o)
 .debug_line    0x00001c9e      0x816 .\CortexM3\ARM_GCC_541\Debug\NeverLose.a(CyLib.o)
 .debug_line    0x000024b4      0x367 .\CortexM3\ARM_GCC_541\Debug\NeverLose.a(cyPm.o)
 .debug_line    0x0000281b       0xe0 .\CortexM3\ARM_GCC_541\Debug\NeverLose.a(DAC.o)
 .debug_line    0x000028fb      0x187 .\CortexM3\ARM_GCC_541\Debug\NeverLose.a(PWM1.o)
 .debug_line    0x00002a82      0x187 .\CortexM3\ARM_GCC_541\Debug\NeverLose.a(PWM2.o)
 .debug_line    0x00002c09      0x153 .\CortexM3\ARM_GCC_541\Debug\NeverLose.a(Timer.o)
 .debug_line    0x00002d5c       0x91 .\CortexM3\ARM_GCC_541\Debug\NeverLose.a(ROW0.o)
 .debug_line    0x00002ded       0x91 .\CortexM3\ARM_GCC_541\Debug\NeverLose.a(ROW1.o)
 .debug_line    0x00002e7e       0x91 .\CortexM3\ARM_GCC_541\Debug\NeverLose.a(ROW3.o)
 .debug_line    0x00002f0f       0x91 .\CortexM3\ARM_GCC_541\Debug\NeverLose.a(COL1.o)
 .debug_line    0x00002fa0       0x91 .\CortexM3\ARM_GCC_541\Debug\NeverLose.a(COL2.o)
 .debug_line    0x00003031       0x91 .\CortexM3\ARM_GCC_541\Debug\NeverLose.a(COL3.o)
 .debug_line    0x000030c2      0x157 .\CortexM3\ARM_GCC_541\Debug\NeverLose.a(Timer_DAC.o)
 .debug_line    0x00003219       0x66 .\CortexM3\ARM_GCC_541\Debug\NeverLose.a(CyBootAsmGnu.o)
 .debug_line    0x0000327f      0x21a .\CortexM3\ARM_GCC_541\Debug\NeverLose.a(CyFlash.o)
 .debug_line    0x00003499      0x260 .\CortexM3\ARM_GCC_541\Debug\NeverLose.a(CySpc.o)

.debug_frame    0x00000000     0x252c
 *(.debug_frame)
 .debug_frame   0x00000000       0xb4 .\CortexM3\ARM_GCC_541\Debug\main.o
 .debug_frame   0x000000b4       0x48 .\CortexM3\ARM_GCC_541\Debug\keypad.o
 .debug_frame   0x000000fc      0x104 .\CortexM3\ARM_GCC_541\Debug\cyfitter_cfg.o
 .debug_frame   0x00000200       0xb8 .\CortexM3\ARM_GCC_541\Debug\Cm3Start.o
 .debug_frame   0x000002b8       0x50 .\CortexM3\ARM_GCC_541\Debug\NeverLose.a(SW1.o)
 .debug_frame   0x00000308       0x50 .\CortexM3\ARM_GCC_541\Debug\NeverLose.a(SW2.o)
 .debug_frame   0x00000358       0x50 .\CortexM3\ARM_GCC_541\Debug\NeverLose.a(SW3.o)
 .debug_frame   0x000003a8       0x50 .\CortexM3\ARM_GCC_541\Debug\NeverLose.a(LED1.o)
 .debug_frame   0x000003f8       0x50 .\CortexM3\ARM_GCC_541\Debug\NeverLose.a(LED2.o)
 .debug_frame   0x00000448       0x50 .\CortexM3\ARM_GCC_541\Debug\NeverLose.a(LED3.o)
 .debug_frame   0x00000498       0x50 .\CortexM3\ARM_GCC_541\Debug\NeverLose.a(LED4.o)
 .debug_frame   0x000004e8      0x284 .\CortexM3\ARM_GCC_541\Debug\NeverLose.a(ADC.o)
 .debug_frame   0x0000076c       0x50 .\CortexM3\ARM_GCC_541\Debug\NeverLose.a(ADC_INT.o)
 .debug_frame   0x000007bc      0x1e8 .\CortexM3\ARM_GCC_541\Debug\NeverLose.a(LCD.o)
 .debug_frame   0x000009a4      0x250 .\CortexM3\ARM_GCC_541\Debug\NeverLose.a(UART.o)
 .debug_frame   0x00000bf4       0x64 .\CortexM3\ARM_GCC_541\Debug\NeverLose.a(ADC_AMux.o)
 .debug_frame   0x00000c58       0xe0 .\CortexM3\ARM_GCC_541\Debug\NeverLose.a(ADC_Ext_CP_Clk.o)
 .debug_frame   0x00000d38      0x100 .\CortexM3\ARM_GCC_541\Debug\NeverLose.a(ADC_theACLK.o)
 .debug_frame   0x00000e38       0xe0 .\CortexM3\ARM_GCC_541\Debug\NeverLose.a(UART_IntClock.o)
 .debug_frame   0x00000f18      0x738 .\CortexM3\ARM_GCC_541\Debug\NeverLose.a(CyLib.o)
 .debug_frame   0x00001650      0x1f8 .\CortexM3\ARM_GCC_541\Debug\NeverLose.a(cyPm.o)
 .debug_frame   0x00001848       0xb4 .\CortexM3\ARM_GCC_541\Debug\NeverLose.a(DAC.o)
 .debug_frame   0x000018fc      0x134 .\CortexM3\ARM_GCC_541\Debug\NeverLose.a(PWM1.o)
 .debug_frame   0x00001a30      0x134 .\CortexM3\ARM_GCC_541\Debug\NeverLose.a(PWM2.o)
 .debug_frame   0x00001b64      0x108 .\CortexM3\ARM_GCC_541\Debug\NeverLose.a(Timer.o)
 .debug_frame   0x00001c6c       0x50 .\CortexM3\ARM_GCC_541\Debug\NeverLose.a(ROW0.o)
 .debug_frame   0x00001cbc       0x50 .\CortexM3\ARM_GCC_541\Debug\NeverLose.a(ROW1.o)
 .debug_frame   0x00001d0c       0x50 .\CortexM3\ARM_GCC_541\Debug\NeverLose.a(ROW3.o)
 .debug_frame   0x00001d5c       0x50 .\CortexM3\ARM_GCC_541\Debug\NeverLose.a(COL1.o)
 .debug_frame   0x00001dac       0x50 .\CortexM3\ARM_GCC_541\Debug\NeverLose.a(COL2.o)
 .debug_frame   0x00001dfc       0x50 .\CortexM3\ARM_GCC_541\Debug\NeverLose.a(COL3.o)
 .debug_frame   0x00001e4c      0x108 .\CortexM3\ARM_GCC_541\Debug\NeverLose.a(Timer_DAC.o)
 .debug_frame   0x00001f54      0x194 .\CortexM3\ARM_GCC_541\Debug\NeverLose.a(CyFlash.o)
 .debug_frame   0x000020e8      0x180 .\CortexM3\ARM_GCC_541\Debug\NeverLose.a(CySpc.o)
 .debug_frame   0x00002268       0x38 c:/program files (x86)/cypress/psoc creator/4.4/psoc creator/import/gnu/arm/5.4.1/bin/../lib/gcc/arm-none-eabi/5.4.1/../../../../arm-none-eabi/lib/armv7-m\libm.a(lib_a-s_sin.o)
 .debug_frame   0x000022a0       0x48 c:/program files (x86)/cypress/psoc creator/4.4/psoc creator/import/gnu/arm/5.4.1/bin/../lib/gcc/arm-none-eabi/5.4.1/../../../../arm-none-eabi/lib/armv7-m\libm.a(lib_a-e_rem_pio2.o)
 .debug_frame   0x000022e8       0x4c c:/program files (x86)/cypress/psoc creator/4.4/psoc creator/import/gnu/arm/5.4.1/bin/../lib/gcc/arm-none-eabi/5.4.1/../../../../arm-none-eabi/lib/armv7-m\libm.a(lib_a-k_cos.o)
 .debug_frame   0x00002334       0x50 c:/program files (x86)/cypress/psoc creator/4.4/psoc creator/import/gnu/arm/5.4.1/bin/../lib/gcc/arm-none-eabi/5.4.1/../../../../arm-none-eabi/lib/armv7-m\libm.a(lib_a-k_rem_pio2.o)
 .debug_frame   0x00002384       0x48 c:/program files (x86)/cypress/psoc creator/4.4/psoc creator/import/gnu/arm/5.4.1/bin/../lib/gcc/arm-none-eabi/5.4.1/../../../../arm-none-eabi/lib/armv7-m\libm.a(lib_a-k_sin.o)
 .debug_frame   0x000023cc       0x20 c:/program files (x86)/cypress/psoc creator/4.4/psoc creator/import/gnu/arm/5.4.1/bin/../lib/gcc/arm-none-eabi/5.4.1/../../../../arm-none-eabi/lib/armv7-m\libm.a(lib_a-s_fabs.o)
 .debug_frame   0x000023ec       0x34 c:/program files (x86)/cypress/psoc creator/4.4/psoc creator/import/gnu/arm/5.4.1/bin/../lib/gcc/arm-none-eabi/5.4.1/../../../../arm-none-eabi/lib/armv7-m\libm.a(lib_a-s_floor.o)
 .debug_frame   0x00002420       0x30 c:/program files (x86)/cypress/psoc creator/4.4/psoc creator/import/gnu/arm/5.4.1/bin/../lib/gcc/arm-none-eabi/5.4.1/../../../../arm-none-eabi/lib/armv7-m\libm.a(lib_a-s_scalbn.o)
 .debug_frame   0x00002450       0x20 c:/program files (x86)/cypress/psoc creator/4.4/psoc creator/import/gnu/arm/5.4.1/bin/../lib/gcc/arm-none-eabi/5.4.1/../../../../arm-none-eabi/lib/armv7-m\libm.a(lib_a-s_copysign.o)
 .debug_frame   0x00002470       0x20 c:/program files (x86)/cypress/psoc creator/4.4/psoc creator/import/gnu/arm/5.4.1/bin/../lib/gcc/arm-none-eabi/5.4.1/../../../../arm-none-eabi/lib/armv7-m\libg_nano.a(lib_a-errno.o)
 .debug_frame   0x00002490       0x28 c:/program files (x86)/cypress/psoc creator/4.4/psoc creator/import/gnu/arm/5.4.1/bin/../lib/gcc/arm-none-eabi/5.4.1/../../../../arm-none-eabi/lib/armv7-m\libg_nano.a(lib_a-exit.o)
 .debug_frame   0x000024b8       0x2c c:/program files (x86)/cypress/psoc creator/4.4/psoc creator/import/gnu/arm/5.4.1/bin/../lib/gcc/arm-none-eabi/5.4.1/../../../../arm-none-eabi/lib/armv7-m\libg_nano.a(lib_a-init.o)
 .debug_frame   0x000024e4       0x28 c:/program files (x86)/cypress/psoc creator/4.4/psoc creator/import/gnu/arm/5.4.1/bin/../lib/gcc/arm-none-eabi/5.4.1/../../../../arm-none-eabi/lib/armv7-m\libg_nano.a(lib_a-memcpy-stub.o)
 .debug_frame   0x0000250c       0x20 c:/program files (x86)/cypress/psoc creator/4.4/psoc creator/import/gnu/arm/5.4.1/bin/../lib/gcc/arm-none-eabi/5.4.1/../../../../arm-none-eabi/lib/armv7-m\libg_nano.a(lib_a-memset.o)

.debug_str      0x00000000     0x2a0f
 *(.debug_str)
 .debug_str     0x00000000      0x3e8 .\CortexM3\ARM_GCC_541\Debug\main.o
                                0x459 (size before relaxing)
 .debug_str     0x000003e8       0x48 .\CortexM3\ARM_GCC_541\Debug\keypad.o
                                0x20b (size before relaxing)
 .debug_str     0x00000430      0x1c0 .\CortexM3\ARM_GCC_541\Debug\cyfitter_cfg.o
                                0x35c (size before relaxing)
 .debug_str     0x000005f0       0x75 .\CortexM3\ARM_GCC_541\Debug\cymetadata.o
                                0x1e5 (size before relaxing)
 .debug_str     0x00000665      0x144 .\CortexM3\ARM_GCC_541\Debug\Cm3Start.o
                                0x30b (size before relaxing)
 .debug_str     0x000007a9       0x58 .\CortexM3\ARM_GCC_541\Debug\NeverLose.a(SW1.o)
                                0x1d9 (size before relaxing)
 .debug_str     0x00000801       0x48 .\CortexM3\ARM_GCC_541\Debug\NeverLose.a(SW2.o)
                                0x1d9 (size before relaxing)
 .debug_str     0x00000849       0x48 .\CortexM3\ARM_GCC_541\Debug\NeverLose.a(SW3.o)
                                0x1d9 (size before relaxing)
 .debug_str     0x00000891       0x4b .\CortexM3\ARM_GCC_541\Debug\NeverLose.a(LED1.o)
                                0x1de (size before relaxing)
 .debug_str     0x000008dc       0x4b .\CortexM3\ARM_GCC_541\Debug\NeverLose.a(LED2.o)
                                0x1de (size before relaxing)
 .debug_str     0x00000927       0x4b .\CortexM3\ARM_GCC_541\Debug\NeverLose.a(LED3.o)
                                0x1de (size before relaxing)
 .debug_str     0x00000972       0x4b .\CortexM3\ARM_GCC_541\Debug\NeverLose.a(LED4.o)
                                0x1de (size before relaxing)
 .debug_str     0x000009bd      0x39e .\CortexM3\ARM_GCC_541\Debug\NeverLose.a(ADC.o)
                                0x5ca (size before relaxing)
 .debug_str     0x00000d5b       0x45 .\CortexM3\ARM_GCC_541\Debug\NeverLose.a(ADC_INT.o)
                                0x1c1 (size before relaxing)
 .debug_str     0x00000da0      0x134 .\CortexM3\ARM_GCC_541\Debug\NeverLose.a(LCD.o)
                                0x32c (size before relaxing)
 .debug_str     0x00000ed4      0x26f .\CortexM3\ARM_GCC_541\Debug\NeverLose.a(UART.o)
                                0x476 (size before relaxing)
 .debug_str     0x00001143       0x5f .\CortexM3\ARM_GCC_541\Debug\NeverLose.a(ADC_AMux.o)
                                0x200 (size before relaxing)
 .debug_str     0x000011a2      0x173 .\CortexM3\ARM_GCC_541\Debug\NeverLose.a(ADC_Ext_CP_Clk.o)
                                0x343 (size before relaxing)
 .debug_str     0x00001315      0x14f .\CortexM3\ARM_GCC_541\Debug\NeverLose.a(ADC_theACLK.o)
                                0x362 (size before relaxing)
 .debug_str     0x00001464      0x138 .\CortexM3\ARM_GCC_541\Debug\NeverLose.a(UART_IntClock.o)
                                0x337 (size before relaxing)
 .debug_str     0x0000159c      0x7cc .\CortexM3\ARM_GCC_541\Debug\NeverLose.a(CyLib.o)
                                0xa48 (size before relaxing)
 .debug_str     0x00001d68      0x365 .\CortexM3\ARM_GCC_541\Debug\NeverLose.a(cyPm.o)
                                0x734 (size before relaxing)
 .debug_str     0x000020cd       0x4f .\CortexM3\ARM_GCC_541\Debug\NeverLose.a(DAC.o)
                                0x20c (size before relaxing)
 .debug_str     0x0000211c      0x147 .\CortexM3\ARM_GCC_541\Debug\NeverLose.a(PWM1.o)
                                0x34c (size before relaxing)
 .debug_str     0x00002263      0x124 .\CortexM3\ARM_GCC_541\Debug\NeverLose.a(PWM2.o)
                                0x34c (size before relaxing)
 .debug_str     0x00002387      0x118 .\CortexM3\ARM_GCC_541\Debug\NeverLose.a(Timer.o)
                                0x2f6 (size before relaxing)
 .debug_str     0x0000249f       0x4c .\CortexM3\ARM_GCC_541\Debug\NeverLose.a(ROW0.o)
                                0x1de (size before relaxing)
 .debug_str     0x000024eb       0x4c .\CortexM3\ARM_GCC_541\Debug\NeverLose.a(ROW1.o)
                                0x1de (size before relaxing)
 .debug_str     0x00002537       0x4c .\CortexM3\ARM_GCC_541\Debug\NeverLose.a(ROW3.o)
                                0x1de (size before relaxing)
 .debug_str     0x00002583       0x4b .\CortexM3\ARM_GCC_541\Debug\NeverLose.a(COL1.o)
                                0x1de (size before relaxing)
 .debug_str     0x000025ce       0x4b .\CortexM3\ARM_GCC_541\Debug\NeverLose.a(COL2.o)
                                0x1de (size before relaxing)
 .debug_str     0x00002619       0x4b .\CortexM3\ARM_GCC_541\Debug\NeverLose.a(COL3.o)
                                0x1de (size before relaxing)
 .debug_str     0x00002664      0x144 .\CortexM3\ARM_GCC_541\Debug\NeverLose.a(Timer_DAC.o)
                                0x336 (size before relaxing)
 .debug_str     0x000027a8      0x1bb .\CortexM3\ARM_GCC_541\Debug\NeverLose.a(CyFlash.o)
                                0x3c1 (size before relaxing)
 .debug_str     0x00002963       0xac .\CortexM3\ARM_GCC_541\Debug\NeverLose.a(CySpc.o)
                                0x339 (size before relaxing)

.debug_loc      0x00000000     0x3177
 *(.debug_loc)
 .debug_loc     0x00000000      0x2a7 .\CortexM3\ARM_GCC_541\Debug\main.o
 .debug_loc     0x000002a7      0x219 .\CortexM3\ARM_GCC_541\Debug\cyfitter_cfg.o
 .debug_loc     0x000004c0      0x144 .\CortexM3\ARM_GCC_541\Debug\Cm3Start.o
 .debug_loc     0x00000604       0x42 .\CortexM3\ARM_GCC_541\Debug\NeverLose.a(SW1.o)
 .debug_loc     0x00000646       0x42 .\CortexM3\ARM_GCC_541\Debug\NeverLose.a(SW2.o)
 .debug_loc     0x00000688       0x42 .\CortexM3\ARM_GCC_541\Debug\NeverLose.a(SW3.o)
 .debug_loc     0x000006ca       0x42 .\CortexM3\ARM_GCC_541\Debug\NeverLose.a(LED1.o)
 .debug_loc     0x0000070c       0x42 .\CortexM3\ARM_GCC_541\Debug\NeverLose.a(LED2.o)
 .debug_loc     0x0000074e       0x42 .\CortexM3\ARM_GCC_541\Debug\NeverLose.a(LED3.o)
 .debug_loc     0x00000790       0x42 .\CortexM3\ARM_GCC_541\Debug\NeverLose.a(LED4.o)
 .debug_loc     0x000007d2      0x681 .\CortexM3\ARM_GCC_541\Debug\NeverLose.a(ADC.o)
 .debug_loc     0x00000e53      0x3c6 .\CortexM3\ARM_GCC_541\Debug\NeverLose.a(LCD.o)
 .debug_loc     0x00001219      0x258 .\CortexM3\ARM_GCC_541\Debug\NeverLose.a(UART.o)
 .debug_loc     0x00001471       0x6c .\CortexM3\ARM_GCC_541\Debug\NeverLose.a(ADC_AMux.o)
 .debug_loc     0x000014dd      0x128 .\CortexM3\ARM_GCC_541\Debug\NeverLose.a(ADC_Ext_CP_Clk.o)
 .debug_loc     0x00001605      0x14d .\CortexM3\ARM_GCC_541\Debug\NeverLose.a(ADC_theACLK.o)
 .debug_loc     0x00001752      0x128 .\CortexM3\ARM_GCC_541\Debug\NeverLose.a(UART_IntClock.o)
 .debug_loc     0x0000187a      0xa11 .\CortexM3\ARM_GCC_541\Debug\NeverLose.a(CyLib.o)
 .debug_loc     0x0000228b      0x1e4 .\CortexM3\ARM_GCC_541\Debug\NeverLose.a(cyPm.o)
 .debug_loc     0x0000246f       0x79 .\CortexM3\ARM_GCC_541\Debug\NeverLose.a(DAC.o)
 .debug_loc     0x000024e8       0x26 .\CortexM3\ARM_GCC_541\Debug\NeverLose.a(PWM1.o)
 .debug_loc     0x0000250e       0x26 .\CortexM3\ARM_GCC_541\Debug\NeverLose.a(PWM2.o)
 .debug_loc     0x00002534       0x42 .\CortexM3\ARM_GCC_541\Debug\NeverLose.a(ROW0.o)
 .debug_loc     0x00002576       0x42 .\CortexM3\ARM_GCC_541\Debug\NeverLose.a(ROW1.o)
 .debug_loc     0x000025b8       0x42 .\CortexM3\ARM_GCC_541\Debug\NeverLose.a(ROW3.o)
 .debug_loc     0x000025fa       0x42 .\CortexM3\ARM_GCC_541\Debug\NeverLose.a(COL1.o)
 .debug_loc     0x0000263c       0x42 .\CortexM3\ARM_GCC_541\Debug\NeverLose.a(COL2.o)
 .debug_loc     0x0000267e       0x42 .\CortexM3\ARM_GCC_541\Debug\NeverLose.a(COL3.o)
 .debug_loc     0x000026c0      0x3b2 .\CortexM3\ARM_GCC_541\Debug\NeverLose.a(CyFlash.o)
 .debug_loc     0x00002a72      0x705 .\CortexM3\ARM_GCC_541\Debug\NeverLose.a(CySpc.o)

.debug_macinfo
 *(.debug_macinfo)

.debug_ranges   0x00000000      0xce0
 *(.debug_ranges)
 .debug_ranges  0x00000000       0x30 .\CortexM3\ARM_GCC_541\Debug\main.o
 .debug_ranges  0x00000030       0x18 .\CortexM3\ARM_GCC_541\Debug\keypad.o
 .debug_ranges  0x00000048       0x58 .\CortexM3\ARM_GCC_541\Debug\cyfitter_cfg.o
 .debug_ranges  0x000000a0       0x38 .\CortexM3\ARM_GCC_541\Debug\Cm3Start.o
 .debug_ranges  0x000000d8       0x28 .\CortexM3\ARM_GCC_541\Debug\NeverLose.a(SW1.o)
 .debug_ranges  0x00000100       0x28 .\CortexM3\ARM_GCC_541\Debug\NeverLose.a(SW2.o)
 .debug_ranges  0x00000128       0x28 .\CortexM3\ARM_GCC_541\Debug\NeverLose.a(SW3.o)
 .debug_ranges  0x00000150       0x28 .\CortexM3\ARM_GCC_541\Debug\NeverLose.a(LED1.o)
 .debug_ranges  0x00000178       0x28 .\CortexM3\ARM_GCC_541\Debug\NeverLose.a(LED2.o)
 .debug_ranges  0x000001a0       0x28 .\CortexM3\ARM_GCC_541\Debug\NeverLose.a(LED3.o)
 .debug_ranges  0x000001c8       0x28 .\CortexM3\ARM_GCC_541\Debug\NeverLose.a(LED4.o)
 .debug_ranges  0x000001f0       0xd8 .\CortexM3\ARM_GCC_541\Debug\NeverLose.a(ADC.o)
 .debug_ranges  0x000002c8       0x28 .\CortexM3\ARM_GCC_541\Debug\NeverLose.a(ADC_INT.o)
 .debug_ranges  0x000002f0       0x88 .\CortexM3\ARM_GCC_541\Debug\NeverLose.a(LCD.o)
 .debug_ranges  0x00000378       0xe0 .\CortexM3\ARM_GCC_541\Debug\NeverLose.a(UART.o)
 .debug_ranges  0x00000458       0x20 .\CortexM3\ARM_GCC_541\Debug\NeverLose.a(ADC_AMux.o)
 .debug_ranges  0x00000478       0x60 .\CortexM3\ARM_GCC_541\Debug\NeverLose.a(ADC_Ext_CP_Clk.o)
 .debug_ranges  0x000004d8       0x70 .\CortexM3\ARM_GCC_541\Debug\NeverLose.a(ADC_theACLK.o)
 .debug_ranges  0x00000548       0x60 .\CortexM3\ARM_GCC_541\Debug\NeverLose.a(UART_IntClock.o)
 .debug_ranges  0x000005a8      0x290 .\CortexM3\ARM_GCC_541\Debug\NeverLose.a(CyLib.o)
 .debug_ranges  0x00000838       0x88 .\CortexM3\ARM_GCC_541\Debug\NeverLose.a(cyPm.o)
 .debug_ranges  0x000008c0       0x48 .\CortexM3\ARM_GCC_541\Debug\NeverLose.a(DAC.o)
 .debug_ranges  0x00000908       0x88 .\CortexM3\ARM_GCC_541\Debug\NeverLose.a(PWM1.o)
 .debug_ranges  0x00000990       0x88 .\CortexM3\ARM_GCC_541\Debug\NeverLose.a(PWM2.o)
 .debug_ranges  0x00000a18       0x78 .\CortexM3\ARM_GCC_541\Debug\NeverLose.a(Timer.o)
 .debug_ranges  0x00000a90       0x28 .\CortexM3\ARM_GCC_541\Debug\NeverLose.a(ROW0.o)
 .debug_ranges  0x00000ab8       0x28 .\CortexM3\ARM_GCC_541\Debug\NeverLose.a(ROW1.o)
 .debug_ranges  0x00000ae0       0x28 .\CortexM3\ARM_GCC_541\Debug\NeverLose.a(ROW3.o)
 .debug_ranges  0x00000b08       0x28 .\CortexM3\ARM_GCC_541\Debug\NeverLose.a(COL1.o)
 .debug_ranges  0x00000b30       0x28 .\CortexM3\ARM_GCC_541\Debug\NeverLose.a(COL2.o)
 .debug_ranges  0x00000b58       0x28 .\CortexM3\ARM_GCC_541\Debug\NeverLose.a(COL3.o)
 .debug_ranges  0x00000b80       0x78 .\CortexM3\ARM_GCC_541\Debug\NeverLose.a(Timer_DAC.o)
 .debug_ranges  0x00000bf8       0x78 .\CortexM3\ARM_GCC_541\Debug\NeverLose.a(CyFlash.o)
 .debug_ranges  0x00000c70       0x70 .\CortexM3\ARM_GCC_541\Debug\NeverLose.a(CySpc.o)

.comment        0x00000000       0x6e
 .comment       0x00000000       0x6e .\CortexM3\ARM_GCC_541\Debug\main.o
                                 0x6f (size before relaxing)
 .comment       0x0000006e       0x6f .\CortexM3\ARM_GCC_541\Debug\keypad.o
 .comment       0x0000006e       0x6f .\CortexM3\ARM_GCC_541\Debug\cyfitter_cfg.o
 .comment       0x0000006e       0x6f .\CortexM3\ARM_GCC_541\Debug\cymetadata.o
 .comment       0x0000006e       0x6f .\CortexM3\ARM_GCC_541\Debug\Cm3Start.o
 .comment       0x0000006e       0x6f .\CortexM3\ARM_GCC_541\Debug\NeverLose.a(SW1.o)
 .comment       0x0000006e       0x6f .\CortexM3\ARM_GCC_541\Debug\NeverLose.a(SW2.o)
 .comment       0x0000006e       0x6f .\CortexM3\ARM_GCC_541\Debug\NeverLose.a(SW3.o)
 .comment       0x0000006e       0x6f .\CortexM3\ARM_GCC_541\Debug\NeverLose.a(LED1.o)
 .comment       0x0000006e       0x6f .\CortexM3\ARM_GCC_541\Debug\NeverLose.a(LED2.o)
 .comment       0x0000006e       0x6f .\CortexM3\ARM_GCC_541\Debug\NeverLose.a(LED3.o)
 .comment       0x0000006e       0x6f .\CortexM3\ARM_GCC_541\Debug\NeverLose.a(LED4.o)
 .comment       0x0000006e       0x6f .\CortexM3\ARM_GCC_541\Debug\NeverLose.a(ADC.o)
 .comment       0x0000006e       0x6f .\CortexM3\ARM_GCC_541\Debug\NeverLose.a(ADC_INT.o)
 .comment       0x0000006e       0x6f .\CortexM3\ARM_GCC_541\Debug\NeverLose.a(LCD.o)
 .comment       0x0000006e       0x6f .\CortexM3\ARM_GCC_541\Debug\NeverLose.a(UART.o)
 .comment       0x0000006e       0x6f .\CortexM3\ARM_GCC_541\Debug\NeverLose.a(ADC_AMux.o)
 .comment       0x0000006e       0x6f .\CortexM3\ARM_GCC_541\Debug\NeverLose.a(ADC_Ext_CP_Clk.o)
 .comment       0x0000006e       0x6f .\CortexM3\ARM_GCC_541\Debug\NeverLose.a(ADC_theACLK.o)
 .comment       0x0000006e       0x6f .\CortexM3\ARM_GCC_541\Debug\NeverLose.a(UART_IntClock.o)
 .comment       0x0000006e       0x6f .\CortexM3\ARM_GCC_541\Debug\NeverLose.a(CyLib.o)
 .comment       0x0000006e       0x6f .\CortexM3\ARM_GCC_541\Debug\NeverLose.a(cyPm.o)
 .comment       0x0000006e       0x6f .\CortexM3\ARM_GCC_541\Debug\NeverLose.a(DAC.o)
 .comment       0x0000006e       0x6f .\CortexM3\ARM_GCC_541\Debug\NeverLose.a(PWM1.o)
 .comment       0x0000006e       0x6f .\CortexM3\ARM_GCC_541\Debug\NeverLose.a(PWM2.o)
 .comment       0x0000006e       0x6f .\CortexM3\ARM_GCC_541\Debug\NeverLose.a(Timer.o)
 .comment       0x0000006e       0x6f .\CortexM3\ARM_GCC_541\Debug\NeverLose.a(ROW0.o)
 .comment       0x0000006e       0x6f .\CortexM3\ARM_GCC_541\Debug\NeverLose.a(ROW1.o)
 .comment       0x0000006e       0x6f .\CortexM3\ARM_GCC_541\Debug\NeverLose.a(ROW3.o)
 .comment       0x0000006e       0x6f .\CortexM3\ARM_GCC_541\Debug\NeverLose.a(COL1.o)
 .comment       0x0000006e       0x6f .\CortexM3\ARM_GCC_541\Debug\NeverLose.a(COL2.o)
 .comment       0x0000006e       0x6f .\CortexM3\ARM_GCC_541\Debug\NeverLose.a(COL3.o)
 .comment       0x0000006e       0x6f .\CortexM3\ARM_GCC_541\Debug\NeverLose.a(Timer_DAC.o)
 .comment       0x0000006e       0x6f .\CortexM3\ARM_GCC_541\Debug\NeverLose.a(CyFlash.o)
 .comment       0x0000006e       0x6f .\CortexM3\ARM_GCC_541\Debug\NeverLose.a(CySpc.o)

.debug_weaknames
 *(.debug_weaknames)

.debug_funcnames
 *(.debug_funcnames)

.debug_typenames
 *(.debug_typenames)

.debug_varnames
 *(.debug_varnames)

.note.gnu.arm.ident
 *(.note.gnu.arm.ident)

.ARM.attributes
                0x00000000       0x29
 *(.ARM.attributes)
 .ARM.attributes
                0x00000000       0x1d c:/program files (x86)/cypress/psoc creator/4.4/psoc creator/import/gnu/arm/5.4.1/bin/../lib/gcc/arm-none-eabi/5.4.1/armv7-m/crti.o
 .ARM.attributes
                0x0000001d       0x2d c:/program files (x86)/cypress/psoc creator/4.4/psoc creator/import/gnu/arm/5.4.1/bin/../lib/gcc/arm-none-eabi/5.4.1/armv7-m/crtbegin.o
 .ARM.attributes
                0x0000004a       0x1b c:/program files (x86)/cypress/psoc creator/4.4/psoc creator/import/gnu/arm/5.4.1/bin/../lib/gcc/arm-none-eabi/5.4.1/../../../../arm-none-eabi/lib/armv7-m/crt0.o
 .ARM.attributes
                0x00000065       0x33 .\CortexM3\ARM_GCC_541\Debug\main.o
 .ARM.attributes
                0x00000098       0x33 .\CortexM3\ARM_GCC_541\Debug\keypad.o
 .ARM.attributes
                0x000000cb       0x33 .\CortexM3\ARM_GCC_541\Debug\cyfitter_cfg.o
 .ARM.attributes
                0x000000fe       0x33 .\CortexM3\ARM_GCC_541\Debug\cymetadata.o
 .ARM.attributes
                0x00000131       0x33 .\CortexM3\ARM_GCC_541\Debug\Cm3Start.o
 .ARM.attributes
                0x00000164       0x33 .\CortexM3\ARM_GCC_541\Debug\NeverLose.a(SW1.o)
 .ARM.attributes
                0x00000197       0x33 .\CortexM3\ARM_GCC_541\Debug\NeverLose.a(SW2.o)
 .ARM.attributes
                0x000001ca       0x33 .\CortexM3\ARM_GCC_541\Debug\NeverLose.a(SW3.o)
 .ARM.attributes
                0x000001fd       0x33 .\CortexM3\ARM_GCC_541\Debug\NeverLose.a(LED1.o)
 .ARM.attributes
                0x00000230       0x33 .\CortexM3\ARM_GCC_541\Debug\NeverLose.a(LED2.o)
 .ARM.attributes
                0x00000263       0x33 .\CortexM3\ARM_GCC_541\Debug\NeverLose.a(LED3.o)
 .ARM.attributes
                0x00000296       0x33 .\CortexM3\ARM_GCC_541\Debug\NeverLose.a(LED4.o)
 .ARM.attributes
                0x000002c9       0x33 .\CortexM3\ARM_GCC_541\Debug\NeverLose.a(ADC.o)
 .ARM.attributes
                0x000002fc       0x33 .\CortexM3\ARM_GCC_541\Debug\NeverLose.a(ADC_INT.o)
 .ARM.attributes
                0x0000032f       0x33 .\CortexM3\ARM_GCC_541\Debug\NeverLose.a(LCD.o)
 .ARM.attributes
                0x00000362       0x33 .\CortexM3\ARM_GCC_541\Debug\NeverLose.a(UART.o)
 .ARM.attributes
                0x00000395       0x33 .\CortexM3\ARM_GCC_541\Debug\NeverLose.a(ADC_AMux.o)
 .ARM.attributes
                0x000003c8       0x33 .\CortexM3\ARM_GCC_541\Debug\NeverLose.a(ADC_Ext_CP_Clk.o)
 .ARM.attributes
                0x000003fb       0x33 .\CortexM3\ARM_GCC_541\Debug\NeverLose.a(ADC_theACLK.o)
 .ARM.attributes
                0x0000042e       0x33 .\CortexM3\ARM_GCC_541\Debug\NeverLose.a(UART_IntClock.o)
 .ARM.attributes
                0x00000461       0x33 .\CortexM3\ARM_GCC_541\Debug\NeverLose.a(CyLib.o)
 .ARM.attributes
                0x00000494       0x33 .\CortexM3\ARM_GCC_541\Debug\NeverLose.a(cyPm.o)
 .ARM.attributes
                0x000004c7       0x33 .\CortexM3\ARM_GCC_541\Debug\NeverLose.a(DAC.o)
 .ARM.attributes
                0x000004fa       0x33 .\CortexM3\ARM_GCC_541\Debug\NeverLose.a(PWM1.o)
 .ARM.attributes
                0x0000052d       0x33 .\CortexM3\ARM_GCC_541\Debug\NeverLose.a(PWM2.o)
 .ARM.attributes
                0x00000560       0x33 .\CortexM3\ARM_GCC_541\Debug\NeverLose.a(Timer.o)
 .ARM.attributes
                0x00000593       0x33 .\CortexM3\ARM_GCC_541\Debug\NeverLose.a(ROW0.o)
 .ARM.attributes
                0x000005c6       0x33 .\CortexM3\ARM_GCC_541\Debug\NeverLose.a(ROW1.o)
 .ARM.attributes
                0x000005f9       0x33 .\CortexM3\ARM_GCC_541\Debug\NeverLose.a(ROW3.o)
 .ARM.attributes
                0x0000062c       0x33 .\CortexM3\ARM_GCC_541\Debug\NeverLose.a(COL1.o)
 .ARM.attributes
                0x0000065f       0x33 .\CortexM3\ARM_GCC_541\Debug\NeverLose.a(COL2.o)
 .ARM.attributes
                0x00000692       0x33 .\CortexM3\ARM_GCC_541\Debug\NeverLose.a(COL3.o)
 .ARM.attributes
                0x000006c5       0x33 .\CortexM3\ARM_GCC_541\Debug\NeverLose.a(Timer_DAC.o)
 .ARM.attributes
                0x000006f8       0x21 .\CortexM3\ARM_GCC_541\Debug\NeverLose.a(CyBootAsmGnu.o)
 .ARM.attributes
                0x00000719       0x33 .\CortexM3\ARM_GCC_541\Debug\NeverLose.a(CyFlash.o)
 .ARM.attributes
                0x0000074c       0x33 .\CortexM3\ARM_GCC_541\Debug\NeverLose.a(CySpc.o)
 .ARM.attributes
                0x0000077f       0x2d c:/program files (x86)/cypress/psoc creator/4.4/psoc creator/import/gnu/arm/5.4.1/bin/../lib/gcc/arm-none-eabi/5.4.1/../../../../arm-none-eabi/lib/armv7-m\libm.a(lib_a-s_sin.o)
 .ARM.attributes
                0x000007ac       0x2d c:/program files (x86)/cypress/psoc creator/4.4/psoc creator/import/gnu/arm/5.4.1/bin/../lib/gcc/arm-none-eabi/5.4.1/../../../../arm-none-eabi/lib/armv7-m\libm.a(lib_a-e_rem_pio2.o)
 .ARM.attributes
                0x000007d9       0x2d c:/program files (x86)/cypress/psoc creator/4.4/psoc creator/import/gnu/arm/5.4.1/bin/../lib/gcc/arm-none-eabi/5.4.1/../../../../arm-none-eabi/lib/armv7-m\libm.a(lib_a-k_cos.o)
 .ARM.attributes
                0x00000806       0x2d c:/program files (x86)/cypress/psoc creator/4.4/psoc creator/import/gnu/arm/5.4.1/bin/../lib/gcc/arm-none-eabi/5.4.1/../../../../arm-none-eabi/lib/armv7-m\libm.a(lib_a-k_rem_pio2.o)
 .ARM.attributes
                0x00000833       0x2d c:/program files (x86)/cypress/psoc creator/4.4/psoc creator/import/gnu/arm/5.4.1/bin/../lib/gcc/arm-none-eabi/5.4.1/../../../../arm-none-eabi/lib/armv7-m\libm.a(lib_a-k_sin.o)
 .ARM.attributes
                0x00000860       0x2d c:/program files (x86)/cypress/psoc creator/4.4/psoc creator/import/gnu/arm/5.4.1/bin/../lib/gcc/arm-none-eabi/5.4.1/../../../../arm-none-eabi/lib/armv7-m\libm.a(lib_a-s_fabs.o)
 .ARM.attributes
                0x0000088d       0x2d c:/program files (x86)/cypress/psoc creator/4.4/psoc creator/import/gnu/arm/5.4.1/bin/../lib/gcc/arm-none-eabi/5.4.1/../../../../arm-none-eabi/lib/armv7-m\libm.a(lib_a-s_floor.o)
 .ARM.attributes
                0x000008ba       0x2d c:/program files (x86)/cypress/psoc creator/4.4/psoc creator/import/gnu/arm/5.4.1/bin/../lib/gcc/arm-none-eabi/5.4.1/../../../../arm-none-eabi/lib/armv7-m\libm.a(lib_a-s_scalbn.o)
 .ARM.attributes
                0x000008e7       0x2d c:/program files (x86)/cypress/psoc creator/4.4/psoc creator/import/gnu/arm/5.4.1/bin/../lib/gcc/arm-none-eabi/5.4.1/../../../../arm-none-eabi/lib/armv7-m\libm.a(lib_a-s_copysign.o)
 .ARM.attributes
                0x00000914       0x1d c:/program files (x86)/cypress/psoc creator/4.4/psoc creator/import/gnu/arm/5.4.1/bin/../lib/gcc/arm-none-eabi/5.4.1/armv7-m\libgcc.a(_arm_addsubdf3.o)
 .ARM.attributes
                0x00000931       0x1d c:/program files (x86)/cypress/psoc creator/4.4/psoc creator/import/gnu/arm/5.4.1/bin/../lib/gcc/arm-none-eabi/5.4.1/armv7-m\libgcc.a(_arm_muldivdf3.o)
 .ARM.attributes
                0x0000094e       0x1d c:/program files (x86)/cypress/psoc creator/4.4/psoc creator/import/gnu/arm/5.4.1/bin/../lib/gcc/arm-none-eabi/5.4.1/armv7-m\libgcc.a(_arm_cmpdf2.o)
 .ARM.attributes
                0x0000096b       0x1d c:/program files (x86)/cypress/psoc creator/4.4/psoc creator/import/gnu/arm/5.4.1/bin/../lib/gcc/arm-none-eabi/5.4.1/armv7-m\libgcc.a(_arm_fixdfsi.o)
 .ARM.attributes
                0x00000988       0x1d c:/program files (x86)/cypress/psoc creator/4.4/psoc creator/import/gnu/arm/5.4.1/bin/../lib/gcc/arm-none-eabi/5.4.1/armv7-m\libgcc.a(_arm_truncdfsf2.o)
 .ARM.attributes
                0x000009a5       0x1d c:/program files (x86)/cypress/psoc creator/4.4/psoc creator/import/gnu/arm/5.4.1/bin/../lib/gcc/arm-none-eabi/5.4.1/armv7-m\libgcc.a(_arm_addsubsf3.o)
 .ARM.attributes
                0x000009c2       0x1d c:/program files (x86)/cypress/psoc creator/4.4/psoc creator/import/gnu/arm/5.4.1/bin/../lib/gcc/arm-none-eabi/5.4.1/armv7-m\libgcc.a(_arm_muldivsf3.o)
 .ARM.attributes
                0x000009df       0x1d c:/program files (x86)/cypress/psoc creator/4.4/psoc creator/import/gnu/arm/5.4.1/bin/../lib/gcc/arm-none-eabi/5.4.1/armv7-m\libgcc.a(_arm_fixunssfsi.o)
 .ARM.attributes
                0x000009fc       0x2d c:/program files (x86)/cypress/psoc creator/4.4/psoc creator/import/gnu/arm/5.4.1/bin/../lib/gcc/arm-none-eabi/5.4.1/../../../../arm-none-eabi/lib/armv7-m\libg_nano.a(lib_a-errno.o)
 .ARM.attributes
                0x00000a29       0x2d c:/program files (x86)/cypress/psoc creator/4.4/psoc creator/import/gnu/arm/5.4.1/bin/../lib/gcc/arm-none-eabi/5.4.1/../../../../arm-none-eabi/lib/armv7-m\libg_nano.a(lib_a-exit.o)
 .ARM.attributes
                0x00000a56       0x2d c:/program files (x86)/cypress/psoc creator/4.4/psoc creator/import/gnu/arm/5.4.1/bin/../lib/gcc/arm-none-eabi/5.4.1/../../../../arm-none-eabi/lib/armv7-m\libg_nano.a(lib_a-impure.o)
 .ARM.attributes
                0x00000a83       0x2d c:/program files (x86)/cypress/psoc creator/4.4/psoc creator/import/gnu/arm/5.4.1/bin/../lib/gcc/arm-none-eabi/5.4.1/../../../../arm-none-eabi/lib/armv7-m\libg_nano.a(lib_a-init.o)
 .ARM.attributes
                0x00000ab0       0x2d c:/program files (x86)/cypress/psoc creator/4.4/psoc creator/import/gnu/arm/5.4.1/bin/../lib/gcc/arm-none-eabi/5.4.1/../../../../arm-none-eabi/lib/armv7-m\libg_nano.a(lib_a-memcpy-stub.o)
 .ARM.attributes
                0x00000add       0x2d c:/program files (x86)/cypress/psoc creator/4.4/psoc creator/import/gnu/arm/5.4.1/bin/../lib/gcc/arm-none-eabi/5.4.1/../../../../arm-none-eabi/lib/armv7-m\libg_nano.a(lib_a-memset.o)
 .ARM.attributes
                0x00000b0a       0x2d c:/program files (x86)/cypress/psoc creator/4.4/psoc creator/import/gnu/arm/5.4.1/bin/../lib/gcc/arm-none-eabi/5.4.1/armv7-m/crtend.o
 .ARM.attributes
                0x00000b37       0x1d c:/program files (x86)/cypress/psoc creator/4.4/psoc creator/import/gnu/arm/5.4.1/bin/../lib/gcc/arm-none-eabi/5.4.1/armv7-m/crtn.o

/DISCARD/
 *(.note.GNU-stack)
OUTPUT(C:\Users\Baptiste\Documents\master\elec\never-lose\NeverLose.cydsn\CortexM3\ARM_GCC_541\Debug\NeverLose.elf elf32-littlearm)
