Archive member included to satisfy reference by file (symbol)

.\CortexM3\ARM_GCC_541\Debug\NeverLose.a(SW1.o)
                              .\CortexM3\ARM_GCC_541\Debug\main.o (SW1_Read)
.\CortexM3\ARM_GCC_541\Debug\NeverLose.a(SW2.o)
                              .\CortexM3\ARM_GCC_541\Debug\main.o (SW2_Read)
.\CortexM3\ARM_GCC_541\Debug\NeverLose.a(SW3.o)
                              .\CortexM3\ARM_GCC_541\Debug\main.o (SW3_Read)
.\CortexM3\ARM_GCC_541\Debug\NeverLose.a(LED1.o)
                              .\CortexM3\ARM_GCC_541\Debug\main.o (LED1_Write)
.\CortexM3\ARM_GCC_541\Debug\NeverLose.a(LED2.o)
                              .\CortexM3\ARM_GCC_541\Debug\main.o (LED2_Write)
.\CortexM3\ARM_GCC_541\Debug\NeverLose.a(LED3.o)
                              .\CortexM3\ARM_GCC_541\Debug\main.o (LED3_Write)
.\CortexM3\ARM_GCC_541\Debug\NeverLose.a(LED4.o)
                              .\CortexM3\ARM_GCC_541\Debug\main.o (LED4_Write)
.\CortexM3\ARM_GCC_541\Debug\NeverLose.a(ADC.o)
                              .\CortexM3\ARM_GCC_541\Debug\main.o (ADC_Start)
.\CortexM3\ARM_GCC_541\Debug\NeverLose.a(ADC_INT.o)
                              .\CortexM3\ARM_GCC_541\Debug\NeverLose.a(ADC.o) (ADC_ISR1)
.\CortexM3\ARM_GCC_541\Debug\NeverLose.a(LCD.o)
                              .\CortexM3\ARM_GCC_541\Debug\main.o (LCD_PrintString)
.\CortexM3\ARM_GCC_541\Debug\NeverLose.a(UART.o)
                              .\CortexM3\ARM_GCC_541\Debug\main.o (UART_Start)
.\CortexM3\ARM_GCC_541\Debug\NeverLose.a(ADC_AMux.o)
                              .\CortexM3\ARM_GCC_541\Debug\NeverLose.a(ADC.o) (ADC_AMux_Select)
.\CortexM3\ARM_GCC_541\Debug\NeverLose.a(ADC_Ext_CP_Clk.o)
                              .\CortexM3\ARM_GCC_541\Debug\NeverLose.a(ADC.o) (ADC_Ext_CP_Clk_SetModeRegister)
.\CortexM3\ARM_GCC_541\Debug\NeverLose.a(ADC_theACLK.o)
                              .\CortexM3\ARM_GCC_541\Debug\NeverLose.a(ADC.o) (ADC_theACLK_SetModeRegister)
.\CortexM3\ARM_GCC_541\Debug\NeverLose.a(UART_IntClock.o)
                              .\CortexM3\ARM_GCC_541\Debug\NeverLose.a(UART.o) (UART_IntClock_Start)
.\CortexM3\ARM_GCC_541\Debug\NeverLose.a(CyLib.o)
                              .\CortexM3\ARM_GCC_541\Debug\Cm3Start.o (CyHalt)
.\CortexM3\ARM_GCC_541\Debug\NeverLose.a(cyPm.o)
                              .\CortexM3\ARM_GCC_541\Debug\NeverLose.a(CyLib.o) (CyPmReadStatus)
.\CortexM3\ARM_GCC_541\Debug\NeverLose.a(DAC.o)
                              .\CortexM3\ARM_GCC_541\Debug\main.o (DAC_SetValue)
.\CortexM3\ARM_GCC_541\Debug\NeverLose.a(PWM1.o)
                              .\CortexM3\ARM_GCC_541\Debug\main.o (PWM1_WritePeriod)
.\CortexM3\ARM_GCC_541\Debug\NeverLose.a(PWM2.o)
                              .\CortexM3\ARM_GCC_541\Debug\main.o (PWM2_WritePeriod)
.\CortexM3\ARM_GCC_541\Debug\NeverLose.a(Timer.o)
                              .\CortexM3\ARM_GCC_541\Debug\main.o (Timer_ReadStatusRegister)
.\CortexM3\ARM_GCC_541\Debug\NeverLose.a(ROW0.o)
                              .\CortexM3\ARM_GCC_541\Debug\keypad.o (ROW0_Read)
.\CortexM3\ARM_GCC_541\Debug\NeverLose.a(ROW1.o)
                              .\CortexM3\ARM_GCC_541\Debug\keypad.o (ROW1_Read)
.\CortexM3\ARM_GCC_541\Debug\NeverLose.a(ROW3.o)
                              .\CortexM3\ARM_GCC_541\Debug\keypad.o (ROW3_Read)
.\CortexM3\ARM_GCC_541\Debug\NeverLose.a(COL1.o)
                              .\CortexM3\ARM_GCC_541\Debug\keypad.o (COL1_Write)
.\CortexM3\ARM_GCC_541\Debug\NeverLose.a(COL2.o)
                              .\CortexM3\ARM_GCC_541\Debug\keypad.o (COL2_Write)
.\CortexM3\ARM_GCC_541\Debug\NeverLose.a(COL3.o)
                              .\CortexM3\ARM_GCC_541\Debug\keypad.o (COL3_Write)
.\CortexM3\ARM_GCC_541\Debug\NeverLose.a(Timer_DAC.o)
                              .\CortexM3\ARM_GCC_541\Debug\main.o (Timer_DAC_ReadStatusRegister)
.\CortexM3\ARM_GCC_541\Debug\NeverLose.a(CyBootAsmGnu.o)
                              .\CortexM3\ARM_GCC_541\Debug\cyfitter_cfg.o (CyDelayCycles)
.\CortexM3\ARM_GCC_541\Debug\NeverLose.a(CyFlash.o)
                              .\CortexM3\ARM_GCC_541\Debug\NeverLose.a(cyPm.o) (CyFlash_SetWaitCycles)
.\CortexM3\ARM_GCC_541\Debug\NeverLose.a(CySpc.o)
                              .\CortexM3\ARM_GCC_541\Debug\NeverLose.a(CyFlash.o) (CySpcStart)
c:/program files (x86)/cypress/psoc creator/4.4/psoc creator/import/gnu/arm/5.4.1/bin/../lib/gcc/arm-none-eabi/5.4.1/../../../../arm-none-eabi/lib/armv7-m\libm.a(lib_a-s_sin.o)
                              .\CortexM3\ARM_GCC_541\Debug\main.o (sin)
c:/program files (x86)/cypress/psoc creator/4.4/psoc creator/import/gnu/arm/5.4.1/bin/../lib/gcc/arm-none-eabi/5.4.1/../../../../arm-none-eabi/lib/armv7-m\libm.a(lib_a-e_rem_pio2.o)
                              c:/program files (x86)/cypress/psoc creator/4.4/psoc creator/import/gnu/arm/5.4.1/bin/../lib/gcc/arm-none-eabi/5.4.1/../../../../arm-none-eabi/lib/armv7-m\libm.a(lib_a-s_sin.o) (__ieee754_rem_pio2)
[...]
Memory Configuration

Name             Origin             Length             Attributes
rom              0x00000000         0x00040000         xr
ram              0x1fff8000         0x00010000         xrw
*default*        0x00000000         0xffffffff

Linker script and memory map

LOAD c:/program files (x86)/cypress/psoc creator/4.4/psoc creator/import/gnu/arm/5.4.1/bin/../lib/gcc/arm-none-eabi/5.4.1/armv7-m/crti.o
LOAD c:/program files (x86)/cypress/psoc creator/4.4/psoc creator/import/gnu/arm/5.4.1/bin/../lib/gcc/arm-none-eabi/5.4.1/armv7-m/crtbegin.o
LOAD c:/program files (x86)/cypress/psoc creator/4.4/psoc creator/import/gnu/arm/5.4.1/bin/../lib/gcc/arm-none-eabi/5.4.1/../../../../arm-none-eabi/lib/armv7-m/crt0.o
START GROUP
LOAD .\CortexM3\ARM_GCC_541\Debug\main.o
LOAD .\CortexM3\ARM_GCC_541\Debug\keypad.o
LOAD .\CortexM3\ARM_GCC_541\Debug\cyfitter_cfg.o
LOAD .\CortexM3\ARM_GCC_541\Debug\cymetadata.o
LOAD .\CortexM3\ARM_GCC_541\Debug\Cm3Start.o
LOAD .\CortexM3\ARM_GCC_541\Debug\NeverLose.a
LOAD C:\Program Files (x86)\Cypress\PSoC Creator\4.4\PSoC Creator\psoc\content\cycomponentlibrary\CyComponentLibrary.cylib\CortexM3\ARM_GCC_541\Debug\CyComponentLibrary.a
LOAD c:/program files (x86)/cypress/psoc creator/4.4/psoc creator/import/gnu/arm/5.4.1/bin/../lib/gcc/arm-none-eabi/5.4.1/../../../../arm-none-eabi/lib/armv7-m\libm.a
END GROUP
START GROUP
LOAD c:/program files (x86)/cypress/psoc creator/4.4/psoc creator/import/gnu/arm/5.4.1/bin/../lib/gcc/arm-none-eabi/5.4.1/armv7-m\libgcc.a
LOAD c:/program files (x86)/cypress/psoc creator/4.4/psoc creator/import/gnu/arm/5.4.1/bin/../lib/gcc/arm-none-eabi/5.4.1/../../../../arm-none-eabi/lib/armv7-m\libg_nano.a
LOAD c:/program files (x86)/cypress/psoc creator/4.4/psoc creator/import/gnu/arm/5.4.1/bin/../lib/gcc/arm-none-eabi/5.4.1/../../../../arm-none-eabi/lib/armv7-m\libc_nano.a
END GROUP
START GROUP
LOAD c:/program files (x86)/cypress/psoc creator/4.4/psoc creator/import/gnu/arm/5.4.1/bin/../lib/gcc/arm-none-eabi/5.4.1/armv7-m\libgcc.a
LOAD c:/program files (x86)/cypress/psoc creator/4.4/psoc creator/import/gnu/arm/5.4.1/bin/../lib/gcc/arm-none-eabi/5.4.1/../../../../arm-none-eabi/lib/armv7-m\libc_nano.a
END GROUP
LOAD c:/program files (x86)/cypress/psoc creator/4.4/psoc creator/import/gnu/arm/5.4.1/bin/../lib/gcc/arm-none-eabi/5.4.1/armv7-m/crtend.o
LOAD c:/program files (x86)/cypress/psoc creator/4.4/psoc creator/import/gnu/arm/5.4.1/bin/../lib/gcc/arm-none-eabi/5.4.1/armv7-m/crtn.o
START GROUP
LOAD c:/program files (x86)/cypress/psoc creator/4.4/psoc creator/import/gnu/arm/5.4.1/bin/../lib/gcc/arm-none-eabi/5.4.1/armv7-m\libgcc.a
LOAD c:/program files (x86)/cypress/psoc creator/4.4/psoc creator/import/gnu/arm/5.4.1/bin/../lib/gcc/arm-none-eabi/5.4.1/../../../../arm-none-eabi/lib/armv7-m\libc.a
LOAD c:/program files (x86)/cypress/psoc creator/4.4/psoc creator/import/gnu/arm/5.4.1/bin/../lib/gcc/arm-none-eabi/5.4.1/../../../../arm-none-eabi/lib/armv7-m\libnosys.a
END GROUP
                0x00000000                CY_APPL_ORIGIN = 0x0
                0x00000100                CY_FLASH_ROW_SIZE = 0x100
                0x00000020                CY_ECC_ROW_SIZE = 0x20
                0x00000000                CY_EE_IN_BTLDR = 0x0
                0x00000000                CY_APPL_LOADABLE = 0x0
                0x00000800                CY_EE_SIZE = 0x800
                0x00000001                CY_APPL_NUM = 0x1
                0x00000001                CY_APPL_MAX = 0x1
                0x00000040                CY_METADATA_SIZE = 0x40
                0x00000000                CY_APPL_LOADABLE = 0x0
                0x00000000                CY_CHECKSUM_EXCLUDE_SIZE = ALIGN (0x0, CY_FLASH_ROW_SIZE)
                [!provide]                PROVIDE (__cy_heap_start, _end)
                0x00000001                PROVIDE (__cy_region_num, ((__cy_regions_end - __cy_regions) / 0x10))
                0x20008000                PROVIDE (__cy_stack, (ORIGIN (ram) + LENGTH (ram)))
                [!provide]                PROVIDE (__cy_heap_end, (__cy_stack - 0x800))

.cybootloader   0x00000000        0x0
 *(.cybootloader)
                0x00000000                appl1_start = CY_APPL_ORIGIN?CY_APPL_ORIGIN:ALIGN (CY_FLASH_ROW_SIZE)
                0x0001ff00                appl2_start = (appl1_start + ALIGN ((((LENGTH (rom) - appl1_start) - (0x2 * CY_FLASH_ROW_SIZE)) / 0x2), CY_FLASH_ROW_SIZE))
                0x00000000                appl_start = (CY_APPL_NUM == 0x1)?appl1_start:appl2_start
                0x00000000                ecc_offset = ((appl_start / CY_FLASH_ROW_SIZE) * CY_ECC_ROW_SIZE)
                0x00000000                ee_offset = (CY_APPL_LOADABLE && ! (CY_EE_IN_BTLDR))?((CY_EE_SIZE / CY_APPL_MAX) * (CY_APPL_NUM - 0x1)):0x0
                0x00000800                ee_size = (CY_APPL_LOADABLE && ! (CY_EE_IN_BTLDR))?(CY_EE_SIZE / CY_APPL_MAX):CY_EE_SIZE
                [!provide]                PROVIDE (CY_ECC_OFFSET, ecc_offset)

.text           0x00000000     0x3caa
 CREATE_OBJECT_SYMBOLS
                0x00000000                PROVIDE (__cy_interrupt_vector, RomVectors)
 *(.romvectors)
 .romvectors    0x00000000       0x10 .\CortexM3\ARM_GCC_541\Debug\Cm3Start.o
                0x00000000                RomVectors
                0x00000001                ASSERT ((. != __cy_interrupt_vector), No interrupt vector)
                0x00000001                ASSERT (CY_APPL_ORIGIN?(SIZEOF (.cybootloader) <= CY_APPL_ORIGIN):0x1, Wrong image location)
                0x00000010                PROVIDE (__cy_reset, Reset)
 *(.text.Reset)
 .text.Reset    0x00000010       0x18 .\CortexM3\ARM_GCC_541\Debug\Cm3Start.o
                0x00000010                Reset
                0x00000001                ASSERT ((. != __cy_reset), No reset code)
 *(.dma_init)
                0x00000001                ASSERT ((((appl_start + .) <= 0x10000) || 0x1), DMA Init must be within the first 64k of flash)
 *(.text .text.* .gnu.linkonce.t.*)
 .text          0x00000028       0x5c c:/program files (x86)/cypress/psoc creator/4.4/psoc creator/import/gnu/arm/5.4.1/bin/../lib/gcc/arm-none-eabi/5.4.1/armv7-m/crtbegin.o
 .text.jump     0x00000084       0x40 .\CortexM3\ARM_GCC_541\Debug\main.o
                0x00000084                jump
 .text.duck     0x000000c4       0x38 .\CortexM3\ARM_GCC_541\Debug\main.o
                0x000000c4                duck
 .text.detectKeyboard
                0x000000fc       0x2c .\CortexM3\ARM_GCC_541\Debug\main.o
                0x000000fc                detectKeyboard
 .text.detectLight
                0x00000128       0x28 .\CortexM3\ARM_GCC_541\Debug\main.o
                0x00000128                detectLight
 .text.main     0x00000150      0x2b8 .\CortexM3\ARM_GCC_541\Debug\main.o
                0x00000150                main
 .text.keypadInit
                0x00000408       0x18 .\CortexM3\ARM_GCC_541\Debug\keypad.o
                0x00000408                keypadInit
 .text.keypadScan
                0x00000420       0x44 .\CortexM3\ARM_GCC_541\Debug\keypad.o
                0x00000420                keypadScan
 .text.CyClockStartupError
                0x00000464        0x4 .\CortexM3\ARM_GCC_541\Debug\cyfitter_cfg.o
 .text.cfg_write_bytes32
                0x00000468       0x34 .\CortexM3\ARM_GCC_541\Debug\cyfitter_cfg.o
 .text.AnalogSetDefault
                0x0000049c       0x48 .\CortexM3\ARM_GCC_541\Debug\cyfitter_cfg.o
 .text.CYMEMZERO
                0x000004e4        0xc .\CortexM3\ARM_GCC_541\Debug\cyfitter_cfg.o
 .text.CYCONFIGCPY
                0x000004f0        0x8 .\CortexM3\ARM_GCC_541\Debug\cyfitter_cfg.o
 .text.ClockSetup
                0x000004f8      0x10c .\CortexM3\ARM_GCC_541\Debug\cyfitter_cfg.o
 .text.ADC_AMux_Set
                0x00000604       0x1c .\CortexM3\ARM_GCC_541\Debug\cyfitter_cfg.o
                0x00000604                ADC_AMux_Set
 .text.ADC_AMux_Unset
                0x00000620       0x1c .\CortexM3\ARM_GCC_541\Debug\cyfitter_cfg.o
                0x00000620                ADC_AMux_Unset
 .text.cyfitter_cfg
                0x0000063c      0x12c .\CortexM3\ARM_GCC_541\Debug\cyfitter_cfg.o
                0x0000063c                cyfitter_cfg
 .text.IntDefaultHandler
                0x00000768       0x10 .\CortexM3\ARM_GCC_541\Debug\Cm3Start.o
                0x00000768                IntDefaultHandler
 .text.Start_c  0x00000778       0x4c .\CortexM3\ARM_GCC_541\Debug\Cm3Start.o
                0x00000778                Start_c
 .text.initialize_psoc
                0x000007c4       0x68 .\CortexM3\ARM_GCC_541\Debug\Cm3Start.o
                0x000007c4                initialize_psoc
 .text.SW1_Read
                0x0000082c       0x10 .\CortexM3\ARM_GCC_541\Debug\NeverLose.a(SW1.o)
                0x0000082c                SW1_Read
 .text.SW2_Read
                0x0000083c       0x10 .\CortexM3\ARM_GCC_541\Debug\NeverLose.a(SW2.o)
                0x0000083c                SW2_Read
 .text.SW3_Read
                0x0000084c       0x10 .\CortexM3\ARM_GCC_541\Debug\NeverLose.a(SW3.o)
                0x0000084c                SW3_Read
 .text.LED1_Write
                0x0000085c       0x18 .\CortexM3\ARM_GCC_541\Debug\NeverLose.a(LED1.o)
                0x0000085c                LED1_Write
 .text.LED2_Write
                0x00000874       0x18 .\CortexM3\ARM_GCC_541\Debug\NeverLose.a(LED2.o)
                0x00000874                LED2_Write
 .text.LED3_Write
                0x0000088c       0x18 .\CortexM3\ARM_GCC_541\Debug\NeverLose.a(LED3.o)
                0x0000088c                LED3_Write
 .text.LED4_Write
                0x000008a4       0x18 .\CortexM3\ARM_GCC_541\Debug\NeverLose.a(LED4.o)
                0x000008a4                LED4_Write
 .text.ADC_GainCompensation
                0x000008bc       0xe0 .\CortexM3\ARM_GCC_541\Debug\NeverLose.a(ADC.o)
 .text.ADC_SetDSMRef0Reg
                0x0000099c       0x4c .\CortexM3\ARM_GCC_541\Debug\NeverLose.a(ADC.o)
 .text.ADC_InitConfig
                0x000009e8      0x32c .\CortexM3\ARM_GCC_541\Debug\NeverLose.a(ADC.o)
 .text.ADC_Init
                0x00000d14      0x108 .\CortexM3\ARM_GCC_541\Debug\NeverLose.a(ADC.o)
                0x00000d14                ADC_Init
 .text.ADC_Enable
                0x00000e1c       0xd8 .\CortexM3\ARM_GCC_541\Debug\NeverLose.a(ADC.o)
                0x00000e1c                ADC_Enable
 .text.ADC_Start
                0x00000ef4       0x28 .\CortexM3\ARM_GCC_541\Debug\NeverLose.a(ADC.o)
                0x00000ef4                ADC_Start
 .text.ADC_StartConvert
                0x00000f1c       0x10 .\CortexM3\ARM_GCC_541\Debug\NeverLose.a(ADC.o)
                0x00000f1c                ADC_StartConvert
 .text.ADC_IsEndConversion
                0x00000f2c       0x30 .\CortexM3\ARM_GCC_541\Debug\NeverLose.a(ADC.o)
                0x00000f2c                ADC_IsEndConversion
 .text.ADC_GetResult32
                0x00000f5c       0x6c .\CortexM3\ARM_GCC_541\Debug\NeverLose.a(ADC.o)
                0x00000f5c                ADC_GetResult32
 .text.ADC_ISR1
                0x00000fc8        0x4 .\CortexM3\ARM_GCC_541\Debug\NeverLose.a(ADC_INT.o)
                0x00000fc8                ADC_ISR1
 .text.ADC_ISR2
                0x00000fcc        0x4 .\CortexM3\ARM_GCC_541\Debug\NeverLose.a(ADC_INT.o)
                0x00000fcc                ADC_ISR2
 .text.ADC_ISR3
                0x00000fd0        0x4 .\CortexM3\ARM_GCC_541\Debug\NeverLose.a(ADC_INT.o)
                0x00000fd0                ADC_ISR3
 .text.ADC_ISR4
                0x00000fd4        0x4 .\CortexM3\ARM_GCC_541\Debug\NeverLose.a(ADC_INT.o)
                0x00000fd4                ADC_ISR4
 .text.LCD_WrCntrlNib
                0x00000fd8       0x34 .\CortexM3\ARM_GCC_541\Debug\NeverLose.a(LCD.o)
 .text.LCD_WrDatNib
                0x0000100c       0x44 .\CortexM3\ARM_GCC_541\Debug\NeverLose.a(LCD.o)
 .text.LCD_IsReady
                0x00001050       0xe4 .\CortexM3\ARM_GCC_541\Debug\NeverLose.a(LCD.o)
                0x00001050                LCD_IsReady
 .text.LCD_WriteData
                0x00001134       0x18 .\CortexM3\ARM_GCC_541\Debug\NeverLose.a(LCD.o)
                0x00001134                LCD_WriteData
 .text.LCD_PrintString
                0x0000114c       0x1c .\CortexM3\ARM_GCC_541\Debug\NeverLose.a(LCD.o)
                0x0000114c                LCD_PrintString
 .text.LCD_WriteControl
                0x00001168       0x18 .\CortexM3\ARM_GCC_541\Debug\NeverLose.a(LCD.o)
                0x00001168                LCD_WriteControl
 .text.LCD_Init
                0x00001180       0x6c .\CortexM3\ARM_GCC_541\Debug\NeverLose.a(LCD.o)
                0x00001180                LCD_Init
 .text.LCD_Enable
                0x000011ec       0x14 .\CortexM3\ARM_GCC_541\Debug\NeverLose.a(LCD.o)
                0x000011ec                LCD_Enable
 .text.LCD_Start
                0x00001200       0x1c .\CortexM3\ARM_GCC_541\Debug\NeverLose.a(LCD.o)
                0x00001200                LCD_Start
 .text.LCD_Position
                0x0000121c       0x3c .\CortexM3\ARM_GCC_541\Debug\NeverLose.a(LCD.o)
                0x0000121c                LCD_Position
 .text.LCD_PrintU32Number
                0x00001258       0x64 .\CortexM3\ARM_GCC_541\Debug\NeverLose.a(LCD.o)
                0x00001258                LCD_PrintU32Number
 .text.UART_Init
                0x000012bc       0x24 .\CortexM3\ARM_GCC_541\Debug\NeverLose.a(UART.o)
                0x000012bc                UART_Init
 .text.UART_Enable
                0x000012e0       0x38 .\CortexM3\ARM_GCC_541\Debug\NeverLose.a(UART.o)
                0x000012e0                UART_Enable
 .text.UART_Start
                0x00001318       0x1c .\CortexM3\ARM_GCC_541\Debug\NeverLose.a(UART.o)
                0x00001318                UART_Start
 .text.ADC_AMux_Start
                0x00001334       0x20 .\CortexM3\ARM_GCC_541\Debug\NeverLose.a(ADC_AMux.o)
                0x00001334                ADC_AMux_Start
 .text.ADC_AMux_Select
                0x00001354       0x18 .\CortexM3\ARM_GCC_541\Debug\NeverLose.a(ADC_AMux.o)
                0x00001354                ADC_AMux_Select
 .text.ADC_Ext_CP_Clk_GetDividerRegister
                0x0000136c        0xc .\CortexM3\ARM_GCC_541\Debug\NeverLose.a(ADC_Ext_CP_Clk.o)
                0x0000136c                ADC_Ext_CP_Clk_GetDividerRegister
 .text.ADC_Ext_CP_Clk_SetModeRegister
                0x00001378       0x14 .\CortexM3\ARM_GCC_541\Debug\NeverLose.a(ADC_Ext_CP_Clk.o)
                0x00001378                ADC_Ext_CP_Clk_SetModeRegister
 .text.ADC_Ext_CP_Clk_GetSourceRegister
                0x0000138c       0x10 .\CortexM3\ARM_GCC_541\Debug\NeverLose.a(ADC_Ext_CP_Clk.o)
                0x0000138c                ADC_Ext_CP_Clk_GetSourceRegister
 .text.ADC_Ext_CP_Clk_SetDividerRegister
                0x0000139c       0xdc .\CortexM3\ARM_GCC_541\Debug\NeverLose.a(ADC_Ext_CP_Clk.o)
                0x0000139c                ADC_Ext_CP_Clk_SetDividerRegister
 .text.ADC_theACLK_GetDividerRegister
                0x00001478        0xc .\CortexM3\ARM_GCC_541\Debug\NeverLose.a(ADC_theACLK.o)
                0x00001478                ADC_theACLK_GetDividerRegister
 .text.ADC_theACLK_SetModeRegister
                0x00001484       0x14 .\CortexM3\ARM_GCC_541\Debug\NeverLose.a(ADC_theACLK.o)
                0x00001484                ADC_theACLK_SetModeRegister
 .text.ADC_theACLK_GetSourceRegister
                0x00001498       0x10 .\CortexM3\ARM_GCC_541\Debug\NeverLose.a(ADC_theACLK.o)
                0x00001498                ADC_theACLK_GetSourceRegister
 .text.ADC_theACLK_SetDividerRegister
                0x000014a8       0xd8 .\CortexM3\ARM_GCC_541\Debug\NeverLose.a(ADC_theACLK.o)
                0x000014a8                ADC_theACLK_SetDividerRegister
 .text.UART_IntClock_Start
                0x00001580       0x1c .\CortexM3\ARM_GCC_541\Debug\NeverLose.a(UART_IntClock.o)
                0x00001580                UART_IntClock_Start
 .text.CyHalt   0x0000159c        0x4 .\CortexM3\ARM_GCC_541\Debug\NeverLose.a(CyLib.o)
                0x0000159c                CyHalt
 .text.CyDelay  0x000015a0       0x2c .\CortexM3\ARM_GCC_541\Debug\NeverLose.a(CyLib.o)
                0x000015a0                CyDelay
 .text.CyDelayUs
                0x000015cc       0x14 .\CortexM3\ARM_GCC_541\Debug\NeverLose.a(CyLib.o)
                0x000015cc                CyDelayUs
 .text.CyIntSetVector
                0x000015e0       0x28 .\CortexM3\ARM_GCC_541\Debug\NeverLose.a(CyLib.o)
                0x000015e0                CyIntSetVector
 .text.CyIntSetPriority
                0x00001608       0x30 .\CortexM3\ARM_GCC_541\Debug\NeverLose.a(CyLib.o)
                0x00001608                CyIntSetPriority
 .text.DAC_Enable
                0x00001638       0x1c .\CortexM3\ARM_GCC_541\Debug\NeverLose.a(DAC.o)
                0x00001638                DAC_Enable
 .text.DAC_SetSpeed
                0x00001654       0x1c .\CortexM3\ARM_GCC_541\Debug\NeverLose.a(DAC.o)
                0x00001654                DAC_SetSpeed
 .text.DAC_SetValue
                0x00001670        0xc .\CortexM3\ARM_GCC_541\Debug\NeverLose.a(DAC.o)
                0x00001670                DAC_SetValue
 .text.DAC_DacTrim
                0x0000167c       0x24 .\CortexM3\ARM_GCC_541\Debug\NeverLose.a(DAC.o)
                0x0000167c                DAC_DacTrim
 .text.DAC_SetRange
                0x000016a0       0x20 .\CortexM3\ARM_GCC_541\Debug\NeverLose.a(DAC.o)
                0x000016a0                DAC_SetRange
 .text.DAC_Init
                0x000016c0       0x20 .\CortexM3\ARM_GCC_541\Debug\NeverLose.a(DAC.o)
                0x000016c0                DAC_Init
 .text.DAC_Start
                0x000016e0       0x24 .\CortexM3\ARM_GCC_541\Debug\NeverLose.a(DAC.o)
                0x000016e0                DAC_Start
 .text.PWM1_Enable
                0x00001704       0x10 .\CortexM3\ARM_GCC_541\Debug\NeverLose.a(PWM1.o)
                0x00001704                PWM1_Enable
 .text.PWM1_WriteCounter
                0x00001714        0xc .\CortexM3\ARM_GCC_541\Debug\NeverLose.a(PWM1.o)
                0x00001714                PWM1_WriteCounter
 .text.PWM1_WritePeriod
                0x00001720        0xc .\CortexM3\ARM_GCC_541\Debug\NeverLose.a(PWM1.o)
                0x00001720                PWM1_WritePeriod
 .text.PWM1_WriteCompare
                0x0000172c        0xc .\CortexM3\ARM_GCC_541\Debug\NeverLose.a(PWM1.o)
                0x0000172c                PWM1_WriteCompare
 .text.PWM1_SetInterruptMode
                0x00001738        0xc .\CortexM3\ARM_GCC_541\Debug\NeverLose.a(PWM1.o)
                0x00001738                PWM1_SetInterruptMode
 .text.PWM1_ReadStatusRegister
                0x00001744        0xc .\CortexM3\ARM_GCC_541\Debug\NeverLose.a(PWM1.o)
                0x00001744                PWM1_ReadStatusRegister
 .text.PWM1_ReadCapture
                0x00001750        0xc .\CortexM3\ARM_GCC_541\Debug\NeverLose.a(PWM1.o)
                0x00001750                PWM1_ReadCapture
 .text.PWM1_ClearFIFO
                0x0000175c       0x14 .\CortexM3\ARM_GCC_541\Debug\NeverLose.a(PWM1.o)
                0x0000175c                PWM1_ClearFIFO
 .text.PWM1_Init
                0x00001770       0x60 .\CortexM3\ARM_GCC_541\Debug\NeverLose.a(PWM1.o)
                0x00001770                PWM1_Init
 .text.PWM1_Start
                0x000017d0       0x1c .\CortexM3\ARM_GCC_541\Debug\NeverLose.a(PWM1.o)
                0x000017d0                PWM1_Start
 .text.PWM2_Enable
                0x000017ec       0x10 .\CortexM3\ARM_GCC_541\Debug\NeverLose.a(PWM2.o)
                0x000017ec                PWM2_Enable
 .text.PWM2_WriteCounter
                0x000017fc        0xc .\CortexM3\ARM_GCC_541\Debug\NeverLose.a(PWM2.o)
                0x000017fc                PWM2_WriteCounter
 .text.PWM2_WritePeriod
                0x00001808        0xc .\CortexM3\ARM_GCC_541\Debug\NeverLose.a(PWM2.o)
                0x00001808                PWM2_WritePeriod
 .text.PWM2_WriteCompare
                0x00001814        0xc .\CortexM3\ARM_GCC_541\Debug\NeverLose.a(PWM2.o)
                0x00001814                PWM2_WriteCompare
 .text.PWM2_SetInterruptMode
                0x00001820        0xc .\CortexM3\ARM_GCC_541\Debug\NeverLose.a(PWM2.o)
                0x00001820                PWM2_SetInterruptMode
 .text.PWM2_ReadStatusRegister
                0x0000182c        0xc .\CortexM3\ARM_GCC_541\Debug\NeverLose.a(PWM2.o)
                0x0000182c                PWM2_ReadStatusRegister
 .text.PWM2_ReadCapture
                0x00001838        0xc .\CortexM3\ARM_GCC_541\Debug\NeverLose.a(PWM2.o)
                0x00001838                PWM2_ReadCapture
 .text.PWM2_ClearFIFO
                0x00001844       0x14 .\CortexM3\ARM_GCC_541\Debug\NeverLose.a(PWM2.o)
                0x00001844                PWM2_ClearFIFO
 .text.PWM2_Init
                0x00001858       0x60 .\CortexM3\ARM_GCC_541\Debug\NeverLose.a(PWM2.o)
                0x00001858                PWM2_Init
 .text.PWM2_Start
                0x000018b8       0x1c .\CortexM3\ARM_GCC_541\Debug\NeverLose.a(PWM2.o)
                0x000018b8                PWM2_Start
 .text.Timer_Enable
                0x000018d4       0x28 .\CortexM3\ARM_GCC_541\Debug\NeverLose.a(Timer.o)
                0x000018d4                Timer_Enable
 .text.Timer_SetInterruptMode
                0x000018fc        0xc .\CortexM3\ARM_GCC_541\Debug\NeverLose.a(Timer.o)
                0x000018fc                Timer_SetInterruptMode
 .text.Timer_ReadStatusRegister
                0x00001908        0xc .\CortexM3\ARM_GCC_541\Debug\NeverLose.a(Timer.o)
                0x00001908                Timer_ReadStatusRegister
 .text.Timer_WritePeriod
                0x00001914        0xc .\CortexM3\ARM_GCC_541\Debug\NeverLose.a(Timer.o)
                0x00001914                Timer_WritePeriod
 .text.Timer_WriteCounter
                0x00001920        0xc .\CortexM3\ARM_GCC_541\Debug\NeverLose.a(Timer.o)
                0x00001920                Timer_WriteCounter
 .text.Timer_Init
                0x0000192c       0x68 .\CortexM3\ARM_GCC_541\Debug\NeverLose.a(Timer.o)
                0x0000192c                Timer_Init
 .text.Timer_Start
                0x00001994       0x1c .\CortexM3\ARM_GCC_541\Debug\NeverLose.a(Timer.o)
                0x00001994                Timer_Start
 .text.ROW0_Read
                0x000019b0       0x10 .\CortexM3\ARM_GCC_541\Debug\NeverLose.a(ROW0.o)
                0x000019b0                ROW0_Read
 .text.ROW1_Read
                0x000019c0       0x10 .\CortexM3\ARM_GCC_541\Debug\NeverLose.a(ROW1.o)
                0x000019c0                ROW1_Read
 .text.ROW3_Read
                0x000019d0       0x10 .\CortexM3\ARM_GCC_541\Debug\NeverLose.a(ROW3.o)
                0x000019d0                ROW3_Read
 .text.COL1_Write
                0x000019e0       0x18 .\CortexM3\ARM_GCC_541\Debug\NeverLose.a(COL1.o)
                0x000019e0                COL1_Write
 .text.COL2_Write
                0x000019f8       0x18 .\CortexM3\ARM_GCC_541\Debug\NeverLose.a(COL2.o)
                0x000019f8                COL2_Write
 .text.COL3_Write
                0x00001a10       0x18 .\CortexM3\ARM_GCC_541\Debug\NeverLose.a(COL3.o)
                0x00001a10                COL3_Write
 .text.Timer_DAC_Enable
                0x00001a28       0x28 .\CortexM3\ARM_GCC_541\Debug\NeverLose.a(Timer_DAC.o)
                0x00001a28                Timer_DAC_Enable
 .text.Timer_DAC_SetInterruptMode
                0x00001a50        0xc .\CortexM3\ARM_GCC_541\Debug\NeverLose.a(Timer_DAC.o)
                0x00001a50                Timer_DAC_SetInterruptMode
 .text.Timer_DAC_ReadStatusRegister
                0x00001a5c        0xc .\CortexM3\ARM_GCC_541\Debug\NeverLose.a(Timer_DAC.o)
                0x00001a5c                Timer_DAC_ReadStatusRegister
 .text.Timer_DAC_WritePeriod
                0x00001a68        0xc .\CortexM3\ARM_GCC_541\Debug\NeverLose.a(Timer_DAC.o)
                0x00001a68                Timer_DAC_WritePeriod
 .text.Timer_DAC_WriteCounter
                0x00001a74        0xc .\CortexM3\ARM_GCC_541\Debug\NeverLose.a(Timer_DAC.o)
                0x00001a74                Timer_DAC_WriteCounter
 .text.Timer_DAC_Init
                0x00001a80       0x68 .\CortexM3\ARM_GCC_541\Debug\NeverLose.a(Timer_DAC.o)
                0x00001a80                Timer_DAC_Init
 .text.Timer_DAC_Start
                0x00001ae8       0x1c .\CortexM3\ARM_GCC_541\Debug\NeverLose.a(Timer_DAC.o)
                0x00001ae8                Timer_DAC_Start
 *fill*         0x00001b04        0x4 
 .text          0x00001b08       0x20 .\CortexM3\ARM_GCC_541\Debug\NeverLose.a(CyBootAsmGnu.o)
                0x00001b08                CyDelayCycles
                0x00001b18                CyEnterCriticalSection
                0x00001b20                CyExitCriticalSection
 .text.sin      0x00001b28       0x90 c:/program files (x86)/cypress/psoc creator/4.4/psoc creator/import/gnu/arm/5.4.1/bin/../lib/gcc/arm-none-eabi/5.4.1/../../../../arm-none-eabi/lib/armv7-m\libm.a(lib_a-s_sin.o)
                0x00001b28                sin
 .text.__ieee754_rem_pio2
                0x00001bb8      0x42c c:/program files (x86)/cypress/psoc creator/4.4/psoc creator/import/gnu/arm/5.4.1/bin/../lib/gcc/arm-none-eabi/5.4.1/../../../../arm-none-eabi/lib/armv7-m\libm.a(lib_a-e_rem_pio2.o)
                0x00001bb8                __ieee754_rem_pio2
 *fill*         0x00001fe4        0x4 
 .text.__kernel_cos
                0x00001fe8      0x248 c:/program files (x86)/cypress/psoc creator/4.4/psoc creator/import/gnu/arm/5.4.1/bin/../lib/gcc/arm-none-eabi/5.4.1/../../../../arm-none-eabi/lib/armv7-m\libm.a(lib_a-k_cos.o)
                0x00001fe8                __kernel_cos
 .text.__kernel_rem_pio2
                0x00002230      0x7f0 c:/program files (x86)/cypress/psoc creator/4.4/psoc creator/import/gnu/arm/5.4.1/bin/../lib/gcc/arm-none-eabi/5.4.1/../../../../arm-none-eabi/lib/armv7-m\libm.a(lib_a-k_rem_pio2.o)
                0x00002230                __kernel_rem_pio2
 .text.__kernel_sin
                0x00002a20      0x16c c:/program files (x86)/cypress/psoc creator/4.4/psoc creator/import/gnu/arm/5.4.1/bin/../lib/gcc/arm-none-eabi/5.4.1/../../../../arm-none-eabi/lib/armv7-m\libm.a(lib_a-k_sin.o)
                0x00002a20                __kernel_sin
 .text.fabs     0x00002b8c        0x8 c:/program files (x86)/cypress/psoc creator/4.4/psoc creator/import/gnu/arm/5.4.1/bin/../lib/gcc/arm-none-eabi/5.4.1/../../../../arm-none-eabi/lib/armv7-m\libm.a(lib_a-s_fabs.o)
                0x00002b8c                fabs
 *fill*         0x00002b94        0x4 
 .text.floor    0x00002b98      0x110 c:/program files (x86)/cypress/psoc creator/4.4/psoc creator/import/gnu/arm/5.4.1/bin/../lib/gcc/arm-none-eabi/5.4.1/../../../../arm-none-eabi/lib/armv7-m\libm.a(lib_a-s_floor.o)
                0x00002b98                floor
 .text.scalbn   0x00002ca8       0xe4 c:/program files (x86)/cypress/psoc creator/4.4/psoc creator/import/gnu/arm/5.4.1/bin/../lib/gcc/arm-none-eabi/5.4.1/../../../../arm-none-eabi/lib/armv7-m\libm.a(lib_a-s_scalbn.o)
                0x00002ca8                scalbn
 .text.copysign
                0x00002d8c       0x10 c:/program files (x86)/cypress/psoc creator/4.4/psoc creator/import/gnu/arm/5.4.1/bin/../lib/gcc/arm-none-eabi/5.4.1/../../../../arm-none-eabi/lib/armv7-m\libm.a(lib_a-s_copysign.o)
                0x00002d8c                copysign
 .text          0x00002d9c      0x370 c:/program files (x86)/cypress/psoc creator/4.4/psoc creator/import/gnu/arm/5.4.1/bin/../lib/gcc/arm-none-eabi/5.4.1/armv7-m\libgcc.a(_arm_addsubdf3.o)
                0x00002d9c                __aeabi_drsub
                0x00002da4                __aeabi_dsub
                0x00002da4                __subdf3
                0x00002da8                __aeabi_dadd
                0x00002da8                __adddf3
                0x00003020                __floatunsidf
                0x00003020                __aeabi_ui2d
                0x00003040                __floatsidf
                0x00003040                __aeabi_i2d
                0x00003064                __aeabi_f2d
                0x00003064                __extendsfdf2
                0x000030a0                __floatundidf
                0x000030a0                __aeabi_ul2d
                0x000030b0                __floatdidf
                0x000030b0                __aeabi_l2d
 .text          0x0000310c      0x424 c:/program files (x86)/cypress/psoc creator/4.4/psoc creator/import/gnu/arm/5.4.1/bin/../lib/gcc/arm-none-eabi/5.4.1/armv7-m\libgcc.a(_arm_muldivdf3.o)
                0x0000310c                __aeabi_dmul
                0x0000310c                __muldf3
                0x00003360                __divdf3
                0x00003360                __aeabi_ddiv
 .text          0x00003530      0x110 c:/program files (x86)/cypress/psoc creator/4.4/psoc creator/import/gnu/arm/5.4.1/bin/../lib/gcc/arm-none-eabi/5.4.1/armv7-m\libgcc.a(_arm_cmpdf2.o)
                0x00003530                __gtdf2
                0x00003530                __gedf2
                0x00003538                __ltdf2
                0x00003538                __ledf2
                0x00003540                __nedf2
                0x00003540                __eqdf2
                0x00003540                __cmpdf2
                0x000035bc                __aeabi_cdrcmple
                0x000035cc                __aeabi_cdcmpeq
                0x000035cc                __aeabi_cdcmple
                0x000035dc                __aeabi_dcmpeq
                0x000035f0                __aeabi_dcmplt
                0x00003604                __aeabi_dcmple
                0x00003618                __aeabi_dcmpge
                0x0000362c                __aeabi_dcmpgt
 .text          0x00003640       0x50 c:/program files (x86)/cypress/psoc creator/4.4/psoc creator/import/gnu/arm/5.4.1/bin/../lib/gcc/arm-none-eabi/5.4.1/armv7-m\libgcc.a(_arm_fixdfsi.o)
                0x00003640                __aeabi_d2iz
                0x00003640                __fixdfsi
 .text          0x00003690       0xa0 c:/program files (x86)/cypress/psoc creator/4.4/psoc creator/import/gnu/arm/5.4.1/bin/../lib/gcc/arm-none-eabi/5.4.1/armv7-m\libgcc.a(_arm_truncdfsf2.o)
                0x00003690                __truncdfsf2
                0x00003690                __aeabi_d2f
 .text          0x00003730      0x21c c:/program files (x86)/cypress/psoc creator/4.4/psoc creator/import/gnu/arm/5.4.1/bin/../lib/gcc/arm-none-eabi/5.4.1/armv7-m\libgcc.a(_arm_addsubsf3.o)
                0x00003730                __aeabi_frsub
                0x00003738                __subsf3
                0x00003738                __aeabi_fsub
                0x0000373c                __aeabi_fadd
                0x0000373c                __addsf3
                0x0000389c                __aeabi_ui2f
                0x0000389c                __floatunsisf
                0x000038a4                __aeabi_i2f
                0x000038a4                __floatsisf
                0x000038c0                __aeabi_ul2f
                0x000038c0                __floatundisf
                0x000038d0                __aeabi_l2f
                0x000038d0                __floatdisf
 .text          0x0000394c      0x2a0 c:/program files (x86)/cypress/psoc creator/4.4/psoc creator/import/gnu/arm/5.4.1/bin/../lib/gcc/arm-none-eabi/5.4.1/armv7-m\libgcc.a(_arm_muldivsf3.o)
                0x0000394c                __mulsf3
                0x0000394c                __aeabi_fmul
                0x00003ab4                __aeabi_fdiv
                0x00003ab4                __divsf3
 .text          0x00003bec       0x40 c:/program files (x86)/cypress/psoc creator/4.4/psoc creator/import/gnu/arm/5.4.1/bin/../lib/gcc/arm-none-eabi/5.4.1/armv7-m\libgcc.a(_arm_fixunssfsi.o)
                0x00003bec                __fixunssfsi
                0x00003bec                __aeabi_f2uiz
 .text.__errno  0x00003c2c        0xc c:/program files (x86)/cypress/psoc creator/4.4/psoc creator/import/gnu/arm/5.4.1/bin/../lib/gcc/arm-none-eabi/5.4.1/../../../../arm-none-eabi/lib/armv7-m\libg_nano.a(lib_a-errno.o)
                0x00003c2c                __errno
 .text.__libc_init_array
                0x00003c38       0x4c c:/program files (x86)/cypress/psoc creator/4.4/psoc creator/import/gnu/arm/5.4.1/bin/../lib/gcc/arm-none-eabi/5.4.1/../../../../arm-none-eabi/lib/armv7-m\libg_nano.a(lib_a-init.o)
                0x00003c38                __libc_init_array
 .text.memcpy   0x00003c84       0x16 c:/program files (x86)/cypress/psoc creator/4.4/psoc creator/import/gnu/arm/5.4.1/bin/../lib/gcc/arm-none-eabi/5.4.1/../../../../arm-none-eabi/lib/armv7-m\libg_nano.a(lib_a-memcpy-stub.o)
                0x00003c84                memcpy
 .text.memset   0x00003c9a       0x10 c:/program files (x86)/cypress/psoc creator/4.4/psoc creator/import/gnu/arm/5.4.1/bin/../lib/gcc/arm-none-eabi/5.4.1/../../../../arm-none-eabi/lib/armv7-m\libg_nano.a(lib_a-memset.o)
                0x00003c9a                memset
 *(.plt)
 *(.gnu.warning)
 *(.glue_7t)
 .glue_7t       0x00003caa        0x0 linker stubs
 *(.glue_7)
 .glue_7        0x00003caa        0x0 linker stubs
 *(.vfp11_veneer)
 .vfp11_veneer  0x00003caa        0x0 linker stubs
 *(.bootloader)
 *(.ARM.extab* .gnu.linkonce.armextab.*)
 *(.gcc_except_table)

.v4_bx          0x00003cac        0x0
 .v4_bx         0x00003cac        0x0 linker stubs

.iplt           0x00003cac        0x0
 .iplt          0x00003cac        0x0 c:/program files (x86)/cypress/psoc creator/4.4/psoc creator/import/gnu/arm/5.4.1/bin/../lib/gcc/arm-none-eabi/5.4.1/armv7-m/crtbegin.o

.eh_frame_hdr
 *(.eh_frame_hdr)

.eh_frame       0x00003cac        0x4
 *(.eh_frame)
 .eh_frame      0x00003cac        0x0 c:/program files (x86)/cypress/psoc creator/4.4/psoc creator/import/gnu/arm/5.4.1/bin/../lib/gcc/arm-none-eabi/5.4.1/armv7-m/crtbegin.o
 .eh_frame      0x00003cac        0x4 c:/program files (x86)/cypress/psoc creator/4.4/psoc creator/import/gnu/arm/5.4.1/bin/../lib/gcc/arm-none-eabi/5.4.1/armv7-m/crtend.o
                [!provide]                PROVIDE (__exidx_start, .)

.ARM.exidx
 *(.ARM.exidx* .gnu.linkonce.armexidx.*)
                0x00003cb0                __exidx_end = .

.rodata         0x00003cb0      0x258
 *(.rodata .rodata.* .gnu.linkonce.r.*)
 .rodata.str1.4
                0x00003cb0       0x10 .\CortexM3\ARM_GCC_541\Debug\main.o
                                  0xd (size before relaxing)
 .rodata        0x00003cc0       0x36 .\CortexM3\ARM_GCC_541\Debug\cyfitter_cfg.o
                0x00003cc0                ADC_AMux__addrTable
                0x00003cc8                ADC_AMux__maskTable
 *fill*         0x00003cf6        0x2 
 .rodata.npio2_hw
                0x00003cf8       0x80 c:/program files (x86)/cypress/psoc creator/4.4/psoc creator/import/gnu/arm/5.4.1/bin/../lib/gcc/arm-none-eabi/5.4.1/../../../../arm-none-eabi/lib/armv7-m\libm.a(lib_a-e_rem_pio2.o)
 .rodata.two_over_pi
                0x00003d78      0x108 c:/program files (x86)/cypress/psoc creator/4.4/psoc creator/import/gnu/arm/5.4.1/bin/../lib/gcc/arm-none-eabi/5.4.1/../../../../arm-none-eabi/lib/armv7-m\libm.a(lib_a-e_rem_pio2.o)
 .rodata.init_jk
                0x00003e80       0x10 c:/program files (x86)/cypress/psoc creator/4.4/psoc creator/import/gnu/arm/5.4.1/bin/../lib/gcc/arm-none-eabi/5.4.1/../../../../arm-none-eabi/lib/armv7-m\libm.a(lib_a-k_rem_pio2.o)
 .rodata.PIo2   0x00003e90       0x40 c:/program files (x86)/cypress/psoc creator/4.4/psoc creator/import/gnu/arm/5.4.1/bin/../lib/gcc/arm-none-eabi/5.4.1/../../../../arm-none-eabi/lib/armv7-m\libm.a(lib_a-k_rem_pio2.o)
 .rodata.str1.1
                0x00003ed0        0x2 c:/program files (x86)/cypress/psoc creator/4.4/psoc creator/import/gnu/arm/5.4.1/bin/../lib/gcc/arm-none-eabi/5.4.1/../../../../arm-none-eabi/lib/armv7-m\libg_nano.a(lib_a-impure.o)
                0x00003ed4                . = ALIGN (0x4)
 *fill*         0x00003ed2        0x2 
 *(.init)
 .init          0x00003ed4        0x4 c:/program files (x86)/cypress/psoc creator/4.4/psoc creator/import/gnu/arm/5.4.1/bin/../lib/gcc/arm-none-eabi/5.4.1/armv7-m/crti.o
                0x00003ed4                _init
 .init          0x00003ed8        0x8 c:/program files (x86)/cypress/psoc creator/4.4/psoc creator/import/gnu/arm/5.4.1/bin/../lib/gcc/arm-none-eabi/5.4.1/armv7-m/crtn.o
                0x00003ee0                . = ALIGN (0x4)
                0x00003ee0                __preinit_array_start = .
 *(.preinit_array)
                0x00003ee0                __preinit_array_end = .
                0x00003ee0                . = ALIGN (0x4)
                0x00003ee0                __init_array_start = .
 *(SORT(.init_array.*))
 *(.init_array)
 .init_array    0x00003ee0        0x4 c:/program files (x86)/cypress/psoc creator/4.4/psoc creator/import/gnu/arm/5.4.1/bin/../lib/gcc/arm-none-eabi/5.4.1/armv7-m/crtbegin.o
 .init_array    0x00003ee4        0x4 .\CortexM3\ARM_GCC_541\Debug\Cm3Start.o
                0x00003ee8                __init_array_end = .
                0x00003ee8                . = ALIGN (0x4)
 *(.fini)
 .fini          0x00003ee8        0x4 c:/program files (x86)/cypress/psoc creator/4.4/psoc creator/import/gnu/arm/5.4.1/bin/../lib/gcc/arm-none-eabi/5.4.1/armv7-m/crti.o
                0x00003ee8                _fini
 .fini          0x00003eec        0x8 c:/program files (x86)/cypress/psoc creator/4.4/psoc creator/import/gnu/arm/5.4.1/bin/../lib/gcc/arm-none-eabi/5.4.1/armv7-m/crtn.o
                0x00003ef4                . = ALIGN (0x4)
                0x00003ef4                __fini_array_start = .
 *(.fini_array)
 .fini_array    0x00003ef4        0x4 c:/program files (x86)/cypress/psoc creator/4.4/psoc creator/import/gnu/arm/5.4.1/bin/../lib/gcc/arm-none-eabi/5.4.1/armv7-m/crtbegin.o
 *(SORT(.fini_array.*))
                0x00003ef8                __fini_array_end = .
                0x00003ef8                . = ALIGN (0x4)
 *crtbegin.o(.ctors)
 *(EXCLUDE_FILE(*crtend.o) .ctors)
 *(SORT(.ctors.*))
 *crtend.o(.ctors)
                0x00003ef8                . = ALIGN (0x4)
 *crtbegin.o(.dtors)
 *(EXCLUDE_FILE(*crtend.o) .dtors)
 *(SORT(.dtors.*))
 *crtend.o(.dtors)
                0x00003ef8                . = ALIGN (0x4)
                0x00003ef8                __cy_regions = .
                0x00003ef8        0x4 LONG 0x3f08 __cy_region_init_ram
                0x00003efc        0x4 LONG 0x1fff80c8 __cy_region_start_data
                0x00003f00        0x4 LONG 0x80 __cy_region_init_size_ram
                0x00003f04        0x4 LONG 0x378 __cy_region_zero_size_ram
                0x00003f08                __cy_regions_end = .
                0x00003f08                . = ALIGN (0x8)
                0x00003f08                _etext = .

.cy_checksum_exclude
                0x00003f08        0x0
 *(.cy_checksum_exclude)

.ramvectors     0x1fff8000       0xc0
                0x1fff8000                __cy_region_start_ram = .
 *(.ramvectors)
 .ramvectors    0x1fff8000       0xc0 .\CortexM3\ARM_GCC_541\Debug\Cm3Start.o
                0x1fff8000                CyRamVectors

.noinit         0x1fff80c0        0x1
 *(.noinit)
 .noinit        0x1fff80c0        0x1 .\CortexM3\ARM_GCC_541\Debug\NeverLose.a(CyLib.o)
                0x1fff80c0                CyResetStatus

.data           0x1fff80c8       0x80 load address 0x00003f08
                0x1fff80c8                __cy_region_start_data = .
 *(.jcr)
 .jcr           0x1fff80c8        0x0 c:/program files (x86)/cypress/psoc creator/4.4/psoc creator/import/gnu/arm/5.4.1/bin/../lib/gcc/arm-none-eabi/5.4.1/armv7-m/crtbegin.o
 .jcr           0x1fff80c8        0x4 c:/program files (x86)/cypress/psoc creator/4.4/psoc creator/import/gnu/arm/5.4.1/bin/../lib/gcc/arm-none-eabi/5.4.1/armv7-m/crtend.o
 *(.got.plt)
 *(.got)
 *(.shdata)
 *(.data .data.* .gnu.linkonce.d.*)
 .data          0x1fff80cc        0x1 .\CortexM3\ARM_GCC_541\Debug\NeverLose.a(ADC.o)
                0x1fff80cc                ADC_Config
 .data          0x1fff80cd        0x1 .\CortexM3\ARM_GCC_541\Debug\NeverLose.a(ADC_AMux.o)
 *fill*         0x1fff80ce        0x2 
 .data          0x1fff80d0       0x10 .\CortexM3\ARM_GCC_541\Debug\NeverLose.a(CyLib.o)
                0x1fff80d0                cydelay_32k_ms
                0x1fff80d4                cydelay_freq_khz
                0x1fff80d8                cydelay_freq_mhz
                0x1fff80dc                cydelay_freq_hz
 .data.impure_data
                0x1fff80e0       0x60 c:/program files (x86)/cypress/psoc creator/4.4/psoc creator/import/gnu/arm/5.4.1/bin/../lib/gcc/arm-none-eabi/5.4.1/../../../../arm-none-eabi/lib/armv7-m\libg_nano.a(lib_a-impure.o)
 .data._impure_ptr
                0x1fff8140        0x4 c:/program files (x86)/cypress/psoc creator/4.4/psoc creator/import/gnu/arm/5.4.1/bin/../lib/gcc/arm-none-eabi/5.4.1/../../../../arm-none-eabi/lib/armv7-m\libg_nano.a(lib_a-impure.o)
                0x1fff8140                _impure_ptr
                0x1fff8148                . = ALIGN (0x8)
 *fill*         0x1fff8144        0x4 
 *(.ram)
                0x1fff8148                _edata = .

.igot.plt       0x1fff8148        0x0 load address 0x00003f88
 .igot.plt      0x1fff8148        0x0 c:/program files (x86)/cypress/psoc creator/4.4/psoc creator/import/gnu/arm/5.4.1/bin/../lib/gcc/arm-none-eabi/5.4.1/armv7-m/crtbegin.o

.bss            0x1fff8148      0x378 load address 0x00003f88
                0x1fff8148                PROVIDE (__bss_start__, .)
 *(.shbss)
 *(.bss .bss.* .gnu.linkonce.b.*)
 .bss           0x1fff8148       0x1c c:/program files (x86)/cypress/psoc creator/4.4/psoc creator/import/gnu/arm/5.4.1/bin/../lib/gcc/arm-none-eabi/5.4.1/armv7-m/crtbegin.o
 .bss           0x1fff8164        0xc .\CortexM3\ARM_GCC_541\Debug\main.o
                0x1fff8164                sound1
                0x1fff8165                sound2
                0x1fff8166                i
                0x1fff8168                ms_count
                0x1fff816c                obstacle_flag
 .bss           0x1fff8170       0x18 .\CortexM3\ARM_GCC_541\Debug\NeverLose.a(ADC.o)
                0x1fff8180                ADC_stopConversion
                0x1fff8181                ADC_convDone
                0x1fff8182                ADC_initVar
                0x1fff8183                ADC_started
                0x1fff8184                ADC_Offset
 .bss           0x1fff8188        0x2 .\CortexM3\ARM_GCC_541\Debug\NeverLose.a(LCD.o)
                0x1fff8188                LCD_enableState
                0x1fff8189                LCD_initVar
 .bss           0x1fff818a        0x2 .\CortexM3\ARM_GCC_541\Debug\NeverLose.a(UART.o)
                0x1fff818a                UART_initVar
 .bss           0x1fff818c        0x1 .\CortexM3\ARM_GCC_541\Debug\NeverLose.a(DAC.o)
                0x1fff818c                DAC_initVar
 .bss           0x1fff818d        0x1 .\CortexM3\ARM_GCC_541\Debug\NeverLose.a(PWM1.o)
                0x1fff818d                PWM1_initVar
 .bss           0x1fff818e        0x1 .\CortexM3\ARM_GCC_541\Debug\NeverLose.a(PWM2.o)
                0x1fff818e                PWM2_initVar
 .bss           0x1fff818f        0x1 .\CortexM3\ARM_GCC_541\Debug\NeverLose.a(Timer.o)
                0x1fff818f                Timer_initVar
 .bss           0x1fff8190        0x1 .\CortexM3\ARM_GCC_541\Debug\NeverLose.a(Timer_DAC.o)
                0x1fff8190                Timer_DAC_initVar
 *(COMMON)
 *fill*         0x1fff8191        0x3 
 COMMON         0x1fff8194      0x325 .\CortexM3\ARM_GCC_541\Debug\main.o
                0x1fff8194                rxData
                0x1fff8198                signal2
                0x1fff8328                signal1
                0x1fff84b8                value
 *fill*         0x1fff84b9        0x3 
 COMMON         0x1fff84bc        0x4 .\CortexM3\ARM_GCC_541\Debug\NeverLose.a(ADC.o)
                0x1fff84bc                ADC_CountsPerVolt
                0x1fff84c0                . = ALIGN (0x8)
 *(.ram.b)
                0x1fff84c0                _end = .
                0x1fff84c0                __end = .
                0x1fff84c0                PROVIDE (end, .)
                0x1fff84c0                PROVIDE (__bss_end__, .)
                0x00003f08                __cy_region_init_ram = LOADADDR (.data)
                0x00000080                __cy_region_init_size_ram = (_edata - ADDR (.data))
                0x00000378                __cy_region_zero_size_ram = (_end - _edata)

.heap           0x1fff84c0       0x80 load address 0x00003f88
                0x1fff84c0                . = _end
                0x1fff8540                . = (. + 0x80)
 *fill*         0x1fff84c0       0x80 
                0x1fff8540                __cy_heap_limit = .

.stack          0x20007800      0x800
                0x20007800                __cy_stack_limit = .
                0x20008000                . = (. + 0x800)
 *fill*         0x20007800      0x800 
                0x00000001                ASSERT ((__cy_stack_limit >= __cy_heap_limit), region RAM overflowed with stack)
                0x00000000                cy_checksum_exclude_size = (CY_APPL_LOADABLE == 0x1)?SIZEOF (.cy_checksum_exclude):0x0
                0x00000001                ASSERT ((cy_checksum_exclude_size <= CY_CHECKSUM_EXCLUDE_SIZE), CY_BOOT: Section .cy_checksum_exclude size exceedes specified limit.)

.cyloadermeta
 *(.cyloadermeta)

.cyloadablemeta
 *(.cyloadablemeta)

.cyconfigecc    0x80000000      0x674
 *(.cyconfigecc)
 .cyconfigecc   0x80000000      0x674 .\CortexM3\ARM_GCC_541\Debug\cymetadata.o
                0x80000000                cy_meta_configecc

.cycustnvl      0x90000000        0x4
 *(.cycustnvl)
 .cycustnvl     0x90000000        0x4 .\CortexM3\ARM_GCC_541\Debug\cymetadata.o
                0x90000000                cy_meta_custnvl

.cywolatch      0x90100000        0x4
 *(.cywolatch)
 .cywolatch     0x90100000        0x4 .\CortexM3\ARM_GCC_541\Debug\cymetadata.o
                0x90100000                cy_meta_wonvl

.cyeeprom       0x90200000        0x0
 *(.cyeeprom)
                0x00000001                ASSERT ((. <= ((0x90200000 + ee_offset) + ee_size)), .cyeeprom data will not fit in EEPROM)

.cyflashprotect
                0x90400000      0x100
 *(.cyflashprotect)
 .cyflashprotect
                0x90400000      0x100 .\CortexM3\ARM_GCC_541\Debug\cymetadata.o
                0x90400000                cy_meta_flashprotect

.cymeta         0x90500000        0xc
 *(.cymeta)
 .cymeta        0x90500000        0xc .\CortexM3\ARM_GCC_541\Debug\cymetadata.o
                0x90500000                cy_metadata

.rel.dyn        0x00003f88        0x0 load address 0x9050000c
 .rel.iplt      0x00003f88        0x0 c:/program files (x86)/cypress/psoc creator/4.4/psoc creator/import/gnu/arm/5.4.1/bin/../lib/gcc/arm-none-eabi/5.4.1/armv7-m/crtbegin.o

.stab
 *(.stab)

.stabstr
 *(.stabstr)

.debug
 *(.debug)

.line
 *(.line)

.debug_srcinfo
 *(.debug_srcinfo)

.debug_sfnames
 *(.debug_sfnames)

.debug_aranges  0x00000000      0xf40
 *(.debug_aranges)
 .debug_aranges
                0x00000000       0x48 .\CortexM3\ARM_GCC_541\Debug\main.o
 .debug_aranges
                0x00000048       0x28 .\CortexM3\ARM_GCC_541\Debug\keypad.o
 .debug_aranges
                0x00000070       0x68 .\CortexM3\ARM_GCC_541\Debug\cyfitter_cfg.o
 .debug_aranges
                0x000000d8       0x18 .\CortexM3\ARM_GCC_541\Debug\cymetadata.o
 .debug_aranges
                0x000000f0       0x48 .\CortexM3\ARM_GCC_541\Debug\Cm3Start.o
 .debug_aranges
                0x00000138       0x38 .\CortexM3\ARM_GCC_541\Debug\NeverLose.a(SW1.o)
 .debug_aranges
                0x00000170       0x38 .\CortexM3\ARM_GCC_541\Debug\NeverLose.a(SW2.o)
 .debug_aranges
                0x000001a8       0x38 .\CortexM3\ARM_GCC_541\Debug\NeverLose.a(SW3.o)
 .debug_aranges
                0x000001e0       0x38 .\CortexM3\ARM_GCC_541\Debug\NeverLose.a(LED1.o)
 .debug_aranges
                0x00000218       0x38 .\CortexM3\ARM_GCC_541\Debug\NeverLose.a(LED2.o)
 .debug_aranges
                0x00000250       0x38 .\CortexM3\ARM_GCC_541\Debug\NeverLose.a(LED3.o)
 .debug_aranges
                0x00000288       0x38 .\CortexM3\ARM_GCC_541\Debug\NeverLose.a(LED4.o)
 .debug_aranges
                0x000002c0       0xe8 .\CortexM3\ARM_GCC_541\Debug\NeverLose.a(ADC.o)
 .debug_aranges
                0x000003a8       0x38 .\CortexM3\ARM_GCC_541\Debug\NeverLose.a(ADC_INT.o)
 .debug_aranges
                0x000003e0       0x98 .\CortexM3\ARM_GCC_541\Debug\NeverLose.a(LCD.o)
 .debug_aranges
                0x00000478       0xf0 .\CortexM3\ARM_GCC_541\Debug\NeverLose.a(UART.o)
 .debug_aranges
                0x00000568       0x30 .\CortexM3\ARM_GCC_541\Debug\NeverLose.a(ADC_AMux.o)
 .debug_aranges
                0x00000598       0x70 .\CortexM3\ARM_GCC_541\Debug\NeverLose.a(ADC_Ext_CP_Clk.o)
 .debug_aranges
                0x00000608       0x80 .\CortexM3\ARM_GCC_541\Debug\NeverLose.a(ADC_theACLK.o)
 .debug_aranges
                0x00000688       0x70 .\CortexM3\ARM_GCC_541\Debug\NeverLose.a(UART_IntClock.o)
 .debug_aranges
                0x000006f8      0x2a0 .\CortexM3\ARM_GCC_541\Debug\NeverLose.a(CyLib.o)
 .debug_aranges
                0x00000998       0x98 .\CortexM3\ARM_GCC_541\Debug\NeverLose.a(cyPm.o)
 .debug_aranges
                0x00000a30       0x58 .\CortexM3\ARM_GCC_541\Debug\NeverLose.a(DAC.o)
 .debug_aranges
                0x00000a88       0x98 .\CortexM3\ARM_GCC_541\Debug\NeverLose.a(PWM1.o)
 .debug_aranges
                0x00000b20       0x98 .\CortexM3\ARM_GCC_541\Debug\NeverLose.a(PWM2.o)
 .debug_aranges
                0x00000bb8       0x88 .\CortexM3\ARM_GCC_541\Debug\NeverLose.a(Timer.o)
 .debug_aranges
                0x00000c40       0x38 .\CortexM3\ARM_GCC_541\Debug\NeverLose.a(ROW0.o)
 .debug_aranges
                0x00000c78       0x38 .\CortexM3\ARM_GCC_541\Debug\NeverLose.a(ROW1.o)
 .debug_aranges
                0x00000cb0       0x38 .\CortexM3\ARM_GCC_541\Debug\NeverLose.a(ROW3.o)
 .debug_aranges
                0x00000ce8       0x38 .\CortexM3\ARM_GCC_541\Debug\NeverLose.a(COL1.o)
 .debug_aranges
                0x00000d20       0x38 .\CortexM3\ARM_GCC_541\Debug\NeverLose.a(COL2.o)
 .debug_aranges
                0x00000d58       0x38 .\CortexM3\ARM_GCC_541\Debug\NeverLose.a(COL3.o)
 .debug_aranges
                0x00000d90       0x88 .\CortexM3\ARM_GCC_541\Debug\NeverLose.a(Timer_DAC.o)
 .debug_aranges
                0x00000e18       0x20 .\CortexM3\ARM_GCC_541\Debug\NeverLose.a(CyBootAsmGnu.o)
 .debug_aranges
                0x00000e38       0x88 .\CortexM3\ARM_GCC_541\Debug\NeverLose.a(CyFlash.o)
 .debug_aranges
                0x00000ec0       0x80 .\CortexM3\ARM_GCC_541\Debug\NeverLose.a(CySpc.o)

.debug_pubnames
 *(.debug_pubnames)

.debug_info     0x00000000     0x7fc1
 *(.debug_info .gnu.linkonce.wi.*)
 .debug_info    0x00000000      0x9b9 .\CortexM3\ARM_GCC_541\Debug\main.o
 .debug_info    0x000009b9      0x1e9 .\CortexM3\ARM_GCC_541\Debug\keypad.o
 .debug_info    0x00000ba2      0x60d .\CortexM3\ARM_GCC_541\Debug\cyfitter_cfg.o
 .debug_info    0x000011af      0x138 .\CortexM3\ARM_GCC_541\Debug\cymetadata.o
 .debug_info    0x000012e7      0x3bb .\CortexM3\ARM_GCC_541\Debug\Cm3Start.o
 .debug_info    0x000016a2      0x11f .\CortexM3\ARM_GCC_541\Debug\NeverLose.a(SW1.o)
 .debug_info    0x000017c1      0x11f .\CortexM3\ARM_GCC_541\Debug\NeverLose.a(SW2.o)
 .debug_info    0x000018e0      0x11f .\CortexM3\ARM_GCC_541\Debug\NeverLose.a(SW3.o)
 .debug_info    0x000019ff      0x11f .\CortexM3\ARM_GCC_541\Debug\NeverLose.a(LED1.o)
 .debug_info    0x00001b1e      0x11f .\CortexM3\ARM_GCC_541\Debug\NeverLose.a(LED2.o)
 .debug_info    0x00001c3d      0x11f .\CortexM3\ARM_GCC_541\Debug\NeverLose.a(LED3.o)
 .debug_info    0x00001d5c      0x11f .\CortexM3\ARM_GCC_541\Debug\NeverLose.a(LED4.o)
 .debug_info    0x00001e7b      0xbed .\CortexM3\ARM_GCC_541\Debug\NeverLose.a(ADC.o)
 .debug_info    0x00002a68       0xd3 .\CortexM3\ARM_GCC_541\Debug\NeverLose.a(ADC_INT.o)
 .debug_info    0x00002b3b      0x715 .\CortexM3\ARM_GCC_541\Debug\NeverLose.a(LCD.o)
 .debug_info    0x00003250      0x60c .\CortexM3\ARM_GCC_541\Debug\NeverLose.a(UART.o)
 .debug_info    0x0000385c      0x165 .\CortexM3\ARM_GCC_541\Debug\NeverLose.a(ADC_AMux.o)
 .debug_info    0x000039c1      0x283 .\CortexM3\ARM_GCC_541\Debug\NeverLose.a(ADC_Ext_CP_Clk.o)
 .debug_info    0x00003c44      0x2c4 .\CortexM3\ARM_GCC_541\Debug\NeverLose.a(ADC_theACLK.o)
 .debug_info    0x00003f08      0x283 .\CortexM3\ARM_GCC_541\Debug\NeverLose.a(UART_IntClock.o)
 .debug_info    0x0000418b     0x1374 .\CortexM3\ARM_GCC_541\Debug\NeverLose.a(CyLib.o)
 .debug_info    0x000054ff      0xa2a .\CortexM3\ARM_GCC_541\Debug\NeverLose.a(cyPm.o)
 .debug_info    0x00005f29      0x1e0 .\CortexM3\ARM_GCC_541\Debug\NeverLose.a(DAC.o)
 .debug_info    0x00006109      0x354 .\CortexM3\ARM_GCC_541\Debug\NeverLose.a(PWM1.o)
 .debug_info    0x0000645d      0x354 .\CortexM3\ARM_GCC_541\Debug\NeverLose.a(PWM2.o)
 .debug_info    0x000067b1      0x295 .\CortexM3\ARM_GCC_541\Debug\NeverLose.a(Timer.o)
 .debug_info    0x00006a46      0x11f .\CortexM3\ARM_GCC_541\Debug\NeverLose.a(ROW0.o)
 .debug_info    0x00006b65      0x11f .\CortexM3\ARM_GCC_541\Debug\NeverLose.a(ROW1.o)
 .debug_info    0x00006c84      0x11f .\CortexM3\ARM_GCC_541\Debug\NeverLose.a(ROW3.o)
 .debug_info    0x00006da3      0x11f .\CortexM3\ARM_GCC_541\Debug\NeverLose.a(COL1.o)
 .debug_info    0x00006ec2      0x11f .\CortexM3\ARM_GCC_541\Debug\NeverLose.a(COL2.o)
 .debug_info    0x00006fe1      0x11f .\CortexM3\ARM_GCC_541\Debug\NeverLose.a(COL3.o)
 .debug_info    0x00007100      0x293 .\CortexM3\ARM_GCC_541\Debug\NeverLose.a(Timer_DAC.o)
 .debug_info    0x00007393       0x91 .\CortexM3\ARM_GCC_541\Debug\NeverLose.a(CyBootAsmGnu.o)
 .debug_info    0x00007424      0x64d .\CortexM3\ARM_GCC_541\Debug\NeverLose.a(CyFlash.o)
 .debug_info    0x00007a71      0x550 .\CortexM3\ARM_GCC_541\Debug\NeverLose.a(CySpc.o)

.debug_abbrev   0x00000000     0x24b1
 *(.debug_abbrev)
 .debug_abbrev  0x00000000      0x203 .\CortexM3\ARM_GCC_541\Debug\main.o
 .debug_abbrev  0x00000203       0xc5 .\CortexM3\ARM_GCC_541\Debug\keypad.o
 .debug_abbrev  0x000002c8      0x21e .\CortexM3\ARM_GCC_541\Debug\cyfitter_cfg.o
 .debug_abbrev  0x000004e6       0x77 .\CortexM3\ARM_GCC_541\Debug\cymetadata.o
 .debug_abbrev  0x0000055d      0x1e8 .\CortexM3\ARM_GCC_541\Debug\Cm3Start.o
 .debug_abbrev  0x00000745       0x90 .\CortexM3\ARM_GCC_541\Debug\NeverLose.a(SW1.o)
 .debug_abbrev  0x000007d5       0x90 .\CortexM3\ARM_GCC_541\Debug\NeverLose.a(SW2.o)
 .debug_abbrev  0x00000865       0x90 .\CortexM3\ARM_GCC_541\Debug\NeverLose.a(SW3.o)
 .debug_abbrev  0x000008f5       0x90 .\CortexM3\ARM_GCC_541\Debug\NeverLose.a(LED1.o)
 .debug_abbrev  0x00000985       0x90 .\CortexM3\ARM_GCC_541\Debug\NeverLose.a(LED2.o)
 .debug_abbrev  0x00000a15       0x90 .\CortexM3\ARM_GCC_541\Debug\NeverLose.a(LED3.o)
 .debug_abbrev  0x00000aa5       0x90 .\CortexM3\ARM_GCC_541\Debug\NeverLose.a(LED4.o)
 .debug_abbrev  0x00000b35      0x1eb .\CortexM3\ARM_GCC_541\Debug\NeverLose.a(ADC.o)
 .debug_abbrev  0x00000d20       0x42 .\CortexM3\ARM_GCC_541\Debug\NeverLose.a(ADC_INT.o)
 .debug_abbrev  0x00000d62      0x157 .\CortexM3\ARM_GCC_541\Debug\NeverLose.a(LCD.o)
 .debug_abbrev  0x00000eb9      0x175 .\CortexM3\ARM_GCC_541\Debug\NeverLose.a(UART.o)
 .debug_abbrev  0x0000102e       0xb1 .\CortexM3\ARM_GCC_541\Debug\NeverLose.a(ADC_AMux.o)
 .debug_abbrev  0x000010df      0x139 .\CortexM3\ARM_GCC_541\Debug\NeverLose.a(ADC_Ext_CP_Clk.o)
 .debug_abbrev  0x00001218      0x121 .\CortexM3\ARM_GCC_541\Debug\NeverLose.a(ADC_theACLK.o)
 .debug_abbrev  0x00001339      0x139 .\CortexM3\ARM_GCC_541\Debug\NeverLose.a(UART_IntClock.o)
 .debug_abbrev  0x00001472      0x254 .\CortexM3\ARM_GCC_541\Debug\NeverLose.a(CyLib.o)
 .debug_abbrev  0x000016c6      0x1ab .\CortexM3\ARM_GCC_541\Debug\NeverLose.a(cyPm.o)
 .debug_abbrev  0x00001871       0xf7 .\CortexM3\ARM_GCC_541\Debug\NeverLose.a(DAC.o)
 .debug_abbrev  0x00001968      0x133 .\CortexM3\ARM_GCC_541\Debug\NeverLose.a(PWM1.o)
 .debug_abbrev  0x00001a9b      0x133 .\CortexM3\ARM_GCC_541\Debug\NeverLose.a(PWM2.o)
 .debug_abbrev  0x00001bce      0x11a .\CortexM3\ARM_GCC_541\Debug\NeverLose.a(Timer.o)
 .debug_abbrev  0x00001ce8       0x90 .\CortexM3\ARM_GCC_541\Debug\NeverLose.a(ROW0.o)
 .debug_abbrev  0x00001d78       0x90 .\CortexM3\ARM_GCC_541\Debug\NeverLose.a(ROW1.o)
 .debug_abbrev  0x00001e08       0x90 .\CortexM3\ARM_GCC_541\Debug\NeverLose.a(ROW3.o)
 .debug_abbrev  0x00001e98       0x90 .\CortexM3\ARM_GCC_541\Debug\NeverLose.a(COL1.o)
 .debug_abbrev  0x00001f28       0x90 .\CortexM3\ARM_GCC_541\Debug\NeverLose.a(COL2.o)
 .debug_abbrev  0x00001fb8       0x90 .\CortexM3\ARM_GCC_541\Debug\NeverLose.a(COL3.o)
 .debug_abbrev  0x00002048      0x11a .\CortexM3\ARM_GCC_541\Debug\NeverLose.a(Timer_DAC.o)
 .debug_abbrev  0x00002162       0x14 .\CortexM3\ARM_GCC_541\Debug\NeverLose.a(CyBootAsmGnu.o)
 .debug_abbrev  0x00002176      0x1a7 .\CortexM3\ARM_GCC_541\Debug\NeverLose.a(CyFlash.o)
 .debug_abbrev  0x0000231d      0x194 .\CortexM3\ARM_GCC_541\Debug\NeverLose.a(CySpc.o)

.debug_line     0x00000000     0x370d
 *(.debug_line)
 .debug_line    0x00000000      0x36c .\CortexM3\ARM_GCC_541\Debug\main.o
 .debug_line    0x0000036c      0x1b5 .\CortexM3\ARM_GCC_541\Debug\keypad.o
 .debug_line    0x00000521      0x20d .\CortexM3\ARM_GCC_541\Debug\cyfitter_cfg.o
 .debug_line    0x0000072e      0x141 .\CortexM3\ARM_GCC_541\Debug\cymetadata.o
 .debug_line    0x0000086f      0x234 .\CortexM3\ARM_GCC_541\Debug\Cm3Start.o
 .debug_line    0x00000aa3       0x90 .\CortexM3\ARM_GCC_541\Debug\NeverLose.a(SW1.o)
 .debug_line    0x00000b33       0x90 .\CortexM3\ARM_GCC_541\Debug\NeverLose.a(SW2.o)
 .debug_line    0x00000bc3       0x90 .\CortexM3\ARM_GCC_541\Debug\NeverLose.a(SW3.o)
 .debug_line    0x00000c53       0x91 .\CortexM3\ARM_GCC_541\Debug\NeverLose.a(LED1.o)
 .debug_line    0x00000ce4       0x91 .\CortexM3\ARM_GCC_541\Debug\NeverLose.a(LED2.o)
 .debug_line    0x00000d75       0x91 .\CortexM3\ARM_GCC_541\Debug\NeverLose.a(LED3.o)
 .debug_line    0x00000e06       0x91 .\CortexM3\ARM_GCC_541\Debug\NeverLose.a(LED4.o)
 .debug_line    0x00000e97      0x3c1 .\CortexM3\ARM_GCC_541\Debug\NeverLose.a(ADC.o)
 .debug_line    0x00001258       0x80 .\CortexM3\ARM_GCC_541\Debug\NeverLose.a(ADC_INT.o)
 .debug_line    0x000012d8      0x1dc .\CortexM3\ARM_GCC_541\Debug\NeverLose.a(LCD.o)
 .debug_line    0x000014b4      0x2bc .\CortexM3\ARM_GCC_541\Debug\NeverLose.a(UART.o)
 .debug_line    0x00001770       0xac .\CortexM3\ARM_GCC_541\Debug\NeverLose.a(ADC_AMux.o)
 .debug_line    0x0000181c      0x17d .\CortexM3\ARM_GCC_541\Debug\NeverLose.a(ADC_Ext_CP_Clk.o)
 .debug_line    0x00001999      0x19d .\CortexM3\ARM_GCC_541\Debug\NeverLose.a(ADC_theACLK.o)
 .debug_line    0x00001b36      0x17c .\CortexM3\ARM_GCC_541\Debug\NeverLose.a(UART_IntClock.o)
 .debug_line    0x00001cb2      0x816 .\CortexM3\ARM_GCC_541\Debug\NeverLose.a(CyLib.o)
 .debug_line    0x000024c8      0x367 .\CortexM3\ARM_GCC_541\Debug\NeverLose.a(cyPm.o)
 .debug_line    0x0000282f       0xe0 .\CortexM3\ARM_GCC_541\Debug\NeverLose.a(DAC.o)
 .debug_line    0x0000290f      0x187 .\CortexM3\ARM_GCC_541\Debug\NeverLose.a(PWM1.o)
 .debug_line    0x00002a96      0x187 .\CortexM3\ARM_GCC_541\Debug\NeverLose.a(PWM2.o)
 .debug_line    0x00002c1d      0x153 .\CortexM3\ARM_GCC_541\Debug\NeverLose.a(Timer.o)
 .debug_line    0x00002d70       0x91 .\CortexM3\ARM_GCC_541\Debug\NeverLose.a(ROW0.o)
 .debug_line    0x00002e01       0x91 .\CortexM3\ARM_GCC_541\Debug\NeverLose.a(ROW1.o)
 .debug_line    0x00002e92       0x91 .\CortexM3\ARM_GCC_541\Debug\NeverLose.a(ROW3.o)
 .debug_line    0x00002f23       0x91 .\CortexM3\ARM_GCC_541\Debug\NeverLose.a(COL1.o)
 .debug_line    0x00002fb4       0x91 .\CortexM3\ARM_GCC_541\Debug\NeverLose.a(COL2.o)
 .debug_line    0x00003045       0x91 .\CortexM3\ARM_GCC_541\Debug\NeverLose.a(COL3.o)
 .debug_line    0x000030d6      0x157 .\CortexM3\ARM_GCC_541\Debug\NeverLose.a(Timer_DAC.o)
 .debug_line    0x0000322d       0x66 .\CortexM3\ARM_GCC_541\Debug\NeverLose.a(CyBootAsmGnu.o)
 .debug_line    0x00003293      0x21a .\CortexM3\ARM_GCC_541\Debug\NeverLose.a(CyFlash.o)
 .debug_line    0x000034ad      0x260 .\CortexM3\ARM_GCC_541\Debug\NeverLose.a(CySpc.o)

.debug_frame    0x00000000     0x2540
 *(.debug_frame)
 .debug_frame   0x00000000       0xc8 .\CortexM3\ARM_GCC_541\Debug\main.o
 .debug_frame   0x000000c8       0x48 .\CortexM3\ARM_GCC_541\Debug\keypad.o
 .debug_frame   0x00000110      0x104 .\CortexM3\ARM_GCC_541\Debug\cyfitter_cfg.o
 .debug_frame   0x00000214       0xb8 .\CortexM3\ARM_GCC_541\Debug\Cm3Start.o
 .debug_frame   0x000002cc       0x50 .\CortexM3\ARM_GCC_541\Debug\NeverLose.a(SW1.o)
 .debug_frame   0x0000031c       0x50 .\CortexM3\ARM_GCC_541\Debug\NeverLose.a(SW2.o)
 .debug_frame   0x0000036c       0x50 .\CortexM3\ARM_GCC_541\Debug\NeverLose.a(SW3.o)
 .debug_frame   0x000003bc       0x50 .\CortexM3\ARM_GCC_541\Debug\NeverLose.a(LED1.o)
 .debug_frame   0x0000040c       0x50 .\CortexM3\ARM_GCC_541\Debug\NeverLose.a(LED2.o)
 .debug_frame   0x0000045c       0x50 .\CortexM3\ARM_GCC_541\Debug\NeverLose.a(LED3.o)
 .debug_frame   0x000004ac       0x50 .\CortexM3\ARM_GCC_541\Debug\NeverLose.a(LED4.o)
 .debug_frame   0x000004fc      0x284 .\CortexM3\ARM_GCC_541\Debug\NeverLose.a(ADC.o)
 .debug_frame   0x00000780       0x50 .\CortexM3\ARM_GCC_541\Debug\NeverLose.a(ADC_INT.o)
 .debug_frame   0x000007d0      0x1e8 .\CortexM3\ARM_GCC_541\Debug\NeverLose.a(LCD.o)
 .debug_frame   0x000009b8      0x250 .\CortexM3\ARM_GCC_541\Debug\NeverLose.a(UART.o)
 .debug_frame   0x00000c08       0x64 .\CortexM3\ARM_GCC_541\Debug\NeverLose.a(ADC_AMux.o)
 .debug_frame   0x00000c6c       0xe0 .\CortexM3\ARM_GCC_541\Debug\NeverLose.a(ADC_Ext_CP_Clk.o)
 .debug_frame   0x00000d4c      0x100 .\CortexM3\ARM_GCC_541\Debug\NeverLose.a(ADC_theACLK.o)
 .debug_frame   0x00000e4c       0xe0 .\CortexM3\ARM_GCC_541\Debug\NeverLose.a(UART_IntClock.o)
 .debug_frame   0x00000f2c      0x738 .\CortexM3\ARM_GCC_541\Debug\NeverLose.a(CyLib.o)
 .debug_frame   0x00001664      0x1f8 .\CortexM3\ARM_GCC_541\Debug\NeverLose.a(cyPm.o)
 .debug_frame   0x0000185c       0xb4 .\CortexM3\ARM_GCC_541\Debug\NeverLose.a(DAC.o)
 .debug_frame   0x00001910      0x134 .\CortexM3\ARM_GCC_541\Debug\NeverLose.a(PWM1.o)
 .debug_frame   0x00001a44      0x134 .\CortexM3\ARM_GCC_541\Debug\NeverLose.a(PWM2.o)
 .debug_frame   0x00001b78      0x108 .\CortexM3\ARM_GCC_541\Debug\NeverLose.a(Timer.o)
 .debug_frame   0x00001c80       0x50 .\CortexM3\ARM_GCC_541\Debug\NeverLose.a(ROW0.o)
 .debug_frame   0x00001cd0       0x50 .\CortexM3\ARM_GCC_541\Debug\NeverLose.a(ROW1.o)
 .debug_frame   0x00001d20       0x50 .\CortexM3\ARM_GCC_541\Debug\NeverLose.a(ROW3.o)
 .debug_frame   0x00001d70       0x50 .\CortexM3\ARM_GCC_541\Debug\NeverLose.a(COL1.o)
 .debug_frame   0x00001dc0       0x50 .\CortexM3\ARM_GCC_541\Debug\NeverLose.a(COL2.o)
 .debug_frame   0x00001e10       0x50 .\CortexM3\ARM_GCC_541\Debug\NeverLose.a(COL3.o)
 .debug_frame   0x00001e60      0x108 .\CortexM3\ARM_GCC_541\Debug\NeverLose.a(Timer_DAC.o)
 .debug_frame   0x00001f68      0x194 .\CortexM3\ARM_GCC_541\Debug\NeverLose.a(CyFlash.o)
 .debug_frame   0x000020fc      0x180 .\CortexM3\ARM_GCC_541\Debug\NeverLose.a(CySpc.o)
 .debug_frame   0x0000227c       0x38 c:/program files (x86)/cypress/psoc creator/4.4/psoc creator/import/gnu/arm/5.4.1/bin/../lib/gcc/arm-none-eabi/5.4.1/../../../../arm-none-eabi/lib/armv7-m\libm.a(lib_a-s_sin.o)
 .debug_frame   0x000022b4       0x48 c:/program files (x86)/cypress/psoc creator/4.4/psoc creator/import/gnu/arm/5.4.1/bin/../lib/gcc/arm-none-eabi/5.4.1/../../../../arm-none-eabi/lib/armv7-m\libm.a(lib_a-e_rem_pio2.o)
 .debug_frame   0x000022fc       0x4c c:/program files (x86)/cypress/psoc creator/4.4/psoc creator/import/gnu/arm/5.4.1/bin/../lib/gcc/arm-none-eabi/5.4.1/../../../../arm-none-eabi/lib/armv7-m\libm.a(lib_a-k_cos.o)
 .debug_frame   0x00002348       0x50 c:/program files (x86)/cypress/psoc creator/4.4/psoc creator/import/gnu/arm/5.4.1/bin/../lib/gcc/arm-none-eabi/5.4.1/../../../../arm-none-eabi/lib/armv7-m\libm.a(lib_a-k_rem_pio2.o)
 .debug_frame   0x00002398       0x48 c:/program files (x86)/cypress/psoc creator/4.4/psoc creator/import/gnu/arm/5.4.1/bin/../lib/gcc/arm-none-eabi/5.4.1/../../../../arm-none-eabi/lib/armv7-m\libm.a(lib_a-k_sin.o)
 .debug_frame   0x000023e0       0x20 c:/program files (x86)/cypress/psoc creator/4.4/psoc creator/import/gnu/arm/5.4.1/bin/../lib/gcc/arm-none-eabi/5.4.1/../../../../arm-none-eabi/lib/armv7-m\libm.a(lib_a-s_fabs.o)
 .debug_frame   0x00002400       0x34 c:/program files (x86)/cypress/psoc creator/4.4/psoc creator/import/gnu/arm/5.4.1/bin/../lib/gcc/arm-none-eabi/5.4.1/../../../../arm-none-eabi/lib/armv7-m\libm.a(lib_a-s_floor.o)
 .debug_frame   0x00002434       0x30 c:/program files (x86)/cypress/psoc creator/4.4/psoc creator/import/gnu/arm/5.4.1/bin/../lib/gcc/arm-none-eabi/5.4.1/../../../../arm-none-eabi/lib/armv7-m\libm.a(lib_a-s_scalbn.o)
 .debug_frame   0x00002464       0x20 c:/program files (x86)/cypress/psoc creator/4.4/psoc creator/import/gnu/arm/5.4.1/bin/../lib/gcc/arm-none-eabi/5.4.1/../../../../arm-none-eabi/lib/armv7-m\libm.a(lib_a-s_copysign.o)
 .debug_frame   0x00002484       0x20 c:/program files (x86)/cypress/psoc creator/4.4/psoc creator/import/gnu/arm/5.4.1/bin/../lib/gcc/arm-none-eabi/5.4.1/../../../../arm-none-eabi/lib/armv7-m\libg_nano.a(lib_a-errno.o)
 .debug_frame   0x000024a4       0x28 c:/program files (x86)/cypress/psoc creator/4.4/psoc creator/import/gnu/arm/5.4.1/bin/../lib/gcc/arm-none-eabi/5.4.1/../../../../arm-none-eabi/lib/armv7-m\libg_nano.a(lib_a-exit.o)
 .debug_frame   0x000024cc       0x2c c:/program files (x86)/cypress/psoc creator/4.4/psoc creator/import/gnu/arm/5.4.1/bin/../lib/gcc/arm-none-eabi/5.4.1/../../../../arm-none-eabi/lib/armv7-m\libg_nano.a(lib_a-init.o)
 .debug_frame   0x000024f8       0x28 c:/program files (x86)/cypress/psoc creator/4.4/psoc creator/import/gnu/arm/5.4.1/bin/../lib/gcc/arm-none-eabi/5.4.1/../../../../arm-none-eabi/lib/armv7-m\libg_nano.a(lib_a-memcpy-stub.o)
 .debug_frame   0x00002520       0x20 c:/program files (x86)/cypress/psoc creator/4.4/psoc creator/import/gnu/arm/5.4.1/bin/../lib/gcc/arm-none-eabi/5.4.1/../../../../arm-none-eabi/lib/armv7-m\libg_nano.a(lib_a-memset.o)

.debug_str      0x00000000     0x2a47
 *(.debug_str)
 .debug_str     0x00000000      0x426 .\CortexM3\ARM_GCC_541\Debug\main.o
                                0x49e (size before relaxing)
 .debug_str     0x00000426       0x48 .\CortexM3\ARM_GCC_541\Debug\keypad.o
                                0x20b (size before relaxing)
 .debug_str     0x0000046e      0x1ba .\CortexM3\ARM_GCC_541\Debug\cyfitter_cfg.o
                                0x35c (size before relaxing)
 .debug_str     0x00000628       0x75 .\CortexM3\ARM_GCC_541\Debug\cymetadata.o
                                0x1e5 (size before relaxing)
 .debug_str     0x0000069d      0x144 .\CortexM3\ARM_GCC_541\Debug\Cm3Start.o
                                0x30b (size before relaxing)
 .debug_str     0x000007e1       0x58 .\CortexM3\ARM_GCC_541\Debug\NeverLose.a(SW1.o)
                                0x1d9 (size before relaxing)
 .debug_str     0x00000839       0x48 .\CortexM3\ARM_GCC_541\Debug\NeverLose.a(SW2.o)
                                0x1d9 (size before relaxing)
 .debug_str     0x00000881       0x48 .\CortexM3\ARM_GCC_541\Debug\NeverLose.a(SW3.o)
                                0x1d9 (size before relaxing)
 .debug_str     0x000008c9       0x4b .\CortexM3\ARM_GCC_541\Debug\NeverLose.a(LED1.o)
                                0x1de (size before relaxing)
 .debug_str     0x00000914       0x4b .\CortexM3\ARM_GCC_541\Debug\NeverLose.a(LED2.o)
                                0x1de (size before relaxing)
 .debug_str     0x0000095f       0x4b .\CortexM3\ARM_GCC_541\Debug\NeverLose.a(LED3.o)
                                0x1de (size before relaxing)
 .debug_str     0x000009aa       0x4b .\CortexM3\ARM_GCC_541\Debug\NeverLose.a(LED4.o)
                                0x1de (size before relaxing)
 .debug_str     0x000009f5      0x39e .\CortexM3\ARM_GCC_541\Debug\NeverLose.a(ADC.o)
                                0x5ca (size before relaxing)
 .debug_str     0x00000d93       0x45 .\CortexM3\ARM_GCC_541\Debug\NeverLose.a(ADC_INT.o)
                                0x1c1 (size before relaxing)
 .debug_str     0x00000dd8      0x134 .\CortexM3\ARM_GCC_541\Debug\NeverLose.a(LCD.o)
                                0x32c (size before relaxing)
 .debug_str     0x00000f0c      0x26f .\CortexM3\ARM_GCC_541\Debug\NeverLose.a(UART.o)
                                0x476 (size before relaxing)
 .debug_str     0x0000117b       0x5f .\CortexM3\ARM_GCC_541\Debug\NeverLose.a(ADC_AMux.o)
                                0x200 (size before relaxing)
 .debug_str     0x000011da      0x173 .\CortexM3\ARM_GCC_541\Debug\NeverLose.a(ADC_Ext_CP_Clk.o)
                                0x343 (size before relaxing)
 .debug_str     0x0000134d      0x14f .\CortexM3\ARM_GCC_541\Debug\NeverLose.a(ADC_theACLK.o)
                                0x362 (size before relaxing)
 .debug_str     0x0000149c      0x138 .\CortexM3\ARM_GCC_541\Debug\NeverLose.a(UART_IntClock.o)
                                0x337 (size before relaxing)
 .debug_str     0x000015d4      0x7cc .\CortexM3\ARM_GCC_541\Debug\NeverLose.a(CyLib.o)
                                0xa48 (size before relaxing)
 .debug_str     0x00001da0      0x365 .\CortexM3\ARM_GCC_541\Debug\NeverLose.a(cyPm.o)
                                0x734 (size before relaxing)
 .debug_str     0x00002105       0x4f .\CortexM3\ARM_GCC_541\Debug\NeverLose.a(DAC.o)
                                0x20c (size before relaxing)
 .debug_str     0x00002154      0x147 .\CortexM3\ARM_GCC_541\Debug\NeverLose.a(PWM1.o)
                                0x34c (size before relaxing)
 .debug_str     0x0000229b      0x124 .\CortexM3\ARM_GCC_541\Debug\NeverLose.a(PWM2.o)
                                0x34c (size before relaxing)
 .debug_str     0x000023bf      0x118 .\CortexM3\ARM_GCC_541\Debug\NeverLose.a(Timer.o)
                                0x2f6 (size before relaxing)
 .debug_str     0x000024d7       0x4c .\CortexM3\ARM_GCC_541\Debug\NeverLose.a(ROW0.o)
                                0x1de (size before relaxing)
 .debug_str     0x00002523       0x4c .\CortexM3\ARM_GCC_541\Debug\NeverLose.a(ROW1.o)
                                0x1de (size before relaxing)
 .debug_str     0x0000256f       0x4c .\CortexM3\ARM_GCC_541\Debug\NeverLose.a(ROW3.o)
                                0x1de (size before relaxing)
 .debug_str     0x000025bb       0x4b .\CortexM3\ARM_GCC_541\Debug\NeverLose.a(COL1.o)
                                0x1de (size before relaxing)
 .debug_str     0x00002606       0x4b .\CortexM3\ARM_GCC_541\Debug\NeverLose.a(COL2.o)
                                0x1de (size before relaxing)
 .debug_str     0x00002651       0x4b .\CortexM3\ARM_GCC_541\Debug\NeverLose.a(COL3.o)
                                0x1de (size before relaxing)
 .debug_str     0x0000269c      0x144 .\CortexM3\ARM_GCC_541\Debug\NeverLose.a(Timer_DAC.o)
                                0x336 (size before relaxing)
 .debug_str     0x000027e0      0x1bb .\CortexM3\ARM_GCC_541\Debug\NeverLose.a(CyFlash.o)
                                0x3c1 (size before relaxing)
 .debug_str     0x0000299b       0xac .\CortexM3\ARM_GCC_541\Debug\NeverLose.a(CySpc.o)
                                0x339 (size before relaxing)

.debug_loc      0x00000000     0x31a5
 *(.debug_loc)
 .debug_loc     0x00000000      0x2d5 .\CortexM3\ARM_GCC_541\Debug\main.o
 .debug_loc     0x000002d5      0x219 .\CortexM3\ARM_GCC_541\Debug\cyfitter_cfg.o
 .debug_loc     0x000004ee      0x144 .\CortexM3\ARM_GCC_541\Debug\Cm3Start.o
 .debug_loc     0x00000632       0x42 .\CortexM3\ARM_GCC_541\Debug\NeverLose.a(SW1.o)
 .debug_loc     0x00000674       0x42 .\CortexM3\ARM_GCC_541\Debug\NeverLose.a(SW2.o)
 .debug_loc     0x000006b6       0x42 .\CortexM3\ARM_GCC_541\Debug\NeverLose.a(SW3.o)
 .debug_loc     0x000006f8       0x42 .\CortexM3\ARM_GCC_541\Debug\NeverLose.a(LED1.o)
 .debug_loc     0x0000073a       0x42 .\CortexM3\ARM_GCC_541\Debug\NeverLose.a(LED2.o)
 .debug_loc     0x0000077c       0x42 .\CortexM3\ARM_GCC_541\Debug\NeverLose.a(LED3.o)
 .debug_loc     0x000007be       0x42 .\CortexM3\ARM_GCC_541\Debug\NeverLose.a(LED4.o)
 .debug_loc     0x00000800      0x681 .\CortexM3\ARM_GCC_541\Debug\NeverLose.a(ADC.o)
 .debug_loc     0x00000e81      0x3c6 .\CortexM3\ARM_GCC_541\Debug\NeverLose.a(LCD.o)
 .debug_loc     0x00001247      0x258 .\CortexM3\ARM_GCC_541\Debug\NeverLose.a(UART.o)
 .debug_loc     0x0000149f       0x6c .\CortexM3\ARM_GCC_541\Debug\NeverLose.a(ADC_AMux.o)
 .debug_loc     0x0000150b      0x128 .\CortexM3\ARM_GCC_541\Debug\NeverLose.a(ADC_Ext_CP_Clk.o)
 .debug_loc     0x00001633      0x14d .\CortexM3\ARM_GCC_541\Debug\NeverLose.a(ADC_theACLK.o)
 .debug_loc     0x00001780      0x128 .\CortexM3\ARM_GCC_541\Debug\NeverLose.a(UART_IntClock.o)
 .debug_loc     0x000018a8      0xa11 .\CortexM3\ARM_GCC_541\Debug\NeverLose.a(CyLib.o)
 .debug_loc     0x000022b9      0x1e4 .\CortexM3\ARM_GCC_541\Debug\NeverLose.a(cyPm.o)
 .debug_loc     0x0000249d       0x79 .\CortexM3\ARM_GCC_541\Debug\NeverLose.a(DAC.o)
 .debug_loc     0x00002516       0x26 .\CortexM3\ARM_GCC_541\Debug\NeverLose.a(PWM1.o)
 .debug_loc     0x0000253c       0x26 .\CortexM3\ARM_GCC_541\Debug\NeverLose.a(PWM2.o)
 .debug_loc     0x00002562       0x42 .\CortexM3\ARM_GCC_541\Debug\NeverLose.a(ROW0.o)
 .debug_loc     0x000025a4       0x42 .\CortexM3\ARM_GCC_541\Debug\NeverLose.a(ROW1.o)
 .debug_loc     0x000025e6       0x42 .\CortexM3\ARM_GCC_541\Debug\NeverLose.a(ROW3.o)
 .debug_loc     0x00002628       0x42 .\CortexM3\ARM_GCC_541\Debug\NeverLose.a(COL1.o)
 .debug_loc     0x0000266a       0x42 .\CortexM3\ARM_GCC_541\Debug\NeverLose.a(COL2.o)
 .debug_loc     0x000026ac       0x42 .\CortexM3\ARM_GCC_541\Debug\NeverLose.a(COL3.o)
 .debug_loc     0x000026ee      0x3b2 .\CortexM3\ARM_GCC_541\Debug\NeverLose.a(CyFlash.o)
 .debug_loc     0x00002aa0      0x705 .\CortexM3\ARM_GCC_541\Debug\NeverLose.a(CySpc.o)

.debug_macinfo
 *(.debug_macinfo)

.debug_ranges   0x00000000      0xce8
 *(.debug_ranges)
 .debug_ranges  0x00000000       0x38 .\CortexM3\ARM_GCC_541\Debug\main.o
 .debug_ranges  0x00000038       0x18 .\CortexM3\ARM_GCC_541\Debug\keypad.o
 .debug_ranges  0x00000050       0x58 .\CortexM3\ARM_GCC_541\Debug\cyfitter_cfg.o
 .debug_ranges  0x000000a8       0x38 .\CortexM3\ARM_GCC_541\Debug\Cm3Start.o
 .debug_ranges  0x000000e0       0x28 .\CortexM3\ARM_GCC_541\Debug\NeverLose.a(SW1.o)
 .debug_ranges  0x00000108       0x28 .\CortexM3\ARM_GCC_541\Debug\NeverLose.a(SW2.o)
 .debug_ranges  0x00000130       0x28 .\CortexM3\ARM_GCC_541\Debug\NeverLose.a(SW3.o)
 .debug_ranges  0x00000158       0x28 .\CortexM3\ARM_GCC_541\Debug\NeverLose.a(LED1.o)
 .debug_ranges  0x00000180       0x28 .\CortexM3\ARM_GCC_541\Debug\NeverLose.a(LED2.o)
 .debug_ranges  0x000001a8       0x28 .\CortexM3\ARM_GCC_541\Debug\NeverLose.a(LED3.o)
 .debug_ranges  0x000001d0       0x28 .\CortexM3\ARM_GCC_541\Debug\NeverLose.a(LED4.o)
 .debug_ranges  0x000001f8       0xd8 .\CortexM3\ARM_GCC_541\Debug\NeverLose.a(ADC.o)
 .debug_ranges  0x000002d0       0x28 .\CortexM3\ARM_GCC_541\Debug\NeverLose.a(ADC_INT.o)
 .debug_ranges  0x000002f8       0x88 .\CortexM3\ARM_GCC_541\Debug\NeverLose.a(LCD.o)
 .debug_ranges  0x00000380       0xe0 .\CortexM3\ARM_GCC_541\Debug\NeverLose.a(UART.o)
 .debug_ranges  0x00000460       0x20 .\CortexM3\ARM_GCC_541\Debug\NeverLose.a(ADC_AMux.o)
 .debug_ranges  0x00000480       0x60 .\CortexM3\ARM_GCC_541\Debug\NeverLose.a(ADC_Ext_CP_Clk.o)
 .debug_ranges  0x000004e0       0x70 .\CortexM3\ARM_GCC_541\Debug\NeverLose.a(ADC_theACLK.o)
 .debug_ranges  0x00000550       0x60 .\CortexM3\ARM_GCC_541\Debug\NeverLose.a(UART_IntClock.o)
 .debug_ranges  0x000005b0      0x290 .\CortexM3\ARM_GCC_541\Debug\NeverLose.a(CyLib.o)
 .debug_ranges  0x00000840       0x88 .\CortexM3\ARM_GCC_541\Debug\NeverLose.a(cyPm.o)
 .debug_ranges  0x000008c8       0x48 .\CortexM3\ARM_GCC_541\Debug\NeverLose.a(DAC.o)
 .debug_ranges  0x00000910       0x88 .\CortexM3\ARM_GCC_541\Debug\NeverLose.a(PWM1.o)
 .debug_ranges  0x00000998       0x88 .\CortexM3\ARM_GCC_541\Debug\NeverLose.a(PWM2.o)
 .debug_ranges  0x00000a20       0x78 .\CortexM3\ARM_GCC_541\Debug\NeverLose.a(Timer.o)
 .debug_ranges  0x00000a98       0x28 .\CortexM3\ARM_GCC_541\Debug\NeverLose.a(ROW0.o)
 .debug_ranges  0x00000ac0       0x28 .\CortexM3\ARM_GCC_541\Debug\NeverLose.a(ROW1.o)
 .debug_ranges  0x00000ae8       0x28 .\CortexM3\ARM_GCC_541\Debug\NeverLose.a(ROW3.o)
 .debug_ranges  0x00000b10       0x28 .\CortexM3\ARM_GCC_541\Debug\NeverLose.a(COL1.o)
 .debug_ranges  0x00000b38       0x28 .\CortexM3\ARM_GCC_541\Debug\NeverLose.a(COL2.o)
 .debug_ranges  0x00000b60       0x28 .\CortexM3\ARM_GCC_541\Debug\NeverLose.a(COL3.o)
 .debug_ranges  0x00000b88       0x78 .\CortexM3\ARM_GCC_541\Debug\NeverLose.a(Timer_DAC.o)
 .debug_ranges  0x00000c00       0x78 .\CortexM3\ARM_GCC_541\Debug\NeverLose.a(CyFlash.o)
 .debug_ranges  0x00000c78       0x70 .\CortexM3\ARM_GCC_541\Debug\NeverLose.a(CySpc.o)

.comment        0x00000000       0x6e
 .comment       0x00000000       0x6e .\CortexM3\ARM_GCC_541\Debug\main.o
                                 0x6f (size before relaxing)
 .comment       0x0000006e       0x6f .\CortexM3\ARM_GCC_541\Debug\keypad.o
 .comment       0x0000006e       0x6f .\CortexM3\ARM_GCC_541\Debug\cyfitter_cfg.o
 .comment       0x0000006e       0x6f .\CortexM3\ARM_GCC_541\Debug\cymetadata.o
 .comment       0x0000006e       0x6f .\CortexM3\ARM_GCC_541\Debug\Cm3Start.o
 .comment       0x0000006e       0x6f .\CortexM3\ARM_GCC_541\Debug\NeverLose.a(SW1.o)
 .comment       0x0000006e       0x6f .\CortexM3\ARM_GCC_541\Debug\NeverLose.a(SW2.o)
 .comment       0x0000006e       0x6f .\CortexM3\ARM_GCC_541\Debug\NeverLose.a(SW3.o)
 .comment       0x0000006e       0x6f .\CortexM3\ARM_GCC_541\Debug\NeverLose.a(LED1.o)
 .comment       0x0000006e       0x6f .\CortexM3\ARM_GCC_541\Debug\NeverLose.a(LED2.o)
 .comment       0x0000006e       0x6f .\CortexM3\ARM_GCC_541\Debug\NeverLose.a(LED3.o)
 .comment       0x0000006e       0x6f .\CortexM3\ARM_GCC_541\Debug\NeverLose.a(LED4.o)
 .comment       0x0000006e       0x6f .\CortexM3\ARM_GCC_541\Debug\NeverLose.a(ADC.o)
 .comment       0x0000006e       0x6f .\CortexM3\ARM_GCC_541\Debug\NeverLose.a(ADC_INT.o)
 .comment       0x0000006e       0x6f .\CortexM3\ARM_GCC_541\Debug\NeverLose.a(LCD.o)
 .comment       0x0000006e       0x6f .\CortexM3\ARM_GCC_541\Debug\NeverLose.a(UART.o)
 .comment       0x0000006e       0x6f .\CortexM3\ARM_GCC_541\Debug\NeverLose.a(ADC_AMux.o)
 .comment       0x0000006e       0x6f .\CortexM3\ARM_GCC_541\Debug\NeverLose.a(ADC_Ext_CP_Clk.o)
 .comment       0x0000006e       0x6f .\CortexM3\ARM_GCC_541\Debug\NeverLose.a(ADC_theACLK.o)
 .comment       0x0000006e       0x6f .\CortexM3\ARM_GCC_541\Debug\NeverLose.a(UART_IntClock.o)
 .comment       0x0000006e       0x6f .\CortexM3\ARM_GCC_541\Debug\NeverLose.a(CyLib.o)
 .comment       0x0000006e       0x6f .\CortexM3\ARM_GCC_541\Debug\NeverLose.a(cyPm.o)
 .comment       0x0000006e       0x6f .\CortexM3\ARM_GCC_541\Debug\NeverLose.a(DAC.o)
 .comment       0x0000006e       0x6f .\CortexM3\ARM_GCC_541\Debug\NeverLose.a(PWM1.o)
 .comment       0x0000006e       0x6f .\CortexM3\ARM_GCC_541\Debug\NeverLose.a(PWM2.o)
 .comment       0x0000006e       0x6f .\CortexM3\ARM_GCC_541\Debug\NeverLose.a(Timer.o)
 .comment       0x0000006e       0x6f .\CortexM3\ARM_GCC_541\Debug\NeverLose.a(ROW0.o)
 .comment       0x0000006e       0x6f .\CortexM3\ARM_GCC_541\Debug\NeverLose.a(ROW1.o)
 .comment       0x0000006e       0x6f .\CortexM3\ARM_GCC_541\Debug\NeverLose.a(ROW3.o)
 .comment       0x0000006e       0x6f .\CortexM3\ARM_GCC_541\Debug\NeverLose.a(COL1.o)
 .comment       0x0000006e       0x6f .\CortexM3\ARM_GCC_541\Debug\NeverLose.a(COL2.o)
 .comment       0x0000006e       0x6f .\CortexM3\ARM_GCC_541\Debug\NeverLose.a(COL3.o)
 .comment       0x0000006e       0x6f .\CortexM3\ARM_GCC_541\Debug\NeverLose.a(Timer_DAC.o)
 .comment       0x0000006e       0x6f .\CortexM3\ARM_GCC_541\Debug\NeverLose.a(CyFlash.o)
 .comment       0x0000006e       0x6f .\CortexM3\ARM_GCC_541\Debug\NeverLose.a(CySpc.o)

.debug_weaknames
 *(.debug_weaknames)

.debug_funcnames
 *(.debug_funcnames)

.debug_typenames
 *(.debug_typenames)

.debug_varnames
 *(.debug_varnames)

.note.gnu.arm.ident
 *(.note.gnu.arm.ident)

.ARM.attributes
                0x00000000       0x29
 *(.ARM.attributes)
 .ARM.attributes
                0x00000000       0x1d c:/program files (x86)/cypress/psoc creator/4.4/psoc creator/import/gnu/arm/5.4.1/bin/../lib/gcc/arm-none-eabi/5.4.1/armv7-m/crti.o
 .ARM.attributes
                0x0000001d       0x2d c:/program files (x86)/cypress/psoc creator/4.4/psoc creator/import/gnu/arm/5.4.1/bin/../lib/gcc/arm-none-eabi/5.4.1/armv7-m/crtbegin.o
 .ARM.attributes
                0x0000004a       0x1b c:/program files (x86)/cypress/psoc creator/4.4/psoc creator/import/gnu/arm/5.4.1/bin/../lib/gcc/arm-none-eabi/5.4.1/../../../../arm-none-eabi/lib/armv7-m/crt0.o
 .ARM.attributes
                0x00000065       0x33 .\CortexM3\ARM_GCC_541\Debug\main.o
 .ARM.attributes
                0x00000098       0x33 .\CortexM3\ARM_GCC_541\Debug\keypad.o
 .ARM.attributes
                0x000000cb       0x33 .\CortexM3\ARM_GCC_541\Debug\cyfitter_cfg.o
 .ARM.attributes
                0x000000fe       0x33 .\CortexM3\ARM_GCC_541\Debug\cymetadata.o
 .ARM.attributes
                0x00000131       0x33 .\CortexM3\ARM_GCC_541\Debug\Cm3Start.o
 .ARM.attributes
                0x00000164       0x33 .\CortexM3\ARM_GCC_541\Debug\NeverLose.a(SW1.o)
 .ARM.attributes
                0x00000197       0x33 .\CortexM3\ARM_GCC_541\Debug\NeverLose.a(SW2.o)
 .ARM.attributes
                0x000001ca       0x33 .\CortexM3\ARM_GCC_541\Debug\NeverLose.a(SW3.o)
 .ARM.attributes
                0x000001fd       0x33 .\CortexM3\ARM_GCC_541\Debug\NeverLose.a(LED1.o)
 .ARM.attributes
                0x00000230       0x33 .\CortexM3\ARM_GCC_541\Debug\NeverLose.a(LED2.o)
 .ARM.attributes
                0x00000263       0x33 .\CortexM3\ARM_GCC_541\Debug\NeverLose.a(LED3.o)
 .ARM.attributes
                0x00000296       0x33 .\CortexM3\ARM_GCC_541\Debug\NeverLose.a(LED4.o)
 .ARM.attributes
                0x000002c9       0x33 .\CortexM3\ARM_GCC_541\Debug\NeverLose.a(ADC.o)
 .ARM.attributes
                0x000002fc       0x33 .\CortexM3\ARM_GCC_541\Debug\NeverLose.a(ADC_INT.o)
 .ARM.attributes
                0x0000032f       0x33 .\CortexM3\ARM_GCC_541\Debug\NeverLose.a(LCD.o)
 .ARM.attributes
                0x00000362       0x33 .\CortexM3\ARM_GCC_541\Debug\NeverLose.a(UART.o)
 .ARM.attributes
                0x00000395       0x33 .\CortexM3\ARM_GCC_541\Debug\NeverLose.a(ADC_AMux.o)
 .ARM.attributes
                0x000003c8       0x33 .\CortexM3\ARM_GCC_541\Debug\NeverLose.a(ADC_Ext_CP_Clk.o)
 .ARM.attributes
                0x000003fb       0x33 .\CortexM3\ARM_GCC_541\Debug\NeverLose.a(ADC_theACLK.o)
 .ARM.attributes
                0x0000042e       0x33 .\CortexM3\ARM_GCC_541\Debug\NeverLose.a(UART_IntClock.o)
 .ARM.attributes
                0x00000461       0x33 .\CortexM3\ARM_GCC_541\Debug\NeverLose.a(CyLib.o)
 .ARM.attributes
                0x00000494       0x33 .\CortexM3\ARM_GCC_541\Debug\NeverLose.a(cyPm.o)
 .ARM.attributes
                0x000004c7       0x33 .\CortexM3\ARM_GCC_541\Debug\NeverLose.a(DAC.o)
 .ARM.attributes
                0x000004fa       0x33 .\CortexM3\ARM_GCC_541\Debug\NeverLose.a(PWM1.o)
 .ARM.attributes
                0x0000052d       0x33 .\CortexM3\ARM_GCC_541\Debug\NeverLose.a(PWM2.o)
 .ARM.attributes
                0x00000560       0x33 .\CortexM3\ARM_GCC_541\Debug\NeverLose.a(Timer.o)
 .ARM.attributes
                0x00000593       0x33 .\CortexM3\ARM_GCC_541\Debug\NeverLose.a(ROW0.o)
 .ARM.attributes
                0x000005c6       0x33 .\CortexM3\ARM_GCC_541\Debug\NeverLose.a(ROW1.o)
 .ARM.attributes
                0x000005f9       0x33 .\CortexM3\ARM_GCC_541\Debug\NeverLose.a(ROW3.o)
 .ARM.attributes
                0x0000062c       0x33 .\CortexM3\ARM_GCC_541\Debug\NeverLose.a(COL1.o)
 .ARM.attributes
                0x0000065f       0x33 .\CortexM3\ARM_GCC_541\Debug\NeverLose.a(COL2.o)
 .ARM.attributes
                0x00000692       0x33 .\CortexM3\ARM_GCC_541\Debug\NeverLose.a(COL3.o)
 .ARM.attributes
                0x000006c5       0x33 .\CortexM3\ARM_GCC_541\Debug\NeverLose.a(Timer_DAC.o)
 .ARM.attributes
                0x000006f8       0x21 .\CortexM3\ARM_GCC_541\Debug\NeverLose.a(CyBootAsmGnu.o)
 .ARM.attributes
                0x00000719       0x33 .\CortexM3\ARM_GCC_541\Debug\NeverLose.a(CyFlash.o)
 .ARM.attributes
                0x0000074c       0x33 .\CortexM3\ARM_GCC_541\Debug\NeverLose.a(CySpc.o)
 .ARM.attributes
                0x0000077f       0x2d c:/program files (x86)/cypress/psoc creator/4.4/psoc creator/import/gnu/arm/5.4.1/bin/../lib/gcc/arm-none-eabi/5.4.1/../../../../arm-none-eabi/lib/armv7-m\libm.a(lib_a-s_sin.o)
 .ARM.attributes
                0x000007ac       0x2d c:/program files (x86)/cypress/psoc creator/4.4/psoc creator/import/gnu/arm/5.4.1/bin/../lib/gcc/arm-none-eabi/5.4.1/../../../../arm-none-eabi/lib/armv7-m\libm.a(lib_a-e_rem_pio2.o)
 .ARM.attributes
                0x000007d9       0x2d c:/program files (x86)/cypress/psoc creator/4.4/psoc creator/import/gnu/arm/5.4.1/bin/../lib/gcc/arm-none-eabi/5.4.1/../../../../arm-none-eabi/lib/armv7-m\libm.a(lib_a-k_cos.o)
 .ARM.attributes
                0x00000806       0x2d c:/program files (x86)/cypress/psoc creator/4.4/psoc creator/import/gnu/arm/5.4.1/bin/../lib/gcc/arm-none-eabi/5.4.1/../../../../arm-none-eabi/lib/armv7-m\libm.a(lib_a-k_rem_pio2.o)
 .ARM.attributes
                0x00000833       0x2d c:/program files (x86)/cypress/psoc creator/4.4/psoc creator/import/gnu/arm/5.4.1/bin/../lib/gcc/arm-none-eabi/5.4.1/../../../../arm-none-eabi/lib/armv7-m\libm.a(lib_a-k_sin.o)
 .ARM.attributes
                0x00000860       0x2d c:/program files (x86)/cypress/psoc creator/4.4/psoc creator/import/gnu/arm/5.4.1/bin/../lib/gcc/arm-none-eabi/5.4.1/../../../../arm-none-eabi/lib/armv7-m\libm.a(lib_a-s_fabs.o)
 .ARM.attributes
                0x0000088d       0x2d c:/program files (x86)/cypress/psoc creator/4.4/psoc creator/import/gnu/arm/5.4.1/bin/../lib/gcc/arm-none-eabi/5.4.1/../../../../arm-none-eabi/lib/armv7-m\libm.a(lib_a-s_floor.o)
 .ARM.attributes
                0x000008ba       0x2d c:/program files (x86)/cypress/psoc creator/4.4/psoc creator/import/gnu/arm/5.4.1/bin/../lib/gcc/arm-none-eabi/5.4.1/../../../../arm-none-eabi/lib/armv7-m\libm.a(lib_a-s_scalbn.o)
 .ARM.attributes
                0x000008e7       0x2d c:/program files (x86)/cypress/psoc creator/4.4/psoc creator/import/gnu/arm/5.4.1/bin/../lib/gcc/arm-none-eabi/5.4.1/../../../../arm-none-eabi/lib/armv7-m\libm.a(lib_a-s_copysign.o)
 .ARM.attributes
                0x00000914       0x1d c:/program files (x86)/cypress/psoc creator/4.4/psoc creator/import/gnu/arm/5.4.1/bin/../lib/gcc/arm-none-eabi/5.4.1/armv7-m\libgcc.a(_arm_addsubdf3.o)
 .ARM.attributes
                0x00000931       0x1d c:/program files (x86)/cypress/psoc creator/4.4/psoc creator/import/gnu/arm/5.4.1/bin/../lib/gcc/arm-none-eabi/5.4.1/armv7-m\libgcc.a(_arm_muldivdf3.o)
 .ARM.attributes
                0x0000094e       0x1d c:/program files (x86)/cypress/psoc creator/4.4/psoc creator/import/gnu/arm/5.4.1/bin/../lib/gcc/arm-none-eabi/5.4.1/armv7-m\libgcc.a(_arm_cmpdf2.o)
 .ARM.attributes
                0x0000096b       0x1d c:/program files (x86)/cypress/psoc creator/4.4/psoc creator/import/gnu/arm/5.4.1/bin/../lib/gcc/arm-none-eabi/5.4.1/armv7-m\libgcc.a(_arm_fixdfsi.o)
 .ARM.attributes
                0x00000988       0x1d c:/program files (x86)/cypress/psoc creator/4.4/psoc creator/import/gnu/arm/5.4.1/bin/../lib/gcc/arm-none-eabi/5.4.1/armv7-m\libgcc.a(_arm_truncdfsf2.o)
 .ARM.attributes
                0x000009a5       0x1d c:/program files (x86)/cypress/psoc creator/4.4/psoc creator/import/gnu/arm/5.4.1/bin/../lib/gcc/arm-none-eabi/5.4.1/armv7-m\libgcc.a(_arm_addsubsf3.o)
 .ARM.attributes
                0x000009c2       0x1d c:/program files (x86)/cypress/psoc creator/4.4/psoc creator/import/gnu/arm/5.4.1/bin/../lib/gcc/arm-none-eabi/5.4.1/armv7-m\libgcc.a(_arm_muldivsf3.o)
 .ARM.attributes
                0x000009df       0x1d c:/program files (x86)/cypress/psoc creator/4.4/psoc creator/import/gnu/arm/5.4.1/bin/../lib/gcc/arm-none-eabi/5.4.1/armv7-m\libgcc.a(_arm_fixunssfsi.o)
 .ARM.attributes
                0x000009fc       0x2d c:/program files (x86)/cypress/psoc creator/4.4/psoc creator/import/gnu/arm/5.4.1/bin/../lib/gcc/arm-none-eabi/5.4.1/../../../../arm-none-eabi/lib/armv7-m\libg_nano.a(lib_a-errno.o)
 .ARM.attributes
                0x00000a29       0x2d c:/program files (x86)/cypress/psoc creator/4.4/psoc creator/import/gnu/arm/5.4.1/bin/../lib/gcc/arm-none-eabi/5.4.1/../../../../arm-none-eabi/lib/armv7-m\libg_nano.a(lib_a-exit.o)
 .ARM.attributes
                0x00000a56       0x2d c:/program files (x86)/cypress/psoc creator/4.4/psoc creator/import/gnu/arm/5.4.1/bin/../lib/gcc/arm-none-eabi/5.4.1/../../../../arm-none-eabi/lib/armv7-m\libg_nano.a(lib_a-impure.o)
 .ARM.attributes
                0x00000a83       0x2d c:/program files (x86)/cypress/psoc creator/4.4/psoc creator/import/gnu/arm/5.4.1/bin/../lib/gcc/arm-none-eabi/5.4.1/../../../../arm-none-eabi/lib/armv7-m\libg_nano.a(lib_a-init.o)
 .ARM.attributes
                0x00000ab0       0x2d c:/program files (x86)/cypress/psoc creator/4.4/psoc creator/import/gnu/arm/5.4.1/bin/../lib/gcc/arm-none-eabi/5.4.1/../../../../arm-none-eabi/lib/armv7-m\libg_nano.a(lib_a-memcpy-stub.o)
 .ARM.attributes
                0x00000add       0x2d c:/program files (x86)/cypress/psoc creator/4.4/psoc creator/import/gnu/arm/5.4.1/bin/../lib/gcc/arm-none-eabi/5.4.1/../../../../arm-none-eabi/lib/armv7-m\libg_nano.a(lib_a-memset.o)
 .ARM.attributes
                0x00000b0a       0x2d c:/program files (x86)/cypress/psoc creator/4.4/psoc creator/import/gnu/arm/5.4.1/bin/../lib/gcc/arm-none-eabi/5.4.1/armv7-m/crtend.o
 .ARM.attributes
                0x00000b37       0x1d c:/program files (x86)/cypress/psoc creator/4.4/psoc creator/import/gnu/arm/5.4.1/bin/../lib/gcc/arm-none-eabi/5.4.1/armv7-m/crtn.o

/DISCARD/
 *(.note.GNU-stack)
OUTPUT(C:\Users\Baptiste\Documents\master\elec\never-lose\NeverLose.cydsn\CortexM3\ARM_GCC_541\Debug\NeverLose.elf elf32-littlearm)
