Archive member included to satisfy reference by file (symbol)

.\CortexM3\ARM_GCC_541\Debug\NeverLose.a(ADC.o)
                              .\CortexM3\ARM_GCC_541\Debug\main.o (ADC_Start)
.\CortexM3\ARM_GCC_541\Debug\NeverLose.a(ADC_INT.o)
                              .\CortexM3\ARM_GCC_541\Debug\NeverLose.a(ADC.o) (ADC_ISR1)
.\CortexM3\ARM_GCC_541\Debug\NeverLose.a(PWM.o)
                              .\CortexM3\ARM_GCC_541\Debug\main.o (PWM_WritePeriod)
.\CortexM3\ARM_GCC_541\Debug\NeverLose.a(LCD.o)
                              .\CortexM3\ARM_GCC_541\Debug\main.o (LCD_PrintString)
.\CortexM3\ARM_GCC_541\Debug\NeverLose.a(UART.o)
                              .\CortexM3\ARM_GCC_541\Debug\main.o (UART_Start)
.\CortexM3\ARM_GCC_541\Debug\NeverLose.a(isr_uart.o)
                              .\CortexM3\ARM_GCC_541\Debug\main.o (isr_uart_StartEx)
.\CortexM3\ARM_GCC_541\Debug\NeverLose.a(ADC_AMux.o)
                              .\CortexM3\ARM_GCC_541\Debug\NeverLose.a(ADC.o) (ADC_AMux_Select)
.\CortexM3\ARM_GCC_541\Debug\NeverLose.a(ADC_Ext_CP_Clk.o)
                              .\CortexM3\ARM_GCC_541\Debug\NeverLose.a(ADC.o) (ADC_Ext_CP_Clk_SetModeRegister)
.\CortexM3\ARM_GCC_541\Debug\NeverLose.a(ADC_theACLK.o)
                              .\CortexM3\ARM_GCC_541\Debug\NeverLose.a(ADC.o) (ADC_theACLK_SetModeRegister)
.\CortexM3\ARM_GCC_541\Debug\NeverLose.a(UART_IntClock.o)
                              .\CortexM3\ARM_GCC_541\Debug\NeverLose.a(UART.o) (UART_IntClock_Start)
.\CortexM3\ARM_GCC_541\Debug\NeverLose.a(CyLib.o)
                              .\CortexM3\ARM_GCC_541\Debug\Cm3Start.o (CyHalt)
.\CortexM3\ARM_GCC_541\Debug\NeverLose.a(cyPm.o)
                              .\CortexM3\ARM_GCC_541\Debug\NeverLose.a(CyLib.o) (CyPmReadStatus)
.\CortexM3\ARM_GCC_541\Debug\NeverLose.a(CyBootAsmGnu.o)
                              .\CortexM3\ARM_GCC_541\Debug\cyfitter_cfg.o (CyDelayCycles)
.\CortexM3\ARM_GCC_541\Debug\NeverLose.a(CyFlash.o)
                              .\CortexM3\ARM_GCC_541\Debug\NeverLose.a(cyPm.o) (CyFlash_SetWaitCycles)
.\CortexM3\ARM_GCC_541\Debug\NeverLose.a(CySpc.o)
                              .\CortexM3\ARM_GCC_541\Debug\NeverLose.a(CyFlash.o) (CySpcStart)
c:/program files (x86)/cypress/psoc creator/4.4/psoc creator/import/gnu/arm/5.4.1/bin/../lib/gcc/arm-none-eabi/5.4.1/armv7-m\libgcc.a(_arm_addsubdf3.o)
                              .\CortexM3\ARM_GCC_541\Debug\NeverLose.a(ADC.o) (__aeabi_f2d)
c:/program files (x86)/cypress/psoc creator/4.4/psoc creator/import/gnu/arm/5.4.1/bin/../lib/gcc/arm-none-eabi/5.4.1/armv7-m\libgcc.a(_arm_cmpdf2.o)
                              .\CortexM3\ARM_GCC_541\Debug\NeverLose.a(ADC.o) (__aeabi_dcmpgt)
c:/program files (x86)/cypress/psoc creator/4.4/psoc creator/import/gnu/arm/5.4.1/bin/../lib/gcc/arm-none-eabi/5.4.1/armv7-m\libgcc.a(_arm_addsubsf3.o)
                              .\CortexM3\ARM_GCC_541\Debug\main.o (__aeabi_fadd)
c:/program files (x86)/cypress/psoc creator/4.4/psoc creator/import/gnu/arm/5.4.1/bin/../lib/gcc/arm-none-eabi/5.4.1/armv7-m\libgcc.a(_arm_muldivsf3.o)
                              .\CortexM3\ARM_GCC_541\Debug\main.o (__aeabi_fmul)
c:/program files (x86)/cypress/psoc creator/4.4/psoc creator/import/gnu/arm/5.4.1/bin/../lib/gcc/arm-none-eabi/5.4.1/armv7-m\libgcc.a(_arm_fixunssfsi.o)
                              .\CortexM3\ARM_GCC_541\Debug\main.o (__aeabi_f2uiz)
c:/program files (x86)/cypress/psoc creator/4.4/psoc creator/import/gnu/arm/5.4.1/bin/../lib/gcc/arm-none-eabi/5.4.1/../../../../arm-none-eabi/lib/armv7-m\libg_nano.a(lib_a-errno.o)
                              .\CortexM3\ARM_GCC_541\Debug\Cm3Start.o (__errno)
c:/program files (x86)/cypress/psoc creator/4.4/psoc creator/import/gnu/arm/5.4.1/bin/../lib/gcc/arm-none-eabi/5.4.1/../../../../arm-none-eabi/lib/armv7-m\libg_nano.a(lib_a-exit.o)
                              c:/program files (x86)/cypress/psoc creator/4.4/psoc creator/import/gnu/arm/5.4.1/bin/../lib/gcc/arm-none-eabi/5.4.1/../../../../arm-none-eabi/lib/armv7-m/crt0.o (exit)
c:/program files (x86)/cypress/psoc creator/4.4/psoc creator/import/gnu/arm/5.4.1/bin/../lib/gcc/arm-none-eabi/5.4.1/../../../../arm-none-eabi/lib/armv7-m\libg_nano.a(lib_a-impure.o)
                              c:/program files (x86)/cypress/psoc creator/4.4/psoc creator/import/gnu/arm/5.4.1/bin/../lib/gcc/arm-none-eabi/5.4.1/../../../../arm-none-eabi/lib/armv7-m\libg_nano.a(lib_a-exit.o) (_global_impure_ptr)
c:/program files (x86)/cypress/psoc creator/4.4/psoc creator/import/gnu/arm/5.4.1/bin/../lib/gcc/arm-none-eabi/5.4.1/../../../../arm-none-eabi/lib/armv7-m\libg_nano.a(lib_a-init.o)
                              c:/program files (x86)/cypress/psoc creator/4.4/psoc creator/import/gnu/arm/5.4.1/bin/../lib/gcc/arm-none-eabi/5.4.1/../../../../arm-none-eabi/lib/armv7-m/crt0.o (__libc_init_array)
c:/program files (x86)/cypress/psoc creator/4.4/psoc creator/import/gnu/arm/5.4.1/bin/../lib/gcc/arm-none-eabi/5.4.1/../../../../arm-none-eabi/lib/armv7-m\libg_nano.a(lib_a-memcpy-stub.o)
                              .\CortexM3\ARM_GCC_541\Debug\cyfitter_cfg.o (memcpy)
c:/program files (x86)/cypress/psoc creator/4.4/psoc creator/import/gnu/arm/5.4.1/bin/../lib/gcc/arm-none-eabi/5.4.1/../../../../arm-none-eabi/lib/armv7-m\libg_nano.a(lib_a-memset.o)
                              c:/program files (x86)/cypress/psoc creator/4.4/psoc creator/import/gnu/arm/5.4.1/bin/../lib/gcc/arm-none-eabi/5.4.1/../../../../arm-none-eabi/lib/armv7-m/crt0.o (memset)

Allocating common symbols
Common symbol       size              file

rxData              0x1               .\CortexM3\ARM_GCC_541\Debug\main.o
ADC_CountsPerVolt   0x4               .\CortexM3\ARM_GCC_541\Debug\NeverLose.a(ADC.o)
dieTemperature      0x2               .\CortexM3\ARM_GCC_541\Debug\NeverLose.a(CyFlash.o)

Discarded input sections

 .text          0x00000000        0x0 c:/program files (x86)/cypress/psoc creator/4.4/psoc creator/import/gnu/arm/5.4.1/bin/../lib/gcc/arm-none-eabi/5.4.1/armv7-m/crti.o
 .data          0x00000000        0x0 c:/program files (x86)/cypress/psoc creator/4.4/psoc creator/import/gnu/arm/5.4.1/bin/../lib/gcc/arm-none-eabi/5.4.1/armv7-m/crti.o
 .bss           0x00000000        0x0 c:/program files (x86)/cypress/psoc creator/4.4/psoc creator/import/gnu/arm/5.4.1/bin/../lib/gcc/arm-none-eabi/5.4.1/armv7-m/crti.o
 .data          0x00000000        0x4 c:/program files (x86)/cypress/psoc creator/4.4/psoc creator/import/gnu/arm/5.4.1/bin/../lib/gcc/arm-none-eabi/5.4.1/armv7-m/crtbegin.o
 .text          0x00000000       0x74 c:/program files (x86)/cypress/psoc creator/4.4/psoc creator/import/gnu/arm/5.4.1/bin/../lib/gcc/arm-none-eabi/5.4.1/../../../../arm-none-eabi/lib/armv7-m/crt0.o
 .data          0x00000000        0x0 c:/program files (x86)/cypress/psoc creator/4.4/psoc creator/import/gnu/arm/5.4.1/bin/../lib/gcc/arm-none-eabi/5.4.1/../../../../arm-none-eabi/lib/armv7-m/crt0.o
 .bss           0x00000000        0x0 c:/program files (x86)/cypress/psoc creator/4.4/psoc creator/import/gnu/arm/5.4.1/bin/../lib/gcc/arm-none-eabi/5.4.1/../../../../arm-none-eabi/lib/armv7-m/crt0.o
 .ARM.extab     0x00000000        0x0 c:/program files (x86)/cypress/psoc creator/4.4/psoc creator/import/gnu/arm/5.4.1/bin/../lib/gcc/arm-none-eabi/5.4.1/../../../../arm-none-eabi/lib/armv7-m/crt0.o
 .ARM.exidx     0x00000000        0x8 c:/program files (x86)/cypress/psoc creator/4.4/psoc creator/import/gnu/arm/5.4.1/bin/../lib/gcc/arm-none-eabi/5.4.1/../../../../arm-none-eabi/lib/armv7-m/crt0.o
 .text          0x00000000        0x0 .\CortexM3\ARM_GCC_541\Debug\main.o
 .data          0x00000000        0x0 .\CortexM3\ARM_GCC_541\Debug\main.o
 .bss           0x00000000        0x0 .\CortexM3\ARM_GCC_541\Debug\main.o
 .text          0x00000000        0x0 .\CortexM3\ARM_GCC_541\Debug\cyfitter_cfg.o
 .data          0x00000000        0x0 .\CortexM3\ARM_GCC_541\Debug\cyfitter_cfg.o
 .bss           0x00000000        0x0 .\CortexM3\ARM_GCC_541\Debug\cyfitter_cfg.o
 .text.SetAnalogRoutingPumps
                0x00000000       0x1c .\CortexM3\ARM_GCC_541\Debug\cyfitter_cfg.o
 .text          0x00000000        0x0 .\CortexM3\ARM_GCC_541\Debug\cymetadata.o
 .data          0x00000000        0x0 .\CortexM3\ARM_GCC_541\Debug\cymetadata.o
 .bss           0x00000000        0x0 .\CortexM3\ARM_GCC_541\Debug\cymetadata.o
 .text          0x00000000        0x0 .\CortexM3\ARM_GCC_541\Debug\Cm3Start.o
 .data          0x00000000        0x4 .\CortexM3\ARM_GCC_541\Debug\Cm3Start.o
 .bss           0x00000000        0x0 .\CortexM3\ARM_GCC_541\Debug\Cm3Start.o
 .text._exit    0x00000000        0xc .\CortexM3\ARM_GCC_541\Debug\Cm3Start.o
 .text._sbrk    0x00000000       0x30 .\CortexM3\ARM_GCC_541\Debug\Cm3Start.o
 .text          0x00000000        0x0 .\CortexM3\ARM_GCC_541\Debug\NeverLose.a(ADC.o)
 .text.ADC_Stop
                0x00000000       0xe4 .\CortexM3\ARM_GCC_541\Debug\NeverLose.a(ADC.o)
 .text.ADC_SetBufferGain
                0x00000000       0x18 .\CortexM3\ARM_GCC_541\Debug\NeverLose.a(ADC.o)
 .text.ADC_SetCoherency
                0x00000000       0x18 .\CortexM3\ARM_GCC_541\Debug\NeverLose.a(ADC.o)
 .text.ADC_SetGCOR
                0x00000000       0x74 .\CortexM3\ARM_GCC_541\Debug\NeverLose.a(ADC.o)
 .text.ADC_ReadGCOR
                0x00000000       0x24 .\CortexM3\ARM_GCC_541\Debug\NeverLose.a(ADC.o)
 .text.ADC_StopConvert
                0x00000000       0x10 .\CortexM3\ARM_GCC_541\Debug\NeverLose.a(ADC.o)
 .text.ADC_GetResult8
                0x00000000       0x48 .\CortexM3\ARM_GCC_541\Debug\NeverLose.a(ADC.o)
 .text.ADC_GetResult16
                0x00000000       0x50 .\CortexM3\ARM_GCC_541\Debug\NeverLose.a(ADC.o)
 .text.ADC_SetOffset
                0x00000000        0xc .\CortexM3\ARM_GCC_541\Debug\NeverLose.a(ADC.o)
 .text.ADC_SetGain
                0x00000000        0xc .\CortexM3\ARM_GCC_541\Debug\NeverLose.a(ADC.o)
 .text.ADC_CountsTo_mVolts
                0x00000000       0x24 .\CortexM3\ARM_GCC_541\Debug\NeverLose.a(ADC.o)
 .text.ADC_CountsTo_Volts
                0x00000000       0x28 .\CortexM3\ARM_GCC_541\Debug\NeverLose.a(ADC.o)
 .text.ADC_CountsTo_uVolts
                0x00000000       0x4c .\CortexM3\ARM_GCC_541\Debug\NeverLose.a(ADC.o)
 .text.ADC_SelectConfiguration
                0x00000000       0x60 .\CortexM3\ARM_GCC_541\Debug\NeverLose.a(ADC.o)
 .text.ADC_Read8
                0x00000000       0x28 .\CortexM3\ARM_GCC_541\Debug\NeverLose.a(ADC.o)
 .text.ADC_Read16
                0x00000000       0x28 .\CortexM3\ARM_GCC_541\Debug\NeverLose.a(ADC.o)
 .text.ADC_Read32
                0x00000000       0x28 .\CortexM3\ARM_GCC_541\Debug\NeverLose.a(ADC.o)
 .text          0x00000000        0x0 .\CortexM3\ARM_GCC_541\Debug\NeverLose.a(ADC_INT.o)
 .data          0x00000000        0x0 .\CortexM3\ARM_GCC_541\Debug\NeverLose.a(ADC_INT.o)
 .bss           0x00000000        0x0 .\CortexM3\ARM_GCC_541\Debug\NeverLose.a(ADC_INT.o)
 .text.ADC_ISR2
                0x00000000        0x4 .\CortexM3\ARM_GCC_541\Debug\NeverLose.a(ADC_INT.o)
 .text.ADC_ISR3
                0x00000000        0x4 .\CortexM3\ARM_GCC_541\Debug\NeverLose.a(ADC_INT.o)
 .text.ADC_ISR4
                0x00000000        0x4 .\CortexM3\ARM_GCC_541\Debug\NeverLose.a(ADC_INT.o)
 .text          0x00000000        0x0 .\CortexM3\ARM_GCC_541\Debug\NeverLose.a(PWM.o)
 .data          0x00000000        0x0 .\CortexM3\ARM_GCC_541\Debug\NeverLose.a(PWM.o)
 .text.PWM_Stop
                0x00000000       0x10 .\CortexM3\ARM_GCC_541\Debug\NeverLose.a(PWM.o)
 .text.PWM_ReadCounter
                0x00000000       0x14 .\CortexM3\ARM_GCC_541\Debug\NeverLose.a(PWM.o)
 .text.PWM_ReadControlRegister
                0x00000000        0xc .\CortexM3\ARM_GCC_541\Debug\NeverLose.a(PWM.o)
 .text.PWM_WriteControlRegister
                0x00000000        0xc .\CortexM3\ARM_GCC_541\Debug\NeverLose.a(PWM.o)
 .text.PWM_ReadCompare
                0x00000000        0xc .\CortexM3\ARM_GCC_541\Debug\NeverLose.a(PWM.o)
 .text.PWM_ReadPeriod
                0x00000000        0xc .\CortexM3\ARM_GCC_541\Debug\NeverLose.a(PWM.o)
 .text          0x00000000        0x0 .\CortexM3\ARM_GCC_541\Debug\NeverLose.a(LCD.o)
 .data          0x00000000        0x0 .\CortexM3\ARM_GCC_541\Debug\NeverLose.a(LCD.o)
 .text.LCD_Stop
                0x00000000       0x14 .\CortexM3\ARM_GCC_541\Debug\NeverLose.a(LCD.o)
 .text.LCD_PrintInt8
                0x00000000       0x20 .\CortexM3\ARM_GCC_541\Debug\NeverLose.a(LCD.o)
 .text.LCD_PrintInt16
                0x00000000       0x14 .\CortexM3\ARM_GCC_541\Debug\NeverLose.a(LCD.o)
 .text.LCD_PrintInt32
                0x00000000       0x1c .\CortexM3\ARM_GCC_541\Debug\NeverLose.a(LCD.o)
 .rodata        0x00000000       0x10 .\CortexM3\ARM_GCC_541\Debug\NeverLose.a(LCD.o)
 .text          0x00000000        0x0 .\CortexM3\ARM_GCC_541\Debug\NeverLose.a(UART.o)
 .data          0x00000000        0x0 .\CortexM3\ARM_GCC_541\Debug\NeverLose.a(UART.o)
 .text.UART_Stop
                0x00000000       0x3c .\CortexM3\ARM_GCC_541\Debug\NeverLose.a(UART.o)
 .text.UART_ReadControlRegister
                0x00000000        0x4 .\CortexM3\ARM_GCC_541\Debug\NeverLose.a(UART.o)
 .text.UART_WriteControlRegister
                0x00000000        0x4 .\CortexM3\ARM_GCC_541\Debug\NeverLose.a(UART.o)
 .text.UART_SetRxInterruptMode
                0x00000000        0xc .\CortexM3\ARM_GCC_541\Debug\NeverLose.a(UART.o)
 .text.UART_GetChar
                0x00000000       0x2c .\CortexM3\ARM_GCC_541\Debug\NeverLose.a(UART.o)
 .text.UART_GetByte
                0x00000000       0x14 .\CortexM3\ARM_GCC_541\Debug\NeverLose.a(UART.o)
 .text.UART_GetRxBufferSize
                0x00000000       0x18 .\CortexM3\ARM_GCC_541\Debug\NeverLose.a(UART.o)
 .text.UART_ClearRxBuffer
                0x00000000       0x24 .\CortexM3\ARM_GCC_541\Debug\NeverLose.a(UART.o)
 .text.UART_SetRxAddressMode
                0x00000000        0x4 .\CortexM3\ARM_GCC_541\Debug\NeverLose.a(UART.o)
 .text.UART_SetRxAddress1
                0x00000000        0xc .\CortexM3\ARM_GCC_541\Debug\NeverLose.a(UART.o)
 .text.UART_SetRxAddress2
                0x00000000        0xc .\CortexM3\ARM_GCC_541\Debug\NeverLose.a(UART.o)
 .text.UART_SetTxInterruptMode
                0x00000000        0xc .\CortexM3\ARM_GCC_541\Debug\NeverLose.a(UART.o)
 .text.UART_WriteTxData
                0x00000000       0x14 .\CortexM3\ARM_GCC_541\Debug\NeverLose.a(UART.o)
 .text.UART_ReadTxStatus
                0x00000000        0xc .\CortexM3\ARM_GCC_541\Debug\NeverLose.a(UART.o)
 .text.UART_PutString
                0x00000000       0x24 .\CortexM3\ARM_GCC_541\Debug\NeverLose.a(UART.o)
 .text.UART_PutArray
                0x00000000       0x28 .\CortexM3\ARM_GCC_541\Debug\NeverLose.a(UART.o)
 .text.UART_PutCRLF
                0x00000000       0x20 .\CortexM3\ARM_GCC_541\Debug\NeverLose.a(UART.o)
 .text.UART_GetTxBufferSize
                0x00000000       0x24 .\CortexM3\ARM_GCC_541\Debug\NeverLose.a(UART.o)
 .text.UART_ClearTxBuffer
                0x00000000       0x24 .\CortexM3\ARM_GCC_541\Debug\NeverLose.a(UART.o)
 .text.UART_SendBreak
                0x00000000       0x58 .\CortexM3\ARM_GCC_541\Debug\NeverLose.a(UART.o)
 .text.UART_SetTxAddressMode
                0x00000000        0x4 .\CortexM3\ARM_GCC_541\Debug\NeverLose.a(UART.o)
 .text          0x00000000        0x0 .\CortexM3\ARM_GCC_541\Debug\NeverLose.a(isr_uart.o)
 .data          0x00000000        0x0 .\CortexM3\ARM_GCC_541\Debug\NeverLose.a(isr_uart.o)
 .bss           0x00000000        0x0 .\CortexM3\ARM_GCC_541\Debug\NeverLose.a(isr_uart.o)
 .text.isr_uart_Interrupt
                0x00000000        0x4 .\CortexM3\ARM_GCC_541\Debug\NeverLose.a(isr_uart.o)
 .text.isr_uart_GetVector
                0x00000000        0xc .\CortexM3\ARM_GCC_541\Debug\NeverLose.a(isr_uart.o)
 .text.isr_uart_GetPriority
                0x00000000        0xc .\CortexM3\ARM_GCC_541\Debug\NeverLose.a(isr_uart.o)
 .text.isr_uart_GetState
                0x00000000       0x10 .\CortexM3\ARM_GCC_541\Debug\NeverLose.a(isr_uart.o)
 .text.isr_uart_Start
                0x00000000       0x1c .\CortexM3\ARM_GCC_541\Debug\NeverLose.a(isr_uart.o)
 .text.isr_uart_Stop
                0x00000000       0x14 .\CortexM3\ARM_GCC_541\Debug\NeverLose.a(isr_uart.o)
 .text.isr_uart_SetPending
                0x00000000        0xc .\CortexM3\ARM_GCC_541\Debug\NeverLose.a(isr_uart.o)
 .text.isr_uart_ClearPending
                0x00000000        0xc .\CortexM3\ARM_GCC_541\Debug\NeverLose.a(isr_uart.o)
 .text          0x00000000        0x0 .\CortexM3\ARM_GCC_541\Debug\NeverLose.a(ADC_AMux.o)
 .bss           0x00000000        0x0 .\CortexM3\ARM_GCC_541\Debug\NeverLose.a(ADC_AMux.o)
 .text.ADC_AMux_FastSelect
                0x00000000       0x20 .\CortexM3\ARM_GCC_541\Debug\NeverLose.a(ADC_AMux.o)
 .text          0x00000000        0x0 .\CortexM3\ARM_GCC_541\Debug\NeverLose.a(ADC_Ext_CP_Clk.o)
 .data          0x00000000        0x0 .\CortexM3\ARM_GCC_541\Debug\NeverLose.a(ADC_Ext_CP_Clk.o)
 .bss           0x00000000        0x0 .\CortexM3\ARM_GCC_541\Debug\NeverLose.a(ADC_Ext_CP_Clk.o)
 .text.ADC_Ext_CP_Clk_Start
                0x00000000       0x1c .\CortexM3\ARM_GCC_541\Debug\NeverLose.a(ADC_Ext_CP_Clk.o)
 .text.ADC_Ext_CP_Clk_Stop
                0x00000000       0x1c .\CortexM3\ARM_GCC_541\Debug\NeverLose.a(ADC_Ext_CP_Clk.o)
 .text.ADC_Ext_CP_Clk_StopBlock
                0x00000000       0x6c .\CortexM3\ARM_GCC_541\Debug\NeverLose.a(ADC_Ext_CP_Clk.o)
 .text.ADC_Ext_CP_Clk_StandbyPower
                0x00000000       0x20 .\CortexM3\ARM_GCC_541\Debug\NeverLose.a(ADC_Ext_CP_Clk.o)
 .text.ADC_Ext_CP_Clk_ClearModeRegister
                0x00000000       0x18 .\CortexM3\ARM_GCC_541\Debug\NeverLose.a(ADC_Ext_CP_Clk.o)
 .text.ADC_Ext_CP_Clk_GetModeRegister
                0x00000000       0x10 .\CortexM3\ARM_GCC_541\Debug\NeverLose.a(ADC_Ext_CP_Clk.o)
 .text.ADC_Ext_CP_Clk_SetSourceRegister
                0x00000000       0x5c .\CortexM3\ARM_GCC_541\Debug\NeverLose.a(ADC_Ext_CP_Clk.o)
 .text          0x00000000        0x0 .\CortexM3\ARM_GCC_541\Debug\NeverLose.a(ADC_theACLK.o)
 .data          0x00000000        0x0 .\CortexM3\ARM_GCC_541\Debug\NeverLose.a(ADC_theACLK.o)
 .bss           0x00000000        0x0 .\CortexM3\ARM_GCC_541\Debug\NeverLose.a(ADC_theACLK.o)
 .text.ADC_theACLK_Start
                0x00000000       0x1c .\CortexM3\ARM_GCC_541\Debug\NeverLose.a(ADC_theACLK.o)
 .text.ADC_theACLK_Stop
                0x00000000       0x1c .\CortexM3\ARM_GCC_541\Debug\NeverLose.a(ADC_theACLK.o)
 .text.ADC_theACLK_StopBlock
                0x00000000       0x6c .\CortexM3\ARM_GCC_541\Debug\NeverLose.a(ADC_theACLK.o)
 .text.ADC_theACLK_StandbyPower
                0x00000000       0x20 .\CortexM3\ARM_GCC_541\Debug\NeverLose.a(ADC_theACLK.o)
 .text.ADC_theACLK_ClearModeRegister
                0x00000000       0x18 .\CortexM3\ARM_GCC_541\Debug\NeverLose.a(ADC_theACLK.o)
 .text.ADC_theACLK_GetModeRegister
                0x00000000       0x10 .\CortexM3\ARM_GCC_541\Debug\NeverLose.a(ADC_theACLK.o)
 .text.ADC_theACLK_SetSourceRegister
                0x00000000       0x5c .\CortexM3\ARM_GCC_541\Debug\NeverLose.a(ADC_theACLK.o)
 .text.ADC_theACLK_SetPhaseRegister
                0x00000000       0x10 .\CortexM3\ARM_GCC_541\Debug\NeverLose.a(ADC_theACLK.o)
 .text.ADC_theACLK_GetPhaseRegister
                0x00000000       0x10 .\CortexM3\ARM_GCC_541\Debug\NeverLose.a(ADC_theACLK.o)
 .text          0x00000000        0x0 .\CortexM3\ARM_GCC_541\Debug\NeverLose.a(UART_IntClock.o)
 .data          0x00000000        0x0 .\CortexM3\ARM_GCC_541\Debug\NeverLose.a(UART_IntClock.o)
 .bss           0x00000000        0x0 .\CortexM3\ARM_GCC_541\Debug\NeverLose.a(UART_IntClock.o)
 .text.UART_IntClock_Stop
                0x00000000       0x1c .\CortexM3\ARM_GCC_541\Debug\NeverLose.a(UART_IntClock.o)
 .text.UART_IntClock_StopBlock
                0x00000000       0x6c .\CortexM3\ARM_GCC_541\Debug\NeverLose.a(UART_IntClock.o)
 .text.UART_IntClock_StandbyPower
                0x00000000       0x20 .\CortexM3\ARM_GCC_541\Debug\NeverLose.a(UART_IntClock.o)
 .text.UART_IntClock_GetDividerRegister
                0x00000000        0xc .\CortexM3\ARM_GCC_541\Debug\NeverLose.a(UART_IntClock.o)
 .text.UART_IntClock_SetModeRegister
                0x00000000       0x14 .\CortexM3\ARM_GCC_541\Debug\NeverLose.a(UART_IntClock.o)
 .text.UART_IntClock_ClearModeRegister
                0x00000000       0x18 .\CortexM3\ARM_GCC_541\Debug\NeverLose.a(UART_IntClock.o)
 .text.UART_IntClock_GetModeRegister
                0x00000000       0x10 .\CortexM3\ARM_GCC_541\Debug\NeverLose.a(UART_IntClock.o)
 .text.UART_IntClock_GetSourceRegister
                0x00000000       0x10 .\CortexM3\ARM_GCC_541\Debug\NeverLose.a(UART_IntClock.o)
 .text.UART_IntClock_SetDividerRegister
                0x00000000       0xdc .\CortexM3\ARM_GCC_541\Debug\NeverLose.a(UART_IntClock.o)
 .text.UART_IntClock_SetSourceRegister
                0x00000000       0x5c .\CortexM3\ARM_GCC_541\Debug\NeverLose.a(UART_IntClock.o)
 .text          0x00000000        0x0 .\CortexM3\ARM_GCC_541\Debug\NeverLose.a(CyLib.o)
 .bss           0x00000000       0x1c .\CortexM3\ARM_GCC_541\Debug\NeverLose.a(CyLib.o)
 .text.CyUSB_PowerOnCheck
                0x00000000       0x48 .\CortexM3\ARM_GCC_541\Debug\NeverLose.a(CyLib.o)
 .text.CyBusClk_Internal_SetDivider
                0x00000000       0x48 .\CortexM3\ARM_GCC_541\Debug\NeverLose.a(CyLib.o)
 .text.CyPLL_OUT_Stop
                0x00000000       0x10 .\CortexM3\ARM_GCC_541\Debug\NeverLose.a(CyLib.o)
 .text.CyIMO_Stop
                0x00000000       0x1c .\CortexM3\ARM_GCC_541\Debug\NeverLose.a(CyLib.o)
 .text.CyIMO_EnableDoubler
                0x00000000       0x10 .\CortexM3\ARM_GCC_541\Debug\NeverLose.a(CyLib.o)
 .text.CyIMO_DisableDoubler
                0x00000000       0x10 .\CortexM3\ARM_GCC_541\Debug\NeverLose.a(CyLib.o)
 .text.CyMasterClk_SetSource
                0x00000000       0x18 .\CortexM3\ARM_GCC_541\Debug\NeverLose.a(CyLib.o)
 .text.CyMasterClk_SetDivider
                0x00000000        0xc .\CortexM3\ARM_GCC_541\Debug\NeverLose.a(CyLib.o)
 .text.CyBusClk_SetDivider
                0x00000000       0x70 .\CortexM3\ARM_GCC_541\Debug\NeverLose.a(CyLib.o)
 .text.CyUsbClk_SetSource
                0x00000000       0x18 .\CortexM3\ARM_GCC_541\Debug\NeverLose.a(CyLib.o)
 .text.CyILO_Start1K
                0x00000000       0x10 .\CortexM3\ARM_GCC_541\Debug\NeverLose.a(CyLib.o)
 .text.CyILO_Stop1K
                0x00000000       0x10 .\CortexM3\ARM_GCC_541\Debug\NeverLose.a(CyLib.o)
 .text.CyILO_Start100K
                0x00000000       0x10 .\CortexM3\ARM_GCC_541\Debug\NeverLose.a(CyLib.o)
 .text.CyILO_Stop100K
                0x00000000       0x10 .\CortexM3\ARM_GCC_541\Debug\NeverLose.a(CyLib.o)
 .text.CyPLL_OUT_Start
                0x00000000       0x78 .\CortexM3\ARM_GCC_541\Debug\NeverLose.a(CyLib.o)
 .text.CyIMO_Start
                0x00000000       0x60 .\CortexM3\ARM_GCC_541\Debug\NeverLose.a(CyLib.o)
 .text.CyILO_Enable33K
                0x00000000       0x10 .\CortexM3\ARM_GCC_541\Debug\NeverLose.a(CyLib.o)
 .text.CyILO_Disable33K
                0x00000000       0x10 .\CortexM3\ARM_GCC_541\Debug\NeverLose.a(CyLib.o)
 .text.CyILO_SetSource
                0x00000000       0x18 .\CortexM3\ARM_GCC_541\Debug\NeverLose.a(CyLib.o)
 .text.CyILO_SetPowerMode
                0x00000000       0x24 .\CortexM3\ARM_GCC_541\Debug\NeverLose.a(CyLib.o)
 .text.CyXTAL_32KHZ_Stop
                0x00000000       0x30 .\CortexM3\ARM_GCC_541\Debug\NeverLose.a(CyLib.o)
 .text.CyXTAL_32KHZ_ReadStatus
                0x00000000       0x10 .\CortexM3\ARM_GCC_541\Debug\NeverLose.a(CyLib.o)
 .text.CyXTAL_Start
                0x00000000       0xac .\CortexM3\ARM_GCC_541\Debug\NeverLose.a(CyLib.o)
 .text.CyXTAL_Stop
                0x00000000       0x10 .\CortexM3\ARM_GCC_541\Debug\NeverLose.a(CyLib.o)
 .text.CyXTAL_EnableErrStatus
                0x00000000       0x10 .\CortexM3\ARM_GCC_541\Debug\NeverLose.a(CyLib.o)
 .text.CyXTAL_DisableErrStatus
                0x00000000       0x10 .\CortexM3\ARM_GCC_541\Debug\NeverLose.a(CyLib.o)
 .text.CyXTAL_ReadStatus
                0x00000000       0x18 .\CortexM3\ARM_GCC_541\Debug\NeverLose.a(CyLib.o)
 .text.CyXTAL_EnableFaultRecovery
                0x00000000       0x10 .\CortexM3\ARM_GCC_541\Debug\NeverLose.a(CyLib.o)
 .text.CyXTAL_DisableFaultRecovery
                0x00000000       0x10 .\CortexM3\ARM_GCC_541\Debug\NeverLose.a(CyLib.o)
 .text.CyXTAL_SetStartup
                0x00000000       0x18 .\CortexM3\ARM_GCC_541\Debug\NeverLose.a(CyLib.o)
 .text.CyXTAL_SetFbVoltage
                0x00000000       0x18 .\CortexM3\ARM_GCC_541\Debug\NeverLose.a(CyLib.o)
 .text.CyXTAL_SetWdVoltage
                0x00000000       0x18 .\CortexM3\ARM_GCC_541\Debug\NeverLose.a(CyLib.o)
 .text.CyPLL_OUT_SetPQ
                0x00000000       0x60 .\CortexM3\ARM_GCC_541\Debug\NeverLose.a(CyLib.o)
 .text.CyPLL_OUT_SetSource
                0x00000000       0x34 .\CortexM3\ARM_GCC_541\Debug\NeverLose.a(CyLib.o)
 .text.CyIMO_SetTrimValue
                0x00000000       0xcc .\CortexM3\ARM_GCC_541\Debug\NeverLose.a(CyLib.o)
 .text.CyIMO_SetFreq
                0x00000000       0xf4 .\CortexM3\ARM_GCC_541\Debug\NeverLose.a(CyLib.o)
 .text.CyIMO_SetSource
                0x00000000       0x58 .\CortexM3\ARM_GCC_541\Debug\NeverLose.a(CyLib.o)
 .text.CySoftwareReset
                0x00000000       0x10 .\CortexM3\ARM_GCC_541\Debug\NeverLose.a(CyLib.o)
 .text.CyXTAL_32KHZ_SetPowerMode
                0x00000000       0x84 .\CortexM3\ARM_GCC_541\Debug\NeverLose.a(CyLib.o)
 .text.CyXTAL_32KHZ_Start
                0x00000000       0x74 .\CortexM3\ARM_GCC_541\Debug\NeverLose.a(CyLib.o)
 .text.CyDelayFreq
                0x00000000       0x4c .\CortexM3\ARM_GCC_541\Debug\NeverLose.a(CyLib.o)
 .text.CyWdtStart
                0x00000000       0x40 .\CortexM3\ARM_GCC_541\Debug\NeverLose.a(CyLib.o)
 .text.CyWdtClear
                0x00000000        0xc .\CortexM3\ARM_GCC_541\Debug\NeverLose.a(CyLib.o)
 .text.CyVdStickyStatus
                0x00000000       0x2c .\CortexM3\ARM_GCC_541\Debug\NeverLose.a(CyLib.o)
 .text.CyVdLvDigitEnable
                0x00000000       0x84 .\CortexM3\ARM_GCC_541\Debug\NeverLose.a(CyLib.o)
 .text.CyVdLvAnalogEnable
                0x00000000       0x80 .\CortexM3\ARM_GCC_541\Debug\NeverLose.a(CyLib.o)
 .text.CyVdLvDigitDisable
                0x00000000       0x30 .\CortexM3\ARM_GCC_541\Debug\NeverLose.a(CyLib.o)
 .text.CyVdLvAnalogDisable
                0x00000000       0x28 .\CortexM3\ARM_GCC_541\Debug\NeverLose.a(CyLib.o)
 .text.CyVdHvAnalogEnable
                0x00000000       0x54 .\CortexM3\ARM_GCC_541\Debug\NeverLose.a(CyLib.o)
 .text.CyVdHvAnalogDisable
                0x00000000       0x20 .\CortexM3\ARM_GCC_541\Debug\NeverLose.a(CyLib.o)
 .text.CyVdRealTimeStatus
                0x00000000       0x1c .\CortexM3\ARM_GCC_541\Debug\NeverLose.a(CyLib.o)
 .text.CyDisableInts
                0x00000000       0x1c .\CortexM3\ARM_GCC_541\Debug\NeverLose.a(CyLib.o)
 .text.CyEnableInts
                0x00000000       0x18 .\CortexM3\ARM_GCC_541\Debug\NeverLose.a(CyLib.o)
 .text.CyFlushCache
                0x00000000       0x44 .\CortexM3\ARM_GCC_541\Debug\NeverLose.a(CyLib.o)
 .text.CyIntSetSysVector
                0x00000000       0x28 .\CortexM3\ARM_GCC_541\Debug\NeverLose.a(CyLib.o)
 .text.CyIntGetSysVector
                0x00000000       0x20 .\CortexM3\ARM_GCC_541\Debug\NeverLose.a(CyLib.o)
 .text.CyIntGetVector
                0x00000000       0x24 .\CortexM3\ARM_GCC_541\Debug\NeverLose.a(CyLib.o)
 .text.CyIntGetPriority
                0x00000000       0x20 .\CortexM3\ARM_GCC_541\Debug\NeverLose.a(CyLib.o)
 .text.CyIntGetState
                0x00000000       0x24 .\CortexM3\ARM_GCC_541\Debug\NeverLose.a(CyLib.o)
 .text.CySysTickStop
                0x00000000       0x10 .\CortexM3\ARM_GCC_541\Debug\NeverLose.a(CyLib.o)
 .text.CySysTickEnableInterrupt
                0x00000000       0x10 .\CortexM3\ARM_GCC_541\Debug\NeverLose.a(CyLib.o)
 .text.CySysTickEnable
                0x00000000       0x18 .\CortexM3\ARM_GCC_541\Debug\NeverLose.a(CyLib.o)
 .text.CySysTickDisableInterrupt
                0x00000000       0x10 .\CortexM3\ARM_GCC_541\Debug\NeverLose.a(CyLib.o)
 .text.CySysTickSetReload
                0x00000000       0x10 .\CortexM3\ARM_GCC_541\Debug\NeverLose.a(CyLib.o)
 .text.CySysTickGetReload
                0x00000000       0x10 .\CortexM3\ARM_GCC_541\Debug\NeverLose.a(CyLib.o)
 .text.CySysTickGetValue
                0x00000000       0x10 .\CortexM3\ARM_GCC_541\Debug\NeverLose.a(CyLib.o)
 .text.CySysTickSetClockSource
                0x00000000       0x20 .\CortexM3\ARM_GCC_541\Debug\NeverLose.a(CyLib.o)
 .text.CySysTickGetClockSource
                0x00000000       0x10 .\CortexM3\ARM_GCC_541\Debug\NeverLose.a(CyLib.o)
 .text.CySysTickGetCountFlag
                0x00000000       0x10 .\CortexM3\ARM_GCC_541\Debug\NeverLose.a(CyLib.o)
 .text.CySysTickServiceCallbacks
                0x00000000       0x28 .\CortexM3\ARM_GCC_541\Debug\NeverLose.a(CyLib.o)
 .text.CySysTickClear
                0x00000000        0xc .\CortexM3\ARM_GCC_541\Debug\NeverLose.a(CyLib.o)
 .text.CySysTickInit
                0x00000000       0x58 .\CortexM3\ARM_GCC_541\Debug\NeverLose.a(CyLib.o)
 .text.CySysTickStart
                0x00000000       0x1c .\CortexM3\ARM_GCC_541\Debug\NeverLose.a(CyLib.o)
 .text.CySysTickSetCallback
                0x00000000       0x10 .\CortexM3\ARM_GCC_541\Debug\NeverLose.a(CyLib.o)
 .text.CySysTickGetCallback
                0x00000000       0x10 .\CortexM3\ARM_GCC_541\Debug\NeverLose.a(CyLib.o)
 .text.CyGetUniqueId
                0x00000000       0x70 .\CortexM3\ARM_GCC_541\Debug\NeverLose.a(CyLib.o)
 .text          0x00000000        0x0 .\CortexM3\ARM_GCC_541\Debug\NeverLose.a(cyPm.o)
 .data          0x00000000        0x0 .\CortexM3\ARM_GCC_541\Debug\NeverLose.a(cyPm.o)
 .bss           0x00000000       0x43 .\CortexM3\ARM_GCC_541\Debug\NeverLose.a(cyPm.o)
 .text.CyPmHibSlpSaveSet
                0x00000000      0x1dc .\CortexM3\ARM_GCC_541\Debug\NeverLose.a(cyPm.o)
 .text.CyPmHibSlpRestore
                0x00000000       0xd8 .\CortexM3\ARM_GCC_541\Debug\NeverLose.a(cyPm.o)
 .text.CyPmHviLviSaveDisable
                0x00000000       0xa0 .\CortexM3\ARM_GCC_541\Debug\NeverLose.a(cyPm.o)
 .text.CyPmHibSaveSet
                0x00000000       0x98 .\CortexM3\ARM_GCC_541\Debug\NeverLose.a(cyPm.o)
 .text.CyPmHviLviRestore
                0x00000000       0x48 .\CortexM3\ARM_GCC_541\Debug\NeverLose.a(cyPm.o)
 .text.CyPmHibRestore
                0x00000000       0x60 .\CortexM3\ARM_GCC_541\Debug\NeverLose.a(cyPm.o)
 .text.CyPmSaveClocks
                0x00000000      0x218 .\CortexM3\ARM_GCC_541\Debug\NeverLose.a(cyPm.o)
 .text.CyPmRestoreClocks
                0x00000000      0x24c .\CortexM3\ARM_GCC_541\Debug\NeverLose.a(cyPm.o)
 .text.CyPmAltAct
                0x00000000       0x6c .\CortexM3\ARM_GCC_541\Debug\NeverLose.a(cyPm.o)
 .text.CyPmSleep
                0x00000000       0xf4 .\CortexM3\ARM_GCC_541\Debug\NeverLose.a(cyPm.o)
 .text.CyPmHibernateEx
                0x00000000       0xf4 .\CortexM3\ARM_GCC_541\Debug\NeverLose.a(cyPm.o)
 .text.CyPmHibernate
                0x00000000        0xc .\CortexM3\ARM_GCC_541\Debug\NeverLose.a(cyPm.o)
 .text.CyPmReadStatus
                0x00000000       0x30 .\CortexM3\ARM_GCC_541\Debug\NeverLose.a(cyPm.o)
 .text.CyPmCtwSetInterval
                0x00000000       0x5c .\CortexM3\ARM_GCC_541\Debug\NeverLose.a(cyPm.o)
 .text.CyPmOppsSet
                0x00000000       0x2c .\CortexM3\ARM_GCC_541\Debug\NeverLose.a(cyPm.o)
 .text.CyPmFtwSetInterval
                0x00000000       0x5c .\CortexM3\ARM_GCC_541\Debug\NeverLose.a(cyPm.o)
 .rodata        0x00000000        0xf .\CortexM3\ARM_GCC_541\Debug\NeverLose.a(cyPm.o)
 .data          0x00000000        0x0 .\CortexM3\ARM_GCC_541\Debug\NeverLose.a(CyBootAsmGnu.o)
 .bss           0x00000000        0x0 .\CortexM3\ARM_GCC_541\Debug\NeverLose.a(CyBootAsmGnu.o)
 .text          0x00000000        0x0 .\CortexM3\ARM_GCC_541\Debug\NeverLose.a(CyFlash.o)
 .data          0x00000000        0x0 .\CortexM3\ARM_GCC_541\Debug\NeverLose.a(CyFlash.o)
 .bss           0x00000000        0x0 .\CortexM3\ARM_GCC_541\Debug\NeverLose.a(CyFlash.o)
 .text.CySetTempInt
                0x00000000       0x60 .\CortexM3\ARM_GCC_541\Debug\NeverLose.a(CyFlash.o)
 .text.CyFlash_Start
                0x00000000       0x54 .\CortexM3\ARM_GCC_541\Debug\NeverLose.a(CyFlash.o)
 .text.CyFlash_Stop
                0x00000000       0x24 .\CortexM3\ARM_GCC_541\Debug\NeverLose.a(CyFlash.o)
 .text.CyFlash_EraseRow
                0x00000000       0x78 .\CortexM3\ARM_GCC_541\Debug\NeverLose.a(CyFlash.o)
 .text.CyFlashGetSpcAlgorithm
                0x00000000       0x4c .\CortexM3\ARM_GCC_541\Debug\NeverLose.a(CyFlash.o)
 .text.CySetTemp
                0x00000000       0x14 .\CortexM3\ARM_GCC_541\Debug\NeverLose.a(CyFlash.o)
 .text.CySetFlashEEBuffer
                0x00000000       0x20 .\CortexM3\ARM_GCC_541\Debug\NeverLose.a(CyFlash.o)
 .text.CyWriteRowFull
                0x00000000       0xf8 .\CortexM3\ARM_GCC_541\Debug\NeverLose.a(CyFlash.o)
 .text.CyWriteRowData
                0x00000000       0x14 .\CortexM3\ARM_GCC_541\Debug\NeverLose.a(CyFlash.o)
 .text.CyFlash_SetWaitCycles
                0x00000000       0x7c .\CortexM3\ARM_GCC_541\Debug\NeverLose.a(CyFlash.o)
 .text.CyEEPROM_Start
                0x00000000       0x54 .\CortexM3\ARM_GCC_541\Debug\NeverLose.a(CyFlash.o)
 .text.CyEEPROM_Stop
                0x00000000       0x24 .\CortexM3\ARM_GCC_541\Debug\NeverLose.a(CyFlash.o)
 .text.CyEEPROM_ReadReserve
                0x00000000       0x1c .\CortexM3\ARM_GCC_541\Debug\NeverLose.a(CyFlash.o)
 .text.CyEEPROM_ReadRelease
                0x00000000       0x10 .\CortexM3\ARM_GCC_541\Debug\NeverLose.a(CyFlash.o)
 COMMON         0x00000000        0x2 .\CortexM3\ARM_GCC_541\Debug\NeverLose.a(CyFlash.o)
 .text          0x00000000        0x0 .\CortexM3\ARM_GCC_541\Debug\NeverLose.a(CySpc.o)
 .data          0x00000000        0x0 .\CortexM3\ARM_GCC_541\Debug\NeverLose.a(CySpc.o)
 .bss           0x00000000        0x8 .\CortexM3\ARM_GCC_541\Debug\NeverLose.a(CySpc.o)
 .text.CySpcStart
                0x00000000       0x24 .\CortexM3\ARM_GCC_541\Debug\NeverLose.a(CySpc.o)
 .text.CySpcStop
                0x00000000       0x24 .\CortexM3\ARM_GCC_541\Debug\NeverLose.a(CySpc.o)
 .text.CySpcReadData
                0x00000000       0x34 .\CortexM3\ARM_GCC_541\Debug\NeverLose.a(CySpc.o)
 .text.CySpcLoadMultiByte
                0x00000000       0x78 .\CortexM3\ARM_GCC_541\Debug\NeverLose.a(CySpc.o)
 .text.CySpcLoadRow
                0x00000000       0x50 .\CortexM3\ARM_GCC_541\Debug\NeverLose.a(CySpc.o)
 .text.CySpcLoadRowFull
                0x00000000       0x80 .\CortexM3\ARM_GCC_541\Debug\NeverLose.a(CySpc.o)
 .text.CySpcWriteRow
                0x00000000       0x4c .\CortexM3\ARM_GCC_541\Debug\NeverLose.a(CySpc.o)
 .text.CySpcEraseSector
                0x00000000       0x3c .\CortexM3\ARM_GCC_541\Debug\NeverLose.a(CySpc.o)
 .text.CySpcEraseRow
                0x00000000       0x4c .\CortexM3\ARM_GCC_541\Debug\NeverLose.a(CySpc.o)
 .text.CySpcGetTemp
                0x00000000       0x3c .\CortexM3\ARM_GCC_541\Debug\NeverLose.a(CySpc.o)
 .text.CySpcLock
                0x00000000       0x4c .\CortexM3\ARM_GCC_541\Debug\NeverLose.a(CySpc.o)
 .text.CySpcUnlock
                0x00000000       0x38 .\CortexM3\ARM_GCC_541\Debug\NeverLose.a(CySpc.o)
 .text.CySpcGetAlgorithm
                0x00000000       0x28 .\CortexM3\ARM_GCC_541\Debug\NeverLose.a(CySpc.o)
 .text          0x00000000      0x370 c:/program files (x86)/cypress/psoc creator/4.4/psoc creator/import/gnu/arm/5.4.1/bin/../lib/gcc/arm-none-eabi/5.4.1/armv7-m\libgcc.a(_arm_addsubdf3.o)
 .data          0x00000000        0x0 c:/program files (x86)/cypress/psoc creator/4.4/psoc creator/import/gnu/arm/5.4.1/bin/../lib/gcc/arm-none-eabi/5.4.1/armv7-m\libgcc.a(_arm_addsubdf3.o)
 .bss           0x00000000        0x0 c:/program files (x86)/cypress/psoc creator/4.4/psoc creator/import/gnu/arm/5.4.1/bin/../lib/gcc/arm-none-eabi/5.4.1/armv7-m\libgcc.a(_arm_addsubdf3.o)
 .text          0x00000000      0x110 c:/program files (x86)/cypress/psoc creator/4.4/psoc creator/import/gnu/arm/5.4.1/bin/../lib/gcc/arm-none-eabi/5.4.1/armv7-m\libgcc.a(_arm_cmpdf2.o)
 .data          0x00000000        0x0 c:/program files (x86)/cypress/psoc creator/4.4/psoc creator/import/gnu/arm/5.4.1/bin/../lib/gcc/arm-none-eabi/5.4.1/armv7-m\libgcc.a(_arm_cmpdf2.o)
 .bss           0x00000000        0x0 c:/program files (x86)/cypress/psoc creator/4.4/psoc creator/import/gnu/arm/5.4.1/bin/../lib/gcc/arm-none-eabi/5.4.1/armv7-m\libgcc.a(_arm_cmpdf2.o)
 .data          0x00000000        0x0 c:/program files (x86)/cypress/psoc creator/4.4/psoc creator/import/gnu/arm/5.4.1/bin/../lib/gcc/arm-none-eabi/5.4.1/armv7-m\libgcc.a(_arm_addsubsf3.o)
 .bss           0x00000000        0x0 c:/program files (x86)/cypress/psoc creator/4.4/psoc creator/import/gnu/arm/5.4.1/bin/../lib/gcc/arm-none-eabi/5.4.1/armv7-m\libgcc.a(_arm_addsubsf3.o)
 .data          0x00000000        0x0 c:/program files (x86)/cypress/psoc creator/4.4/psoc creator/import/gnu/arm/5.4.1/bin/../lib/gcc/arm-none-eabi/5.4.1/armv7-m\libgcc.a(_arm_muldivsf3.o)
 .bss           0x00000000        0x0 c:/program files (x86)/cypress/psoc creator/4.4/psoc creator/import/gnu/arm/5.4.1/bin/../lib/gcc/arm-none-eabi/5.4.1/armv7-m\libgcc.a(_arm_muldivsf3.o)
 .data          0x00000000        0x0 c:/program files (x86)/cypress/psoc creator/4.4/psoc creator/import/gnu/arm/5.4.1/bin/../lib/gcc/arm-none-eabi/5.4.1/armv7-m\libgcc.a(_arm_fixunssfsi.o)
 .bss           0x00000000        0x0 c:/program files (x86)/cypress/psoc creator/4.4/psoc creator/import/gnu/arm/5.4.1/bin/../lib/gcc/arm-none-eabi/5.4.1/armv7-m\libgcc.a(_arm_fixunssfsi.o)
 .text          0x00000000        0x0 c:/program files (x86)/cypress/psoc creator/4.4/psoc creator/import/gnu/arm/5.4.1/bin/../lib/gcc/arm-none-eabi/5.4.1/../../../../arm-none-eabi/lib/armv7-m\libg_nano.a(lib_a-errno.o)
 .data          0x00000000        0x0 c:/program files (x86)/cypress/psoc creator/4.4/psoc creator/import/gnu/arm/5.4.1/bin/../lib/gcc/arm-none-eabi/5.4.1/../../../../arm-none-eabi/lib/armv7-m\libg_nano.a(lib_a-errno.o)
 .bss           0x00000000        0x0 c:/program files (x86)/cypress/psoc creator/4.4/psoc creator/import/gnu/arm/5.4.1/bin/../lib/gcc/arm-none-eabi/5.4.1/../../../../arm-none-eabi/lib/armv7-m\libg_nano.a(lib_a-errno.o)
 .text          0x00000000        0x0 c:/program files (x86)/cypress/psoc creator/4.4/psoc creator/import/gnu/arm/5.4.1/bin/../lib/gcc/arm-none-eabi/5.4.1/../../../../arm-none-eabi/lib/armv7-m\libg_nano.a(lib_a-exit.o)
 .data          0x00000000        0x0 c:/program files (x86)/cypress/psoc creator/4.4/psoc creator/import/gnu/arm/5.4.1/bin/../lib/gcc/arm-none-eabi/5.4.1/../../../../arm-none-eabi/lib/armv7-m\libg_nano.a(lib_a-exit.o)
 .bss           0x00000000        0x0 c:/program files (x86)/cypress/psoc creator/4.4/psoc creator/import/gnu/arm/5.4.1/bin/../lib/gcc/arm-none-eabi/5.4.1/../../../../arm-none-eabi/lib/armv7-m\libg_nano.a(lib_a-exit.o)
 .text.exit     0x00000000       0x28 c:/program files (x86)/cypress/psoc creator/4.4/psoc creator/import/gnu/arm/5.4.1/bin/../lib/gcc/arm-none-eabi/5.4.1/../../../../arm-none-eabi/lib/armv7-m\libg_nano.a(lib_a-exit.o)
 .text          0x00000000        0x0 c:/program files (x86)/cypress/psoc creator/4.4/psoc creator/import/gnu/arm/5.4.1/bin/../lib/gcc/arm-none-eabi/5.4.1/../../../../arm-none-eabi/lib/armv7-m\libg_nano.a(lib_a-impure.o)
 .data          0x00000000        0x0 c:/program files (x86)/cypress/psoc creator/4.4/psoc creator/import/gnu/arm/5.4.1/bin/../lib/gcc/arm-none-eabi/5.4.1/../../../../arm-none-eabi/lib/armv7-m\libg_nano.a(lib_a-impure.o)
 .bss           0x00000000        0x0 c:/program files (x86)/cypress/psoc creator/4.4/psoc creator/import/gnu/arm/5.4.1/bin/../lib/gcc/arm-none-eabi/5.4.1/../../../../arm-none-eabi/lib/armv7-m\libg_nano.a(lib_a-impure.o)
 .rodata._global_impure_ptr
                0x00000000        0x4 c:/program files (x86)/cypress/psoc creator/4.4/psoc creator/import/gnu/arm/5.4.1/bin/../lib/gcc/arm-none-eabi/5.4.1/../../../../arm-none-eabi/lib/armv7-m\libg_nano.a(lib_a-impure.o)
 .text          0x00000000        0x0 c:/program files (x86)/cypress/psoc creator/4.4/psoc creator/import/gnu/arm/5.4.1/bin/../lib/gcc/arm-none-eabi/5.4.1/../../../../arm-none-eabi/lib/armv7-m\libg_nano.a(lib_a-init.o)
 .data          0x00000000        0x0 c:/program files (x86)/cypress/psoc creator/4.4/psoc creator/import/gnu/arm/5.4.1/bin/../lib/gcc/arm-none-eabi/5.4.1/../../../../arm-none-eabi/lib/armv7-m\libg_nano.a(lib_a-init.o)
 .bss           0x00000000        0x0 c:/program files (x86)/cypress/psoc creator/4.4/psoc creator/import/gnu/arm/5.4.1/bin/../lib/gcc/arm-none-eabi/5.4.1/../../../../arm-none-eabi/lib/armv7-m\libg_nano.a(lib_a-init.o)
 .text          0x00000000        0x0 c:/program files (x86)/cypress/psoc creator/4.4/psoc creator/import/gnu/arm/5.4.1/bin/../lib/gcc/arm-none-eabi/5.4.1/../../../../arm-none-eabi/lib/armv7-m\libg_nano.a(lib_a-memcpy-stub.o)
 .data          0x00000000        0x0 c:/program files (x86)/cypress/psoc creator/4.4/psoc creator/import/gnu/arm/5.4.1/bin/../lib/gcc/arm-none-eabi/5.4.1/../../../../arm-none-eabi/lib/armv7-m\libg_nano.a(lib_a-memcpy-stub.o)
 .bss           0x00000000        0x0 c:/program files (x86)/cypress/psoc creator/4.4/psoc creator/import/gnu/arm/5.4.1/bin/../lib/gcc/arm-none-eabi/5.4.1/../../../../arm-none-eabi/lib/armv7-m\libg_nano.a(lib_a-memcpy-stub.o)
 .text          0x00000000        0x0 c:/program files (x86)/cypress/psoc creator/4.4/psoc creator/import/gnu/arm/5.4.1/bin/../lib/gcc/arm-none-eabi/5.4.1/../../../../arm-none-eabi/lib/armv7-m\libg_nano.a(lib_a-memset.o)
 .data          0x00000000        0x0 c:/program files (x86)/cypress/psoc creator/4.4/psoc creator/import/gnu/arm/5.4.1/bin/../lib/gcc/arm-none-eabi/5.4.1/../../../../arm-none-eabi/lib/armv7-m\libg_nano.a(lib_a-memset.o)
 .bss           0x00000000        0x0 c:/program files (x86)/cypress/psoc creator/4.4/psoc creator/import/gnu/arm/5.4.1/bin/../lib/gcc/arm-none-eabi/5.4.1/../../../../arm-none-eabi/lib/armv7-m\libg_nano.a(lib_a-memset.o)
 .text          0x00000000        0x0 c:/program files (x86)/cypress/psoc creator/4.4/psoc creator/import/gnu/arm/5.4.1/bin/../lib/gcc/arm-none-eabi/5.4.1/armv7-m/crtend.o
 .data          0x00000000        0x0 c:/program files (x86)/cypress/psoc creator/4.4/psoc creator/import/gnu/arm/5.4.1/bin/../lib/gcc/arm-none-eabi/5.4.1/armv7-m/crtend.o
 .bss           0x00000000        0x0 c:/program files (x86)/cypress/psoc creator/4.4/psoc creator/import/gnu/arm/5.4.1/bin/../lib/gcc/arm-none-eabi/5.4.1/armv7-m/crtend.o
 .text          0x00000000        0x0 c:/program files (x86)/cypress/psoc creator/4.4/psoc creator/import/gnu/arm/5.4.1/bin/../lib/gcc/arm-none-eabi/5.4.1/armv7-m/crtn.o
 .data          0x00000000        0x0 c:/program files (x86)/cypress/psoc creator/4.4/psoc creator/import/gnu/arm/5.4.1/bin/../lib/gcc/arm-none-eabi/5.4.1/armv7-m/crtn.o
 .bss           0x00000000        0x0 c:/program files (x86)/cypress/psoc creator/4.4/psoc creator/import/gnu/arm/5.4.1/bin/../lib/gcc/arm-none-eabi/5.4.1/armv7-m/crtn.o

Memory Configuration

Name             Origin             Length             Attributes
rom              0x00000000         0x00040000         xr
ram              0x1fff8000         0x00010000         xrw
*default*        0x00000000         0xffffffff

Linker script and memory map

LOAD c:/program files (x86)/cypress/psoc creator/4.4/psoc creator/import/gnu/arm/5.4.1/bin/../lib/gcc/arm-none-eabi/5.4.1/armv7-m/crti.o
LOAD c:/program files (x86)/cypress/psoc creator/4.4/psoc creator/import/gnu/arm/5.4.1/bin/../lib/gcc/arm-none-eabi/5.4.1/armv7-m/crtbegin.o
LOAD c:/program files (x86)/cypress/psoc creator/4.4/psoc creator/import/gnu/arm/5.4.1/bin/../lib/gcc/arm-none-eabi/5.4.1/../../../../arm-none-eabi/lib/armv7-m/crt0.o
START GROUP
LOAD .\CortexM3\ARM_GCC_541\Debug\main.o
LOAD .\CortexM3\ARM_GCC_541\Debug\cyfitter_cfg.o
LOAD .\CortexM3\ARM_GCC_541\Debug\cymetadata.o
LOAD .\CortexM3\ARM_GCC_541\Debug\Cm3Start.o
LOAD .\CortexM3\ARM_GCC_541\Debug\NeverLose.a
LOAD C:\Program Files (x86)\Cypress\PSoC Creator\4.4\PSoC Creator\psoc\content\cycomponentlibrary\CyComponentLibrary.cylib\CortexM3\ARM_GCC_541\Debug\CyComponentLibrary.a
END GROUP
START GROUP
LOAD c:/program files (x86)/cypress/psoc creator/4.4/psoc creator/import/gnu/arm/5.4.1/bin/../lib/gcc/arm-none-eabi/5.4.1/armv7-m\libgcc.a
LOAD c:/program files (x86)/cypress/psoc creator/4.4/psoc creator/import/gnu/arm/5.4.1/bin/../lib/gcc/arm-none-eabi/5.4.1/../../../../arm-none-eabi/lib/armv7-m\libg_nano.a
LOAD c:/program files (x86)/cypress/psoc creator/4.4/psoc creator/import/gnu/arm/5.4.1/bin/../lib/gcc/arm-none-eabi/5.4.1/../../../../arm-none-eabi/lib/armv7-m\libc_nano.a
END GROUP
START GROUP
LOAD c:/program files (x86)/cypress/psoc creator/4.4/psoc creator/import/gnu/arm/5.4.1/bin/../lib/gcc/arm-none-eabi/5.4.1/armv7-m\libgcc.a
LOAD c:/program files (x86)/cypress/psoc creator/4.4/psoc creator/import/gnu/arm/5.4.1/bin/../lib/gcc/arm-none-eabi/5.4.1/../../../../arm-none-eabi/lib/armv7-m\libc_nano.a
END GROUP
LOAD c:/program files (x86)/cypress/psoc creator/4.4/psoc creator/import/gnu/arm/5.4.1/bin/../lib/gcc/arm-none-eabi/5.4.1/armv7-m/crtend.o
LOAD c:/program files (x86)/cypress/psoc creator/4.4/psoc creator/import/gnu/arm/5.4.1/bin/../lib/gcc/arm-none-eabi/5.4.1/armv7-m/crtn.o
START GROUP
LOAD c:/program files (x86)/cypress/psoc creator/4.4/psoc creator/import/gnu/arm/5.4.1/bin/../lib/gcc/arm-none-eabi/5.4.1/armv7-m\libgcc.a
LOAD c:/program files (x86)/cypress/psoc creator/4.4/psoc creator/import/gnu/arm/5.4.1/bin/../lib/gcc/arm-none-eabi/5.4.1/../../../../arm-none-eabi/lib/armv7-m\libc.a
LOAD c:/program files (x86)/cypress/psoc creator/4.4/psoc creator/import/gnu/arm/5.4.1/bin/../lib/gcc/arm-none-eabi/5.4.1/../../../../arm-none-eabi/lib/armv7-m\libnosys.a
END GROUP
                0x00000000                CY_APPL_ORIGIN = 0x0
                0x00000100                CY_FLASH_ROW_SIZE = 0x100
                0x00000020                CY_ECC_ROW_SIZE = 0x20
                0x00000000                CY_EE_IN_BTLDR = 0x0
                0x00000000                CY_APPL_LOADABLE = 0x0
                0x00000800                CY_EE_SIZE = 0x800
                0x00000001                CY_APPL_NUM = 0x1
                0x00000001                CY_APPL_MAX = 0x1
                0x00000040                CY_METADATA_SIZE = 0x40
                0x00000000                CY_APPL_LOADABLE = 0x0
                0x00000000                CY_CHECKSUM_EXCLUDE_SIZE = ALIGN (0x0, CY_FLASH_ROW_SIZE)
                [!provide]                PROVIDE (__cy_heap_start, _end)
                0x00000001                PROVIDE (__cy_region_num, ((__cy_regions_end - __cy_regions) / 0x10))
                0x20008000                PROVIDE (__cy_stack, (ORIGIN (ram) + LENGTH (ram)))
                [!provide]                PROVIDE (__cy_heap_end, (__cy_stack - 0x800))

.cybootloader   0x00000000        0x0
 *(.cybootloader)
                0x00000000                appl1_start = CY_APPL_ORIGIN?CY_APPL_ORIGIN:ALIGN (CY_FLASH_ROW_SIZE)
                0x0001ff00                appl2_start = (appl1_start + ALIGN ((((LENGTH (rom) - appl1_start) - (0x2 * CY_FLASH_ROW_SIZE)) / 0x2), CY_FLASH_ROW_SIZE))
                0x00000000                appl_start = (CY_APPL_NUM == 0x1)?appl1_start:appl2_start
                0x00000000                ecc_offset = ((appl_start / CY_FLASH_ROW_SIZE) * CY_ECC_ROW_SIZE)
                0x00000000                ee_offset = (CY_APPL_LOADABLE && ! (CY_EE_IN_BTLDR))?((CY_EE_SIZE / CY_APPL_MAX) * (CY_APPL_NUM - 0x1)):0x0
                0x00000800                ee_size = (CY_APPL_LOADABLE && ! (CY_EE_IN_BTLDR))?(CY_EE_SIZE / CY_APPL_MAX):CY_EE_SIZE
                [!provide]                PROVIDE (CY_ECC_OFFSET, ecc_offset)

.text           0x00000000     0x16f2
 CREATE_OBJECT_SYMBOLS
                0x00000000                PROVIDE (__cy_interrupt_vector, RomVectors)
 *(.romvectors)
 .romvectors    0x00000000       0x10 .\CortexM3\ARM_GCC_541\Debug\Cm3Start.o
                0x00000000                RomVectors
                0x00000001                ASSERT ((. != __cy_interrupt_vector), No interrupt vector)
                0x00000001                ASSERT (CY_APPL_ORIGIN?(SIZEOF (.cybootloader) <= CY_APPL_ORIGIN):0x1, Wrong image location)
                0x00000010                PROVIDE (__cy_reset, Reset)
 *(.text.Reset)
 .text.Reset    0x00000010       0x18 .\CortexM3\ARM_GCC_541\Debug\Cm3Start.o
                0x00000010                Reset
                0x00000001                ASSERT ((. != __cy_reset), No reset code)
 *(.dma_init)
                0x00000001                ASSERT ((((appl_start + .) <= 0x10000) || 0x1), DMA Init must be within the first 64k of flash)
 *(.text .text.* .gnu.linkonce.t.*)
 .text          0x00000028       0x5c c:/program files (x86)/cypress/psoc creator/4.4/psoc creator/import/gnu/arm/5.4.1/bin/../lib/gcc/arm-none-eabi/5.4.1/armv7-m/crtbegin.o
 .text.isr_uart_Handler
                0x00000084       0x60 .\CortexM3\ARM_GCC_541\Debug\main.o
                0x00000084                isr_uart_Handler
 .text.main     0x000000e4       0x84 .\CortexM3\ARM_GCC_541\Debug\main.o
                0x000000e4                main
 .text.CyClockStartupError
                0x00000168        0x4 .\CortexM3\ARM_GCC_541\Debug\cyfitter_cfg.o
 .text.cfg_write_bytes32
                0x0000016c       0x34 .\CortexM3\ARM_GCC_541\Debug\cyfitter_cfg.o
 .text.AnalogSetDefault
                0x000001a0       0x38 .\CortexM3\ARM_GCC_541\Debug\cyfitter_cfg.o
 .text.CYMEMZERO
                0x000001d8        0xc .\CortexM3\ARM_GCC_541\Debug\cyfitter_cfg.o
 .text.CYCONFIGCPY
                0x000001e4        0x8 .\CortexM3\ARM_GCC_541\Debug\cyfitter_cfg.o
 .text.ClockSetup
                0x000001ec      0x100 .\CortexM3\ARM_GCC_541\Debug\cyfitter_cfg.o
 .text.ADC_AMux_Set
                0x000002ec       0x1c .\CortexM3\ARM_GCC_541\Debug\cyfitter_cfg.o
                0x000002ec                ADC_AMux_Set
 .text.ADC_AMux_Unset
                0x00000308       0x1c .\CortexM3\ARM_GCC_541\Debug\cyfitter_cfg.o
                0x00000308                ADC_AMux_Unset
 .text.cyfitter_cfg
                0x00000324      0x11c .\CortexM3\ARM_GCC_541\Debug\cyfitter_cfg.o
                0x00000324                cyfitter_cfg
 .text.IntDefaultHandler
                0x00000440       0x10 .\CortexM3\ARM_GCC_541\Debug\Cm3Start.o
                0x00000440                IntDefaultHandler
 .text.Start_c  0x00000450       0x4c .\CortexM3\ARM_GCC_541\Debug\Cm3Start.o
                0x00000450                Start_c
 .text.initialize_psoc
                0x0000049c       0x68 .\CortexM3\ARM_GCC_541\Debug\Cm3Start.o
                0x0000049c                initialize_psoc
 .text.ADC_GainCompensation
                0x00000504       0xdc .\CortexM3\ARM_GCC_541\Debug\NeverLose.a(ADC.o)
 .text.ADC_SetDSMRef0Reg
                0x000005e0       0x4c .\CortexM3\ARM_GCC_541\Debug\NeverLose.a(ADC.o)
 .text.ADC_InitConfig
                0x0000062c       0xe4 .\CortexM3\ARM_GCC_541\Debug\NeverLose.a(ADC.o)
 .text.ADC_Init
                0x00000710       0xc4 .\CortexM3\ARM_GCC_541\Debug\NeverLose.a(ADC.o)
                0x00000710                ADC_Init
 .text.ADC_Enable
                0x000007d4       0xd8 .\CortexM3\ARM_GCC_541\Debug\NeverLose.a(ADC.o)
                0x000007d4                ADC_Enable
 .text.ADC_Start
                0x000008ac       0x28 .\CortexM3\ARM_GCC_541\Debug\NeverLose.a(ADC.o)
                0x000008ac                ADC_Start
 .text.ADC_StartConvert
                0x000008d4       0x10 .\CortexM3\ARM_GCC_541\Debug\NeverLose.a(ADC.o)
                0x000008d4                ADC_StartConvert
 .text.ADC_IsEndConversion
                0x000008e4       0x30 .\CortexM3\ARM_GCC_541\Debug\NeverLose.a(ADC.o)
                0x000008e4                ADC_IsEndConversion
 .text.ADC_GetResult32
                0x00000914       0x6c .\CortexM3\ARM_GCC_541\Debug\NeverLose.a(ADC.o)
                0x00000914                ADC_GetResult32
 .text.ADC_ISR1
                0x00000980        0x4 .\CortexM3\ARM_GCC_541\Debug\NeverLose.a(ADC_INT.o)
                0x00000980                ADC_ISR1
 .text.PWM_Enable
                0x00000984       0x10 .\CortexM3\ARM_GCC_541\Debug\NeverLose.a(PWM.o)
                0x00000984                PWM_Enable
 .text.PWM_WriteCounter
                0x00000994        0xc .\CortexM3\ARM_GCC_541\Debug\NeverLose.a(PWM.o)
                0x00000994                PWM_WriteCounter
 .text.PWM_WritePeriod
                0x000009a0        0xc .\CortexM3\ARM_GCC_541\Debug\NeverLose.a(PWM.o)
                0x000009a0                PWM_WritePeriod
 .text.PWM_WriteCompare
                0x000009ac        0xc .\CortexM3\ARM_GCC_541\Debug\NeverLose.a(PWM.o)
                0x000009ac                PWM_WriteCompare
 .text.PWM_SetInterruptMode
                0x000009b8        0xc .\CortexM3\ARM_GCC_541\Debug\NeverLose.a(PWM.o)
                0x000009b8                PWM_SetInterruptMode
 .text.PWM_ReadStatusRegister
                0x000009c4        0xc .\CortexM3\ARM_GCC_541\Debug\NeverLose.a(PWM.o)
                0x000009c4                PWM_ReadStatusRegister
 .text.PWM_ReadCapture
                0x000009d0        0xc .\CortexM3\ARM_GCC_541\Debug\NeverLose.a(PWM.o)
                0x000009d0                PWM_ReadCapture
 .text.PWM_ClearFIFO
                0x000009dc       0x14 .\CortexM3\ARM_GCC_541\Debug\NeverLose.a(PWM.o)
                0x000009dc                PWM_ClearFIFO
 .text.PWM_Init
                0x000009f0       0x60 .\CortexM3\ARM_GCC_541\Debug\NeverLose.a(PWM.o)
                0x000009f0                PWM_Init
 .text.PWM_Start
                0x00000a50       0x1c .\CortexM3\ARM_GCC_541\Debug\NeverLose.a(PWM.o)
                0x00000a50                PWM_Start
 .text.LCD_WrCntrlNib
                0x00000a6c       0x34 .\CortexM3\ARM_GCC_541\Debug\NeverLose.a(LCD.o)
 .text.LCD_WrDatNib
                0x00000aa0       0x44 .\CortexM3\ARM_GCC_541\Debug\NeverLose.a(LCD.o)
 .text.LCD_IsReady
                0x00000ae4       0xe4 .\CortexM3\ARM_GCC_541\Debug\NeverLose.a(LCD.o)
                0x00000ae4                LCD_IsReady
 .text.LCD_WriteData
                0x00000bc8       0x18 .\CortexM3\ARM_GCC_541\Debug\NeverLose.a(LCD.o)
                0x00000bc8                LCD_WriteData
 .text.LCD_PrintString
                0x00000be0       0x1c .\CortexM3\ARM_GCC_541\Debug\NeverLose.a(LCD.o)
                0x00000be0                LCD_PrintString
 .text.LCD_PutChar
                0x00000bfc        0x8 .\CortexM3\ARM_GCC_541\Debug\NeverLose.a(LCD.o)
                0x00000bfc                LCD_PutChar
 .text.LCD_WriteControl
                0x00000c04       0x18 .\CortexM3\ARM_GCC_541\Debug\NeverLose.a(LCD.o)
                0x00000c04                LCD_WriteControl
 .text.LCD_Init
                0x00000c1c       0x6c .\CortexM3\ARM_GCC_541\Debug\NeverLose.a(LCD.o)
                0x00000c1c                LCD_Init
 .text.LCD_Enable
                0x00000c88       0x14 .\CortexM3\ARM_GCC_541\Debug\NeverLose.a(LCD.o)
                0x00000c88                LCD_Enable
 .text.LCD_Start
                0x00000c9c       0x1c .\CortexM3\ARM_GCC_541\Debug\NeverLose.a(LCD.o)
                0x00000c9c                LCD_Start
 .text.LCD_Position
                0x00000cb8       0x3c .\CortexM3\ARM_GCC_541\Debug\NeverLose.a(LCD.o)
                0x00000cb8                LCD_Position
 .text.LCD_PrintU32Number
                0x00000cf4       0x64 .\CortexM3\ARM_GCC_541\Debug\NeverLose.a(LCD.o)
                0x00000cf4                LCD_PrintU32Number
 .text.UART_Init
                0x00000d58       0x24 .\CortexM3\ARM_GCC_541\Debug\NeverLose.a(UART.o)
                0x00000d58                UART_Init
 .text.UART_Enable
                0x00000d7c       0x38 .\CortexM3\ARM_GCC_541\Debug\NeverLose.a(UART.o)
                0x00000d7c                UART_Enable
 .text.UART_Start
                0x00000db4       0x1c .\CortexM3\ARM_GCC_541\Debug\NeverLose.a(UART.o)
                0x00000db4                UART_Start
 .text.UART_ReadRxData
                0x00000dd0        0xc .\CortexM3\ARM_GCC_541\Debug\NeverLose.a(UART.o)
                0x00000dd0                UART_ReadRxData
 .text.UART_ReadRxStatus
                0x00000ddc       0x10 .\CortexM3\ARM_GCC_541\Debug\NeverLose.a(UART.o)
                0x00000ddc                UART_ReadRxStatus
 .text.UART_PutChar
                0x00000dec       0x18 .\CortexM3\ARM_GCC_541\Debug\NeverLose.a(UART.o)
                0x00000dec                UART_PutChar
 .text.isr_uart_SetVector
                0x00000e04        0xc .\CortexM3\ARM_GCC_541\Debug\NeverLose.a(isr_uart.o)
                0x00000e04                isr_uart_SetVector
 .text.isr_uart_SetPriority
                0x00000e10       0x10 .\CortexM3\ARM_GCC_541\Debug\NeverLose.a(isr_uart.o)
                0x00000e10                isr_uart_SetPriority
 .text.isr_uart_Enable
                0x00000e20        0xc .\CortexM3\ARM_GCC_541\Debug\NeverLose.a(isr_uart.o)
                0x00000e20                isr_uart_Enable
 .text.isr_uart_Disable
                0x00000e2c        0xc .\CortexM3\ARM_GCC_541\Debug\NeverLose.a(isr_uart.o)
                0x00000e2c                isr_uart_Disable
 .text.isr_uart_StartEx
                0x00000e38       0x1c .\CortexM3\ARM_GCC_541\Debug\NeverLose.a(isr_uart.o)
                0x00000e38                isr_uart_StartEx
 .text.ADC_AMux_Start
                0x00000e54       0x20 .\CortexM3\ARM_GCC_541\Debug\NeverLose.a(ADC_AMux.o)
                0x00000e54                ADC_AMux_Start
 .text.ADC_AMux_Select
                0x00000e74       0x18 .\CortexM3\ARM_GCC_541\Debug\NeverLose.a(ADC_AMux.o)
                0x00000e74                ADC_AMux_Select
 .text.ADC_Ext_CP_Clk_GetDividerRegister
                0x00000e8c        0xc .\CortexM3\ARM_GCC_541\Debug\NeverLose.a(ADC_Ext_CP_Clk.o)
                0x00000e8c                ADC_Ext_CP_Clk_GetDividerRegister
 .text.ADC_Ext_CP_Clk_SetModeRegister
                0x00000e98       0x14 .\CortexM3\ARM_GCC_541\Debug\NeverLose.a(ADC_Ext_CP_Clk.o)
                0x00000e98                ADC_Ext_CP_Clk_SetModeRegister
 .text.ADC_Ext_CP_Clk_GetSourceRegister
                0x00000eac       0x10 .\CortexM3\ARM_GCC_541\Debug\NeverLose.a(ADC_Ext_CP_Clk.o)
                0x00000eac                ADC_Ext_CP_Clk_GetSourceRegister
 .text.ADC_Ext_CP_Clk_SetDividerRegister
                0x00000ebc       0xd8 .\CortexM3\ARM_GCC_541\Debug\NeverLose.a(ADC_Ext_CP_Clk.o)
                0x00000ebc                ADC_Ext_CP_Clk_SetDividerRegister
 .text.ADC_theACLK_GetDividerRegister
                0x00000f94        0xc .\CortexM3\ARM_GCC_541\Debug\NeverLose.a(ADC_theACLK.o)
                0x00000f94                ADC_theACLK_GetDividerRegister
 .text.ADC_theACLK_SetModeRegister
                0x00000fa0       0x14 .\CortexM3\ARM_GCC_541\Debug\NeverLose.a(ADC_theACLK.o)
                0x00000fa0                ADC_theACLK_SetModeRegister
 .text.ADC_theACLK_GetSourceRegister
                0x00000fb4       0x10 .\CortexM3\ARM_GCC_541\Debug\NeverLose.a(ADC_theACLK.o)
                0x00000fb4                ADC_theACLK_GetSourceRegister
 .text.ADC_theACLK_SetDividerRegister
                0x00000fc4       0xd8 .\CortexM3\ARM_GCC_541\Debug\NeverLose.a(ADC_theACLK.o)
                0x00000fc4                ADC_theACLK_SetDividerRegister
 .text.UART_IntClock_Start
                0x0000109c       0x1c .\CortexM3\ARM_GCC_541\Debug\NeverLose.a(UART_IntClock.o)
                0x0000109c                UART_IntClock_Start
 .text.CyHalt   0x000010b8        0x4 .\CortexM3\ARM_GCC_541\Debug\NeverLose.a(CyLib.o)
                0x000010b8                CyHalt
 .text.CyDelay  0x000010bc       0x2c .\CortexM3\ARM_GCC_541\Debug\NeverLose.a(CyLib.o)
                0x000010bc                CyDelay
 .text.CyDelayUs
                0x000010e8       0x14 .\CortexM3\ARM_GCC_541\Debug\NeverLose.a(CyLib.o)
                0x000010e8                CyDelayUs
 .text.CyIntSetVector
                0x000010fc       0x28 .\CortexM3\ARM_GCC_541\Debug\NeverLose.a(CyLib.o)
                0x000010fc                CyIntSetVector
 .text.CyIntSetPriority
                0x00001124       0x30 .\CortexM3\ARM_GCC_541\Debug\NeverLose.a(CyLib.o)
                0x00001124                CyIntSetPriority
 *fill*         0x00001154        0x4 
 .text          0x00001158       0x20 .\CortexM3\ARM_GCC_541\Debug\NeverLose.a(CyBootAsmGnu.o)
                0x00001158                CyDelayCycles
                0x00001168                CyEnterCriticalSection
                0x00001170                CyExitCriticalSection
 .text          0x00001178      0x21c c:/program files (x86)/cypress/psoc creator/4.4/psoc creator/import/gnu/arm/5.4.1/bin/../lib/gcc/arm-none-eabi/5.4.1/armv7-m\libgcc.a(_arm_addsubsf3.o)
                0x00001178                __aeabi_frsub
                0x00001180                __subsf3
                0x00001180                __aeabi_fsub
                0x00001184                __aeabi_fadd
                0x00001184                __addsf3
                0x000012e4                __aeabi_ui2f
                0x000012e4                __floatunsisf
                0x000012ec                __aeabi_i2f
                0x000012ec                __floatsisf
                0x00001308                __aeabi_ul2f
                0x00001308                __floatundisf
                0x00001318                __aeabi_l2f
                0x00001318                __floatdisf
 .text          0x00001394      0x2a0 c:/program files (x86)/cypress/psoc creator/4.4/psoc creator/import/gnu/arm/5.4.1/bin/../lib/gcc/arm-none-eabi/5.4.1/armv7-m\libgcc.a(_arm_muldivsf3.o)
                0x00001394                __mulsf3
                0x00001394                __aeabi_fmul
                0x000014fc                __aeabi_fdiv
                0x000014fc                __divsf3
 .text          0x00001634       0x40 c:/program files (x86)/cypress/psoc creator/4.4/psoc creator/import/gnu/arm/5.4.1/bin/../lib/gcc/arm-none-eabi/5.4.1/armv7-m\libgcc.a(_arm_fixunssfsi.o)
                0x00001634                __fixunssfsi
                0x00001634                __aeabi_f2uiz
 .text.__errno  0x00001674        0xc c:/program files (x86)/cypress/psoc creator/4.4/psoc creator/import/gnu/arm/5.4.1/bin/../lib/gcc/arm-none-eabi/5.4.1/../../../../arm-none-eabi/lib/armv7-m\libg_nano.a(lib_a-errno.o)
                0x00001674                __errno
 .text.__libc_init_array
                0x00001680       0x4c c:/program files (x86)/cypress/psoc creator/4.4/psoc creator/import/gnu/arm/5.4.1/bin/../lib/gcc/arm-none-eabi/5.4.1/../../../../arm-none-eabi/lib/armv7-m\libg_nano.a(lib_a-init.o)
                0x00001680                __libc_init_array
 .text.memcpy   0x000016cc       0x16 c:/program files (x86)/cypress/psoc creator/4.4/psoc creator/import/gnu/arm/5.4.1/bin/../lib/gcc/arm-none-eabi/5.4.1/../../../../arm-none-eabi/lib/armv7-m\libg_nano.a(lib_a-memcpy-stub.o)
                0x000016cc                memcpy
 .text.memset   0x000016e2       0x10 c:/program files (x86)/cypress/psoc creator/4.4/psoc creator/import/gnu/arm/5.4.1/bin/../lib/gcc/arm-none-eabi/5.4.1/../../../../arm-none-eabi/lib/armv7-m\libg_nano.a(lib_a-memset.o)
                0x000016e2                memset
 *(.plt)
 *(.gnu.warning)
 *(.glue_7t)
 .glue_7t       0x000016f2        0x0 linker stubs
 *(.glue_7)
 .glue_7        0x000016f2        0x0 linker stubs
 *(.vfp11_veneer)
 .vfp11_veneer  0x000016f2        0x0 linker stubs
 *(.bootloader)
 *(.ARM.extab* .gnu.linkonce.armextab.*)
 *(.gcc_except_table)

.v4_bx          0x000016f4        0x0
 .v4_bx         0x000016f4        0x0 linker stubs

.iplt           0x000016f4        0x0
 .iplt          0x000016f4        0x0 c:/program files (x86)/cypress/psoc creator/4.4/psoc creator/import/gnu/arm/5.4.1/bin/../lib/gcc/arm-none-eabi/5.4.1/armv7-m/crtbegin.o

.eh_frame_hdr
 *(.eh_frame_hdr)

.eh_frame       0x000016f4        0x4
 *(.eh_frame)
 .eh_frame      0x000016f4        0x0 c:/program files (x86)/cypress/psoc creator/4.4/psoc creator/import/gnu/arm/5.4.1/bin/../lib/gcc/arm-none-eabi/5.4.1/armv7-m/crtbegin.o
 .eh_frame      0x000016f4        0x4 c:/program files (x86)/cypress/psoc creator/4.4/psoc creator/import/gnu/arm/5.4.1/bin/../lib/gcc/arm-none-eabi/5.4.1/armv7-m/crtend.o
                [!provide]                PROVIDE (__exidx_start, .)

.ARM.exidx
 *(.ARM.exidx* .gnu.linkonce.armexidx.*)
                0x000016f8                __exidx_end = .

.rodata         0x000016f8       0x80
 *(.rodata .rodata.* .gnu.linkonce.r.*)
 .rodata.str1.4
                0x000016f8       0x14 .\CortexM3\ARM_GCC_541\Debug\main.o
                                 0x12 (size before relaxing)
 .rodata        0x0000170c       0x30 .\CortexM3\ARM_GCC_541\Debug\cyfitter_cfg.o
                0x0000170c                ADC_AMux__addrTable
                0x00001714                ADC_AMux__maskTable
 .rodata.str1.1
                0x0000173c        0x2 c:/program files (x86)/cypress/psoc creator/4.4/psoc creator/import/gnu/arm/5.4.1/bin/../lib/gcc/arm-none-eabi/5.4.1/../../../../arm-none-eabi/lib/armv7-m\libg_nano.a(lib_a-impure.o)
                0x00001740                . = ALIGN (0x4)
 *fill*         0x0000173e        0x2 
 *(.init)
 .init          0x00001740        0x4 c:/program files (x86)/cypress/psoc creator/4.4/psoc creator/import/gnu/arm/5.4.1/bin/../lib/gcc/arm-none-eabi/5.4.1/armv7-m/crti.o
                0x00001740                _init
 .init          0x00001744        0x8 c:/program files (x86)/cypress/psoc creator/4.4/psoc creator/import/gnu/arm/5.4.1/bin/../lib/gcc/arm-none-eabi/5.4.1/armv7-m/crtn.o
                0x0000174c                . = ALIGN (0x4)
                0x0000174c                __preinit_array_start = .
 *(.preinit_array)
                0x0000174c                __preinit_array_end = .
                0x0000174c                . = ALIGN (0x4)
                0x0000174c                __init_array_start = .
 *(SORT(.init_array.*))
 *(.init_array)
 .init_array    0x0000174c        0x4 c:/program files (x86)/cypress/psoc creator/4.4/psoc creator/import/gnu/arm/5.4.1/bin/../lib/gcc/arm-none-eabi/5.4.1/armv7-m/crtbegin.o
 .init_array    0x00001750        0x4 .\CortexM3\ARM_GCC_541\Debug\Cm3Start.o
                0x00001754                __init_array_end = .
                0x00001754                . = ALIGN (0x4)
 *(.fini)
 .fini          0x00001754        0x4 c:/program files (x86)/cypress/psoc creator/4.4/psoc creator/import/gnu/arm/5.4.1/bin/../lib/gcc/arm-none-eabi/5.4.1/armv7-m/crti.o
                0x00001754                _fini
 .fini          0x00001758        0x8 c:/program files (x86)/cypress/psoc creator/4.4/psoc creator/import/gnu/arm/5.4.1/bin/../lib/gcc/arm-none-eabi/5.4.1/armv7-m/crtn.o
                0x00001760                . = ALIGN (0x4)
                0x00001760                __fini_array_start = .
 *(.fini_array)
 .fini_array    0x00001760        0x4 c:/program files (x86)/cypress/psoc creator/4.4/psoc creator/import/gnu/arm/5.4.1/bin/../lib/gcc/arm-none-eabi/5.4.1/armv7-m/crtbegin.o
 *(SORT(.fini_array.*))
                0x00001764                __fini_array_end = .
                0x00001764                . = ALIGN (0x4)
 *crtbegin.o(.ctors)
 *(EXCLUDE_FILE(*crtend.o) .ctors)
 *(SORT(.ctors.*))
 *crtend.o(.ctors)
                0x00001764                . = ALIGN (0x4)
 *crtbegin.o(.dtors)
 *(EXCLUDE_FILE(*crtend.o) .dtors)
 *(SORT(.dtors.*))
 *crtend.o(.dtors)
                0x00001764                . = ALIGN (0x4)
                0x00001764                __cy_regions = .
                0x00001764        0x4 LONG 0x1778 __cy_region_init_ram
                0x00001768        0x4 LONG 0x1fff80c8 __cy_region_start_data
                0x0000176c        0x4 LONG 0x80 __cy_region_init_size_ram
                0x00001770        0x4 LONG 0x38 __cy_region_zero_size_ram
                0x00001774                __cy_regions_end = .
                0x00001778                . = ALIGN (0x8)
 *fill*         0x00001774        0x4 
                0x00001778                _etext = .

.cy_checksum_exclude
                0x00001778        0x0
 *(.cy_checksum_exclude)

.ramvectors     0x1fff8000       0xc0
                0x1fff8000                __cy_region_start_ram = .
 *(.ramvectors)
 .ramvectors    0x1fff8000       0xc0 .\CortexM3\ARM_GCC_541\Debug\Cm3Start.o
                0x1fff8000                CyRamVectors

.noinit         0x1fff80c0        0x1
 *(.noinit)
 .noinit        0x1fff80c0        0x1 .\CortexM3\ARM_GCC_541\Debug\NeverLose.a(CyLib.o)
                0x1fff80c0                CyResetStatus

.data           0x1fff80c8       0x80 load address 0x00001778
                0x1fff80c8                __cy_region_start_data = .
 *(.jcr)
 .jcr           0x1fff80c8        0x0 c:/program files (x86)/cypress/psoc creator/4.4/psoc creator/import/gnu/arm/5.4.1/bin/../lib/gcc/arm-none-eabi/5.4.1/armv7-m/crtbegin.o
 .jcr           0x1fff80c8        0x4 c:/program files (x86)/cypress/psoc creator/4.4/psoc creator/import/gnu/arm/5.4.1/bin/../lib/gcc/arm-none-eabi/5.4.1/armv7-m/crtend.o
 *(.got.plt)
 *(.got)
 *(.shdata)
 *(.data .data.* .gnu.linkonce.d.*)
 .data          0x1fff80cc        0x1 .\CortexM3\ARM_GCC_541\Debug\NeverLose.a(ADC.o)
                0x1fff80cc                ADC_Config
 .data          0x1fff80cd        0x1 .\CortexM3\ARM_GCC_541\Debug\NeverLose.a(ADC_AMux.o)
 *fill*         0x1fff80ce        0x2 
 .data          0x1fff80d0       0x10 .\CortexM3\ARM_GCC_541\Debug\NeverLose.a(CyLib.o)
                0x1fff80d0                cydelay_32k_ms
                0x1fff80d4                cydelay_freq_khz
                0x1fff80d8                cydelay_freq_mhz
                0x1fff80dc                cydelay_freq_hz
 .data.impure_data
                0x1fff80e0       0x60 c:/program files (x86)/cypress/psoc creator/4.4/psoc creator/import/gnu/arm/5.4.1/bin/../lib/gcc/arm-none-eabi/5.4.1/../../../../arm-none-eabi/lib/armv7-m\libg_nano.a(lib_a-impure.o)
 .data._impure_ptr
                0x1fff8140        0x4 c:/program files (x86)/cypress/psoc creator/4.4/psoc creator/import/gnu/arm/5.4.1/bin/../lib/gcc/arm-none-eabi/5.4.1/../../../../arm-none-eabi/lib/armv7-m\libg_nano.a(lib_a-impure.o)
                0x1fff8140                _impure_ptr
                0x1fff8148                . = ALIGN (0x8)
 *fill*         0x1fff8144        0x4 
 *(.ram)
                0x1fff8148                _edata = .

.igot.plt       0x1fff8148        0x0 load address 0x000017f8
 .igot.plt      0x1fff8148        0x0 c:/program files (x86)/cypress/psoc creator/4.4/psoc creator/import/gnu/arm/5.4.1/bin/../lib/gcc/arm-none-eabi/5.4.1/armv7-m/crtbegin.o

.bss            0x1fff8148       0x38 load address 0x000017f8
                0x1fff8148                PROVIDE (__bss_start__, .)
 *(.shbss)
 *(.bss .bss.* .gnu.linkonce.b.*)
 .bss           0x1fff8148       0x1c c:/program files (x86)/cypress/psoc creator/4.4/psoc creator/import/gnu/arm/5.4.1/bin/../lib/gcc/arm-none-eabi/5.4.1/armv7-m/crtbegin.o
 .bss           0x1fff8164        0xc .\CortexM3\ARM_GCC_541\Debug\NeverLose.a(ADC.o)
                0x1fff8168                ADC_stopConversion
                0x1fff8169                ADC_convDone
                0x1fff816a                ADC_initVar
                0x1fff816b                ADC_started
                0x1fff816c                ADC_Offset
 .bss           0x1fff8170        0x1 .\CortexM3\ARM_GCC_541\Debug\NeverLose.a(PWM.o)
                0x1fff8170                PWM_initVar
 .bss           0x1fff8171        0x2 .\CortexM3\ARM_GCC_541\Debug\NeverLose.a(LCD.o)
                0x1fff8171                LCD_enableState
                0x1fff8172                LCD_initVar
 .bss           0x1fff8173        0x2 .\CortexM3\ARM_GCC_541\Debug\NeverLose.a(UART.o)
                0x1fff8173                UART_initVar
 *(COMMON)
 COMMON         0x1fff8175        0x1 .\CortexM3\ARM_GCC_541\Debug\main.o
                0x1fff8175                rxData
 *fill*         0x1fff8176        0x2 
 COMMON         0x1fff8178        0x4 .\CortexM3\ARM_GCC_541\Debug\NeverLose.a(ADC.o)
                0x1fff8178                ADC_CountsPerVolt
                0x1fff8180                . = ALIGN (0x8)
 *fill*         0x1fff817c        0x4 
 *(.ram.b)
                0x1fff8180                _end = .
                0x1fff8180                __end = .
                0x1fff8180                PROVIDE (end, .)
                0x1fff8180                PROVIDE (__bss_end__, .)
                0x00001778                __cy_region_init_ram = LOADADDR (.data)
                0x00000080                __cy_region_init_size_ram = (_edata - ADDR (.data))
                0x00000038                __cy_region_zero_size_ram = (_end - _edata)

.heap           0x1fff8180       0x80 load address 0x000017f8
                0x1fff8180                . = _end
                0x1fff8200                . = (. + 0x80)
 *fill*         0x1fff8180       0x80 
                0x1fff8200                __cy_heap_limit = .

.stack          0x20007800      0x800
                0x20007800                __cy_stack_limit = .
                0x20008000                . = (. + 0x800)
 *fill*         0x20007800      0x800 
                0x00000001                ASSERT ((__cy_stack_limit >= __cy_heap_limit), region RAM overflowed with stack)
                0x00000000                cy_checksum_exclude_size = (CY_APPL_LOADABLE == 0x1)?SIZEOF (.cy_checksum_exclude):0x0
                0x00000001                ASSERT ((cy_checksum_exclude_size <= CY_CHECKSUM_EXCLUDE_SIZE), CY_BOOT: Section .cy_checksum_exclude size exceedes specified limit.)

.cyloadermeta
 *(.cyloadermeta)

.cyloadablemeta
 *(.cyloadablemeta)

.cyconfigecc    0x80000000      0x510
 *(.cyconfigecc)
 .cyconfigecc   0x80000000      0x510 .\CortexM3\ARM_GCC_541\Debug\cymetadata.o
                0x80000000                cy_meta_configecc

.cycustnvl      0x90000000        0x4
 *(.cycustnvl)
 .cycustnvl     0x90000000        0x4 .\CortexM3\ARM_GCC_541\Debug\cymetadata.o
                0x90000000                cy_meta_custnvl

.cywolatch      0x90100000        0x4
 *(.cywolatch)
 .cywolatch     0x90100000        0x4 .\CortexM3\ARM_GCC_541\Debug\cymetadata.o
                0x90100000                cy_meta_wonvl

.cyeeprom       0x90200000        0x0
 *(.cyeeprom)
                0x00000001                ASSERT ((. <= ((0x90200000 + ee_offset) + ee_size)), .cyeeprom data will not fit in EEPROM)

.cyflashprotect
                0x90400000      0x100
 *(.cyflashprotect)
 .cyflashprotect
                0x90400000      0x100 .\CortexM3\ARM_GCC_541\Debug\cymetadata.o
                0x90400000                cy_meta_flashprotect

.cymeta         0x90500000        0xc
 *(.cymeta)
 .cymeta        0x90500000        0xc .\CortexM3\ARM_GCC_541\Debug\cymetadata.o
                0x90500000                cy_metadata

.rel.dyn        0x000017f8        0x0 load address 0x9050000c
 .rel.iplt      0x000017f8        0x0 c:/program files (x86)/cypress/psoc creator/4.4/psoc creator/import/gnu/arm/5.4.1/bin/../lib/gcc/arm-none-eabi/5.4.1/armv7-m/crtbegin.o

.stab
 *(.stab)

.stabstr
 *(.stabstr)

.debug
 *(.debug)

.line
 *(.line)

.debug_srcinfo
 *(.debug_srcinfo)

.debug_sfnames
 *(.debug_sfnames)

.debug_aranges  0x00000000      0xaa0
 *(.debug_aranges)
 .debug_aranges
                0x00000000       0x28 .\CortexM3\ARM_GCC_541\Debug\main.o
 .debug_aranges
                0x00000028       0x68 .\CortexM3\ARM_GCC_541\Debug\cyfitter_cfg.o
 .debug_aranges
                0x00000090       0x18 .\CortexM3\ARM_GCC_541\Debug\cymetadata.o
 .debug_aranges
                0x000000a8       0x48 .\CortexM3\ARM_GCC_541\Debug\Cm3Start.o
 .debug_aranges
                0x000000f0       0xe8 .\CortexM3\ARM_GCC_541\Debug\NeverLose.a(ADC.o)
 .debug_aranges
                0x000001d8       0x38 .\CortexM3\ARM_GCC_541\Debug\NeverLose.a(ADC_INT.o)
 .debug_aranges
                0x00000210       0x98 .\CortexM3\ARM_GCC_541\Debug\NeverLose.a(PWM.o)
 .debug_aranges
                0x000002a8       0x98 .\CortexM3\ARM_GCC_541\Debug\NeverLose.a(LCD.o)
 .debug_aranges
                0x00000340       0xf0 .\CortexM3\ARM_GCC_541\Debug\NeverLose.a(UART.o)
 .debug_aranges
                0x00000430       0x80 .\CortexM3\ARM_GCC_541\Debug\NeverLose.a(isr_uart.o)
 .debug_aranges
                0x000004b0       0x30 .\CortexM3\ARM_GCC_541\Debug\NeverLose.a(ADC_AMux.o)
 .debug_aranges
                0x000004e0       0x70 .\CortexM3\ARM_GCC_541\Debug\NeverLose.a(ADC_Ext_CP_Clk.o)
 .debug_aranges
                0x00000550       0x80 .\CortexM3\ARM_GCC_541\Debug\NeverLose.a(ADC_theACLK.o)
 .debug_aranges
                0x000005d0       0x70 .\CortexM3\ARM_GCC_541\Debug\NeverLose.a(UART_IntClock.o)
 .debug_aranges
                0x00000640      0x2a0 .\CortexM3\ARM_GCC_541\Debug\NeverLose.a(CyLib.o)
 .debug_aranges
                0x000008e0       0x98 .\CortexM3\ARM_GCC_541\Debug\NeverLose.a(cyPm.o)
 .debug_aranges
                0x00000978       0x20 .\CortexM3\ARM_GCC_541\Debug\NeverLose.a(CyBootAsmGnu.o)
 .debug_aranges
                0x00000998       0x88 .\CortexM3\ARM_GCC_541\Debug\NeverLose.a(CyFlash.o)
 .debug_aranges
                0x00000a20       0x80 .\CortexM3\ARM_GCC_541\Debug\NeverLose.a(CySpc.o)

.debug_pubnames
 *(.debug_pubnames)

.debug_info     0x00000000     0x5fbb
 *(.debug_info .gnu.linkonce.wi.*)
 .debug_info    0x00000000      0x3af .\CortexM3\ARM_GCC_541\Debug\main.o
 .debug_info    0x000003af      0x5e6 .\CortexM3\ARM_GCC_541\Debug\cyfitter_cfg.o
 .debug_info    0x00000995      0x136 .\CortexM3\ARM_GCC_541\Debug\cymetadata.o
 .debug_info    0x00000acb      0x3bb .\CortexM3\ARM_GCC_541\Debug\Cm3Start.o
 .debug_info    0x00000e86      0xa18 .\CortexM3\ARM_GCC_541\Debug\NeverLose.a(ADC.o)
 .debug_info    0x0000189e       0xd3 .\CortexM3\ARM_GCC_541\Debug\NeverLose.a(ADC_INT.o)
 .debug_info    0x00001971      0x354 .\CortexM3\ARM_GCC_541\Debug\NeverLose.a(PWM.o)
 .debug_info    0x00001cc5      0x715 .\CortexM3\ARM_GCC_541\Debug\NeverLose.a(LCD.o)
 .debug_info    0x000023da      0x60c .\CortexM3\ARM_GCC_541\Debug\NeverLose.a(UART.o)
 .debug_info    0x000029e6      0x2d2 .\CortexM3\ARM_GCC_541\Debug\NeverLose.a(isr_uart.o)
 .debug_info    0x00002cb8      0x165 .\CortexM3\ARM_GCC_541\Debug\NeverLose.a(ADC_AMux.o)
 .debug_info    0x00002e1d      0x283 .\CortexM3\ARM_GCC_541\Debug\NeverLose.a(ADC_Ext_CP_Clk.o)
 .debug_info    0x000030a0      0x2c4 .\CortexM3\ARM_GCC_541\Debug\NeverLose.a(ADC_theACLK.o)
 .debug_info    0x00003364      0x283 .\CortexM3\ARM_GCC_541\Debug\NeverLose.a(UART_IntClock.o)
 .debug_info    0x000035e7     0x1374 .\CortexM3\ARM_GCC_541\Debug\NeverLose.a(CyLib.o)
 .debug_info    0x0000495b      0xa2a .\CortexM3\ARM_GCC_541\Debug\NeverLose.a(cyPm.o)
 .debug_info    0x00005385       0x99 .\CortexM3\ARM_GCC_541\Debug\NeverLose.a(CyBootAsmGnu.o)
 .debug_info    0x0000541e      0x64d .\CortexM3\ARM_GCC_541\Debug\NeverLose.a(CyFlash.o)
 .debug_info    0x00005a6b      0x550 .\CortexM3\ARM_GCC_541\Debug\NeverLose.a(CySpc.o)

.debug_abbrev   0x00000000     0x18b2
 *(.debug_abbrev)
 .debug_abbrev  0x00000000      0x104 .\CortexM3\ARM_GCC_541\Debug\main.o
 .debug_abbrev  0x00000104      0x21e .\CortexM3\ARM_GCC_541\Debug\cyfitter_cfg.o
 .debug_abbrev  0x00000322       0x77 .\CortexM3\ARM_GCC_541\Debug\cymetadata.o
 .debug_abbrev  0x00000399      0x1e8 .\CortexM3\ARM_GCC_541\Debug\Cm3Start.o
 .debug_abbrev  0x00000581      0x1eb .\CortexM3\ARM_GCC_541\Debug\NeverLose.a(ADC.o)
 .debug_abbrev  0x0000076c       0x42 .\CortexM3\ARM_GCC_541\Debug\NeverLose.a(ADC_INT.o)
 .debug_abbrev  0x000007ae      0x133 .\CortexM3\ARM_GCC_541\Debug\NeverLose.a(PWM.o)
 .debug_abbrev  0x000008e1      0x157 .\CortexM3\ARM_GCC_541\Debug\NeverLose.a(LCD.o)
 .debug_abbrev  0x00000a38      0x175 .\CortexM3\ARM_GCC_541\Debug\NeverLose.a(UART.o)
 .debug_abbrev  0x00000bad      0x173 .\CortexM3\ARM_GCC_541\Debug\NeverLose.a(isr_uart.o)
 .debug_abbrev  0x00000d20       0xb1 .\CortexM3\ARM_GCC_541\Debug\NeverLose.a(ADC_AMux.o)
 .debug_abbrev  0x00000dd1      0x139 .\CortexM3\ARM_GCC_541\Debug\NeverLose.a(ADC_Ext_CP_Clk.o)
 .debug_abbrev  0x00000f0a      0x121 .\CortexM3\ARM_GCC_541\Debug\NeverLose.a(ADC_theACLK.o)
 .debug_abbrev  0x0000102b      0x139 .\CortexM3\ARM_GCC_541\Debug\NeverLose.a(UART_IntClock.o)
 .debug_abbrev  0x00001164      0x254 .\CortexM3\ARM_GCC_541\Debug\NeverLose.a(CyLib.o)
 .debug_abbrev  0x000013b8      0x1ab .\CortexM3\ARM_GCC_541\Debug\NeverLose.a(cyPm.o)
 .debug_abbrev  0x00001563       0x14 .\CortexM3\ARM_GCC_541\Debug\NeverLose.a(CyBootAsmGnu.o)
 .debug_abbrev  0x00001577      0x1a7 .\CortexM3\ARM_GCC_541\Debug\NeverLose.a(CyFlash.o)
 .debug_abbrev  0x0000171e      0x194 .\CortexM3\ARM_GCC_541\Debug\NeverLose.a(CySpc.o)

.debug_line     0x00000000     0x280d
 *(.debug_line)
 .debug_line    0x00000000      0x1cf .\CortexM3\ARM_GCC_541\Debug\main.o
 .debug_line    0x000001cf      0x208 .\CortexM3\ARM_GCC_541\Debug\cyfitter_cfg.o
 .debug_line    0x000003d7      0x141 .\CortexM3\ARM_GCC_541\Debug\cymetadata.o
 .debug_line    0x00000518      0x234 .\CortexM3\ARM_GCC_541\Debug\Cm3Start.o
 .debug_line    0x0000074c      0x34f .\CortexM3\ARM_GCC_541\Debug\NeverLose.a(ADC.o)
 .debug_line    0x00000a9b       0x80 .\CortexM3\ARM_GCC_541\Debug\NeverLose.a(ADC_INT.o)
 .debug_line    0x00000b1b      0x186 .\CortexM3\ARM_GCC_541\Debug\NeverLose.a(PWM.o)
 .debug_line    0x00000ca1      0x1dc .\CortexM3\ARM_GCC_541\Debug\NeverLose.a(LCD.o)
 .debug_line    0x00000e7d      0x2bc .\CortexM3\ARM_GCC_541\Debug\NeverLose.a(UART.o)
 .debug_line    0x00001139      0x135 .\CortexM3\ARM_GCC_541\Debug\NeverLose.a(isr_uart.o)
 .debug_line    0x0000126e       0xac .\CortexM3\ARM_GCC_541\Debug\NeverLose.a(ADC_AMux.o)
 .debug_line    0x0000131a      0x17d .\CortexM3\ARM_GCC_541\Debug\NeverLose.a(ADC_Ext_CP_Clk.o)
 .debug_line    0x00001497      0x19d .\CortexM3\ARM_GCC_541\Debug\NeverLose.a(ADC_theACLK.o)
 .debug_line    0x00001634      0x17c .\CortexM3\ARM_GCC_541\Debug\NeverLose.a(UART_IntClock.o)
 .debug_line    0x000017b0      0x816 .\CortexM3\ARM_GCC_541\Debug\NeverLose.a(CyLib.o)
 .debug_line    0x00001fc6      0x367 .\CortexM3\ARM_GCC_541\Debug\NeverLose.a(cyPm.o)
 .debug_line    0x0000232d       0x66 .\CortexM3\ARM_GCC_541\Debug\NeverLose.a(CyBootAsmGnu.o)
 .debug_line    0x00002393      0x21a .\CortexM3\ARM_GCC_541\Debug\NeverLose.a(CyFlash.o)
 .debug_line    0x000025ad      0x260 .\CortexM3\ARM_GCC_541\Debug\NeverLose.a(CySpc.o)

.debug_frame    0x00000000     0x1b64
 *(.debug_frame)
 .debug_frame   0x00000000       0x4c .\CortexM3\ARM_GCC_541\Debug\main.o
 .debug_frame   0x0000004c      0x104 .\CortexM3\ARM_GCC_541\Debug\cyfitter_cfg.o
 .debug_frame   0x00000150       0xb8 .\CortexM3\ARM_GCC_541\Debug\Cm3Start.o
 .debug_frame   0x00000208      0x278 .\CortexM3\ARM_GCC_541\Debug\NeverLose.a(ADC.o)
 .debug_frame   0x00000480       0x50 .\CortexM3\ARM_GCC_541\Debug\NeverLose.a(ADC_INT.o)
 .debug_frame   0x000004d0      0x134 .\CortexM3\ARM_GCC_541\Debug\NeverLose.a(PWM.o)
 .debug_frame   0x00000604      0x1e8 .\CortexM3\ARM_GCC_541\Debug\NeverLose.a(LCD.o)
 .debug_frame   0x000007ec      0x250 .\CortexM3\ARM_GCC_541\Debug\NeverLose.a(UART.o)
 .debug_frame   0x00000a3c      0x104 .\CortexM3\ARM_GCC_541\Debug\NeverLose.a(isr_uart.o)
 .debug_frame   0x00000b40       0x64 .\CortexM3\ARM_GCC_541\Debug\NeverLose.a(ADC_AMux.o)
 .debug_frame   0x00000ba4       0xe0 .\CortexM3\ARM_GCC_541\Debug\NeverLose.a(ADC_Ext_CP_Clk.o)
 .debug_frame   0x00000c84      0x100 .\CortexM3\ARM_GCC_541\Debug\NeverLose.a(ADC_theACLK.o)
 .debug_frame   0x00000d84       0xe0 .\CortexM3\ARM_GCC_541\Debug\NeverLose.a(UART_IntClock.o)
 .debug_frame   0x00000e64      0x738 .\CortexM3\ARM_GCC_541\Debug\NeverLose.a(CyLib.o)
 .debug_frame   0x0000159c      0x1f8 .\CortexM3\ARM_GCC_541\Debug\NeverLose.a(cyPm.o)
 .debug_frame   0x00001794      0x194 .\CortexM3\ARM_GCC_541\Debug\NeverLose.a(CyFlash.o)
 .debug_frame   0x00001928      0x180 .\CortexM3\ARM_GCC_541\Debug\NeverLose.a(CySpc.o)
 .debug_frame   0x00001aa8       0x20 c:/program files (x86)/cypress/psoc creator/4.4/psoc creator/import/gnu/arm/5.4.1/bin/../lib/gcc/arm-none-eabi/5.4.1/../../../../arm-none-eabi/lib/armv7-m\libg_nano.a(lib_a-errno.o)
 .debug_frame   0x00001ac8       0x28 c:/program files (x86)/cypress/psoc creator/4.4/psoc creator/import/gnu/arm/5.4.1/bin/../lib/gcc/arm-none-eabi/5.4.1/../../../../arm-none-eabi/lib/armv7-m\libg_nano.a(lib_a-exit.o)
 .debug_frame   0x00001af0       0x2c c:/program files (x86)/cypress/psoc creator/4.4/psoc creator/import/gnu/arm/5.4.1/bin/../lib/gcc/arm-none-eabi/5.4.1/../../../../arm-none-eabi/lib/armv7-m\libg_nano.a(lib_a-init.o)
 .debug_frame   0x00001b1c       0x28 c:/program files (x86)/cypress/psoc creator/4.4/psoc creator/import/gnu/arm/5.4.1/bin/../lib/gcc/arm-none-eabi/5.4.1/../../../../arm-none-eabi/lib/armv7-m\libg_nano.a(lib_a-memcpy-stub.o)
 .debug_frame   0x00001b44       0x20 c:/program files (x86)/cypress/psoc creator/4.4/psoc creator/import/gnu/arm/5.4.1/bin/../lib/gcc/arm-none-eabi/5.4.1/../../../../arm-none-eabi/lib/armv7-m\libg_nano.a(lib_a-memset.o)

.debug_str      0x00000000     0x21c9
 *(.debug_str)
 .debug_str     0x00000000      0x2c0 .\CortexM3\ARM_GCC_541\Debug\main.o
                                0x321 (size before relaxing)
 .debug_str     0x000002c0      0x1c6 .\CortexM3\ARM_GCC_541\Debug\cyfitter_cfg.o
                                0x364 (size before relaxing)
 .debug_str     0x00000486       0x7f .\CortexM3\ARM_GCC_541\Debug\cymetadata.o
                                0x1ed (size before relaxing)
 .debug_str     0x00000505      0x144 .\CortexM3\ARM_GCC_541\Debug\Cm3Start.o
                                0x313 (size before relaxing)
 .debug_str     0x00000649      0x39e .\CortexM3\ARM_GCC_541\Debug\NeverLose.a(ADC.o)
                                0x5d2 (size before relaxing)
 .debug_str     0x000009e7       0x45 .\CortexM3\ARM_GCC_541\Debug\NeverLose.a(ADC_INT.o)
                                0x1c9 (size before relaxing)
 .debug_str     0x00000a2c      0x13f .\CortexM3\ARM_GCC_541\Debug\NeverLose.a(PWM.o)
                                0x341 (size before relaxing)
 .debug_str     0x00000b6b      0x131 .\CortexM3\ARM_GCC_541\Debug\NeverLose.a(LCD.o)
                                0x334 (size before relaxing)
 .debug_str     0x00000c9c      0x238 .\CortexM3\ARM_GCC_541\Debug\NeverLose.a(UART.o)
                                0x47e (size before relaxing)
 .debug_str     0x00000ed4      0x117 .\CortexM3\ARM_GCC_541\Debug\NeverLose.a(isr_uart.o)
                                0x2d9 (size before relaxing)
 .debug_str     0x00000feb       0x5f .\CortexM3\ARM_GCC_541\Debug\NeverLose.a(ADC_AMux.o)
                                0x208 (size before relaxing)
 .debug_str     0x0000104a      0x173 .\CortexM3\ARM_GCC_541\Debug\NeverLose.a(ADC_Ext_CP_Clk.o)
                                0x34b (size before relaxing)
 .debug_str     0x000011bd      0x14f .\CortexM3\ARM_GCC_541\Debug\NeverLose.a(ADC_theACLK.o)
                                0x36a (size before relaxing)
 .debug_str     0x0000130c      0x138 .\CortexM3\ARM_GCC_541\Debug\NeverLose.a(UART_IntClock.o)
                                0x33f (size before relaxing)
 .debug_str     0x00001444      0x7b9 .\CortexM3\ARM_GCC_541\Debug\NeverLose.a(CyLib.o)
                                0xa50 (size before relaxing)
 .debug_str     0x00001bfd      0x365 .\CortexM3\ARM_GCC_541\Debug\NeverLose.a(cyPm.o)
                                0x73c (size before relaxing)
 .debug_str     0x00001f62      0x1bb .\CortexM3\ARM_GCC_541\Debug\NeverLose.a(CyFlash.o)
                                0x3c9 (size before relaxing)
 .debug_str     0x0000211d       0xac .\CortexM3\ARM_GCC_541\Debug\NeverLose.a(CySpc.o)
                                0x341 (size before relaxing)

.debug_loc      0x00000000     0x2b75
 *(.debug_loc)
 .debug_loc     0x00000000       0x44 .\CortexM3\ARM_GCC_541\Debug\main.o
 .debug_loc     0x00000044      0x219 .\CortexM3\ARM_GCC_541\Debug\cyfitter_cfg.o
 .debug_loc     0x0000025d      0x144 .\CortexM3\ARM_GCC_541\Debug\Cm3Start.o
 .debug_loc     0x000003a1      0x681 .\CortexM3\ARM_GCC_541\Debug\NeverLose.a(ADC.o)
 .debug_loc     0x00000a22       0x26 .\CortexM3\ARM_GCC_541\Debug\NeverLose.a(PWM.o)
 .debug_loc     0x00000a48      0x3c6 .\CortexM3\ARM_GCC_541\Debug\NeverLose.a(LCD.o)
 .debug_loc     0x00000e0e      0x258 .\CortexM3\ARM_GCC_541\Debug\NeverLose.a(UART.o)
 .debug_loc     0x00001066       0x56 .\CortexM3\ARM_GCC_541\Debug\NeverLose.a(isr_uart.o)
 .debug_loc     0x000010bc       0x6c .\CortexM3\ARM_GCC_541\Debug\NeverLose.a(ADC_AMux.o)
 .debug_loc     0x00001128      0x12c .\CortexM3\ARM_GCC_541\Debug\NeverLose.a(ADC_Ext_CP_Clk.o)
 .debug_loc     0x00001254      0x14d .\CortexM3\ARM_GCC_541\Debug\NeverLose.a(ADC_theACLK.o)
 .debug_loc     0x000013a1      0x128 .\CortexM3\ARM_GCC_541\Debug\NeverLose.a(UART_IntClock.o)
 .debug_loc     0x000014c9      0xa11 .\CortexM3\ARM_GCC_541\Debug\NeverLose.a(CyLib.o)
 .debug_loc     0x00001eda      0x1e4 .\CortexM3\ARM_GCC_541\Debug\NeverLose.a(cyPm.o)
 .debug_loc     0x000020be      0x3b2 .\CortexM3\ARM_GCC_541\Debug\NeverLose.a(CyFlash.o)
 .debug_loc     0x00002470      0x705 .\CortexM3\ARM_GCC_541\Debug\NeverLose.a(CySpc.o)

.debug_macinfo
 *(.debug_macinfo)

.debug_ranges   0x00000000      0x958
 *(.debug_ranges)
 .debug_ranges  0x00000000       0x18 .\CortexM3\ARM_GCC_541\Debug\main.o
 .debug_ranges  0x00000018       0x58 .\CortexM3\ARM_GCC_541\Debug\cyfitter_cfg.o
 .debug_ranges  0x00000070       0x38 .\CortexM3\ARM_GCC_541\Debug\Cm3Start.o
 .debug_ranges  0x000000a8       0xd8 .\CortexM3\ARM_GCC_541\Debug\NeverLose.a(ADC.o)
 .debug_ranges  0x00000180       0x28 .\CortexM3\ARM_GCC_541\Debug\NeverLose.a(ADC_INT.o)
 .debug_ranges  0x000001a8       0x88 .\CortexM3\ARM_GCC_541\Debug\NeverLose.a(PWM.o)
 .debug_ranges  0x00000230       0x88 .\CortexM3\ARM_GCC_541\Debug\NeverLose.a(LCD.o)
 .debug_ranges  0x000002b8       0xe0 .\CortexM3\ARM_GCC_541\Debug\NeverLose.a(UART.o)
 .debug_ranges  0x00000398       0x70 .\CortexM3\ARM_GCC_541\Debug\NeverLose.a(isr_uart.o)
 .debug_ranges  0x00000408       0x20 .\CortexM3\ARM_GCC_541\Debug\NeverLose.a(ADC_AMux.o)
 .debug_ranges  0x00000428       0x60 .\CortexM3\ARM_GCC_541\Debug\NeverLose.a(ADC_Ext_CP_Clk.o)
 .debug_ranges  0x00000488       0x70 .\CortexM3\ARM_GCC_541\Debug\NeverLose.a(ADC_theACLK.o)
 .debug_ranges  0x000004f8       0x60 .\CortexM3\ARM_GCC_541\Debug\NeverLose.a(UART_IntClock.o)
 .debug_ranges  0x00000558      0x290 .\CortexM3\ARM_GCC_541\Debug\NeverLose.a(CyLib.o)
 .debug_ranges  0x000007e8       0x88 .\CortexM3\ARM_GCC_541\Debug\NeverLose.a(cyPm.o)
 .debug_ranges  0x00000870       0x78 .\CortexM3\ARM_GCC_541\Debug\NeverLose.a(CyFlash.o)
 .debug_ranges  0x000008e8       0x70 .\CortexM3\ARM_GCC_541\Debug\NeverLose.a(CySpc.o)

.comment        0x00000000       0x6e
 .comment       0x00000000       0x6e .\CortexM3\ARM_GCC_541\Debug\main.o
                                 0x6f (size before relaxing)
 .comment       0x0000006e       0x6f .\CortexM3\ARM_GCC_541\Debug\cyfitter_cfg.o
 .comment       0x0000006e       0x6f .\CortexM3\ARM_GCC_541\Debug\cymetadata.o
 .comment       0x0000006e       0x6f .\CortexM3\ARM_GCC_541\Debug\Cm3Start.o
 .comment       0x0000006e       0x6f .\CortexM3\ARM_GCC_541\Debug\NeverLose.a(ADC.o)
 .comment       0x0000006e       0x6f .\CortexM3\ARM_GCC_541\Debug\NeverLose.a(ADC_INT.o)
 .comment       0x0000006e       0x6f .\CortexM3\ARM_GCC_541\Debug\NeverLose.a(PWM.o)
 .comment       0x0000006e       0x6f .\CortexM3\ARM_GCC_541\Debug\NeverLose.a(LCD.o)
 .comment       0x0000006e       0x6f .\CortexM3\ARM_GCC_541\Debug\NeverLose.a(UART.o)
 .comment       0x0000006e       0x6f .\CortexM3\ARM_GCC_541\Debug\NeverLose.a(isr_uart.o)
 .comment       0x0000006e       0x6f .\CortexM3\ARM_GCC_541\Debug\NeverLose.a(ADC_AMux.o)
 .comment       0x0000006e       0x6f .\CortexM3\ARM_GCC_541\Debug\NeverLose.a(ADC_Ext_CP_Clk.o)
 .comment       0x0000006e       0x6f .\CortexM3\ARM_GCC_541\Debug\NeverLose.a(ADC_theACLK.o)
 .comment       0x0000006e       0x6f .\CortexM3\ARM_GCC_541\Debug\NeverLose.a(UART_IntClock.o)
 .comment       0x0000006e       0x6f .\CortexM3\ARM_GCC_541\Debug\NeverLose.a(CyLib.o)
 .comment       0x0000006e       0x6f .\CortexM3\ARM_GCC_541\Debug\NeverLose.a(cyPm.o)
 .comment       0x0000006e       0x6f .\CortexM3\ARM_GCC_541\Debug\NeverLose.a(CyFlash.o)
 .comment       0x0000006e       0x6f .\CortexM3\ARM_GCC_541\Debug\NeverLose.a(CySpc.o)

.debug_weaknames
 *(.debug_weaknames)

.debug_funcnames
 *(.debug_funcnames)

.debug_typenames
 *(.debug_typenames)

.debug_varnames
 *(.debug_varnames)

.note.gnu.arm.ident
 *(.note.gnu.arm.ident)

.ARM.attributes
                0x00000000       0x29
 *(.ARM.attributes)
 .ARM.attributes
                0x00000000       0x1d c:/program files (x86)/cypress/psoc creator/4.4/psoc creator/import/gnu/arm/5.4.1/bin/../lib/gcc/arm-none-eabi/5.4.1/armv7-m/crti.o
 .ARM.attributes
                0x0000001d       0x2d c:/program files (x86)/cypress/psoc creator/4.4/psoc creator/import/gnu/arm/5.4.1/bin/../lib/gcc/arm-none-eabi/5.4.1/armv7-m/crtbegin.o
 .ARM.attributes
                0x0000004a       0x1b c:/program files (x86)/cypress/psoc creator/4.4/psoc creator/import/gnu/arm/5.4.1/bin/../lib/gcc/arm-none-eabi/5.4.1/../../../../arm-none-eabi/lib/armv7-m/crt0.o
 .ARM.attributes
                0x00000065       0x33 .\CortexM3\ARM_GCC_541\Debug\main.o
 .ARM.attributes
                0x00000098       0x33 .\CortexM3\ARM_GCC_541\Debug\cyfitter_cfg.o
 .ARM.attributes
                0x000000cb       0x33 .\CortexM3\ARM_GCC_541\Debug\cymetadata.o
 .ARM.attributes
                0x000000fe       0x33 .\CortexM3\ARM_GCC_541\Debug\Cm3Start.o
 .ARM.attributes
                0x00000131       0x33 .\CortexM3\ARM_GCC_541\Debug\NeverLose.a(ADC.o)
 .ARM.attributes
                0x00000164       0x33 .\CortexM3\ARM_GCC_541\Debug\NeverLose.a(ADC_INT.o)
 .ARM.attributes
                0x00000197       0x33 .\CortexM3\ARM_GCC_541\Debug\NeverLose.a(PWM.o)
 .ARM.attributes
                0x000001ca       0x33 .\CortexM3\ARM_GCC_541\Debug\NeverLose.a(LCD.o)
 .ARM.attributes
                0x000001fd       0x33 .\CortexM3\ARM_GCC_541\Debug\NeverLose.a(UART.o)
 .ARM.attributes
                0x00000230       0x33 .\CortexM3\ARM_GCC_541\Debug\NeverLose.a(isr_uart.o)
 .ARM.attributes
                0x00000263       0x33 .\CortexM3\ARM_GCC_541\Debug\NeverLose.a(ADC_AMux.o)
 .ARM.attributes
                0x00000296       0x33 .\CortexM3\ARM_GCC_541\Debug\NeverLose.a(ADC_Ext_CP_Clk.o)
 .ARM.attributes
                0x000002c9       0x33 .\CortexM3\ARM_GCC_541\Debug\NeverLose.a(ADC_theACLK.o)
 .ARM.attributes
                0x000002fc       0x33 .\CortexM3\ARM_GCC_541\Debug\NeverLose.a(UART_IntClock.o)
 .ARM.attributes
                0x0000032f       0x33 .\CortexM3\ARM_GCC_541\Debug\NeverLose.a(CyLib.o)
 .ARM.attributes
                0x00000362       0x33 .\CortexM3\ARM_GCC_541\Debug\NeverLose.a(cyPm.o)
 .ARM.attributes
                0x00000395       0x21 .\CortexM3\ARM_GCC_541\Debug\NeverLose.a(CyBootAsmGnu.o)
 .ARM.attributes
                0x000003b6       0x33 .\CortexM3\ARM_GCC_541\Debug\NeverLose.a(CyFlash.o)
 .ARM.attributes
                0x000003e9       0x33 .\CortexM3\ARM_GCC_541\Debug\NeverLose.a(CySpc.o)
 .ARM.attributes
                0x0000041c       0x1d c:/program files (x86)/cypress/psoc creator/4.4/psoc creator/import/gnu/arm/5.4.1/bin/../lib/gcc/arm-none-eabi/5.4.1/armv7-m\libgcc.a(_arm_addsubdf3.o)
 .ARM.attributes
                0x00000439       0x1d c:/program files (x86)/cypress/psoc creator/4.4/psoc creator/import/gnu/arm/5.4.1/bin/../lib/gcc/arm-none-eabi/5.4.1/armv7-m\libgcc.a(_arm_cmpdf2.o)
 .ARM.attributes
                0x00000456       0x1d c:/program files (x86)/cypress/psoc creator/4.4/psoc creator/import/gnu/arm/5.4.1/bin/../lib/gcc/arm-none-eabi/5.4.1/armv7-m\libgcc.a(_arm_addsubsf3.o)
 .ARM.attributes
                0x00000473       0x1d c:/program files (x86)/cypress/psoc creator/4.4/psoc creator/import/gnu/arm/5.4.1/bin/../lib/gcc/arm-none-eabi/5.4.1/armv7-m\libgcc.a(_arm_muldivsf3.o)
 .ARM.attributes
                0x00000490       0x1d c:/program files (x86)/cypress/psoc creator/4.4/psoc creator/import/gnu/arm/5.4.1/bin/../lib/gcc/arm-none-eabi/5.4.1/armv7-m\libgcc.a(_arm_fixunssfsi.o)
 .ARM.attributes
                0x000004ad       0x2d c:/program files (x86)/cypress/psoc creator/4.4/psoc creator/import/gnu/arm/5.4.1/bin/../lib/gcc/arm-none-eabi/5.4.1/../../../../arm-none-eabi/lib/armv7-m\libg_nano.a(lib_a-errno.o)
 .ARM.attributes
                0x000004da       0x2d c:/program files (x86)/cypress/psoc creator/4.4/psoc creator/import/gnu/arm/5.4.1/bin/../lib/gcc/arm-none-eabi/5.4.1/../../../../arm-none-eabi/lib/armv7-m\libg_nano.a(lib_a-exit.o)
 .ARM.attributes
                0x00000507       0x2d c:/program files (x86)/cypress/psoc creator/4.4/psoc creator/import/gnu/arm/5.4.1/bin/../lib/gcc/arm-none-eabi/5.4.1/../../../../arm-none-eabi/lib/armv7-m\libg_nano.a(lib_a-impure.o)
 .ARM.attributes
                0x00000534       0x2d c:/program files (x86)/cypress/psoc creator/4.4/psoc creator/import/gnu/arm/5.4.1/bin/../lib/gcc/arm-none-eabi/5.4.1/../../../../arm-none-eabi/lib/armv7-m\libg_nano.a(lib_a-init.o)
 .ARM.attributes
                0x00000561       0x2d c:/program files (x86)/cypress/psoc creator/4.4/psoc creator/import/gnu/arm/5.4.1/bin/../lib/gcc/arm-none-eabi/5.4.1/../../../../arm-none-eabi/lib/armv7-m\libg_nano.a(lib_a-memcpy-stub.o)
 .ARM.attributes
                0x0000058e       0x2d c:/program files (x86)/cypress/psoc creator/4.4/psoc creator/import/gnu/arm/5.4.1/bin/../lib/gcc/arm-none-eabi/5.4.1/../../../../arm-none-eabi/lib/armv7-m\libg_nano.a(lib_a-memset.o)
 .ARM.attributes
                0x000005bb       0x2d c:/program files (x86)/cypress/psoc creator/4.4/psoc creator/import/gnu/arm/5.4.1/bin/../lib/gcc/arm-none-eabi/5.4.1/armv7-m/crtend.o
 .ARM.attributes
                0x000005e8       0x1d c:/program files (x86)/cypress/psoc creator/4.4/psoc creator/import/gnu/arm/5.4.1/bin/../lib/gcc/arm-none-eabi/5.4.1/armv7-m/crtn.o

/DISCARD/
 *(.note.GNU-stack)
OUTPUT(C:\Users\cleme\Desktop\Cours\Q2\Digital Electronics\Projet\NeverLose.cydsn\CortexM3\ARM_GCC_541\Debug\NeverLose.elf elf32-littlearm)
