Archive member included to satisfy reference by file (symbol)

.\CortexM3\ARM_GCC_541\Debug\NeverLose.a(SW1.o)
                              .\CortexM3\ARM_GCC_541\Debug\main.o (SW1_Read)
.\CortexM3\ARM_GCC_541\Debug\NeverLose.a(SW2.o)
                              .\CortexM3\ARM_GCC_541\Debug\main.o (SW2_Read)
.\CortexM3\ARM_GCC_541\Debug\NeverLose.a(SW3.o)
                              .\CortexM3\ARM_GCC_541\Debug\main.o (SW3_Read)
.\CortexM3\ARM_GCC_541\Debug\NeverLose.a(LED1.o)
                              .\CortexM3\ARM_GCC_541\Debug\main.o (LED1_Write)
.\CortexM3\ARM_GCC_541\Debug\NeverLose.a(LED2.o)
                              .\CortexM3\ARM_GCC_541\Debug\main.o (LED2_Write)
.\CortexM3\ARM_GCC_541\Debug\NeverLose.a(LED3.o)
                              .\CortexM3\ARM_GCC_541\Debug\main.o (LED3_Write)
.\CortexM3\ARM_GCC_541\Debug\NeverLose.a(LED4.o)
                              .\CortexM3\ARM_GCC_541\Debug\main.o (LED4_Write)
.\CortexM3\ARM_GCC_541\Debug\NeverLose.a(ADC.o)
                              .\CortexM3\ARM_GCC_541\Debug\main.o (ADC_Start)
.\CortexM3\ARM_GCC_541\Debug\NeverLose.a(ADC_INT.o)
                              .\CortexM3\ARM_GCC_541\Debug\NeverLose.a(ADC.o) (ADC_ISR1)
.\CortexM3\ARM_GCC_541\Debug\NeverLose.a(LCD.o)
                              .\CortexM3\ARM_GCC_541\Debug\main.o (LCD_PrintString)
.\CortexM3\ARM_GCC_541\Debug\NeverLose.a(UART.o)
                              .\CortexM3\ARM_GCC_541\Debug\main.o (UART_Start)
.\CortexM3\ARM_GCC_541\Debug\NeverLose.a(isr_uart.o)
                              .\CortexM3\ARM_GCC_541\Debug\main.o (isr_uart_StartEx)
.\CortexM3\ARM_GCC_541\Debug\NeverLose.a(ADC_AMux.o)
                              .\CortexM3\ARM_GCC_541\Debug\NeverLose.a(ADC.o) (ADC_AMux_Select)
.\CortexM3\ARM_GCC_541\Debug\NeverLose.a(ADC_Ext_CP_Clk.o)
                              .\CortexM3\ARM_GCC_541\Debug\NeverLose.a(ADC.o) (ADC_Ext_CP_Clk_SetModeRegister)
.\CortexM3\ARM_GCC_541\Debug\NeverLose.a(ADC_theACLK.o)
                              .\CortexM3\ARM_GCC_541\Debug\NeverLose.a(ADC.o) (ADC_theACLK_SetModeRegister)
.\CortexM3\ARM_GCC_541\Debug\NeverLose.a(UART_IntClock.o)
                              .\CortexM3\ARM_GCC_541\Debug\NeverLose.a(UART.o) (UART_IntClock_Start)
.\CortexM3\ARM_GCC_541\Debug\NeverLose.a(CyLib.o)
                              .\CortexM3\ARM_GCC_541\Debug\Cm3Start.o (CyHalt)
.\CortexM3\ARM_GCC_541\Debug\NeverLose.a(cyPm.o)
                              .\CortexM3\ARM_GCC_541\Debug\NeverLose.a(CyLib.o) (CyPmReadStatus)
.\CortexM3\ARM_GCC_541\Debug\NeverLose.a(DAC.o)
                              .\CortexM3\ARM_GCC_541\Debug\main.o (DAC_SetValue)
.\CortexM3\ARM_GCC_541\Debug\NeverLose.a(PWM1.o)
                              .\CortexM3\ARM_GCC_541\Debug\main.o (PWM1_WritePeriod)
.\CortexM3\ARM_GCC_541\Debug\NeverLose.a(PWM2.o)
                              .\CortexM3\ARM_GCC_541\Debug\main.o (PWM2_WritePeriod)
.\CortexM3\ARM_GCC_541\Debug\NeverLose.a(Timer.o)
                              .\CortexM3\ARM_GCC_541\Debug\main.o (Timer_ReadStatusRegister)
.\CortexM3\ARM_GCC_541\Debug\NeverLose.a(ROW0.o)
                              .\CortexM3\ARM_GCC_541\Debug\keypad.o (ROW0_Read)
.\CortexM3\ARM_GCC_541\Debug\NeverLose.a(ROW1.o)
                              .\CortexM3\ARM_GCC_541\Debug\keypad.o (ROW1_Read)
.\CortexM3\ARM_GCC_541\Debug\NeverLose.a(ROW3.o)
                              .\CortexM3\ARM_GCC_541\Debug\keypad.o (ROW3_Read)
.\CortexM3\ARM_GCC_541\Debug\NeverLose.a(COL1.o)
                              .\CortexM3\ARM_GCC_541\Debug\keypad.o (COL1_Write)
.\CortexM3\ARM_GCC_541\Debug\NeverLose.a(COL2.o)
                              .\CortexM3\ARM_GCC_541\Debug\keypad.o (COL2_Write)
.\CortexM3\ARM_GCC_541\Debug\NeverLose.a(COL3.o)
                              .\CortexM3\ARM_GCC_541\Debug\keypad.o (COL3_Write)
.\CortexM3\ARM_GCC_541\Debug\NeverLose.a(Timer_DAC.o)
                              .\CortexM3\ARM_GCC_541\Debug\main.o (Timer_DAC_ReadStatusRegister)
.\CortexM3\ARM_GCC_541\Debug\NeverLose.a(Mux.o)
                              .\CortexM3\ARM_GCC_541\Debug\main.o (Mux_Start)
.\CortexM3\ARM_GCC_541\Debug\NeverLose.a(isr_1.o)
                              .\CortexM3\ARM_GCC_541\Debug\main.o (isr_1_StartEx)
.\CortexM3\ARM_GCC_541\Debug\NeverLose.a(isr_2.o)
                              .\CortexM3\ARM_GCC_541\Debug\main.o (isr_2_StartEx)
.\CortexM3\ARM_GCC_541\Debug\NeverLose.a(isr_3.o)
                              .\CortexM3\ARM_GCC_541\Debug\main.o (isr_3_StartEx)
.\CortexM3\ARM_GCC_541\Debug\NeverLose.a(CyBootAsmGnu.o)
                              .\CortexM3\ARM_GCC_541\Debug\cyfitter_cfg.o (CyDelayCycles)
.\CortexM3\ARM_GCC_541\Debug\NeverLose.a(CyFlash.o)
                              .\CortexM3\ARM_GCC_541\Debug\NeverLose.a(cyPm.o) (CyFlash_SetWaitCycles)
.\CortexM3\ARM_GCC_541\Debug\NeverLose.a(CySpc.o)
                              .\CortexM3\ARM_GCC_541\Debug\NeverLose.a(CyFlash.o) (CySpcStart)
[...]
Memory Configuration

Name             Origin             Length             Attributes
rom              0x00000000         0x00040000         xr
ram              0x1fff8000         0x00010000         xrw
*default*        0x00000000         0xffffffff

Linker script and memory map

LOAD c:/program files (x86)/cypress/psoc creator/4.2/psoc creator/import/gnu/arm/5.4.1/bin/../lib/gcc/arm-none-eabi/5.4.1/armv7-m/crti.o
LOAD c:/program files (x86)/cypress/psoc creator/4.2/psoc creator/import/gnu/arm/5.4.1/bin/../lib/gcc/arm-none-eabi/5.4.1/armv7-m/crtbegin.o
LOAD c:/program files (x86)/cypress/psoc creator/4.2/psoc creator/import/gnu/arm/5.4.1/bin/../lib/gcc/arm-none-eabi/5.4.1/../../../../arm-none-eabi/lib/armv7-m/crt0.o
START GROUP
LOAD .\CortexM3\ARM_GCC_541\Debug\main.o
LOAD .\CortexM3\ARM_GCC_541\Debug\keypad.o
LOAD .\CortexM3\ARM_GCC_541\Debug\cyfitter_cfg.o
LOAD .\CortexM3\ARM_GCC_541\Debug\cymetadata.o
LOAD .\CortexM3\ARM_GCC_541\Debug\Cm3Start.o
LOAD .\CortexM3\ARM_GCC_541\Debug\NeverLose.a
LOAD C:\Program Files (x86)\Cypress\PSoC Creator\4.2\PSoC Creator\psoc\content\cycomponentlibrary\CyComponentLibrary.cylib\CortexM3\ARM_GCC_541\Debug\CyComponentLibrary.a
LOAD c:/program files (x86)/cypress/psoc creator/4.2/psoc creator/import/gnu/arm/5.4.1/bin/../lib/gcc/arm-none-eabi/5.4.1/../../../../arm-none-eabi/lib/armv7-m\libm.a
END GROUP
START GROUP
LOAD c:/program files (x86)/cypress/psoc creator/4.2/psoc creator/import/gnu/arm/5.4.1/bin/../lib/gcc/arm-none-eabi/5.4.1/armv7-m\libgcc.a
LOAD c:/program files (x86)/cypress/psoc creator/4.2/psoc creator/import/gnu/arm/5.4.1/bin/../lib/gcc/arm-none-eabi/5.4.1/../../../../arm-none-eabi/lib/armv7-m\libg_nano.a
LOAD c:/program files (x86)/cypress/psoc creator/4.2/psoc creator/import/gnu/arm/5.4.1/bin/../lib/gcc/arm-none-eabi/5.4.1/../../../../arm-none-eabi/lib/armv7-m\libc_nano.a
END GROUP
START GROUP
LOAD c:/program files (x86)/cypress/psoc creator/4.2/psoc creator/import/gnu/arm/5.4.1/bin/../lib/gcc/arm-none-eabi/5.4.1/armv7-m\libgcc.a
LOAD c:/program files (x86)/cypress/psoc creator/4.2/psoc creator/import/gnu/arm/5.4.1/bin/../lib/gcc/arm-none-eabi/5.4.1/../../../../arm-none-eabi/lib/armv7-m\libc_nano.a
END GROUP
LOAD c:/program files (x86)/cypress/psoc creator/4.2/psoc creator/import/gnu/arm/5.4.1/bin/../lib/gcc/arm-none-eabi/5.4.1/armv7-m/crtend.o
LOAD c:/program files (x86)/cypress/psoc creator/4.2/psoc creator/import/gnu/arm/5.4.1/bin/../lib/gcc/arm-none-eabi/5.4.1/armv7-m/crtn.o
START GROUP
LOAD c:/program files (x86)/cypress/psoc creator/4.2/psoc creator/import/gnu/arm/5.4.1/bin/../lib/gcc/arm-none-eabi/5.4.1/armv7-m\libgcc.a
LOAD c:/program files (x86)/cypress/psoc creator/4.2/psoc creator/import/gnu/arm/5.4.1/bin/../lib/gcc/arm-none-eabi/5.4.1/../../../../arm-none-eabi/lib/armv7-m\libc.a
LOAD c:/program files (x86)/cypress/psoc creator/4.2/psoc creator/import/gnu/arm/5.4.1/bin/../lib/gcc/arm-none-eabi/5.4.1/../../../../arm-none-eabi/lib/armv7-m\libnosys.a
END GROUP
                0x00000000                CY_APPL_ORIGIN = 0x0
                0x00000100                CY_FLASH_ROW_SIZE = 0x100
                0x00000020                CY_ECC_ROW_SIZE = 0x20
                0x00000000                CY_EE_IN_BTLDR = 0x0
                0x00000000                CY_APPL_LOADABLE = 0x0
                0x00000800                CY_EE_SIZE = 0x800
                0x00000001                CY_APPL_NUM = 0x1
                0x00000001                CY_APPL_MAX = 0x1
                0x00000040                CY_METADATA_SIZE = 0x40
                0x00000000                CY_APPL_LOADABLE = 0x0
                0x00000000                CY_CHECKSUM_EXCLUDE_SIZE = ALIGN (0x0, CY_FLASH_ROW_SIZE)
                [!provide]                PROVIDE (__cy_heap_start, _end)
                0x00000001                PROVIDE (__cy_region_num, ((__cy_regions_end - __cy_regions) / 0x10))
                0x20008000                PROVIDE (__cy_stack, (ORIGIN (ram) + LENGTH (ram)))
                [!provide]                PROVIDE (__cy_heap_end, (__cy_stack - 0x800))

.cybootloader   0x00000000        0x0
 *(.cybootloader)
                0x00000000                appl1_start = CY_APPL_ORIGIN?CY_APPL_ORIGIN:ALIGN (CY_FLASH_ROW_SIZE)
                0x0001ff00                appl2_start = (appl1_start + ALIGN ((((LENGTH (rom) - appl1_start) - (0x2 * CY_FLASH_ROW_SIZE)) / 0x2), CY_FLASH_ROW_SIZE))
                0x00000000                appl_start = (CY_APPL_NUM == 0x1)?appl1_start:appl2_start
                0x00000000                ecc_offset = ((appl_start / CY_FLASH_ROW_SIZE) * CY_ECC_ROW_SIZE)
                0x00000000                ee_offset = (CY_APPL_LOADABLE && ! (CY_EE_IN_BTLDR))?((CY_EE_SIZE / CY_APPL_MAX) * (CY_APPL_NUM - 0x1)):0x0
                0x00000800                ee_size = (CY_APPL_LOADABLE && ! (CY_EE_IN_BTLDR))?(CY_EE_SIZE / CY_APPL_MAX):CY_EE_SIZE
                [!provide]                PROVIDE (CY_ECC_OFFSET, ecc_offset)

.text           0x00000000     0x3f12
 CREATE_OBJECT_SYMBOLS
                0x00000000                PROVIDE (__cy_interrupt_vector, RomVectors)
 *(.romvectors)
 .romvectors    0x00000000       0x10 .\CortexM3\ARM_GCC_541\Debug\Cm3Start.o
                0x00000000                RomVectors
                0x00000001                ASSERT ((. != __cy_interrupt_vector), No interrupt vector)
                0x00000001                ASSERT (CY_APPL_ORIGIN?(SIZEOF (.cybootloader) <= CY_APPL_ORIGIN):0x1, Wrong image location)
                0x00000010                PROVIDE (__cy_reset, Reset)
 *(.text.Reset)
 .text.Reset    0x00000010       0x18 .\CortexM3\ARM_GCC_541\Debug\Cm3Start.o
                0x00000010                Reset
                0x00000001                ASSERT ((. != __cy_reset), No reset code)
 *(.dma_init)
                0x00000001                ASSERT ((((appl_start + .) <= 0x10000) || 0x1), DMA Init must be within the first 64k of flash)
 *(.text .text.* .gnu.linkonce.t.*)
 .text          0x00000028       0x5c c:/program files (x86)/cypress/psoc creator/4.2/psoc creator/import/gnu/arm/5.4.1/bin/../lib/gcc/arm-none-eabi/5.4.1/armv7-m/crtbegin.o
 .text.duckingHandler
                0x00000084       0x34 .\CortexM3\ARM_GCC_541\Debug\main.o
                0x00000084                duckingHandler
 .text.scoreHandler
                0x000000b8       0x30 .\CortexM3\ARM_GCC_541\Debug\main.o
                0x000000b8                scoreHandler
 .text.isrUartHandler
                0x000000e8       0x54 .\CortexM3\ARM_GCC_541\Debug\main.o
                0x000000e8                isrUartHandler
 .text.soundHandler
                0x0000013c       0x98 .\CortexM3\ARM_GCC_541\Debug\main.o
                0x0000013c                soundHandler
 .text.jump     0x000001d4       0x3c .\CortexM3\ARM_GCC_541\Debug\main.o
                0x000001d4                jump
 .text.duck     0x00000210       0x30 .\CortexM3\ARM_GCC_541\Debug\main.o
                0x00000210                duck
 .text.detectCactus
                0x00000240       0x28 .\CortexM3\ARM_GCC_541\Debug\main.o
                0x00000240                detectCactus
 .text.detectBird
                0x00000268       0x28 .\CortexM3\ARM_GCC_541\Debug\main.o
                0x00000268                detectBird
 .text.main     0x00000290      0x1c4 .\CortexM3\ARM_GCC_541\Debug\main.o
                0x00000290                main
 .text.keypadInit
                0x00000454       0x18 .\CortexM3\ARM_GCC_541\Debug\keypad.o
                0x00000454                keypadInit
 .text.keypadScan
                0x0000046c       0x44 .\CortexM3\ARM_GCC_541\Debug\keypad.o
                0x0000046c                keypadScan
 .text.CyClockStartupError
                0x000004b0        0x4 .\CortexM3\ARM_GCC_541\Debug\cyfitter_cfg.o
 .text.cfg_write_bytes32
                0x000004b4       0x34 .\CortexM3\ARM_GCC_541\Debug\cyfitter_cfg.o
 .text.AnalogSetDefault
                0x000004e8       0x40 .\CortexM3\ARM_GCC_541\Debug\cyfitter_cfg.o
 .text.CYMEMZERO
                0x00000528        0xc .\CortexM3\ARM_GCC_541\Debug\cyfitter_cfg.o
 .text.CYCONFIGCPY
                0x00000534        0x8 .\CortexM3\ARM_GCC_541\Debug\cyfitter_cfg.o
 .text.ClockSetup
                0x0000053c      0x10c .\CortexM3\ARM_GCC_541\Debug\cyfitter_cfg.o
 .text.Mux_Set  0x00000648       0x34 .\CortexM3\ARM_GCC_541\Debug\cyfitter_cfg.o
                0x00000648                Mux_Set
 .text.Mux_Unset
                0x0000067c       0x38 .\CortexM3\ARM_GCC_541\Debug\cyfitter_cfg.o
                0x0000067c                Mux_Unset
 .text.ADC_AMux_Set
                0x000006b4       0x1c .\CortexM3\ARM_GCC_541\Debug\cyfitter_cfg.o
                0x000006b4                ADC_AMux_Set
 .text.ADC_AMux_Unset
                0x000006d0       0x20 .\CortexM3\ARM_GCC_541\Debug\cyfitter_cfg.o
                0x000006d0                ADC_AMux_Unset
 .text.cyfitter_cfg
                0x000006f0      0x12c .\CortexM3\ARM_GCC_541\Debug\cyfitter_cfg.o
                0x000006f0                cyfitter_cfg
 .text.IntDefaultHandler
                0x0000081c       0x10 .\CortexM3\ARM_GCC_541\Debug\Cm3Start.o
                0x0000081c                IntDefaultHandler
 .text.Start_c  0x0000082c       0x4c .\CortexM3\ARM_GCC_541\Debug\Cm3Start.o
                0x0000082c                Start_c
 .text.initialize_psoc
                0x00000878       0x68 .\CortexM3\ARM_GCC_541\Debug\Cm3Start.o
                0x00000878                initialize_psoc
 .text.SW1_Read
                0x000008e0       0x10 .\CortexM3\ARM_GCC_541\Debug\NeverLose.a(SW1.o)
                0x000008e0                SW1_Read
 .text.SW2_Read
                0x000008f0       0x10 .\CortexM3\ARM_GCC_541\Debug\NeverLose.a(SW2.o)
                0x000008f0                SW2_Read
 .text.SW3_Read
                0x00000900       0x10 .\CortexM3\ARM_GCC_541\Debug\NeverLose.a(SW3.o)
                0x00000900                SW3_Read
 .text.LED1_Write
                0x00000910       0x18 .\CortexM3\ARM_GCC_541\Debug\NeverLose.a(LED1.o)
                0x00000910                LED1_Write
 .text.LED2_Write
                0x00000928       0x18 .\CortexM3\ARM_GCC_541\Debug\NeverLose.a(LED2.o)
                0x00000928                LED2_Write
 .text.LED3_Write
                0x00000940       0x18 .\CortexM3\ARM_GCC_541\Debug\NeverLose.a(LED3.o)
                0x00000940                LED3_Write
 .text.LED4_Write
                0x00000958       0x18 .\CortexM3\ARM_GCC_541\Debug\NeverLose.a(LED4.o)
                0x00000958                LED4_Write
 .text.ADC_GainCompensation
                0x00000970       0xe0 .\CortexM3\ARM_GCC_541\Debug\NeverLose.a(ADC.o)
 .text.ADC_SetDSMRef0Reg
                0x00000a50       0x4c .\CortexM3\ARM_GCC_541\Debug\NeverLose.a(ADC.o)
 .text.ADC_InitConfig
                0x00000a9c      0x32c .\CortexM3\ARM_GCC_541\Debug\NeverLose.a(ADC.o)
 .text.ADC_Init
                0x00000dc8      0x108 .\CortexM3\ARM_GCC_541\Debug\NeverLose.a(ADC.o)
                0x00000dc8                ADC_Init
 .text.ADC_Enable
                0x00000ed0       0xd8 .\CortexM3\ARM_GCC_541\Debug\NeverLose.a(ADC.o)
                0x00000ed0                ADC_Enable
 .text.ADC_Start
                0x00000fa8       0x28 .\CortexM3\ARM_GCC_541\Debug\NeverLose.a(ADC.o)
                0x00000fa8                ADC_Start
 .text.ADC_StartConvert
                0x00000fd0       0x10 .\CortexM3\ARM_GCC_541\Debug\NeverLose.a(ADC.o)
                0x00000fd0                ADC_StartConvert
 .text.ADC_IsEndConversion
                0x00000fe0       0x30 .\CortexM3\ARM_GCC_541\Debug\NeverLose.a(ADC.o)
                0x00000fe0                ADC_IsEndConversion
 .text.ADC_GetResult32
                0x00001010       0x6c .\CortexM3\ARM_GCC_541\Debug\NeverLose.a(ADC.o)
                0x00001010                ADC_GetResult32
 .text.ADC_ISR1
                0x0000107c        0x4 .\CortexM3\ARM_GCC_541\Debug\NeverLose.a(ADC_INT.o)
                0x0000107c                ADC_ISR1
 .text.ADC_ISR2
                0x00001080        0x4 .\CortexM3\ARM_GCC_541\Debug\NeverLose.a(ADC_INT.o)
                0x00001080                ADC_ISR2
 .text.ADC_ISR3
                0x00001084        0x4 .\CortexM3\ARM_GCC_541\Debug\NeverLose.a(ADC_INT.o)
                0x00001084                ADC_ISR3
 .text.ADC_ISR4
                0x00001088        0x4 .\CortexM3\ARM_GCC_541\Debug\NeverLose.a(ADC_INT.o)
                0x00001088                ADC_ISR4
 .text.LCD_WrCntrlNib
                0x0000108c       0x34 .\CortexM3\ARM_GCC_541\Debug\NeverLose.a(LCD.o)
 .text.LCD_WrDatNib
                0x000010c0       0x44 .\CortexM3\ARM_GCC_541\Debug\NeverLose.a(LCD.o)
 .text.LCD_IsReady
                0x00001104       0xe4 .\CortexM3\ARM_GCC_541\Debug\NeverLose.a(LCD.o)
                0x00001104                LCD_IsReady
 .text.LCD_WriteData
                0x000011e8       0x18 .\CortexM3\ARM_GCC_541\Debug\NeverLose.a(LCD.o)
                0x000011e8                LCD_WriteData
 .text.LCD_PrintString
                0x00001200       0x1c .\CortexM3\ARM_GCC_541\Debug\NeverLose.a(LCD.o)
                0x00001200                LCD_PrintString
 .text.LCD_WriteControl
                0x0000121c       0x18 .\CortexM3\ARM_GCC_541\Debug\NeverLose.a(LCD.o)
                0x0000121c                LCD_WriteControl
 .text.LCD_Init
                0x00001234       0x6c .\CortexM3\ARM_GCC_541\Debug\NeverLose.a(LCD.o)
                0x00001234                LCD_Init
 .text.LCD_Enable
                0x000012a0       0x14 .\CortexM3\ARM_GCC_541\Debug\NeverLose.a(LCD.o)
                0x000012a0                LCD_Enable
 .text.LCD_Start
                0x000012b4       0x1c .\CortexM3\ARM_GCC_541\Debug\NeverLose.a(LCD.o)
                0x000012b4                LCD_Start
 .text.LCD_Position
                0x000012d0       0x3c .\CortexM3\ARM_GCC_541\Debug\NeverLose.a(LCD.o)
                0x000012d0                LCD_Position
 .text.LCD_PrintU32Number
                0x0000130c       0x64 .\CortexM3\ARM_GCC_541\Debug\NeverLose.a(LCD.o)
                0x0000130c                LCD_PrintU32Number
 .text.UART_Init
                0x00001370       0x24 .\CortexM3\ARM_GCC_541\Debug\NeverLose.a(UART.o)
                0x00001370                UART_Init
 .text.UART_Enable
                0x00001394       0x38 .\CortexM3\ARM_GCC_541\Debug\NeverLose.a(UART.o)
                0x00001394                UART_Enable
 .text.UART_Start
                0x000013cc       0x1c .\CortexM3\ARM_GCC_541\Debug\NeverLose.a(UART.o)
                0x000013cc                UART_Start
 .text.UART_ReadRxStatus
                0x000013e8       0x10 .\CortexM3\ARM_GCC_541\Debug\NeverLose.a(UART.o)
                0x000013e8                UART_ReadRxStatus
 .text.UART_GetChar
                0x000013f8       0x2c .\CortexM3\ARM_GCC_541\Debug\NeverLose.a(UART.o)
                0x000013f8                UART_GetChar
 .text.UART_PutChar
                0x00001424       0x18 .\CortexM3\ARM_GCC_541\Debug\NeverLose.a(UART.o)
                0x00001424                UART_PutChar
 .text.UART_PutString
                0x0000143c       0x24 .\CortexM3\ARM_GCC_541\Debug\NeverLose.a(UART.o)
                0x0000143c                UART_PutString
 .text.isr_uart_SetVector
                0x00001460        0xc .\CortexM3\ARM_GCC_541\Debug\NeverLose.a(isr_uart.o)
                0x00001460                isr_uart_SetVector
 .text.isr_uart_SetPriority
                0x0000146c       0x10 .\CortexM3\ARM_GCC_541\Debug\NeverLose.a(isr_uart.o)
                0x0000146c                isr_uart_SetPriority
 .text.isr_uart_Enable
                0x0000147c        0xc .\CortexM3\ARM_GCC_541\Debug\NeverLose.a(isr_uart.o)
                0x0000147c                isr_uart_Enable
 .text.isr_uart_Disable
                0x00001488        0xc .\CortexM3\ARM_GCC_541\Debug\NeverLose.a(isr_uart.o)
                0x00001488                isr_uart_Disable
 .text.isr_uart_StartEx
                0x00001494       0x1c .\CortexM3\ARM_GCC_541\Debug\NeverLose.a(isr_uart.o)
                0x00001494                isr_uart_StartEx
 .text.ADC_AMux_Start
                0x000014b0       0x20 .\CortexM3\ARM_GCC_541\Debug\NeverLose.a(ADC_AMux.o)
                0x000014b0                ADC_AMux_Start
 .text.ADC_AMux_Select
                0x000014d0       0x18 .\CortexM3\ARM_GCC_541\Debug\NeverLose.a(ADC_AMux.o)
                0x000014d0                ADC_AMux_Select
 .text.ADC_Ext_CP_Clk_GetDividerRegister
                0x000014e8        0xc .\CortexM3\ARM_GCC_541\Debug\NeverLose.a(ADC_Ext_CP_Clk.o)
                0x000014e8                ADC_Ext_CP_Clk_GetDividerRegister
 .text.ADC_Ext_CP_Clk_SetModeRegister
                0x000014f4       0x14 .\CortexM3\ARM_GCC_541\Debug\NeverLose.a(ADC_Ext_CP_Clk.o)
                0x000014f4                ADC_Ext_CP_Clk_SetModeRegister
 .text.ADC_Ext_CP_Clk_GetSourceRegister
                0x00001508       0x10 .\CortexM3\ARM_GCC_541\Debug\NeverLose.a(ADC_Ext_CP_Clk.o)
                0x00001508                ADC_Ext_CP_Clk_GetSourceRegister
 .text.ADC_Ext_CP_Clk_SetDividerRegister
                0x00001518       0xdc .\CortexM3\ARM_GCC_541\Debug\NeverLose.a(ADC_Ext_CP_Clk.o)
                0x00001518                ADC_Ext_CP_Clk_SetDividerRegister
 .text.ADC_theACLK_GetDividerRegister
                0x000015f4        0xc .\CortexM3\ARM_GCC_541\Debug\NeverLose.a(ADC_theACLK.o)
                0x000015f4                ADC_theACLK_GetDividerRegister
 .text.ADC_theACLK_SetModeRegister
                0x00001600       0x14 .\CortexM3\ARM_GCC_541\Debug\NeverLose.a(ADC_theACLK.o)
                0x00001600                ADC_theACLK_SetModeRegister
 .text.ADC_theACLK_GetSourceRegister
                0x00001614       0x10 .\CortexM3\ARM_GCC_541\Debug\NeverLose.a(ADC_theACLK.o)
                0x00001614                ADC_theACLK_GetSourceRegister
 .text.ADC_theACLK_SetDividerRegister
                0x00001624       0xd8 .\CortexM3\ARM_GCC_541\Debug\NeverLose.a(ADC_theACLK.o)
                0x00001624                ADC_theACLK_SetDividerRegister
 .text.UART_IntClock_Start
                0x000016fc       0x1c .\CortexM3\ARM_GCC_541\Debug\NeverLose.a(UART_IntClock.o)
                0x000016fc                UART_IntClock_Start
 .text.CyHalt   0x00001718        0x4 .\CortexM3\ARM_GCC_541\Debug\NeverLose.a(CyLib.o)
                0x00001718                CyHalt
 .text.CyDelay  0x0000171c       0x2c .\CortexM3\ARM_GCC_541\Debug\NeverLose.a(CyLib.o)
                0x0000171c                CyDelay
 .text.CyDelayUs
                0x00001748       0x14 .\CortexM3\ARM_GCC_541\Debug\NeverLose.a(CyLib.o)
                0x00001748                CyDelayUs
 .text.CyIntSetVector
                0x0000175c       0x28 .\CortexM3\ARM_GCC_541\Debug\NeverLose.a(CyLib.o)
                0x0000175c                CyIntSetVector
 .text.CyIntSetPriority
                0x00001784       0x30 .\CortexM3\ARM_GCC_541\Debug\NeverLose.a(CyLib.o)
                0x00001784                CyIntSetPriority
 .text.DAC_Enable
                0x000017b4       0x1c .\CortexM3\ARM_GCC_541\Debug\NeverLose.a(DAC.o)
                0x000017b4                DAC_Enable
 .text.DAC_SetSpeed
                0x000017d0       0x1c .\CortexM3\ARM_GCC_541\Debug\NeverLose.a(DAC.o)
                0x000017d0                DAC_SetSpeed
 .text.DAC_SetValue
                0x000017ec        0xc .\CortexM3\ARM_GCC_541\Debug\NeverLose.a(DAC.o)
                0x000017ec                DAC_SetValue
 .text.DAC_DacTrim
                0x000017f8       0x24 .\CortexM3\ARM_GCC_541\Debug\NeverLose.a(DAC.o)
                0x000017f8                DAC_DacTrim
 .text.DAC_SetRange
                0x0000181c       0x20 .\CortexM3\ARM_GCC_541\Debug\NeverLose.a(DAC.o)
                0x0000181c                DAC_SetRange
 .text.DAC_Init
                0x0000183c       0x20 .\CortexM3\ARM_GCC_541\Debug\NeverLose.a(DAC.o)
                0x0000183c                DAC_Init
 .text.DAC_Start
                0x0000185c       0x24 .\CortexM3\ARM_GCC_541\Debug\NeverLose.a(DAC.o)
                0x0000185c                DAC_Start
 .text.PWM1_Enable
                0x00001880       0x10 .\CortexM3\ARM_GCC_541\Debug\NeverLose.a(PWM1.o)
                0x00001880                PWM1_Enable
 .text.PWM1_WriteCounter
                0x00001890        0xc .\CortexM3\ARM_GCC_541\Debug\NeverLose.a(PWM1.o)
                0x00001890                PWM1_WriteCounter
 .text.PWM1_WritePeriod
                0x0000189c        0xc .\CortexM3\ARM_GCC_541\Debug\NeverLose.a(PWM1.o)
                0x0000189c                PWM1_WritePeriod
 .text.PWM1_WriteCompare
                0x000018a8        0xc .\CortexM3\ARM_GCC_541\Debug\NeverLose.a(PWM1.o)
                0x000018a8                PWM1_WriteCompare
 .text.PWM1_SetInterruptMode
                0x000018b4        0xc .\CortexM3\ARM_GCC_541\Debug\NeverLose.a(PWM1.o)
                0x000018b4                PWM1_SetInterruptMode
 .text.PWM1_ReadStatusRegister
                0x000018c0        0xc .\CortexM3\ARM_GCC_541\Debug\NeverLose.a(PWM1.o)
                0x000018c0                PWM1_ReadStatusRegister
 .text.PWM1_ReadCapture
                0x000018cc        0xc .\CortexM3\ARM_GCC_541\Debug\NeverLose.a(PWM1.o)
                0x000018cc                PWM1_ReadCapture
 .text.PWM1_ClearFIFO
                0x000018d8       0x14 .\CortexM3\ARM_GCC_541\Debug\NeverLose.a(PWM1.o)
                0x000018d8                PWM1_ClearFIFO
 .text.PWM1_Init
                0x000018ec       0x60 .\CortexM3\ARM_GCC_541\Debug\NeverLose.a(PWM1.o)
                0x000018ec                PWM1_Init
 .text.PWM1_Start
                0x0000194c       0x1c .\CortexM3\ARM_GCC_541\Debug\NeverLose.a(PWM1.o)
                0x0000194c                PWM1_Start
 .text.PWM2_Enable
                0x00001968       0x10 .\CortexM3\ARM_GCC_541\Debug\NeverLose.a(PWM2.o)
                0x00001968                PWM2_Enable
 .text.PWM2_WriteCounter
                0x00001978        0xc .\CortexM3\ARM_GCC_541\Debug\NeverLose.a(PWM2.o)
                0x00001978                PWM2_WriteCounter
 .text.PWM2_WritePeriod
                0x00001984        0xc .\CortexM3\ARM_GCC_541\Debug\NeverLose.a(PWM2.o)
                0x00001984                PWM2_WritePeriod
 .text.PWM2_WriteCompare
                0x00001990        0xc .\CortexM3\ARM_GCC_541\Debug\NeverLose.a(PWM2.o)
                0x00001990                PWM2_WriteCompare
 .text.PWM2_Init
                0x0000199c       0x44 .\CortexM3\ARM_GCC_541\Debug\NeverLose.a(PWM2.o)
                0x0000199c                PWM2_Init
 .text.PWM2_Start
                0x000019e0       0x1c .\CortexM3\ARM_GCC_541\Debug\NeverLose.a(PWM2.o)
                0x000019e0                PWM2_Start
 .text.Timer_Enable
                0x000019fc       0x28 .\CortexM3\ARM_GCC_541\Debug\NeverLose.a(Timer.o)
                0x000019fc                Timer_Enable
 .text.Timer_SetInterruptMode
                0x00001a24        0xc .\CortexM3\ARM_GCC_541\Debug\NeverLose.a(Timer.o)
                0x00001a24                Timer_SetInterruptMode
 .text.Timer_ReadStatusRegister
                0x00001a30        0xc .\CortexM3\ARM_GCC_541\Debug\NeverLose.a(Timer.o)
                0x00001a30                Timer_ReadStatusRegister
 .text.Timer_WritePeriod
                0x00001a3c        0xc .\CortexM3\ARM_GCC_541\Debug\NeverLose.a(Timer.o)
                0x00001a3c                Timer_WritePeriod
 .text.Timer_WriteCounter
                0x00001a48        0xc .\CortexM3\ARM_GCC_541\Debug\NeverLose.a(Timer.o)
                0x00001a48                Timer_WriteCounter
 .text.Timer_Init
                0x00001a54       0x68 .\CortexM3\ARM_GCC_541\Debug\NeverLose.a(Timer.o)
                0x00001a54                Timer_Init
 .text.Timer_Start
                0x00001abc       0x1c .\CortexM3\ARM_GCC_541\Debug\NeverLose.a(Timer.o)
                0x00001abc                Timer_Start
 .text.ROW0_Read
                0x00001ad8       0x10 .\CortexM3\ARM_GCC_541\Debug\NeverLose.a(ROW0.o)
                0x00001ad8                ROW0_Read
 .text.ROW1_Read
                0x00001ae8       0x10 .\CortexM3\ARM_GCC_541\Debug\NeverLose.a(ROW1.o)
                0x00001ae8                ROW1_Read
 .text.ROW3_Read
                0x00001af8       0x10 .\CortexM3\ARM_GCC_541\Debug\NeverLose.a(ROW3.o)
                0x00001af8                ROW3_Read
 .text.COL1_Write
                0x00001b08       0x18 .\CortexM3\ARM_GCC_541\Debug\NeverLose.a(COL1.o)
                0x00001b08                COL1_Write
 .text.COL2_Write
                0x00001b20       0x18 .\CortexM3\ARM_GCC_541\Debug\NeverLose.a(COL2.o)
                0x00001b20                COL2_Write
 .text.COL3_Write
                0x00001b38       0x18 .\CortexM3\ARM_GCC_541\Debug\NeverLose.a(COL3.o)
                0x00001b38                COL3_Write
 .text.Timer_DAC_Enable
                0x00001b50       0x28 .\CortexM3\ARM_GCC_541\Debug\NeverLose.a(Timer_DAC.o)
                0x00001b50                Timer_DAC_Enable
 .text.Timer_DAC_SetInterruptMode
                0x00001b78        0xc .\CortexM3\ARM_GCC_541\Debug\NeverLose.a(Timer_DAC.o)
                0x00001b78                Timer_DAC_SetInterruptMode
 .text.Timer_DAC_ReadStatusRegister
                0x00001b84        0xc .\CortexM3\ARM_GCC_541\Debug\NeverLose.a(Timer_DAC.o)
                0x00001b84                Timer_DAC_ReadStatusRegister
 .text.Timer_DAC_WritePeriod
                0x00001b90        0xc .\CortexM3\ARM_GCC_541\Debug\NeverLose.a(Timer_DAC.o)
                0x00001b90                Timer_DAC_WritePeriod
 .text.Timer_DAC_WriteCounter
                0x00001b9c        0xc .\CortexM3\ARM_GCC_541\Debug\NeverLose.a(Timer_DAC.o)
                0x00001b9c                Timer_DAC_WriteCounter
 .text.Timer_DAC_Init
                0x00001ba8       0x68 .\CortexM3\ARM_GCC_541\Debug\NeverLose.a(Timer_DAC.o)
                0x00001ba8                Timer_DAC_Init
 .text.Timer_DAC_Start
                0x00001c10       0x1c .\CortexM3\ARM_GCC_541\Debug\NeverLose.a(Timer_DAC.o)
                0x00001c10                Timer_DAC_Start
 .text.Mux_Start
                0x00001c2c       0x20 .\CortexM3\ARM_GCC_541\Debug\NeverLose.a(Mux.o)
                0x00001c2c                Mux_Start
 .text.Mux_Select
                0x00001c4c       0x18 .\CortexM3\ARM_GCC_541\Debug\NeverLose.a(Mux.o)
                0x00001c4c                Mux_Select
 .text.isr_1_SetVector
                0x00001c64       0x10 .\CortexM3\ARM_GCC_541\Debug\NeverLose.a(isr_1.o)
                0x00001c64                isr_1_SetVector
 .text.isr_1_SetPriority
                0x00001c74       0x10 .\CortexM3\ARM_GCC_541\Debug\NeverLose.a(isr_1.o)
                0x00001c74                isr_1_SetPriority
 .text.isr_1_Enable
                0x00001c84       0x10 .\CortexM3\ARM_GCC_541\Debug\NeverLose.a(isr_1.o)
                0x00001c84                isr_1_Enable
 .text.isr_1_Disable
                0x00001c94       0x10 .\CortexM3\ARM_GCC_541\Debug\NeverLose.a(isr_1.o)
                0x00001c94                isr_1_Disable
 .text.isr_1_StartEx
                0x00001ca4       0x1c .\CortexM3\ARM_GCC_541\Debug\NeverLose.a(isr_1.o)
                0x00001ca4                isr_1_StartEx
 .text.isr_2_SetVector
                0x00001cc0       0x10 .\CortexM3\ARM_GCC_541\Debug\NeverLose.a(isr_2.o)
                0x00001cc0                isr_2_SetVector
 .text.isr_2_SetPriority
                0x00001cd0       0x10 .\CortexM3\ARM_GCC_541\Debug\NeverLose.a(isr_2.o)
                0x00001cd0                isr_2_SetPriority
 .text.isr_2_Enable
                0x00001ce0       0x10 .\CortexM3\ARM_GCC_541\Debug\NeverLose.a(isr_2.o)
                0x00001ce0                isr_2_Enable
 .text.isr_2_Disable
                0x00001cf0       0x10 .\CortexM3\ARM_GCC_541\Debug\NeverLose.a(isr_2.o)
                0x00001cf0                isr_2_Disable
 .text.isr_2_StartEx
                0x00001d00       0x1c .\CortexM3\ARM_GCC_541\Debug\NeverLose.a(isr_2.o)
                0x00001d00                isr_2_StartEx
 .text.isr_3_SetVector
                0x00001d1c        0xc .\CortexM3\ARM_GCC_541\Debug\NeverLose.a(isr_3.o)
                0x00001d1c                isr_3_SetVector
 .text.isr_3_SetPriority
                0x00001d28       0x10 .\CortexM3\ARM_GCC_541\Debug\NeverLose.a(isr_3.o)
                0x00001d28                isr_3_SetPriority
 .text.isr_3_Enable
                0x00001d38        0xc .\CortexM3\ARM_GCC_541\Debug\NeverLose.a(isr_3.o)
                0x00001d38                isr_3_Enable
 .text.isr_3_Disable
                0x00001d44        0xc .\CortexM3\ARM_GCC_541\Debug\NeverLose.a(isr_3.o)
                0x00001d44                isr_3_Disable
 .text.isr_3_StartEx
                0x00001d50       0x1c .\CortexM3\ARM_GCC_541\Debug\NeverLose.a(isr_3.o)
                0x00001d50                isr_3_StartEx
 *fill*         0x00001d6c        0x4 
 .text          0x00001d70       0x20 .\CortexM3\ARM_GCC_541\Debug\NeverLose.a(CyBootAsmGnu.o)
                0x00001d70                CyDelayCycles
                0x00001d80                CyEnterCriticalSection
                0x00001d88                CyExitCriticalSection
 .text.sin      0x00001d90       0x90 c:/program files (x86)/cypress/psoc creator/4.2/psoc creator/import/gnu/arm/5.4.1/bin/../lib/gcc/arm-none-eabi/5.4.1/../../../../arm-none-eabi/lib/armv7-m\libm.a(lib_a-s_sin.o)
                0x00001d90                sin
 .text.__ieee754_rem_pio2
                0x00001e20      0x42c c:/program files (x86)/cypress/psoc creator/4.2/psoc creator/import/gnu/arm/5.4.1/bin/../lib/gcc/arm-none-eabi/5.4.1/../../../../arm-none-eabi/lib/armv7-m\libm.a(lib_a-e_rem_pio2.o)
                0x00001e20                __ieee754_rem_pio2
 *fill*         0x0000224c        0x4 
 .text.__kernel_cos
                0x00002250      0x248 c:/program files (x86)/cypress/psoc creator/4.2/psoc creator/import/gnu/arm/5.4.1/bin/../lib/gcc/arm-none-eabi/5.4.1/../../../../arm-none-eabi/lib/armv7-m\libm.a(lib_a-k_cos.o)
                0x00002250                __kernel_cos
 .text.__kernel_rem_pio2
                0x00002498      0x7f0 c:/program files (x86)/cypress/psoc creator/4.2/psoc creator/import/gnu/arm/5.4.1/bin/../lib/gcc/arm-none-eabi/5.4.1/../../../../arm-none-eabi/lib/armv7-m\libm.a(lib_a-k_rem_pio2.o)
                0x00002498                __kernel_rem_pio2
 .text.__kernel_sin
                0x00002c88      0x16c c:/program files (x86)/cypress/psoc creator/4.2/psoc creator/import/gnu/arm/5.4.1/bin/../lib/gcc/arm-none-eabi/5.4.1/../../../../arm-none-eabi/lib/armv7-m\libm.a(lib_a-k_sin.o)
                0x00002c88                __kernel_sin
 .text.fabs     0x00002df4        0x8 c:/program files (x86)/cypress/psoc creator/4.2/psoc creator/import/gnu/arm/5.4.1/bin/../lib/gcc/arm-none-eabi/5.4.1/../../../../arm-none-eabi/lib/armv7-m\libm.a(lib_a-s_fabs.o)
                0x00002df4                fabs
 *fill*         0x00002dfc        0x4 
 .text.floor    0x00002e00      0x110 c:/program files (x86)/cypress/psoc creator/4.2/psoc creator/import/gnu/arm/5.4.1/bin/../lib/gcc/arm-none-eabi/5.4.1/../../../../arm-none-eabi/lib/armv7-m\libm.a(lib_a-s_floor.o)
                0x00002e00                floor
 .text.scalbn   0x00002f10       0xe4 c:/program files (x86)/cypress/psoc creator/4.2/psoc creator/import/gnu/arm/5.4.1/bin/../lib/gcc/arm-none-eabi/5.4.1/../../../../arm-none-eabi/lib/armv7-m\libm.a(lib_a-s_scalbn.o)
                0x00002f10                scalbn
 .text.copysign
                0x00002ff4       0x10 c:/program files (x86)/cypress/psoc creator/4.2/psoc creator/import/gnu/arm/5.4.1/bin/../lib/gcc/arm-none-eabi/5.4.1/../../../../arm-none-eabi/lib/armv7-m\libm.a(lib_a-s_copysign.o)
                0x00002ff4                copysign
 .text          0x00003004      0x370 c:/program files (x86)/cypress/psoc creator/4.2/psoc creator/import/gnu/arm/5.4.1/bin/../lib/gcc/arm-none-eabi/5.4.1/armv7-m\libgcc.a(_arm_addsubdf3.o)
                0x00003004                __aeabi_drsub
                0x0000300c                __aeabi_dsub
                0x0000300c                __subdf3
                0x00003010                __aeabi_dadd
                0x00003010                __adddf3
                0x00003288                __floatunsidf
                0x00003288                __aeabi_ui2d
                0x000032a8                __floatsidf
                0x000032a8                __aeabi_i2d
                0x000032cc                __aeabi_f2d
                0x000032cc                __extendsfdf2
                0x00003308                __floatundidf
                0x00003308                __aeabi_ul2d
                0x00003318                __floatdidf
                0x00003318                __aeabi_l2d
 .text          0x00003374      0x424 c:/program files (x86)/cypress/psoc creator/4.2/psoc creator/import/gnu/arm/5.4.1/bin/../lib/gcc/arm-none-eabi/5.4.1/armv7-m\libgcc.a(_arm_muldivdf3.o)
                0x00003374                __aeabi_dmul
                0x00003374                __muldf3
                0x000035c8                __divdf3
                0x000035c8                __aeabi_ddiv
 .text          0x00003798      0x110 c:/program files (x86)/cypress/psoc creator/4.2/psoc creator/import/gnu/arm/5.4.1/bin/../lib/gcc/arm-none-eabi/5.4.1/armv7-m\libgcc.a(_arm_cmpdf2.o)
                0x00003798                __gtdf2
                0x00003798                __gedf2
                0x000037a0                __ltdf2
                0x000037a0                __ledf2
                0x000037a8                __nedf2
                0x000037a8                __eqdf2
                0x000037a8                __cmpdf2
                0x00003824                __aeabi_cdrcmple
                0x00003834                __aeabi_cdcmpeq
                0x00003834                __aeabi_cdcmple
                0x00003844                __aeabi_dcmpeq
                0x00003858                __aeabi_dcmplt
                0x0000386c                __aeabi_dcmple
                0x00003880                __aeabi_dcmpge
                0x00003894                __aeabi_dcmpgt
 .text          0x000038a8       0x50 c:/program files (x86)/cypress/psoc creator/4.2/psoc creator/import/gnu/arm/5.4.1/bin/../lib/gcc/arm-none-eabi/5.4.1/armv7-m\libgcc.a(_arm_fixdfsi.o)
                0x000038a8                __aeabi_d2iz
                0x000038a8                __fixdfsi
 .text          0x000038f8       0xa0 c:/program files (x86)/cypress/psoc creator/4.2/psoc creator/import/gnu/arm/5.4.1/bin/../lib/gcc/arm-none-eabi/5.4.1/armv7-m\libgcc.a(_arm_truncdfsf2.o)
                0x000038f8                __truncdfsf2
                0x000038f8                __aeabi_d2f
 .text          0x00003998      0x21c c:/program files (x86)/cypress/psoc creator/4.2/psoc creator/import/gnu/arm/5.4.1/bin/../lib/gcc/arm-none-eabi/5.4.1/armv7-m\libgcc.a(_arm_addsubsf3.o)
                0x00003998                __aeabi_frsub
                0x000039a0                __subsf3
                0x000039a0                __aeabi_fsub
                0x000039a4                __aeabi_fadd
                0x000039a4                __addsf3
                0x00003b04                __aeabi_ui2f
                0x00003b04                __floatunsisf
                0x00003b0c                __aeabi_i2f
                0x00003b0c                __floatsisf
                0x00003b28                __aeabi_ul2f
                0x00003b28                __floatundisf
                0x00003b38                __aeabi_l2f
                0x00003b38                __floatdisf
 .text          0x00003bb4      0x2a0 c:/program files (x86)/cypress/psoc creator/4.2/psoc creator/import/gnu/arm/5.4.1/bin/../lib/gcc/arm-none-eabi/5.4.1/armv7-m\libgcc.a(_arm_muldivsf3.o)
                0x00003bb4                __mulsf3
                0x00003bb4                __aeabi_fmul
                0x00003d1c                __aeabi_fdiv
                0x00003d1c                __divsf3
 .text          0x00003e54       0x40 c:/program files (x86)/cypress/psoc creator/4.2/psoc creator/import/gnu/arm/5.4.1/bin/../lib/gcc/arm-none-eabi/5.4.1/armv7-m\libgcc.a(_arm_fixunssfsi.o)
                0x00003e54                __fixunssfsi
                0x00003e54                __aeabi_f2uiz
 .text.__errno  0x00003e94        0xc c:/program files (x86)/cypress/psoc creator/4.2/psoc creator/import/gnu/arm/5.4.1/bin/../lib/gcc/arm-none-eabi/5.4.1/../../../../arm-none-eabi/lib/armv7-m\libg_nano.a(lib_a-errno.o)
                0x00003e94                __errno
 .text.__libc_init_array
                0x00003ea0       0x4c c:/program files (x86)/cypress/psoc creator/4.2/psoc creator/import/gnu/arm/5.4.1/bin/../lib/gcc/arm-none-eabi/5.4.1/../../../../arm-none-eabi/lib/armv7-m\libg_nano.a(lib_a-init.o)
                0x00003ea0                __libc_init_array
 .text.memcpy   0x00003eec       0x16 c:/program files (x86)/cypress/psoc creator/4.2/psoc creator/import/gnu/arm/5.4.1/bin/../lib/gcc/arm-none-eabi/5.4.1/../../../../arm-none-eabi/lib/armv7-m\libg_nano.a(lib_a-memcpy-stub.o)
                0x00003eec                memcpy
 .text.memset   0x00003f02       0x10 c:/program files (x86)/cypress/psoc creator/4.2/psoc creator/import/gnu/arm/5.4.1/bin/../lib/gcc/arm-none-eabi/5.4.1/../../../../arm-none-eabi/lib/armv7-m\libg_nano.a(lib_a-memset.o)
                0x00003f02                memset
 *(.plt)
 *(.gnu.warning)
 *(.glue_7t)
 .glue_7t       0x00003f12        0x0 linker stubs
 *(.glue_7)
 .glue_7        0x00003f12        0x0 linker stubs
 *(.vfp11_veneer)
 .vfp11_veneer  0x00003f12        0x0 linker stubs
 *(.bootloader)
 *(.ARM.extab* .gnu.linkonce.armextab.*)
 *(.gcc_except_table)

.v4_bx          0x00003f14        0x0
 .v4_bx         0x00003f14        0x0 linker stubs

.iplt           0x00003f14        0x0
 .iplt          0x00003f14        0x0 c:/program files (x86)/cypress/psoc creator/4.2/psoc creator/import/gnu/arm/5.4.1/bin/../lib/gcc/arm-none-eabi/5.4.1/armv7-m/crtbegin.o

.eh_frame_hdr
 *(.eh_frame_hdr)

.eh_frame       0x00003f14        0x4
 *(.eh_frame)
 .eh_frame      0x00003f14        0x0 c:/program files (x86)/cypress/psoc creator/4.2/psoc creator/import/gnu/arm/5.4.1/bin/../lib/gcc/arm-none-eabi/5.4.1/armv7-m/crtbegin.o
 .eh_frame      0x00003f14        0x4 c:/program files (x86)/cypress/psoc creator/4.2/psoc creator/import/gnu/arm/5.4.1/bin/../lib/gcc/arm-none-eabi/5.4.1/armv7-m/crtend.o
                [!provide]                PROVIDE (__exidx_start, .)

.ARM.exidx
 *(.ARM.exidx* .gnu.linkonce.armexidx.*)
                0x00003f18                __exidx_end = .

.rodata         0x00003f18      0x278
 *(.rodata .rodata.* .gnu.linkonce.r.*)
 .rodata.str1.4
                0x00003f18       0x1c .\CortexM3\ARM_GCC_541\Debug\main.o
                                 0x1b (size before relaxing)
 .rodata        0x00003f34       0x4a .\CortexM3\ARM_GCC_541\Debug\cyfitter_cfg.o
                0x00003f34                Mux__addrTable
                0x00003f44                Mux__maskTable
                0x00003f48                ADC_AMux__addrTable
                0x00003f50                ADC_AMux__maskTable
 *fill*         0x00003f7e        0x2 
 .rodata.npio2_hw
                0x00003f80       0x80 c:/program files (x86)/cypress/psoc creator/4.2/psoc creator/import/gnu/arm/5.4.1/bin/../lib/gcc/arm-none-eabi/5.4.1/../../../../arm-none-eabi/lib/armv7-m\libm.a(lib_a-e_rem_pio2.o)
 .rodata.two_over_pi
                0x00004000      0x108 c:/program files (x86)/cypress/psoc creator/4.2/psoc creator/import/gnu/arm/5.4.1/bin/../lib/gcc/arm-none-eabi/5.4.1/../../../../arm-none-eabi/lib/armv7-m\libm.a(lib_a-e_rem_pio2.o)
 .rodata.init_jk
                0x00004108       0x10 c:/program files (x86)/cypress/psoc creator/4.2/psoc creator/import/gnu/arm/5.4.1/bin/../lib/gcc/arm-none-eabi/5.4.1/../../../../arm-none-eabi/lib/armv7-m\libm.a(lib_a-k_rem_pio2.o)
 .rodata.PIo2   0x00004118       0x40 c:/program files (x86)/cypress/psoc creator/4.2/psoc creator/import/gnu/arm/5.4.1/bin/../lib/gcc/arm-none-eabi/5.4.1/../../../../arm-none-eabi/lib/armv7-m\libm.a(lib_a-k_rem_pio2.o)
 .rodata.str1.1
                0x00004158        0x2 c:/program files (x86)/cypress/psoc creator/4.2/psoc creator/import/gnu/arm/5.4.1/bin/../lib/gcc/arm-none-eabi/5.4.1/../../../../arm-none-eabi/lib/armv7-m\libg_nano.a(lib_a-impure.o)
                0x0000415c                . = ALIGN (0x4)
 *fill*         0x0000415a        0x2 
 *(.init)
 .init          0x0000415c        0x4 c:/program files (x86)/cypress/psoc creator/4.2/psoc creator/import/gnu/arm/5.4.1/bin/../lib/gcc/arm-none-eabi/5.4.1/armv7-m/crti.o
                0x0000415c                _init
 .init          0x00004160        0x8 c:/program files (x86)/cypress/psoc creator/4.2/psoc creator/import/gnu/arm/5.4.1/bin/../lib/gcc/arm-none-eabi/5.4.1/armv7-m/crtn.o
                0x00004168                . = ALIGN (0x4)
                0x00004168                __preinit_array_start = .
 *(.preinit_array)
                0x00004168                __preinit_array_end = .
                0x00004168                . = ALIGN (0x4)
                0x00004168                __init_array_start = .
 *(SORT(.init_array.*))
 *(.init_array)
 .init_array    0x00004168        0x4 c:/program files (x86)/cypress/psoc creator/4.2/psoc creator/import/gnu/arm/5.4.1/bin/../lib/gcc/arm-none-eabi/5.4.1/armv7-m/crtbegin.o
 .init_array    0x0000416c        0x4 .\CortexM3\ARM_GCC_541\Debug\Cm3Start.o
                0x00004170                __init_array_end = .
                0x00004170                . = ALIGN (0x4)
 *(.fini)
 .fini          0x00004170        0x4 c:/program files (x86)/cypress/psoc creator/4.2/psoc creator/import/gnu/arm/5.4.1/bin/../lib/gcc/arm-none-eabi/5.4.1/armv7-m/crti.o
                0x00004170                _fini
 .fini          0x00004174        0x8 c:/program files (x86)/cypress/psoc creator/4.2/psoc creator/import/gnu/arm/5.4.1/bin/../lib/gcc/arm-none-eabi/5.4.1/armv7-m/crtn.o
                0x0000417c                . = ALIGN (0x4)
                0x0000417c                __fini_array_start = .
 *(.fini_array)
 .fini_array    0x0000417c        0x4 c:/program files (x86)/cypress/psoc creator/4.2/psoc creator/import/gnu/arm/5.4.1/bin/../lib/gcc/arm-none-eabi/5.4.1/armv7-m/crtbegin.o
 *(SORT(.fini_array.*))
                0x00004180                __fini_array_end = .
                0x00004180                . = ALIGN (0x4)
 *crtbegin.o(.ctors)
 *(EXCLUDE_FILE(*crtend.o) .ctors)
 *(SORT(.ctors.*))
 *crtend.o(.ctors)
                0x00004180                . = ALIGN (0x4)
 *crtbegin.o(.dtors)
 *(EXCLUDE_FILE(*crtend.o) .dtors)
 *(SORT(.dtors.*))
 *crtend.o(.dtors)
                0x00004180                . = ALIGN (0x4)
                0x00004180                __cy_regions = .
                0x00004180        0x4 LONG 0x4190 __cy_region_init_ram
                0x00004184        0x4 LONG 0x1fff80c8 __cy_region_start_data
                0x00004188        0x4 LONG 0x88 __cy_region_init_size_ram
                0x0000418c        0x4 LONG 0x390 __cy_region_zero_size_ram
                0x00004190                __cy_regions_end = .
                0x00004190                . = ALIGN (0x8)
                0x00004190                _etext = .

.cy_checksum_exclude
                0x00004190        0x0
 *(.cy_checksum_exclude)

.ramvectors     0x1fff8000       0xc0
                0x1fff8000                __cy_region_start_ram = .
 *(.ramvectors)
 .ramvectors    0x1fff8000       0xc0 .\CortexM3\ARM_GCC_541\Debug\Cm3Start.o
                0x1fff8000                CyRamVectors

.noinit         0x1fff80c0        0x1
 *(.noinit)
 .noinit        0x1fff80c0        0x1 .\CortexM3\ARM_GCC_541\Debug\NeverLose.a(CyLib.o)
                0x1fff80c0                CyResetStatus

.data           0x1fff80c8       0x88 load address 0x00004190
                0x1fff80c8                __cy_region_start_data = .
 *(.jcr)
 .jcr           0x1fff80c8        0x0 c:/program files (x86)/cypress/psoc creator/4.2/psoc creator/import/gnu/arm/5.4.1/bin/../lib/gcc/arm-none-eabi/5.4.1/armv7-m/crtbegin.o
 .jcr           0x1fff80c8        0x4 c:/program files (x86)/cypress/psoc creator/4.2/psoc creator/import/gnu/arm/5.4.1/bin/../lib/gcc/arm-none-eabi/5.4.1/armv7-m/crtend.o
 *(.got.plt)
 *(.got)
 *(.shdata)
 *(.data .data.* .gnu.linkonce.d.*)
 .data          0x1fff80cc        0x3 .\CortexM3\ARM_GCC_541\Debug\main.o
                0x1fff80cc                pwm_period
                0x1fff80ce                key
 .data          0x1fff80cf        0x1 .\CortexM3\ARM_GCC_541\Debug\NeverLose.a(ADC.o)
                0x1fff80cf                ADC_Config
 .data          0x1fff80d0        0x1 .\CortexM3\ARM_GCC_541\Debug\NeverLose.a(ADC_AMux.o)
 *fill*         0x1fff80d1        0x3 
 .data          0x1fff80d4       0x10 .\CortexM3\ARM_GCC_541\Debug\NeverLose.a(CyLib.o)
                0x1fff80d4                cydelay_32k_ms
                0x1fff80d8                cydelay_freq_khz
                0x1fff80dc                cydelay_freq_mhz
                0x1fff80e0                cydelay_freq_hz
 .data          0x1fff80e4        0x1 .\CortexM3\ARM_GCC_541\Debug\NeverLose.a(Mux.o)
 *fill*         0x1fff80e5        0x3 
 .data.impure_data
                0x1fff80e8       0x60 c:/program files (x86)/cypress/psoc creator/4.2/psoc creator/import/gnu/arm/5.4.1/bin/../lib/gcc/arm-none-eabi/5.4.1/../../../../arm-none-eabi/lib/armv7-m\libg_nano.a(lib_a-impure.o)
 .data._impure_ptr
                0x1fff8148        0x4 c:/program files (x86)/cypress/psoc creator/4.2/psoc creator/import/gnu/arm/5.4.1/bin/../lib/gcc/arm-none-eabi/5.4.1/../../../../arm-none-eabi/lib/armv7-m\libg_nano.a(lib_a-impure.o)
                0x1fff8148                _impure_ptr
                0x1fff8150                . = ALIGN (0x8)
 *fill*         0x1fff814c        0x4 
 *(.ram)
                0x1fff8150                _edata = .

.igot.plt       0x1fff8150        0x0 load address 0x00004218
 .igot.plt      0x1fff8150        0x0 c:/program files (x86)/cypress/psoc creator/4.2/psoc creator/import/gnu/arm/5.4.1/bin/../lib/gcc/arm-none-eabi/5.4.1/armv7-m/crtbegin.o

.bss            0x1fff8150      0x390 load address 0x00004218
                0x1fff8150                PROVIDE (__bss_start__, .)
 *(.shbss)
 *(.bss .bss.* .gnu.linkonce.b.*)
 .bss           0x1fff8150       0x1c c:/program files (x86)/cypress/psoc creator/4.2/psoc creator/import/gnu/arm/5.4.1/bin/../lib/gcc/arm-none-eabi/5.4.1/armv7-m/crtbegin.o
 .bss           0x1fff816c       0x20 .\CortexM3\ARM_GCC_541\Debug\main.o
                0x1fff816c                isDucking
                0x1fff816e                pwmCounter
                0x1fff8170                firstJump
                0x1fff8172                scoreCounter
                0x1fff8174                score
                0x1fff8178                uartJumping
                0x1fff8179                uartDucking
                0x1fff817a                sound1
                0x1fff817c                i
                0x1fff817e                sound2
                0x1fff817f                isJumping
                0x1fff8180                cactusDetected
                0x1fff8181                birdDetected
                0x1fff8184                photoResVal1
                0x1fff8188                photoResVal2
 .bss           0x1fff818c       0x18 .\CortexM3\ARM_GCC_541\Debug\NeverLose.a(ADC.o)
                0x1fff819c                ADC_stopConversion
                0x1fff819d                ADC_convDone
                0x1fff819e                ADC_initVar
                0x1fff819f                ADC_started
                0x1fff81a0                ADC_Offset
 .bss           0x1fff81a4        0x2 .\CortexM3\ARM_GCC_541\Debug\NeverLose.a(LCD.o)
                0x1fff81a4                LCD_enableState
                0x1fff81a5                LCD_initVar
 .bss           0x1fff81a6        0x2 .\CortexM3\ARM_GCC_541\Debug\NeverLose.a(UART.o)
                0x1fff81a6                UART_initVar
 .bss           0x1fff81a8        0x1 .\CortexM3\ARM_GCC_541\Debug\NeverLose.a(DAC.o)
                0x1fff81a8                DAC_initVar
 .bss           0x1fff81a9        0x1 .\CortexM3\ARM_GCC_541\Debug\NeverLose.a(PWM1.o)
                0x1fff81a9                PWM1_initVar
 .bss           0x1fff81aa        0x1 .\CortexM3\ARM_GCC_541\Debug\NeverLose.a(PWM2.o)
                0x1fff81aa                PWM2_initVar
 .bss           0x1fff81ab        0x1 .\CortexM3\ARM_GCC_541\Debug\NeverLose.a(Timer.o)
                0x1fff81ab                Timer_initVar
 .bss           0x1fff81ac        0x1 .\CortexM3\ARM_GCC_541\Debug\NeverLose.a(Timer_DAC.o)
                0x1fff81ac                Timer_DAC_initVar
 *(COMMON)
 *fill*         0x1fff81ad        0x3 
 COMMON         0x1fff81b0      0x325 .\CortexM3\ARM_GCC_541\Debug\main.o
                0x1fff81b0                rxData
                0x1fff81b4                signal2
                0x1fff8344                signal1
                0x1fff84d4                value
 *fill*         0x1fff84d5        0x3 
 COMMON         0x1fff84d8        0x4 .\CortexM3\ARM_GCC_541\Debug\NeverLose.a(ADC.o)
                0x1fff84d8                ADC_CountsPerVolt
                0x1fff84e0                . = ALIGN (0x8)
 *fill*         0x1fff84dc        0x4 
 *(.ram.b)
                0x1fff84e0                _end = .
                0x1fff84e0                __end = .
                0x1fff84e0                PROVIDE (end, .)
                0x1fff84e0                PROVIDE (__bss_end__, .)
                0x00004190                __cy_region_init_ram = LOADADDR (.data)
                0x00000088                __cy_region_init_size_ram = (_edata - ADDR (.data))
                0x00000390                __cy_region_zero_size_ram = (_end - _edata)

.heap           0x1fff84e0       0x80 load address 0x00004218
                0x1fff84e0                . = _end
                0x1fff8560                . = (. + 0x80)
 *fill*         0x1fff84e0       0x80 
                0x1fff8560                __cy_heap_limit = .

.stack          0x20007800      0x800
                0x20007800                __cy_stack_limit = .
                0x20008000                . = (. + 0x800)
 *fill*         0x20007800      0x800 
                0x00000001                ASSERT ((__cy_stack_limit >= __cy_heap_limit), region RAM overflowed with stack)
                0x00000000                cy_checksum_exclude_size = (CY_APPL_LOADABLE == 0x1)?SIZEOF (.cy_checksum_exclude):0x0
                0x00000001                ASSERT ((cy_checksum_exclude_size <= CY_CHECKSUM_EXCLUDE_SIZE), CY_BOOT: Section .cy_checksum_exclude size exceedes specified limit.)

.cyloadermeta
 *(.cyloadermeta)

.cyloadablemeta
 *(.cyloadablemeta)

.cyconfigecc    0x80000000      0x530
 *(.cyconfigecc)
 .cyconfigecc   0x80000000      0x530 .\CortexM3\ARM_GCC_541\Debug\cymetadata.o
                0x80000000                cy_meta_configecc

.cycustnvl      0x90000000        0x4
 *(.cycustnvl)
 .cycustnvl     0x90000000        0x4 .\CortexM3\ARM_GCC_541\Debug\cymetadata.o
                0x90000000                cy_meta_custnvl

.cywolatch      0x90100000        0x4
 *(.cywolatch)
 .cywolatch     0x90100000        0x4 .\CortexM3\ARM_GCC_541\Debug\cymetadata.o
                0x90100000                cy_meta_wonvl

.cyeeprom       0x90200000        0x0
 *(.cyeeprom)
                0x00000001                ASSERT ((. <= ((0x90200000 + ee_offset) + ee_size)), .cyeeprom data will not fit in EEPROM)

.cyflashprotect
                0x90400000      0x100
 *(.cyflashprotect)
 .cyflashprotect
                0x90400000      0x100 .\CortexM3\ARM_GCC_541\Debug\cymetadata.o
                0x90400000                cy_meta_flashprotect

.cymeta         0x90500000        0xc
 *(.cymeta)
 .cymeta        0x90500000        0xc .\CortexM3\ARM_GCC_541\Debug\cymetadata.o
                0x90500000                cy_metadata

.rel.dyn        0x00004218        0x0 load address 0x9050000c
 .rel.iplt      0x00004218        0x0 c:/program files (x86)/cypress/psoc creator/4.2/psoc creator/import/gnu/arm/5.4.1/bin/../lib/gcc/arm-none-eabi/5.4.1/armv7-m/crtbegin.o

.stab
 *(.stab)

.stabstr
 *(.stabstr)

.debug
 *(.debug)

.line
 *(.line)

.debug_srcinfo
 *(.debug_srcinfo)

.debug_sfnames
 *(.debug_sfnames)

.debug_aranges  0x00000000     0x1180
 *(.debug_aranges)
 .debug_aranges
                0x00000000       0x60 .\CortexM3\ARM_GCC_541\Debug\main.o
 .debug_aranges
                0x00000060       0x28 .\CortexM3\ARM_GCC_541\Debug\keypad.o
 .debug_aranges
                0x00000088       0x78 .\CortexM3\ARM_GCC_541\Debug\cyfitter_cfg.o
 .debug_aranges
                0x00000100       0x18 .\CortexM3\ARM_GCC_541\Debug\cymetadata.o
 .debug_aranges
                0x00000118       0x48 .\CortexM3\ARM_GCC_541\Debug\Cm3Start.o
 .debug_aranges
                0x00000160       0x38 .\CortexM3\ARM_GCC_541\Debug\NeverLose.a(SW1.o)
 .debug_aranges
                0x00000198       0x38 .\CortexM3\ARM_GCC_541\Debug\NeverLose.a(SW2.o)
 .debug_aranges
                0x000001d0       0x38 .\CortexM3\ARM_GCC_541\Debug\NeverLose.a(SW3.o)
 .debug_aranges
                0x00000208       0x38 .\CortexM3\ARM_GCC_541\Debug\NeverLose.a(LED1.o)
 .debug_aranges
                0x00000240       0x38 .\CortexM3\ARM_GCC_541\Debug\NeverLose.a(LED2.o)
 .debug_aranges
                0x00000278       0x38 .\CortexM3\ARM_GCC_541\Debug\NeverLose.a(LED3.o)
 .debug_aranges
                0x000002b0       0x38 .\CortexM3\ARM_GCC_541\Debug\NeverLose.a(LED4.o)
 .debug_aranges
                0x000002e8       0xe8 .\CortexM3\ARM_GCC_541\Debug\NeverLose.a(ADC.o)
 .debug_aranges
                0x000003d0       0x38 .\CortexM3\ARM_GCC_541\Debug\NeverLose.a(ADC_INT.o)
 .debug_aranges
                0x00000408       0x98 .\CortexM3\ARM_GCC_541\Debug\NeverLose.a(LCD.o)
 .debug_aranges
                0x000004a0       0xf0 .\CortexM3\ARM_GCC_541\Debug\NeverLose.a(UART.o)
 .debug_aranges
                0x00000590       0x80 .\CortexM3\ARM_GCC_541\Debug\NeverLose.a(isr_uart.o)
 .debug_aranges
                0x00000610       0x30 .\CortexM3\ARM_GCC_541\Debug\NeverLose.a(ADC_AMux.o)
 .debug_aranges
                0x00000640       0x70 .\CortexM3\ARM_GCC_541\Debug\NeverLose.a(ADC_Ext_CP_Clk.o)
 .debug_aranges
                0x000006b0       0x80 .\CortexM3\ARM_GCC_541\Debug\NeverLose.a(ADC_theACLK.o)
 .debug_aranges
                0x00000730       0x70 .\CortexM3\ARM_GCC_541\Debug\NeverLose.a(UART_IntClock.o)
 .debug_aranges
                0x000007a0      0x2a0 .\CortexM3\ARM_GCC_541\Debug\NeverLose.a(CyLib.o)
 .debug_aranges
                0x00000a40       0x98 .\CortexM3\ARM_GCC_541\Debug\NeverLose.a(cyPm.o)
 .debug_aranges
                0x00000ad8       0x58 .\CortexM3\ARM_GCC_541\Debug\NeverLose.a(DAC.o)
 .debug_aranges
                0x00000b30       0x98 .\CortexM3\ARM_GCC_541\Debug\NeverLose.a(PWM1.o)
 .debug_aranges
                0x00000bc8       0x80 .\CortexM3\ARM_GCC_541\Debug\NeverLose.a(PWM2.o)
 .debug_aranges
                0x00000c48       0x88 .\CortexM3\ARM_GCC_541\Debug\NeverLose.a(Timer.o)
 .debug_aranges
                0x00000cd0       0x38 .\CortexM3\ARM_GCC_541\Debug\NeverLose.a(ROW0.o)
 .debug_aranges
                0x00000d08       0x38 .\CortexM3\ARM_GCC_541\Debug\NeverLose.a(ROW1.o)
 .debug_aranges
                0x00000d40       0x38 .\CortexM3\ARM_GCC_541\Debug\NeverLose.a(ROW3.o)
 .debug_aranges
                0x00000d78       0x38 .\CortexM3\ARM_GCC_541\Debug\NeverLose.a(COL1.o)
 .debug_aranges
                0x00000db0       0x38 .\CortexM3\ARM_GCC_541\Debug\NeverLose.a(COL2.o)
 .debug_aranges
                0x00000de8       0x38 .\CortexM3\ARM_GCC_541\Debug\NeverLose.a(COL3.o)
 .debug_aranges
                0x00000e20       0x88 .\CortexM3\ARM_GCC_541\Debug\NeverLose.a(Timer_DAC.o)
 .debug_aranges
                0x00000ea8       0x30 .\CortexM3\ARM_GCC_541\Debug\NeverLose.a(Mux.o)
 .debug_aranges
                0x00000ed8       0x80 .\CortexM3\ARM_GCC_541\Debug\NeverLose.a(isr_1.o)
 .debug_aranges
                0x00000f58       0x80 .\CortexM3\ARM_GCC_541\Debug\NeverLose.a(isr_2.o)
 .debug_aranges
                0x00000fd8       0x80 .\CortexM3\ARM_GCC_541\Debug\NeverLose.a(isr_3.o)
 .debug_aranges
                0x00001058       0x20 .\CortexM3\ARM_GCC_541\Debug\NeverLose.a(CyBootAsmGnu.o)
 .debug_aranges
                0x00001078       0x88 .\CortexM3\ARM_GCC_541\Debug\NeverLose.a(CyFlash.o)
 .debug_aranges
                0x00001100       0x80 .\CortexM3\ARM_GCC_541\Debug\NeverLose.a(CySpc.o)

.debug_pubnames
 *(.debug_pubnames)

.debug_info     0x00000000     0x8c32
 *(.debug_info .gnu.linkonce.wi.*)
 .debug_info    0x00000000      0x9a8 .\CortexM3\ARM_GCC_541\Debug\main.o
 .debug_info    0x000009a8      0x1e9 .\CortexM3\ARM_GCC_541\Debug\keypad.o
 .debug_info    0x00000b91      0x6a9 .\CortexM3\ARM_GCC_541\Debug\cyfitter_cfg.o
 .debug_info    0x0000123a      0x136 .\CortexM3\ARM_GCC_541\Debug\cymetadata.o
 .debug_info    0x00001370      0x3bb .\CortexM3\ARM_GCC_541\Debug\Cm3Start.o
 .debug_info    0x0000172b      0x11f .\CortexM3\ARM_GCC_541\Debug\NeverLose.a(SW1.o)
 .debug_info    0x0000184a      0x11f .\CortexM3\ARM_GCC_541\Debug\NeverLose.a(SW2.o)
 .debug_info    0x00001969      0x11f .\CortexM3\ARM_GCC_541\Debug\NeverLose.a(SW3.o)
 .debug_info    0x00001a88      0x11f .\CortexM3\ARM_GCC_541\Debug\NeverLose.a(LED1.o)
 .debug_info    0x00001ba7      0x11f .\CortexM3\ARM_GCC_541\Debug\NeverLose.a(LED2.o)
 .debug_info    0x00001cc6      0x11f .\CortexM3\ARM_GCC_541\Debug\NeverLose.a(LED3.o)
 .debug_info    0x00001de5      0x11f .\CortexM3\ARM_GCC_541\Debug\NeverLose.a(LED4.o)
 .debug_info    0x00001f04      0xbed .\CortexM3\ARM_GCC_541\Debug\NeverLose.a(ADC.o)
 .debug_info    0x00002af1       0xd3 .\CortexM3\ARM_GCC_541\Debug\NeverLose.a(ADC_INT.o)
 .debug_info    0x00002bc4      0x715 .\CortexM3\ARM_GCC_541\Debug\NeverLose.a(LCD.o)
 .debug_info    0x000032d9      0x60c .\CortexM3\ARM_GCC_541\Debug\NeverLose.a(UART.o)
 .debug_info    0x000038e5      0x2d2 .\CortexM3\ARM_GCC_541\Debug\NeverLose.a(isr_uart.o)
 .debug_info    0x00003bb7      0x165 .\CortexM3\ARM_GCC_541\Debug\NeverLose.a(ADC_AMux.o)
 .debug_info    0x00003d1c      0x283 .\CortexM3\ARM_GCC_541\Debug\NeverLose.a(ADC_Ext_CP_Clk.o)
 .debug_info    0x00003f9f      0x2c4 .\CortexM3\ARM_GCC_541\Debug\NeverLose.a(ADC_theACLK.o)
 .debug_info    0x00004263      0x283 .\CortexM3\ARM_GCC_541\Debug\NeverLose.a(UART_IntClock.o)
 .debug_info    0x000044e6     0x1374 .\CortexM3\ARM_GCC_541\Debug\NeverLose.a(CyLib.o)
 .debug_info    0x0000585a      0xa2a .\CortexM3\ARM_GCC_541\Debug\NeverLose.a(cyPm.o)
 .debug_info    0x00006284      0x1e0 .\CortexM3\ARM_GCC_541\Debug\NeverLose.a(DAC.o)
 .debug_info    0x00006464      0x354 .\CortexM3\ARM_GCC_541\Debug\NeverLose.a(PWM1.o)
 .debug_info    0x000067b8      0x299 .\CortexM3\ARM_GCC_541\Debug\NeverLose.a(PWM2.o)
 .debug_info    0x00006a51      0x295 .\CortexM3\ARM_GCC_541\Debug\NeverLose.a(Timer.o)
 .debug_info    0x00006ce6      0x11f .\CortexM3\ARM_GCC_541\Debug\NeverLose.a(ROW0.o)
 .debug_info    0x00006e05      0x11f .\CortexM3\ARM_GCC_541\Debug\NeverLose.a(ROW1.o)
 .debug_info    0x00006f24      0x11f .\CortexM3\ARM_GCC_541\Debug\NeverLose.a(ROW3.o)
 .debug_info    0x00007043      0x11f .\CortexM3\ARM_GCC_541\Debug\NeverLose.a(COL1.o)
 .debug_info    0x00007162      0x11f .\CortexM3\ARM_GCC_541\Debug\NeverLose.a(COL2.o)
 .debug_info    0x00007281      0x11f .\CortexM3\ARM_GCC_541\Debug\NeverLose.a(COL3.o)
 .debug_info    0x000073a0      0x293 .\CortexM3\ARM_GCC_541\Debug\NeverLose.a(Timer_DAC.o)
 .debug_info    0x00007633      0x165 .\CortexM3\ARM_GCC_541\Debug\NeverLose.a(Mux.o)
 .debug_info    0x00007798      0x2d2 .\CortexM3\ARM_GCC_541\Debug\NeverLose.a(isr_1.o)
 .debug_info    0x00007a6a      0x2d2 .\CortexM3\ARM_GCC_541\Debug\NeverLose.a(isr_2.o)
 .debug_info    0x00007d3c      0x2d2 .\CortexM3\ARM_GCC_541\Debug\NeverLose.a(isr_3.o)
 .debug_info    0x0000800e       0x87 .\CortexM3\ARM_GCC_541\Debug\NeverLose.a(CyBootAsmGnu.o)
 .debug_info    0x00008095      0x64d .\CortexM3\ARM_GCC_541\Debug\NeverLose.a(CyFlash.o)
 .debug_info    0x000086e2      0x550 .\CortexM3\ARM_GCC_541\Debug\NeverLose.a(CySpc.o)

.debug_abbrev   0x00000000     0x2a9a
 *(.debug_abbrev)
 .debug_abbrev  0x00000000      0x175 .\CortexM3\ARM_GCC_541\Debug\main.o
 .debug_abbrev  0x00000175       0xc5 .\CortexM3\ARM_GCC_541\Debug\keypad.o
 .debug_abbrev  0x0000023a      0x21e .\CortexM3\ARM_GCC_541\Debug\cyfitter_cfg.o
 .debug_abbrev  0x00000458       0x77 .\CortexM3\ARM_GCC_541\Debug\cymetadata.o
 .debug_abbrev  0x000004cf      0x1e8 .\CortexM3\ARM_GCC_541\Debug\Cm3Start.o
 .debug_abbrev  0x000006b7       0x90 .\CortexM3\ARM_GCC_541\Debug\NeverLose.a(SW1.o)
 .debug_abbrev  0x00000747       0x90 .\CortexM3\ARM_GCC_541\Debug\NeverLose.a(SW2.o)
 .debug_abbrev  0x000007d7       0x90 .\CortexM3\ARM_GCC_541\Debug\NeverLose.a(SW3.o)
 .debug_abbrev  0x00000867       0x90 .\CortexM3\ARM_GCC_541\Debug\NeverLose.a(LED1.o)
 .debug_abbrev  0x000008f7       0x90 .\CortexM3\ARM_GCC_541\Debug\NeverLose.a(LED2.o)
 .debug_abbrev  0x00000987       0x90 .\CortexM3\ARM_GCC_541\Debug\NeverLose.a(LED3.o)
 .debug_abbrev  0x00000a17       0x90 .\CortexM3\ARM_GCC_541\Debug\NeverLose.a(LED4.o)
 .debug_abbrev  0x00000aa7      0x1eb .\CortexM3\ARM_GCC_541\Debug\NeverLose.a(ADC.o)
 .debug_abbrev  0x00000c92       0x42 .\CortexM3\ARM_GCC_541\Debug\NeverLose.a(ADC_INT.o)
 .debug_abbrev  0x00000cd4      0x157 .\CortexM3\ARM_GCC_541\Debug\NeverLose.a(LCD.o)
 .debug_abbrev  0x00000e2b      0x175 .\CortexM3\ARM_GCC_541\Debug\NeverLose.a(UART.o)
 .debug_abbrev  0x00000fa0      0x173 .\CortexM3\ARM_GCC_541\Debug\NeverLose.a(isr_uart.o)
 .debug_abbrev  0x00001113       0xb1 .\CortexM3\ARM_GCC_541\Debug\NeverLose.a(ADC_AMux.o)
 .debug_abbrev  0x000011c4      0x139 .\CortexM3\ARM_GCC_541\Debug\NeverLose.a(ADC_Ext_CP_Clk.o)
 .debug_abbrev  0x000012fd      0x121 .\CortexM3\ARM_GCC_541\Debug\NeverLose.a(ADC_theACLK.o)
 .debug_abbrev  0x0000141e      0x139 .\CortexM3\ARM_GCC_541\Debug\NeverLose.a(UART_IntClock.o)
 .debug_abbrev  0x00001557      0x254 .\CortexM3\ARM_GCC_541\Debug\NeverLose.a(CyLib.o)
 .debug_abbrev  0x000017ab      0x1ab .\CortexM3\ARM_GCC_541\Debug\NeverLose.a(cyPm.o)
 .debug_abbrev  0x00001956       0xf7 .\CortexM3\ARM_GCC_541\Debug\NeverLose.a(DAC.o)
 .debug_abbrev  0x00001a4d      0x133 .\CortexM3\ARM_GCC_541\Debug\NeverLose.a(PWM1.o)
 .debug_abbrev  0x00001b80      0x12d .\CortexM3\ARM_GCC_541\Debug\NeverLose.a(PWM2.o)
 .debug_abbrev  0x00001cad      0x11a .\CortexM3\ARM_GCC_541\Debug\NeverLose.a(Timer.o)
 .debug_abbrev  0x00001dc7       0x90 .\CortexM3\ARM_GCC_541\Debug\NeverLose.a(ROW0.o)
 .debug_abbrev  0x00001e57       0x90 .\CortexM3\ARM_GCC_541\Debug\NeverLose.a(ROW1.o)
 .debug_abbrev  0x00001ee7       0x90 .\CortexM3\ARM_GCC_541\Debug\NeverLose.a(ROW3.o)
 .debug_abbrev  0x00001f77       0x90 .\CortexM3\ARM_GCC_541\Debug\NeverLose.a(COL1.o)
 .debug_abbrev  0x00002007       0x90 .\CortexM3\ARM_GCC_541\Debug\NeverLose.a(COL2.o)
 .debug_abbrev  0x00002097       0x90 .\CortexM3\ARM_GCC_541\Debug\NeverLose.a(COL3.o)
 .debug_abbrev  0x00002127      0x11a .\CortexM3\ARM_GCC_541\Debug\NeverLose.a(Timer_DAC.o)
 .debug_abbrev  0x00002241       0xb1 .\CortexM3\ARM_GCC_541\Debug\NeverLose.a(Mux.o)
 .debug_abbrev  0x000022f2      0x173 .\CortexM3\ARM_GCC_541\Debug\NeverLose.a(isr_1.o)
 .debug_abbrev  0x00002465      0x173 .\CortexM3\ARM_GCC_541\Debug\NeverLose.a(isr_2.o)
 .debug_abbrev  0x000025d8      0x173 .\CortexM3\ARM_GCC_541\Debug\NeverLose.a(isr_3.o)
 .debug_abbrev  0x0000274b       0x14 .\CortexM3\ARM_GCC_541\Debug\NeverLose.a(CyBootAsmGnu.o)
 .debug_abbrev  0x0000275f      0x1a7 .\CortexM3\ARM_GCC_541\Debug\NeverLose.a(CyFlash.o)
 .debug_abbrev  0x00002906      0x194 .\CortexM3\ARM_GCC_541\Debug\NeverLose.a(CySpc.o)

.debug_line     0x00000000     0x3cf0
 *(.debug_line)
 .debug_line    0x00000000      0x3fb .\CortexM3\ARM_GCC_541\Debug\main.o
 .debug_line    0x000003fb      0x1b5 .\CortexM3\ARM_GCC_541\Debug\keypad.o
 .debug_line    0x000005b0      0x23a .\CortexM3\ARM_GCC_541\Debug\cyfitter_cfg.o
 .debug_line    0x000007ea      0x141 .\CortexM3\ARM_GCC_541\Debug\cymetadata.o
 .debug_line    0x0000092b      0x234 .\CortexM3\ARM_GCC_541\Debug\Cm3Start.o
 .debug_line    0x00000b5f       0x90 .\CortexM3\ARM_GCC_541\Debug\NeverLose.a(SW1.o)
 .debug_line    0x00000bef       0x90 .\CortexM3\ARM_GCC_541\Debug\NeverLose.a(SW2.o)
 .debug_line    0x00000c7f       0x90 .\CortexM3\ARM_GCC_541\Debug\NeverLose.a(SW3.o)
 .debug_line    0x00000d0f       0x91 .\CortexM3\ARM_GCC_541\Debug\NeverLose.a(LED1.o)
 .debug_line    0x00000da0       0x91 .\CortexM3\ARM_GCC_541\Debug\NeverLose.a(LED2.o)
 .debug_line    0x00000e31       0x91 .\CortexM3\ARM_GCC_541\Debug\NeverLose.a(LED3.o)
 .debug_line    0x00000ec2       0x91 .\CortexM3\ARM_GCC_541\Debug\NeverLose.a(LED4.o)
 .debug_line    0x00000f53      0x3c1 .\CortexM3\ARM_GCC_541\Debug\NeverLose.a(ADC.o)
 .debug_line    0x00001314       0x80 .\CortexM3\ARM_GCC_541\Debug\NeverLose.a(ADC_INT.o)
 .debug_line    0x00001394      0x1dc .\CortexM3\ARM_GCC_541\Debug\NeverLose.a(LCD.o)
 .debug_line    0x00001570      0x2bc .\CortexM3\ARM_GCC_541\Debug\NeverLose.a(UART.o)
 .debug_line    0x0000182c      0x135 .\CortexM3\ARM_GCC_541\Debug\NeverLose.a(isr_uart.o)
 .debug_line    0x00001961       0xac .\CortexM3\ARM_GCC_541\Debug\NeverLose.a(ADC_AMux.o)
 .debug_line    0x00001a0d      0x17d .\CortexM3\ARM_GCC_541\Debug\NeverLose.a(ADC_Ext_CP_Clk.o)
 .debug_line    0x00001b8a      0x19d .\CortexM3\ARM_GCC_541\Debug\NeverLose.a(ADC_theACLK.o)
 .debug_line    0x00001d27      0x17c .\CortexM3\ARM_GCC_541\Debug\NeverLose.a(UART_IntClock.o)
 .debug_line    0x00001ea3      0x816 .\CortexM3\ARM_GCC_541\Debug\NeverLose.a(CyLib.o)
 .debug_line    0x000026b9      0x367 .\CortexM3\ARM_GCC_541\Debug\NeverLose.a(cyPm.o)
 .debug_line    0x00002a20       0xe0 .\CortexM3\ARM_GCC_541\Debug\NeverLose.a(DAC.o)
 .debug_line    0x00002b00      0x187 .\CortexM3\ARM_GCC_541\Debug\NeverLose.a(PWM1.o)
 .debug_line    0x00002c87      0x13c .\CortexM3\ARM_GCC_541\Debug\NeverLose.a(PWM2.o)
 .debug_line    0x00002dc3      0x153 .\CortexM3\ARM_GCC_541\Debug\NeverLose.a(Timer.o)
 .debug_line    0x00002f16       0x91 .\CortexM3\ARM_GCC_541\Debug\NeverLose.a(ROW0.o)
 .debug_line    0x00002fa7       0x91 .\CortexM3\ARM_GCC_541\Debug\NeverLose.a(ROW1.o)
 .debug_line    0x00003038       0x91 .\CortexM3\ARM_GCC_541\Debug\NeverLose.a(ROW3.o)
 .debug_line    0x000030c9       0x91 .\CortexM3\ARM_GCC_541\Debug\NeverLose.a(COL1.o)
 .debug_line    0x0000315a       0x91 .\CortexM3\ARM_GCC_541\Debug\NeverLose.a(COL2.o)
 .debug_line    0x000031eb       0x91 .\CortexM3\ARM_GCC_541\Debug\NeverLose.a(COL3.o)
 .debug_line    0x0000327c      0x157 .\CortexM3\ARM_GCC_541\Debug\NeverLose.a(Timer_DAC.o)
 .debug_line    0x000033d3       0xa7 .\CortexM3\ARM_GCC_541\Debug\NeverLose.a(Mux.o)
 .debug_line    0x0000347a      0x132 .\CortexM3\ARM_GCC_541\Debug\NeverLose.a(isr_1.o)
 .debug_line    0x000035ac      0x132 .\CortexM3\ARM_GCC_541\Debug\NeverLose.a(isr_2.o)
 .debug_line    0x000036de      0x132 .\CortexM3\ARM_GCC_541\Debug\NeverLose.a(isr_3.o)
 .debug_line    0x00003810       0x66 .\CortexM3\ARM_GCC_541\Debug\NeverLose.a(CyBootAsmGnu.o)
 .debug_line    0x00003876      0x21a .\CortexM3\ARM_GCC_541\Debug\NeverLose.a(CyFlash.o)
 .debug_line    0x00003a90      0x260 .\CortexM3\ARM_GCC_541\Debug\NeverLose.a(CySpc.o)

.debug_frame    0x00000000     0x2a04
 *(.debug_frame)
 .debug_frame   0x00000000      0x11c .\CortexM3\ARM_GCC_541\Debug\main.o
 .debug_frame   0x0000011c       0x48 .\CortexM3\ARM_GCC_541\Debug\keypad.o
 .debug_frame   0x00000164      0x13c .\CortexM3\ARM_GCC_541\Debug\cyfitter_cfg.o
 .debug_frame   0x000002a0       0xb8 .\CortexM3\ARM_GCC_541\Debug\Cm3Start.o
 .debug_frame   0x00000358       0x50 .\CortexM3\ARM_GCC_541\Debug\NeverLose.a(SW1.o)
 .debug_frame   0x000003a8       0x50 .\CortexM3\ARM_GCC_541\Debug\NeverLose.a(SW2.o)
 .debug_frame   0x000003f8       0x50 .\CortexM3\ARM_GCC_541\Debug\NeverLose.a(SW3.o)
 .debug_frame   0x00000448       0x50 .\CortexM3\ARM_GCC_541\Debug\NeverLose.a(LED1.o)
 .debug_frame   0x00000498       0x50 .\CortexM3\ARM_GCC_541\Debug\NeverLose.a(LED2.o)
 .debug_frame   0x000004e8       0x50 .\CortexM3\ARM_GCC_541\Debug\NeverLose.a(LED3.o)
 .debug_frame   0x00000538       0x50 .\CortexM3\ARM_GCC_541\Debug\NeverLose.a(LED4.o)
 .debug_frame   0x00000588      0x284 .\CortexM3\ARM_GCC_541\Debug\NeverLose.a(ADC.o)
 .debug_frame   0x0000080c       0x50 .\CortexM3\ARM_GCC_541\Debug\NeverLose.a(ADC_INT.o)
 .debug_frame   0x0000085c      0x1e8 .\CortexM3\ARM_GCC_541\Debug\NeverLose.a(LCD.o)
 .debug_frame   0x00000a44      0x250 .\CortexM3\ARM_GCC_541\Debug\NeverLose.a(UART.o)
 .debug_frame   0x00000c94      0x104 .\CortexM3\ARM_GCC_541\Debug\NeverLose.a(isr_uart.o)
 .debug_frame   0x00000d98       0x64 .\CortexM3\ARM_GCC_541\Debug\NeverLose.a(ADC_AMux.o)
 .debug_frame   0x00000dfc       0xe0 .\CortexM3\ARM_GCC_541\Debug\NeverLose.a(ADC_Ext_CP_Clk.o)
 .debug_frame   0x00000edc      0x100 .\CortexM3\ARM_GCC_541\Debug\NeverLose.a(ADC_theACLK.o)
 .debug_frame   0x00000fdc       0xe0 .\CortexM3\ARM_GCC_541\Debug\NeverLose.a(UART_IntClock.o)
 .debug_frame   0x000010bc      0x738 .\CortexM3\ARM_GCC_541\Debug\NeverLose.a(CyLib.o)
 .debug_frame   0x000017f4      0x1f8 .\CortexM3\ARM_GCC_541\Debug\NeverLose.a(cyPm.o)
 .debug_frame   0x000019ec       0xb4 .\CortexM3\ARM_GCC_541\Debug\NeverLose.a(DAC.o)
 .debug_frame   0x00001aa0      0x134 .\CortexM3\ARM_GCC_541\Debug\NeverLose.a(PWM1.o)
 .debug_frame   0x00001bd4       0xf8 .\CortexM3\ARM_GCC_541\Debug\NeverLose.a(PWM2.o)
 .debug_frame   0x00001ccc      0x108 .\CortexM3\ARM_GCC_541\Debug\NeverLose.a(Timer.o)
 .debug_frame   0x00001dd4       0x50 .\CortexM3\ARM_GCC_541\Debug\NeverLose.a(ROW0.o)
 .debug_frame   0x00001e24       0x50 .\CortexM3\ARM_GCC_541\Debug\NeverLose.a(ROW1.o)
 .debug_frame   0x00001e74       0x50 .\CortexM3\ARM_GCC_541\Debug\NeverLose.a(ROW3.o)
 .debug_frame   0x00001ec4       0x50 .\CortexM3\ARM_GCC_541\Debug\NeverLose.a(COL1.o)
 .debug_frame   0x00001f14       0x50 .\CortexM3\ARM_GCC_541\Debug\NeverLose.a(COL2.o)
 .debug_frame   0x00001f64       0x50 .\CortexM3\ARM_GCC_541\Debug\NeverLose.a(COL3.o)
 .debug_frame   0x00001fb4      0x108 .\CortexM3\ARM_GCC_541\Debug\NeverLose.a(Timer_DAC.o)
 .debug_frame   0x000020bc       0x64 .\CortexM3\ARM_GCC_541\Debug\NeverLose.a(Mux.o)
 .debug_frame   0x00002120      0x104 .\CortexM3\ARM_GCC_541\Debug\NeverLose.a(isr_1.o)
 .debug_frame   0x00002224      0x104 .\CortexM3\ARM_GCC_541\Debug\NeverLose.a(isr_2.o)
 .debug_frame   0x00002328      0x104 .\CortexM3\ARM_GCC_541\Debug\NeverLose.a(isr_3.o)
 .debug_frame   0x0000242c      0x194 .\CortexM3\ARM_GCC_541\Debug\NeverLose.a(CyFlash.o)
 .debug_frame   0x000025c0      0x180 .\CortexM3\ARM_GCC_541\Debug\NeverLose.a(CySpc.o)
 .debug_frame   0x00002740       0x38 c:/program files (x86)/cypress/psoc creator/4.2/psoc creator/import/gnu/arm/5.4.1/bin/../lib/gcc/arm-none-eabi/5.4.1/../../../../arm-none-eabi/lib/armv7-m\libm.a(lib_a-s_sin.o)
 .debug_frame   0x00002778       0x48 c:/program files (x86)/cypress/psoc creator/4.2/psoc creator/import/gnu/arm/5.4.1/bin/../lib/gcc/arm-none-eabi/5.4.1/../../../../arm-none-eabi/lib/armv7-m\libm.a(lib_a-e_rem_pio2.o)
 .debug_frame   0x000027c0       0x4c c:/program files (x86)/cypress/psoc creator/4.2/psoc creator/import/gnu/arm/5.4.1/bin/../lib/gcc/arm-none-eabi/5.4.1/../../../../arm-none-eabi/lib/armv7-m\libm.a(lib_a-k_cos.o)
 .debug_frame   0x0000280c       0x50 c:/program files (x86)/cypress/psoc creator/4.2/psoc creator/import/gnu/arm/5.4.1/bin/../lib/gcc/arm-none-eabi/5.4.1/../../../../arm-none-eabi/lib/armv7-m\libm.a(lib_a-k_rem_pio2.o)
 .debug_frame   0x0000285c       0x48 c:/program files (x86)/cypress/psoc creator/4.2/psoc creator/import/gnu/arm/5.4.1/bin/../lib/gcc/arm-none-eabi/5.4.1/../../../../arm-none-eabi/lib/armv7-m\libm.a(lib_a-k_sin.o)
 .debug_frame   0x000028a4       0x20 c:/program files (x86)/cypress/psoc creator/4.2/psoc creator/import/gnu/arm/5.4.1/bin/../lib/gcc/arm-none-eabi/5.4.1/../../../../arm-none-eabi/lib/armv7-m\libm.a(lib_a-s_fabs.o)
 .debug_frame   0x000028c4       0x34 c:/program files (x86)/cypress/psoc creator/4.2/psoc creator/import/gnu/arm/5.4.1/bin/../lib/gcc/arm-none-eabi/5.4.1/../../../../arm-none-eabi/lib/armv7-m\libm.a(lib_a-s_floor.o)
 .debug_frame   0x000028f8       0x30 c:/program files (x86)/cypress/psoc creator/4.2/psoc creator/import/gnu/arm/5.4.1/bin/../lib/gcc/arm-none-eabi/5.4.1/../../../../arm-none-eabi/lib/armv7-m\libm.a(lib_a-s_scalbn.o)
 .debug_frame   0x00002928       0x20 c:/program files (x86)/cypress/psoc creator/4.2/psoc creator/import/gnu/arm/5.4.1/bin/../lib/gcc/arm-none-eabi/5.4.1/../../../../arm-none-eabi/lib/armv7-m\libm.a(lib_a-s_copysign.o)
 .debug_frame   0x00002948       0x20 c:/program files (x86)/cypress/psoc creator/4.2/psoc creator/import/gnu/arm/5.4.1/bin/../lib/gcc/arm-none-eabi/5.4.1/../../../../arm-none-eabi/lib/armv7-m\libg_nano.a(lib_a-errno.o)
 .debug_frame   0x00002968       0x28 c:/program files (x86)/cypress/psoc creator/4.2/psoc creator/import/gnu/arm/5.4.1/bin/../lib/gcc/arm-none-eabi/5.4.1/../../../../arm-none-eabi/lib/armv7-m\libg_nano.a(lib_a-exit.o)
 .debug_frame   0x00002990       0x2c c:/program files (x86)/cypress/psoc creator/4.2/psoc creator/import/gnu/arm/5.4.1/bin/../lib/gcc/arm-none-eabi/5.4.1/../../../../arm-none-eabi/lib/armv7-m\libg_nano.a(lib_a-init.o)
 .debug_frame   0x000029bc       0x28 c:/program files (x86)/cypress/psoc creator/4.2/psoc creator/import/gnu/arm/5.4.1/bin/../lib/gcc/arm-none-eabi/5.4.1/../../../../arm-none-eabi/lib/armv7-m\libg_nano.a(lib_a-memcpy-stub.o)
 .debug_frame   0x000029e4       0x20 c:/program files (x86)/cypress/psoc creator/4.2/psoc creator/import/gnu/arm/5.4.1/bin/../lib/gcc/arm-none-eabi/5.4.1/../../../../arm-none-eabi/lib/armv7-m\libg_nano.a(lib_a-memset.o)

.debug_str      0x00000000     0x2e0d
 *(.debug_str)
 .debug_str     0x00000000      0x4c9 .\CortexM3\ARM_GCC_541\Debug\main.o
                                0x551 (size before relaxing)
 .debug_str     0x000004c9       0x48 .\CortexM3\ARM_GCC_541\Debug\keypad.o
                                0x201 (size before relaxing)
 .debug_str     0x00000511      0x1c0 .\CortexM3\ARM_GCC_541\Debug\cyfitter_cfg.o
                                0x382 (size before relaxing)
 .debug_str     0x000006d1       0x75 .\CortexM3\ARM_GCC_541\Debug\cymetadata.o
                                0x1db (size before relaxing)
 .debug_str     0x00000746      0x144 .\CortexM3\ARM_GCC_541\Debug\Cm3Start.o
                                0x301 (size before relaxing)
 .debug_str     0x0000088a       0x58 .\CortexM3\ARM_GCC_541\Debug\NeverLose.a(SW1.o)
                                0x1cf (size before relaxing)
 .debug_str     0x000008e2       0x48 .\CortexM3\ARM_GCC_541\Debug\NeverLose.a(SW2.o)
                                0x1cf (size before relaxing)
 .debug_str     0x0000092a       0x48 .\CortexM3\ARM_GCC_541\Debug\NeverLose.a(SW3.o)
                                0x1cf (size before relaxing)
 .debug_str     0x00000972       0x4b .\CortexM3\ARM_GCC_541\Debug\NeverLose.a(LED1.o)
                                0x1d4 (size before relaxing)
 .debug_str     0x000009bd       0x4b .\CortexM3\ARM_GCC_541\Debug\NeverLose.a(LED2.o)
                                0x1d4 (size before relaxing)
 .debug_str     0x00000a08       0x4b .\CortexM3\ARM_GCC_541\Debug\NeverLose.a(LED3.o)
                                0x1d4 (size before relaxing)
 .debug_str     0x00000a53       0x4b .\CortexM3\ARM_GCC_541\Debug\NeverLose.a(LED4.o)
                                0x1d4 (size before relaxing)
 .debug_str     0x00000a9e      0x39e .\CortexM3\ARM_GCC_541\Debug\NeverLose.a(ADC.o)
                                0x5c0 (size before relaxing)
 .debug_str     0x00000e3c       0x45 .\CortexM3\ARM_GCC_541\Debug\NeverLose.a(ADC_INT.o)
                                0x1b7 (size before relaxing)
 .debug_str     0x00000e81      0x12c .\CortexM3\ARM_GCC_541\Debug\NeverLose.a(LCD.o)
                                0x322 (size before relaxing)
 .debug_str     0x00000fad      0x241 .\CortexM3\ARM_GCC_541\Debug\NeverLose.a(UART.o)
                                0x46c (size before relaxing)
 .debug_str     0x000011ee      0x117 .\CortexM3\ARM_GCC_541\Debug\NeverLose.a(isr_uart.o)
                                0x2c7 (size before relaxing)
 .debug_str     0x00001305       0x5f .\CortexM3\ARM_GCC_541\Debug\NeverLose.a(ADC_AMux.o)
                                0x1f6 (size before relaxing)
 .debug_str     0x00001364      0x173 .\CortexM3\ARM_GCC_541\Debug\NeverLose.a(ADC_Ext_CP_Clk.o)
                                0x339 (size before relaxing)
 .debug_str     0x000014d7      0x14f .\CortexM3\ARM_GCC_541\Debug\NeverLose.a(ADC_theACLK.o)
                                0x358 (size before relaxing)
 .debug_str     0x00001626      0x138 .\CortexM3\ARM_GCC_541\Debug\NeverLose.a(UART_IntClock.o)
                                0x32d (size before relaxing)
 .debug_str     0x0000175e      0x7b4 .\CortexM3\ARM_GCC_541\Debug\NeverLose.a(CyLib.o)
                                0xa3e (size before relaxing)
 .debug_str     0x00001f12      0x365 .\CortexM3\ARM_GCC_541\Debug\NeverLose.a(cyPm.o)
                                0x72a (size before relaxing)
 .debug_str     0x00002277       0x4f .\CortexM3\ARM_GCC_541\Debug\NeverLose.a(DAC.o)
                                0x202 (size before relaxing)
 .debug_str     0x000022c6      0x147 .\CortexM3\ARM_GCC_541\Debug\NeverLose.a(PWM1.o)
                                0x342 (size before relaxing)
 .debug_str     0x0000240d       0xd3 .\CortexM3\ARM_GCC_541\Debug\NeverLose.a(PWM2.o)
                                0x2b6 (size before relaxing)
 .debug_str     0x000024e0      0x118 .\CortexM3\ARM_GCC_541\Debug\NeverLose.a(Timer.o)
                                0x2ec (size before relaxing)
 .debug_str     0x000025f8       0x4c .\CortexM3\ARM_GCC_541\Debug\NeverLose.a(ROW0.o)
                                0x1d4 (size before relaxing)
 .debug_str     0x00002644       0x4c .\CortexM3\ARM_GCC_541\Debug\NeverLose.a(ROW1.o)
                                0x1d4 (size before relaxing)
 .debug_str     0x00002690       0x4c .\CortexM3\ARM_GCC_541\Debug\NeverLose.a(ROW3.o)
                                0x1d4 (size before relaxing)
 .debug_str     0x000026dc       0x4b .\CortexM3\ARM_GCC_541\Debug\NeverLose.a(COL1.o)
                                0x1d4 (size before relaxing)
 .debug_str     0x00002727       0x4b .\CortexM3\ARM_GCC_541\Debug\NeverLose.a(COL2.o)
                                0x1d4 (size before relaxing)
 .debug_str     0x00002772       0x4b .\CortexM3\ARM_GCC_541\Debug\NeverLose.a(COL3.o)
                                0x1d4 (size before relaxing)
 .debug_str     0x000027bd      0x144 .\CortexM3\ARM_GCC_541\Debug\NeverLose.a(Timer_DAC.o)
                                0x32c (size before relaxing)
 .debug_str     0x00002901       0x1d .\CortexM3\ARM_GCC_541\Debug\NeverLose.a(Mux.o)
                                0x1d3 (size before relaxing)
 .debug_str     0x0000291e       0xd8 .\CortexM3\ARM_GCC_541\Debug\NeverLose.a(isr_1.o)
                                0x29d (size before relaxing)
 .debug_str     0x000029f6       0xd8 .\CortexM3\ARM_GCC_541\Debug\NeverLose.a(isr_2.o)
                                0x29d (size before relaxing)
 .debug_str     0x00002ace       0xd8 .\CortexM3\ARM_GCC_541\Debug\NeverLose.a(isr_3.o)
                                0x29d (size before relaxing)
 .debug_str     0x00002ba6      0x1bb .\CortexM3\ARM_GCC_541\Debug\NeverLose.a(CyFlash.o)
                                0x3b7 (size before relaxing)
 .debug_str     0x00002d61       0xac .\CortexM3\ARM_GCC_541\Debug\NeverLose.a(CySpc.o)
                                0x32f (size before relaxing)

.debug_loc      0x00000000     0x321b
 *(.debug_loc)
 .debug_loc     0x00000000       0xec .\CortexM3\ARM_GCC_541\Debug\main.o
 .debug_loc     0x000000ec      0x2c7 .\CortexM3\ARM_GCC_541\Debug\cyfitter_cfg.o
 .debug_loc     0x000003b3      0x144 .\CortexM3\ARM_GCC_541\Debug\Cm3Start.o
 .debug_loc     0x000004f7       0x42 .\CortexM3\ARM_GCC_541\Debug\NeverLose.a(SW1.o)
 .debug_loc     0x00000539       0x42 .\CortexM3\ARM_GCC_541\Debug\NeverLose.a(SW2.o)
 .debug_loc     0x0000057b       0x42 .\CortexM3\ARM_GCC_541\Debug\NeverLose.a(SW3.o)
 .debug_loc     0x000005bd       0x42 .\CortexM3\ARM_GCC_541\Debug\NeverLose.a(LED1.o)
 .debug_loc     0x000005ff       0x42 .\CortexM3\ARM_GCC_541\Debug\NeverLose.a(LED2.o)
 .debug_loc     0x00000641       0x42 .\CortexM3\ARM_GCC_541\Debug\NeverLose.a(LED3.o)
 .debug_loc     0x00000683       0x42 .\CortexM3\ARM_GCC_541\Debug\NeverLose.a(LED4.o)
 .debug_loc     0x000006c5      0x681 .\CortexM3\ARM_GCC_541\Debug\NeverLose.a(ADC.o)
 .debug_loc     0x00000d46      0x3c6 .\CortexM3\ARM_GCC_541\Debug\NeverLose.a(LCD.o)
 .debug_loc     0x0000110c      0x258 .\CortexM3\ARM_GCC_541\Debug\NeverLose.a(UART.o)
 .debug_loc     0x00001364       0x56 .\CortexM3\ARM_GCC_541\Debug\NeverLose.a(isr_uart.o)
 .debug_loc     0x000013ba       0x6c .\CortexM3\ARM_GCC_541\Debug\NeverLose.a(ADC_AMux.o)
 .debug_loc     0x00001426      0x128 .\CortexM3\ARM_GCC_541\Debug\NeverLose.a(ADC_Ext_CP_Clk.o)
 .debug_loc     0x0000154e      0x14d .\CortexM3\ARM_GCC_541\Debug\NeverLose.a(ADC_theACLK.o)
 .debug_loc     0x0000169b      0x128 .\CortexM3\ARM_GCC_541\Debug\NeverLose.a(UART_IntClock.o)
 .debug_loc     0x000017c3      0xa11 .\CortexM3\ARM_GCC_541\Debug\NeverLose.a(CyLib.o)
 .debug_loc     0x000021d4      0x1e4 .\CortexM3\ARM_GCC_541\Debug\NeverLose.a(cyPm.o)
 .debug_loc     0x000023b8       0x79 .\CortexM3\ARM_GCC_541\Debug\NeverLose.a(DAC.o)
 .debug_loc     0x00002431       0x26 .\CortexM3\ARM_GCC_541\Debug\NeverLose.a(PWM1.o)
 .debug_loc     0x00002457       0x13 .\CortexM3\ARM_GCC_541\Debug\NeverLose.a(PWM2.o)
 .debug_loc     0x0000246a       0x42 .\CortexM3\ARM_GCC_541\Debug\NeverLose.a(ROW0.o)
 .debug_loc     0x000024ac       0x42 .\CortexM3\ARM_GCC_541\Debug\NeverLose.a(ROW1.o)
 .debug_loc     0x000024ee       0x42 .\CortexM3\ARM_GCC_541\Debug\NeverLose.a(ROW3.o)
 .debug_loc     0x00002530       0x42 .\CortexM3\ARM_GCC_541\Debug\NeverLose.a(COL1.o)
 .debug_loc     0x00002572       0x42 .\CortexM3\ARM_GCC_541\Debug\NeverLose.a(COL2.o)
 .debug_loc     0x000025b4       0x42 .\CortexM3\ARM_GCC_541\Debug\NeverLose.a(COL3.o)
 .debug_loc     0x000025f6       0x6c .\CortexM3\ARM_GCC_541\Debug\NeverLose.a(Mux.o)
 .debug_loc     0x00002662       0x56 .\CortexM3\ARM_GCC_541\Debug\NeverLose.a(isr_1.o)
 .debug_loc     0x000026b8       0x56 .\CortexM3\ARM_GCC_541\Debug\NeverLose.a(isr_2.o)
 .debug_loc     0x0000270e       0x56 .\CortexM3\ARM_GCC_541\Debug\NeverLose.a(isr_3.o)
 .debug_loc     0x00002764      0x3b2 .\CortexM3\ARM_GCC_541\Debug\NeverLose.a(CyFlash.o)
 .debug_loc     0x00002b16      0x705 .\CortexM3\ARM_GCC_541\Debug\NeverLose.a(CySpc.o)

.debug_macinfo
 *(.debug_macinfo)

.debug_ranges   0x00000000      0xed8
 *(.debug_ranges)
 .debug_ranges  0x00000000       0x50 .\CortexM3\ARM_GCC_541\Debug\main.o
 .debug_ranges  0x00000050       0x18 .\CortexM3\ARM_GCC_541\Debug\keypad.o
 .debug_ranges  0x00000068       0x68 .\CortexM3\ARM_GCC_541\Debug\cyfitter_cfg.o
 .debug_ranges  0x000000d0       0x38 .\CortexM3\ARM_GCC_541\Debug\Cm3Start.o
 .debug_ranges  0x00000108       0x28 .\CortexM3\ARM_GCC_541\Debug\NeverLose.a(SW1.o)
 .debug_ranges  0x00000130       0x28 .\CortexM3\ARM_GCC_541\Debug\NeverLose.a(SW2.o)
 .debug_ranges  0x00000158       0x28 .\CortexM3\ARM_GCC_541\Debug\NeverLose.a(SW3.o)
 .debug_ranges  0x00000180       0x28 .\CortexM3\ARM_GCC_541\Debug\NeverLose.a(LED1.o)
 .debug_ranges  0x000001a8       0x28 .\CortexM3\ARM_GCC_541\Debug\NeverLose.a(LED2.o)
 .debug_ranges  0x000001d0       0x28 .\CortexM3\ARM_GCC_541\Debug\NeverLose.a(LED3.o)
 .debug_ranges  0x000001f8       0x28 .\CortexM3\ARM_GCC_541\Debug\NeverLose.a(LED4.o)
 .debug_ranges  0x00000220       0xd8 .\CortexM3\ARM_GCC_541\Debug\NeverLose.a(ADC.o)
 .debug_ranges  0x000002f8       0x28 .\CortexM3\ARM_GCC_541\Debug\NeverLose.a(ADC_INT.o)
 .debug_ranges  0x00000320       0x88 .\CortexM3\ARM_GCC_541\Debug\NeverLose.a(LCD.o)
 .debug_ranges  0x000003a8       0xe0 .\CortexM3\ARM_GCC_541\Debug\NeverLose.a(UART.o)
 .debug_ranges  0x00000488       0x70 .\CortexM3\ARM_GCC_541\Debug\NeverLose.a(isr_uart.o)
 .debug_ranges  0x000004f8       0x20 .\CortexM3\ARM_GCC_541\Debug\NeverLose.a(ADC_AMux.o)
 .debug_ranges  0x00000518       0x60 .\CortexM3\ARM_GCC_541\Debug\NeverLose.a(ADC_Ext_CP_Clk.o)
 .debug_ranges  0x00000578       0x70 .\CortexM3\ARM_GCC_541\Debug\NeverLose.a(ADC_theACLK.o)
 .debug_ranges  0x000005e8       0x60 .\CortexM3\ARM_GCC_541\Debug\NeverLose.a(UART_IntClock.o)
 .debug_ranges  0x00000648      0x290 .\CortexM3\ARM_GCC_541\Debug\NeverLose.a(CyLib.o)
 .debug_ranges  0x000008d8       0x88 .\CortexM3\ARM_GCC_541\Debug\NeverLose.a(cyPm.o)
 .debug_ranges  0x00000960       0x48 .\CortexM3\ARM_GCC_541\Debug\NeverLose.a(DAC.o)
 .debug_ranges  0x000009a8       0x88 .\CortexM3\ARM_GCC_541\Debug\NeverLose.a(PWM1.o)
 .debug_ranges  0x00000a30       0x70 .\CortexM3\ARM_GCC_541\Debug\NeverLose.a(PWM2.o)
 .debug_ranges  0x00000aa0       0x78 .\CortexM3\ARM_GCC_541\Debug\NeverLose.a(Timer.o)
 .debug_ranges  0x00000b18       0x28 .\CortexM3\ARM_GCC_541\Debug\NeverLose.a(ROW0.o)
 .debug_ranges  0x00000b40       0x28 .\CortexM3\ARM_GCC_541\Debug\NeverLose.a(ROW1.o)
 .debug_ranges  0x00000b68       0x28 .\CortexM3\ARM_GCC_541\Debug\NeverLose.a(ROW3.o)
 .debug_ranges  0x00000b90       0x28 .\CortexM3\ARM_GCC_541\Debug\NeverLose.a(COL1.o)
 .debug_ranges  0x00000bb8       0x28 .\CortexM3\ARM_GCC_541\Debug\NeverLose.a(COL2.o)
 .debug_ranges  0x00000be0       0x28 .\CortexM3\ARM_GCC_541\Debug\NeverLose.a(COL3.o)
 .debug_ranges  0x00000c08       0x78 .\CortexM3\ARM_GCC_541\Debug\NeverLose.a(Timer_DAC.o)
 .debug_ranges  0x00000c80       0x20 .\CortexM3\ARM_GCC_541\Debug\NeverLose.a(Mux.o)
 .debug_ranges  0x00000ca0       0x70 .\CortexM3\ARM_GCC_541\Debug\NeverLose.a(isr_1.o)
 .debug_ranges  0x00000d10       0x70 .\CortexM3\ARM_GCC_541\Debug\NeverLose.a(isr_2.o)
 .debug_ranges  0x00000d80       0x70 .\CortexM3\ARM_GCC_541\Debug\NeverLose.a(isr_3.o)
 .debug_ranges  0x00000df0       0x78 .\CortexM3\ARM_GCC_541\Debug\NeverLose.a(CyFlash.o)
 .debug_ranges  0x00000e68       0x70 .\CortexM3\ARM_GCC_541\Debug\NeverLose.a(CySpc.o)

.comment        0x00000000       0x6e
 .comment       0x00000000       0x6e .\CortexM3\ARM_GCC_541\Debug\main.o
                                 0x6f (size before relaxing)
 .comment       0x0000006e       0x6f .\CortexM3\ARM_GCC_541\Debug\keypad.o
 .comment       0x0000006e       0x6f .\CortexM3\ARM_GCC_541\Debug\cyfitter_cfg.o
 .comment       0x0000006e       0x6f .\CortexM3\ARM_GCC_541\Debug\cymetadata.o
 .comment       0x0000006e       0x6f .\CortexM3\ARM_GCC_541\Debug\Cm3Start.o
 .comment       0x0000006e       0x6f .\CortexM3\ARM_GCC_541\Debug\NeverLose.a(SW1.o)
 .comment       0x0000006e       0x6f .\CortexM3\ARM_GCC_541\Debug\NeverLose.a(SW2.o)
 .comment       0x0000006e       0x6f .\CortexM3\ARM_GCC_541\Debug\NeverLose.a(SW3.o)
 .comment       0x0000006e       0x6f .\CortexM3\ARM_GCC_541\Debug\NeverLose.a(LED1.o)
 .comment       0x0000006e       0x6f .\CortexM3\ARM_GCC_541\Debug\NeverLose.a(LED2.o)
 .comment       0x0000006e       0x6f .\CortexM3\ARM_GCC_541\Debug\NeverLose.a(LED3.o)
 .comment       0x0000006e       0x6f .\CortexM3\ARM_GCC_541\Debug\NeverLose.a(LED4.o)
 .comment       0x0000006e       0x6f .\CortexM3\ARM_GCC_541\Debug\NeverLose.a(ADC.o)
 .comment       0x0000006e       0x6f .\CortexM3\ARM_GCC_541\Debug\NeverLose.a(ADC_INT.o)
 .comment       0x0000006e       0x6f .\CortexM3\ARM_GCC_541\Debug\NeverLose.a(LCD.o)
 .comment       0x0000006e       0x6f .\CortexM3\ARM_GCC_541\Debug\NeverLose.a(UART.o)
 .comment       0x0000006e       0x6f .\CortexM3\ARM_GCC_541\Debug\NeverLose.a(isr_uart.o)
 .comment       0x0000006e       0x6f .\CortexM3\ARM_GCC_541\Debug\NeverLose.a(ADC_AMux.o)
 .comment       0x0000006e       0x6f .\CortexM3\ARM_GCC_541\Debug\NeverLose.a(ADC_Ext_CP_Clk.o)
 .comment       0x0000006e       0x6f .\CortexM3\ARM_GCC_541\Debug\NeverLose.a(ADC_theACLK.o)
 .comment       0x0000006e       0x6f .\CortexM3\ARM_GCC_541\Debug\NeverLose.a(UART_IntClock.o)
 .comment       0x0000006e       0x6f .\CortexM3\ARM_GCC_541\Debug\NeverLose.a(CyLib.o)
 .comment       0x0000006e       0x6f .\CortexM3\ARM_GCC_541\Debug\NeverLose.a(cyPm.o)
 .comment       0x0000006e       0x6f .\CortexM3\ARM_GCC_541\Debug\NeverLose.a(DAC.o)
 .comment       0x0000006e       0x6f .\CortexM3\ARM_GCC_541\Debug\NeverLose.a(PWM1.o)
 .comment       0x0000006e       0x6f .\CortexM3\ARM_GCC_541\Debug\NeverLose.a(PWM2.o)
 .comment       0x0000006e       0x6f .\CortexM3\ARM_GCC_541\Debug\NeverLose.a(Timer.o)
 .comment       0x0000006e       0x6f .\CortexM3\ARM_GCC_541\Debug\NeverLose.a(ROW0.o)
 .comment       0x0000006e       0x6f .\CortexM3\ARM_GCC_541\Debug\NeverLose.a(ROW1.o)
 .comment       0x0000006e       0x6f .\CortexM3\ARM_GCC_541\Debug\NeverLose.a(ROW3.o)
 .comment       0x0000006e       0x6f .\CortexM3\ARM_GCC_541\Debug\NeverLose.a(COL1.o)
 .comment       0x0000006e       0x6f .\CortexM3\ARM_GCC_541\Debug\NeverLose.a(COL2.o)
 .comment       0x0000006e       0x6f .\CortexM3\ARM_GCC_541\Debug\NeverLose.a(COL3.o)
 .comment       0x0000006e       0x6f .\CortexM3\ARM_GCC_541\Debug\NeverLose.a(Timer_DAC.o)
 .comment       0x0000006e       0x6f .\CortexM3\ARM_GCC_541\Debug\NeverLose.a(Mux.o)
 .comment       0x0000006e       0x6f .\CortexM3\ARM_GCC_541\Debug\NeverLose.a(isr_1.o)
 .comment       0x0000006e       0x6f .\CortexM3\ARM_GCC_541\Debug\NeverLose.a(isr_2.o)
 .comment       0x0000006e       0x6f .\CortexM3\ARM_GCC_541\Debug\NeverLose.a(isr_3.o)
 .comment       0x0000006e       0x6f .\CortexM3\ARM_GCC_541\Debug\NeverLose.a(CyFlash.o)
 .comment       0x0000006e       0x6f .\CortexM3\ARM_GCC_541\Debug\NeverLose.a(CySpc.o)

.debug_weaknames
 *(.debug_weaknames)

.debug_funcnames
 *(.debug_funcnames)

.debug_typenames
 *(.debug_typenames)

.debug_varnames
 *(.debug_varnames)

.note.gnu.arm.ident
 *(.note.gnu.arm.ident)

.ARM.attributes
                0x00000000       0x29
 *(.ARM.attributes)
 .ARM.attributes
                0x00000000       0x1d c:/program files (x86)/cypress/psoc creator/4.2/psoc creator/import/gnu/arm/5.4.1/bin/../lib/gcc/arm-none-eabi/5.4.1/armv7-m/crti.o
 .ARM.attributes
                0x0000001d       0x2d c:/program files (x86)/cypress/psoc creator/4.2/psoc creator/import/gnu/arm/5.4.1/bin/../lib/gcc/arm-none-eabi/5.4.1/armv7-m/crtbegin.o
 .ARM.attributes
                0x0000004a       0x1b c:/program files (x86)/cypress/psoc creator/4.2/psoc creator/import/gnu/arm/5.4.1/bin/../lib/gcc/arm-none-eabi/5.4.1/../../../../arm-none-eabi/lib/armv7-m/crt0.o
 .ARM.attributes
                0x00000065       0x33 .\CortexM3\ARM_GCC_541\Debug\main.o
 .ARM.attributes
                0x00000098       0x33 .\CortexM3\ARM_GCC_541\Debug\keypad.o
 .ARM.attributes
                0x000000cb       0x33 .\CortexM3\ARM_GCC_541\Debug\cyfitter_cfg.o
 .ARM.attributes
                0x000000fe       0x33 .\CortexM3\ARM_GCC_541\Debug\cymetadata.o
 .ARM.attributes
                0x00000131       0x33 .\CortexM3\ARM_GCC_541\Debug\Cm3Start.o
 .ARM.attributes
                0x00000164       0x33 .\CortexM3\ARM_GCC_541\Debug\NeverLose.a(SW1.o)
 .ARM.attributes
                0x00000197       0x33 .\CortexM3\ARM_GCC_541\Debug\NeverLose.a(SW2.o)
 .ARM.attributes
                0x000001ca       0x33 .\CortexM3\ARM_GCC_541\Debug\NeverLose.a(SW3.o)
 .ARM.attributes
                0x000001fd       0x33 .\CortexM3\ARM_GCC_541\Debug\NeverLose.a(LED1.o)
 .ARM.attributes
                0x00000230       0x33 .\CortexM3\ARM_GCC_541\Debug\NeverLose.a(LED2.o)
 .ARM.attributes
                0x00000263       0x33 .\CortexM3\ARM_GCC_541\Debug\NeverLose.a(LED3.o)
 .ARM.attributes
                0x00000296       0x33 .\CortexM3\ARM_GCC_541\Debug\NeverLose.a(LED4.o)
 .ARM.attributes
                0x000002c9       0x33 .\CortexM3\ARM_GCC_541\Debug\NeverLose.a(ADC.o)
 .ARM.attributes
                0x000002fc       0x33 .\CortexM3\ARM_GCC_541\Debug\NeverLose.a(ADC_INT.o)
 .ARM.attributes
                0x0000032f       0x33 .\CortexM3\ARM_GCC_541\Debug\NeverLose.a(LCD.o)
 .ARM.attributes
                0x00000362       0x33 .\CortexM3\ARM_GCC_541\Debug\NeverLose.a(UART.o)
 .ARM.attributes
                0x00000395       0x33 .\CortexM3\ARM_GCC_541\Debug\NeverLose.a(isr_uart.o)
 .ARM.attributes
                0x000003c8       0x33 .\CortexM3\ARM_GCC_541\Debug\NeverLose.a(ADC_AMux.o)
 .ARM.attributes
                0x000003fb       0x33 .\CortexM3\ARM_GCC_541\Debug\NeverLose.a(ADC_Ext_CP_Clk.o)
 .ARM.attributes
                0x0000042e       0x33 .\CortexM3\ARM_GCC_541\Debug\NeverLose.a(ADC_theACLK.o)
 .ARM.attributes
                0x00000461       0x33 .\CortexM3\ARM_GCC_541\Debug\NeverLose.a(UART_IntClock.o)
 .ARM.attributes
                0x00000494       0x33 .\CortexM3\ARM_GCC_541\Debug\NeverLose.a(CyLib.o)
 .ARM.attributes
                0x000004c7       0x33 .\CortexM3\ARM_GCC_541\Debug\NeverLose.a(cyPm.o)
 .ARM.attributes
                0x000004fa       0x33 .\CortexM3\ARM_GCC_541\Debug\NeverLose.a(DAC.o)
 .ARM.attributes
                0x0000052d       0x33 .\CortexM3\ARM_GCC_541\Debug\NeverLose.a(PWM1.o)
 .ARM.attributes
                0x00000560       0x33 .\CortexM3\ARM_GCC_541\Debug\NeverLose.a(PWM2.o)
 .ARM.attributes
                0x00000593       0x33 .\CortexM3\ARM_GCC_541\Debug\NeverLose.a(Timer.o)
 .ARM.attributes
                0x000005c6       0x33 .\CortexM3\ARM_GCC_541\Debug\NeverLose.a(ROW0.o)
 .ARM.attributes
                0x000005f9       0x33 .\CortexM3\ARM_GCC_541\Debug\NeverLose.a(ROW1.o)
 .ARM.attributes
                0x0000062c       0x33 .\CortexM3\ARM_GCC_541\Debug\NeverLose.a(ROW3.o)
 .ARM.attributes
                0x0000065f       0x33 .\CortexM3\ARM_GCC_541\Debug\NeverLose.a(COL1.o)
 .ARM.attributes