Archive member included to satisfy reference by file (symbol)

.\CortexM3\ARM_GCC_541\Debug\NeverLose.a(SW1.o)
                              .\CortexM3\ARM_GCC_541\Debug\main.o (SW1_Read)
.\CortexM3\ARM_GCC_541\Debug\NeverLose.a(SW2.o)
                              .\CortexM3\ARM_GCC_541\Debug\main.o (SW2_Read)
.\CortexM3\ARM_GCC_541\Debug\NeverLose.a(SW3.o)
                              .\CortexM3\ARM_GCC_541\Debug\main.o (SW3_Read)
.\CortexM3\ARM_GCC_541\Debug\NeverLose.a(LED1.o)
                              .\CortexM3\ARM_GCC_541\Debug\main.o (LED1_Write)
.\CortexM3\ARM_GCC_541\Debug\NeverLose.a(LED2.o)
                              .\CortexM3\ARM_GCC_541\Debug\main.o (LED2_Write)
.\CortexM3\ARM_GCC_541\Debug\NeverLose.a(LED3.o)
                              .\CortexM3\ARM_GCC_541\Debug\main.o (LED3_Write)
.\CortexM3\ARM_GCC_541\Debug\NeverLose.a(LED4.o)
                              .\CortexM3\ARM_GCC_541\Debug\main.o (LED4_Write)
.\CortexM3\ARM_GCC_541\Debug\NeverLose.a(ADC.o)
                              .\CortexM3\ARM_GCC_541\Debug\main.o (ADC_Start)
.\CortexM3\ARM_GCC_541\Debug\NeverLose.a(ADC_INT.o)
                              .\CortexM3\ARM_GCC_541\Debug\NeverLose.a(ADC.o) (ADC_ISR1)
.\CortexM3\ARM_GCC_541\Debug\NeverLose.a(LCD.o)
                              .\CortexM3\ARM_GCC_541\Debug\main.o (LCD_PrintString)
.\CortexM3\ARM_GCC_541\Debug\NeverLose.a(UART.o)
                              .\CortexM3\ARM_GCC_541\Debug\main.o (UART_Start)
.\CortexM3\ARM_GCC_541\Debug\NeverLose.a(ADC_AMux.o)
                              .\CortexM3\ARM_GCC_541\Debug\NeverLose.a(ADC.o) (ADC_AMux_Select)
.\CortexM3\ARM_GCC_541\Debug\NeverLose.a(ADC_Ext_CP_Clk.o)
                              .\CortexM3\ARM_GCC_541\Debug\NeverLose.a(ADC.o) (ADC_Ext_CP_Clk_SetModeRegister)
.\CortexM3\ARM_GCC_541\Debug\NeverLose.a(ADC_theACLK.o)
                              .\CortexM3\ARM_GCC_541\Debug\NeverLose.a(ADC.o) (ADC_theACLK_SetModeRegister)
.\CortexM3\ARM_GCC_541\Debug\NeverLose.a(UART_IntClock.o)
                              .\CortexM3\ARM_GCC_541\Debug\NeverLose.a(UART.o) (UART_IntClock_Start)
.\CortexM3\ARM_GCC_541\Debug\NeverLose.a(CyLib.o)
                              .\CortexM3\ARM_GCC_541\Debug\Cm3Start.o (CyHalt)
.\CortexM3\ARM_GCC_541\Debug\NeverLose.a(cyPm.o)
                              .\CortexM3\ARM_GCC_541\Debug\NeverLose.a(CyLib.o) (CyPmReadStatus)
.\CortexM3\ARM_GCC_541\Debug\NeverLose.a(DAC.o)
                              .\CortexM3\ARM_GCC_541\Debug\main.o (DAC_SetValue)
.\CortexM3\ARM_GCC_541\Debug\NeverLose.a(PWM1.o)
                              .\CortexM3\ARM_GCC_541\Debug\main.o (PWM1_WritePeriod)
.\CortexM3\ARM_GCC_541\Debug\NeverLose.a(PWM2.o)
                              .\CortexM3\ARM_GCC_541\Debug\main.o (PWM2_WritePeriod)
.\CortexM3\ARM_GCC_541\Debug\NeverLose.a(Timer.o)
                              .\CortexM3\ARM_GCC_541\Debug\main.o (Timer_ReadStatusRegister)
.\CortexM3\ARM_GCC_541\Debug\NeverLose.a(ROW0.o)
                              .\CortexM3\ARM_GCC_541\Debug\keypad.o (ROW0_Read)
.\CortexM3\ARM_GCC_541\Debug\NeverLose.a(ROW1.o)
                              .\CortexM3\ARM_GCC_541\Debug\keypad.o (ROW1_Read)
.\CortexM3\ARM_GCC_541\Debug\NeverLose.a(ROW3.o)
                              .\CortexM3\ARM_GCC_541\Debug\keypad.o (ROW3_Read)
.\CortexM3\ARM_GCC_541\Debug\NeverLose.a(COL1.o)
                              .\CortexM3\ARM_GCC_541\Debug\keypad.o (COL1_Write)
.\CortexM3\ARM_GCC_541\Debug\NeverLose.a(COL2.o)
                              .\CortexM3\ARM_GCC_541\Debug\keypad.o (COL2_Write)
.\CortexM3\ARM_GCC_541\Debug\NeverLose.a(COL3.o)
                              .\CortexM3\ARM_GCC_541\Debug\keypad.o (COL3_Write)
.\CortexM3\ARM_GCC_541\Debug\NeverLose.a(CyBootAsmGnu.o)
                              .\CortexM3\ARM_GCC_541\Debug\cyfitter_cfg.o (CyDelayCycles)
.\CortexM3\ARM_GCC_541\Debug\NeverLose.a(CyFlash.o)
                              .\CortexM3\ARM_GCC_541\Debug\NeverLose.a(cyPm.o) (CyFlash_SetWaitCycles)
.\CortexM3\ARM_GCC_541\Debug\NeverLose.a(CySpc.o)
                              .\CortexM3\ARM_GCC_541\Debug\NeverLose.a(CyFlash.o) (CySpcStart)
c:/program files (x86)/cypress/psoc creator/4.4/psoc creator/import/gnu/arm/5.4.1/bin/../lib/gcc/arm-none-eabi/5.4.1/armv7-m\libgcc.a(_arm_addsubdf3.o)
                              .\CortexM3\ARM_GCC_541\Debug\NeverLose.a(ADC.o) (__aeabi_f2d)
c:/program files (x86)/cypress/psoc creator/4.4/psoc creator/import/gnu/arm/5.4.1/bin/../lib/gcc/arm-none-eabi/5.4.1/armv7-m\libgcc.a(_arm_cmpdf2.o)
                              .\CortexM3\ARM_GCC_541\Debug\NeverLose.a(ADC.o) (__aeabi_dcmpgt)
c:/program files (x86)/cypress/psoc creator/4.4/psoc creator/import/gnu/arm/5.4.1/bin/../lib/gcc/arm-none-eabi/5.4.1/armv7-m\libgcc.a(_arm_addsubsf3.o)
                              .\CortexM3\ARM_GCC_541\Debug\main.o (__aeabi_fadd)
[...]
Memory Configuration

Name             Origin             Length             Attributes
rom              0x00000000         0x00040000         xr
ram              0x1fff8000         0x00010000         xrw
*default*        0x00000000         0xffffffff

Linker script and memory map

LOAD c:/program files (x86)/cypress/psoc creator/4.4/psoc creator/import/gnu/arm/5.4.1/bin/../lib/gcc/arm-none-eabi/5.4.1/armv7-m/crti.o
LOAD c:/program files (x86)/cypress/psoc creator/4.4/psoc creator/import/gnu/arm/5.4.1/bin/../lib/gcc/arm-none-eabi/5.4.1/armv7-m/crtbegin.o
LOAD c:/program files (x86)/cypress/psoc creator/4.4/psoc creator/import/gnu/arm/5.4.1/bin/../lib/gcc/arm-none-eabi/5.4.1/../../../../arm-none-eabi/lib/armv7-m/crt0.o
START GROUP
LOAD .\CortexM3\ARM_GCC_541\Debug\main.o
LOAD .\CortexM3\ARM_GCC_541\Debug\keypad.o
LOAD .\CortexM3\ARM_GCC_541\Debug\cyfitter_cfg.o
LOAD .\CortexM3\ARM_GCC_541\Debug\cymetadata.o
LOAD .\CortexM3\ARM_GCC_541\Debug\Cm3Start.o
LOAD .\CortexM3\ARM_GCC_541\Debug\NeverLose.a
LOAD C:\Program Files (x86)\Cypress\PSoC Creator\4.4\PSoC Creator\psoc\content\cycomponentlibrary\CyComponentLibrary.cylib\CortexM3\ARM_GCC_541\Debug\CyComponentLibrary.a
END GROUP
START GROUP
LOAD c:/program files (x86)/cypress/psoc creator/4.4/psoc creator/import/gnu/arm/5.4.1/bin/../lib/gcc/arm-none-eabi/5.4.1/armv7-m\libgcc.a
LOAD c:/program files (x86)/cypress/psoc creator/4.4/psoc creator/import/gnu/arm/5.4.1/bin/../lib/gcc/arm-none-eabi/5.4.1/../../../../arm-none-eabi/lib/armv7-m\libg_nano.a
LOAD c:/program files (x86)/cypress/psoc creator/4.4/psoc creator/import/gnu/arm/5.4.1/bin/../lib/gcc/arm-none-eabi/5.4.1/../../../../arm-none-eabi/lib/armv7-m\libc_nano.a
END GROUP
START GROUP
LOAD c:/program files (x86)/cypress/psoc creator/4.4/psoc creator/import/gnu/arm/5.4.1/bin/../lib/gcc/arm-none-eabi/5.4.1/armv7-m\libgcc.a
LOAD c:/program files (x86)/cypress/psoc creator/4.4/psoc creator/import/gnu/arm/5.4.1/bin/../lib/gcc/arm-none-eabi/5.4.1/../../../../arm-none-eabi/lib/armv7-m\libc_nano.a
END GROUP
LOAD c:/program files (x86)/cypress/psoc creator/4.4/psoc creator/import/gnu/arm/5.4.1/bin/../lib/gcc/arm-none-eabi/5.4.1/armv7-m/crtend.o
LOAD c:/program files (x86)/cypress/psoc creator/4.4/psoc creator/import/gnu/arm/5.4.1/bin/../lib/gcc/arm-none-eabi/5.4.1/armv7-m/crtn.o
START GROUP
LOAD c:/program files (x86)/cypress/psoc creator/4.4/psoc creator/import/gnu/arm/5.4.1/bin/../lib/gcc/arm-none-eabi/5.4.1/armv7-m\libgcc.a
LOAD c:/program files (x86)/cypress/psoc creator/4.4/psoc creator/import/gnu/arm/5.4.1/bin/../lib/gcc/arm-none-eabi/5.4.1/../../../../arm-none-eabi/lib/armv7-m\libc.a
LOAD c:/program files (x86)/cypress/psoc creator/4.4/psoc creator/import/gnu/arm/5.4.1/bin/../lib/gcc/arm-none-eabi/5.4.1/../../../../arm-none-eabi/lib/armv7-m\libnosys.a
END GROUP
                0x00000000                CY_APPL_ORIGIN = 0x0
                0x00000100                CY_FLASH_ROW_SIZE = 0x100
                0x00000020                CY_ECC_ROW_SIZE = 0x20
                0x00000000                CY_EE_IN_BTLDR = 0x0
                0x00000000                CY_APPL_LOADABLE = 0x0
                0x00000800                CY_EE_SIZE = 0x800
                0x00000001                CY_APPL_NUM = 0x1
                0x00000001                CY_APPL_MAX = 0x1
                0x00000040                CY_METADATA_SIZE = 0x40
                0x00000000                CY_APPL_LOADABLE = 0x0
                0x00000000                CY_CHECKSUM_EXCLUDE_SIZE = ALIGN (0x0, CY_FLASH_ROW_SIZE)
                [!provide]                PROVIDE (__cy_heap_start, _end)
                0x00000001                PROVIDE (__cy_region_num, ((__cy_regions_end - __cy_regions) / 0x10))
                0x20008000                PROVIDE (__cy_stack, (ORIGIN (ram) + LENGTH (ram)))
                [!provide]                PROVIDE (__cy_heap_end, (__cy_stack - 0x800))

.cybootloader   0x00000000        0x0
 *(.cybootloader)
                0x00000000                appl1_start = CY_APPL_ORIGIN?CY_APPL_ORIGIN:ALIGN (CY_FLASH_ROW_SIZE)
                0x0001ff00                appl2_start = (appl1_start + ALIGN ((((LENGTH (rom) - appl1_start) - (0x2 * CY_FLASH_ROW_SIZE)) / 0x2), CY_FLASH_ROW_SIZE))
                0x00000000                appl_start = (CY_APPL_NUM == 0x1)?appl1_start:appl2_start
                0x00000000                ecc_offset = ((appl_start / CY_FLASH_ROW_SIZE) * CY_ECC_ROW_SIZE)
                0x00000000                ee_offset = (CY_APPL_LOADABLE && ! (CY_EE_IN_BTLDR))?((CY_EE_SIZE / CY_APPL_MAX) * (CY_APPL_NUM - 0x1)):0x0
                0x00000800                ee_size = (CY_APPL_LOADABLE && ! (CY_EE_IN_BTLDR))?(CY_EE_SIZE / CY_APPL_MAX):CY_EE_SIZE
                [!provide]                PROVIDE (CY_ECC_OFFSET, ecc_offset)

.text           0x00000000     0x1506
 CREATE_OBJECT_SYMBOLS
                0x00000000                PROVIDE (__cy_interrupt_vector, RomVectors)
 *(.romvectors)
 .romvectors    0x00000000       0x10 .\CortexM3\ARM_GCC_541\Debug\Cm3Start.o
                0x00000000                RomVectors
                0x00000001                ASSERT ((. != __cy_interrupt_vector), No interrupt vector)
                0x00000001                ASSERT (CY_APPL_ORIGIN?(SIZEOF (.cybootloader) <= CY_APPL_ORIGIN):0x1, Wrong image location)
                0x00000010                PROVIDE (__cy_reset, Reset)
 *(.text.Reset)
 .text.Reset    0x00000010       0x18 .\CortexM3\ARM_GCC_541\Debug\Cm3Start.o
                0x00000010                Reset
                0x00000001                ASSERT ((. != __cy_reset), No reset code)
 *(.dma_init)
                0x00000001                ASSERT ((((appl_start + .) <= 0x10000) || 0x1), DMA Init must be within the first 64k of flash)
 *(.text .text.* .gnu.linkonce.t.*)
 .text          0x00000028       0x5c c:/program files (x86)/cypress/psoc creator/4.4/psoc creator/import/gnu/arm/5.4.1/bin/../lib/gcc/arm-none-eabi/5.4.1/armv7-m/crtbegin.o
 .text.jump     0x00000084       0x34 .\CortexM3\ARM_GCC_541\Debug\main.o
                0x00000084                jump
 .text.duck     0x000000b8       0x30 .\CortexM3\ARM_GCC_541\Debug\main.o
                0x000000b8                duck
 .text.detectKeyboard
                0x000000e8       0x2c .\CortexM3\ARM_GCC_541\Debug\main.o
                0x000000e8                detectKeyboard
 .text.main     0x00000114      0x12c .\CortexM3\ARM_GCC_541\Debug\main.o
                0x00000114                main
 .text.keypadInit
                0x00000240       0x18 .\CortexM3\ARM_GCC_541\Debug\keypad.o
                0x00000240                keypadInit
 .text.keypadScan
                0x00000258       0x44 .\CortexM3\ARM_GCC_541\Debug\keypad.o
                0x00000258                keypadScan
 .text.CyClockStartupError
                0x0000029c        0x4 .\CortexM3\ARM_GCC_541\Debug\cyfitter_cfg.o
 .text.cfg_write_bytes32
                0x000002a0       0x34 .\CortexM3\ARM_GCC_541\Debug\cyfitter_cfg.o
 .text.AnalogSetDefault
                0x000002d4       0x44 .\CortexM3\ARM_GCC_541\Debug\cyfitter_cfg.o
 .text.CYMEMZERO
                0x00000318        0xc .\CortexM3\ARM_GCC_541\Debug\cyfitter_cfg.o
 .text.CYCONFIGCPY
                0x00000324        0x8 .\CortexM3\ARM_GCC_541\Debug\cyfitter_cfg.o
 .text.ClockSetup
                0x0000032c      0x10c .\CortexM3\ARM_GCC_541\Debug\cyfitter_cfg.o
 .text.ADC_AMux_Set
                0x00000438       0x1c .\CortexM3\ARM_GCC_541\Debug\cyfitter_cfg.o
                0x00000438                ADC_AMux_Set
 .text.ADC_AMux_Unset
                0x00000454       0x1c .\CortexM3\ARM_GCC_541\Debug\cyfitter_cfg.o
                0x00000454                ADC_AMux_Unset
 .text.cyfitter_cfg
                0x00000470      0x14c .\CortexM3\ARM_GCC_541\Debug\cyfitter_cfg.o
                0x00000470                cyfitter_cfg
 .text.IntDefaultHandler
                0x000005bc       0x10 .\CortexM3\ARM_GCC_541\Debug\Cm3Start.o
                0x000005bc                IntDefaultHandler
 .text.Start_c  0x000005cc       0x4c .\CortexM3\ARM_GCC_541\Debug\Cm3Start.o
                0x000005cc                Start_c
 .text.initialize_psoc
                0x00000618       0x68 .\CortexM3\ARM_GCC_541\Debug\Cm3Start.o
                0x00000618                initialize_psoc
 .text.SW1_Read
                0x00000680       0x10 .\CortexM3\ARM_GCC_541\Debug\NeverLose.a(SW1.o)
                0x00000680                SW1_Read
 .text.SW2_Read
                0x00000690       0x10 .\CortexM3\ARM_GCC_541\Debug\NeverLose.a(SW2.o)
                0x00000690                SW2_Read
 .text.SW3_Read
                0x000006a0       0x10 .\CortexM3\ARM_GCC_541\Debug\NeverLose.a(SW3.o)
                0x000006a0                SW3_Read
 .text.LED1_Write
                0x000006b0       0x18 .\CortexM3\ARM_GCC_541\Debug\NeverLose.a(LED1.o)
                0x000006b0                LED1_Write
 .text.LED2_Write
                0x000006c8       0x18 .\CortexM3\ARM_GCC_541\Debug\NeverLose.a(LED2.o)
                0x000006c8                LED2_Write
 .text.LED3_Write
                0x000006e0       0x18 .\CortexM3\ARM_GCC_541\Debug\NeverLose.a(LED3.o)
                0x000006e0                LED3_Write
 .text.LED4_Write
                0x000006f8       0x18 .\CortexM3\ARM_GCC_541\Debug\NeverLose.a(LED4.o)
                0x000006f8                LED4_Write
 .text.ADC_GainCompensation
                0x00000710       0xdc .\CortexM3\ARM_GCC_541\Debug\NeverLose.a(ADC.o)
 .text.ADC_SetDSMRef0Reg
                0x000007ec       0x4c .\CortexM3\ARM_GCC_541\Debug\NeverLose.a(ADC.o)
 .text.ADC_InitConfig
                0x00000838       0xe4 .\CortexM3\ARM_GCC_541\Debug\NeverLose.a(ADC.o)
 .text.ADC_Init
                0x0000091c       0xc4 .\CortexM3\ARM_GCC_541\Debug\NeverLose.a(ADC.o)
                0x0000091c                ADC_Init
 .text.ADC_Enable
                0x000009e0       0xd8 .\CortexM3\ARM_GCC_541\Debug\NeverLose.a(ADC.o)
                0x000009e0                ADC_Enable
 .text.ADC_Start
                0x00000ab8       0x28 .\CortexM3\ARM_GCC_541\Debug\NeverLose.a(ADC.o)
                0x00000ab8                ADC_Start
 .text.ADC_ISR1
                0x00000ae0        0x4 .\CortexM3\ARM_GCC_541\Debug\NeverLose.a(ADC_INT.o)
                0x00000ae0                ADC_ISR1
 .text.LCD_WrCntrlNib
                0x00000ae4       0x34 .\CortexM3\ARM_GCC_541\Debug\NeverLose.a(LCD.o)
 .text.LCD_WrDatNib
                0x00000b18       0x44 .\CortexM3\ARM_GCC_541\Debug\NeverLose.a(LCD.o)
 .text.LCD_IsReady
                0x00000b5c       0xe4 .\CortexM3\ARM_GCC_541\Debug\NeverLose.a(LCD.o)
                0x00000b5c                LCD_IsReady
 .text.LCD_WriteData
                0x00000c40       0x18 .\CortexM3\ARM_GCC_541\Debug\NeverLose.a(LCD.o)
                0x00000c40                LCD_WriteData
 .text.LCD_PrintString
                0x00000c58       0x1c .\CortexM3\ARM_GCC_541\Debug\NeverLose.a(LCD.o)
                0x00000c58                LCD_PrintString
 .text.LCD_WriteControl
                0x00000c74       0x18 .\CortexM3\ARM_GCC_541\Debug\NeverLose.a(LCD.o)
                0x00000c74                LCD_WriteControl
 .text.LCD_Init
                0x00000c8c       0x6c .\CortexM3\ARM_GCC_541\Debug\NeverLose.a(LCD.o)
                0x00000c8c                LCD_Init
 .text.LCD_Enable
                0x00000cf8       0x14 .\CortexM3\ARM_GCC_541\Debug\NeverLose.a(LCD.o)
                0x00000cf8                LCD_Enable
 .text.LCD_Start
                0x00000d0c       0x1c .\CortexM3\ARM_GCC_541\Debug\NeverLose.a(LCD.o)
                0x00000d0c                LCD_Start
 .text.LCD_Position
                0x00000d28       0x3c .\CortexM3\ARM_GCC_541\Debug\NeverLose.a(LCD.o)
                0x00000d28                LCD_Position
 .text.LCD_PrintU32Number
                0x00000d64       0x64 .\CortexM3\ARM_GCC_541\Debug\NeverLose.a(LCD.o)
                0x00000d64                LCD_PrintU32Number
 .text.UART_Init
                0x00000dc8       0x24 .\CortexM3\ARM_GCC_541\Debug\NeverLose.a(UART.o)
                0x00000dc8                UART_Init
 .text.UART_Enable
                0x00000dec       0x38 .\CortexM3\ARM_GCC_541\Debug\NeverLose.a(UART.o)
                0x00000dec                UART_Enable
 .text.UART_Start
                0x00000e24       0x1c .\CortexM3\ARM_GCC_541\Debug\NeverLose.a(UART.o)
                0x00000e24                UART_Start
 .text.ADC_AMux_Start
                0x00000e40       0x20 .\CortexM3\ARM_GCC_541\Debug\NeverLose.a(ADC_AMux.o)
                0x00000e40                ADC_AMux_Start
 .text.ADC_AMux_Select
                0x00000e60       0x18 .\CortexM3\ARM_GCC_541\Debug\NeverLose.a(ADC_AMux.o)
                0x00000e60                ADC_AMux_Select
 .text.ADC_Ext_CP_Clk_GetDividerRegister
                0x00000e78        0xc .\CortexM3\ARM_GCC_541\Debug\NeverLose.a(ADC_Ext_CP_Clk.o)
                0x00000e78                ADC_Ext_CP_Clk_GetDividerRegister
 .text.ADC_Ext_CP_Clk_SetModeRegister
                0x00000e84       0x14 .\CortexM3\ARM_GCC_541\Debug\NeverLose.a(ADC_Ext_CP_Clk.o)
                0x00000e84                ADC_Ext_CP_Clk_SetModeRegister
 .text.ADC_Ext_CP_Clk_GetSourceRegister
                0x00000e98       0x10 .\CortexM3\ARM_GCC_541\Debug\NeverLose.a(ADC_Ext_CP_Clk.o)
                0x00000e98                ADC_Ext_CP_Clk_GetSourceRegister
 .text.ADC_Ext_CP_Clk_SetDividerRegister
                0x00000ea8       0xdc .\CortexM3\ARM_GCC_541\Debug\NeverLose.a(ADC_Ext_CP_Clk.o)
                0x00000ea8                ADC_Ext_CP_Clk_SetDividerRegister
 .text.ADC_theACLK_GetDividerRegister
                0x00000f84        0xc .\CortexM3\ARM_GCC_541\Debug\NeverLose.a(ADC_theACLK.o)
                0x00000f84                ADC_theACLK_GetDividerRegister
 .text.ADC_theACLK_SetModeRegister
                0x00000f90       0x14 .\CortexM3\ARM_GCC_541\Debug\NeverLose.a(ADC_theACLK.o)
                0x00000f90                ADC_theACLK_SetModeRegister
 .text.ADC_theACLK_GetSourceRegister
                0x00000fa4       0x10 .\CortexM3\ARM_GCC_541\Debug\NeverLose.a(ADC_theACLK.o)
                0x00000fa4                ADC_theACLK_GetSourceRegister
 .text.ADC_theACLK_SetDividerRegister
                0x00000fb4       0xd8 .\CortexM3\ARM_GCC_541\Debug\NeverLose.a(ADC_theACLK.o)
                0x00000fb4                ADC_theACLK_SetDividerRegister
 .text.UART_IntClock_Start
                0x0000108c       0x1c .\CortexM3\ARM_GCC_541\Debug\NeverLose.a(UART_IntClock.o)
                0x0000108c                UART_IntClock_Start
 .text.CyHalt   0x000010a8        0x4 .\CortexM3\ARM_GCC_541\Debug\NeverLose.a(CyLib.o)
                0x000010a8                CyHalt
 .text.CyDelay  0x000010ac       0x2c .\CortexM3\ARM_GCC_541\Debug\NeverLose.a(CyLib.o)
                0x000010ac                CyDelay
 .text.CyDelayUs
                0x000010d8       0x14 .\CortexM3\ARM_GCC_541\Debug\NeverLose.a(CyLib.o)
                0x000010d8                CyDelayUs
 .text.CyIntSetVector
                0x000010ec       0x28 .\CortexM3\ARM_GCC_541\Debug\NeverLose.a(CyLib.o)
                0x000010ec                CyIntSetVector
 .text.CyIntSetPriority
                0x00001114       0x30 .\CortexM3\ARM_GCC_541\Debug\NeverLose.a(CyLib.o)
                0x00001114                CyIntSetPriority
 .text.PWM1_Enable
                0x00001144       0x10 .\CortexM3\ARM_GCC_541\Debug\NeverLose.a(PWM1.o)
                0x00001144                PWM1_Enable
 .text.PWM1_WriteCounter
                0x00001154        0xc .\CortexM3\ARM_GCC_541\Debug\NeverLose.a(PWM1.o)
                0x00001154                PWM1_WriteCounter
 .text.PWM1_WritePeriod
                0x00001160        0xc .\CortexM3\ARM_GCC_541\Debug\NeverLose.a(PWM1.o)
                0x00001160                PWM1_WritePeriod
 .text.PWM1_WriteCompare
                0x0000116c        0xc .\CortexM3\ARM_GCC_541\Debug\NeverLose.a(PWM1.o)
                0x0000116c                PWM1_WriteCompare
 .text.PWM1_SetInterruptMode
                0x00001178        0xc .\CortexM3\ARM_GCC_541\Debug\NeverLose.a(PWM1.o)
                0x00001178                PWM1_SetInterruptMode
 .text.PWM1_ReadStatusRegister
                0x00001184        0xc .\CortexM3\ARM_GCC_541\Debug\NeverLose.a(PWM1.o)
                0x00001184                PWM1_ReadStatusRegister
 .text.PWM1_ReadCapture
                0x00001190        0xc .\CortexM3\ARM_GCC_541\Debug\NeverLose.a(PWM1.o)
                0x00001190                PWM1_ReadCapture
 .text.PWM1_ClearFIFO
                0x0000119c       0x14 .\CortexM3\ARM_GCC_541\Debug\NeverLose.a(PWM1.o)
                0x0000119c                PWM1_ClearFIFO
 .text.PWM1_Init
                0x000011b0       0x60 .\CortexM3\ARM_GCC_541\Debug\NeverLose.a(PWM1.o)
                0x000011b0                PWM1_Init
 .text.PWM1_Start
                0x00001210       0x1c .\CortexM3\ARM_GCC_541\Debug\NeverLose.a(PWM1.o)
                0x00001210                PWM1_Start
 .text.PWM2_Enable
                0x0000122c       0x10 .\CortexM3\ARM_GCC_541\Debug\NeverLose.a(PWM2.o)
                0x0000122c                PWM2_Enable
 .text.PWM2_WriteCounter
                0x0000123c        0xc .\CortexM3\ARM_GCC_541\Debug\NeverLose.a(PWM2.o)
                0x0000123c                PWM2_WriteCounter
 .text.PWM2_WritePeriod
                0x00001248        0xc .\CortexM3\ARM_GCC_541\Debug\NeverLose.a(PWM2.o)
                0x00001248                PWM2_WritePeriod
 .text.PWM2_WriteCompare
                0x00001254        0xc .\CortexM3\ARM_GCC_541\Debug\NeverLose.a(PWM2.o)
                0x00001254                PWM2_WriteCompare
 .text.PWM2_SetInterruptMode
                0x00001260        0xc .\CortexM3\ARM_GCC_541\Debug\NeverLose.a(PWM2.o)
                0x00001260                PWM2_SetInterruptMode
 .text.PWM2_ReadStatusRegister
                0x0000126c        0xc .\CortexM3\ARM_GCC_541\Debug\NeverLose.a(PWM2.o)
                0x0000126c                PWM2_ReadStatusRegister
 .text.PWM2_ReadCapture
                0x00001278        0xc .\CortexM3\ARM_GCC_541\Debug\NeverLose.a(PWM2.o)
                0x00001278                PWM2_ReadCapture
 .text.PWM2_ClearFIFO
                0x00001284       0x14 .\CortexM3\ARM_GCC_541\Debug\NeverLose.a(PWM2.o)
                0x00001284                PWM2_ClearFIFO
 .text.PWM2_Init
                0x00001298       0x60 .\CortexM3\ARM_GCC_541\Debug\NeverLose.a(PWM2.o)
                0x00001298                PWM2_Init
 .text.PWM2_Start
                0x000012f8       0x1c .\CortexM3\ARM_GCC_541\Debug\NeverLose.a(PWM2.o)
                0x000012f8                PWM2_Start
 .text.Timer_Enable
                0x00001314       0x28 .\CortexM3\ARM_GCC_541\Debug\NeverLose.a(Timer.o)
                0x00001314                Timer_Enable
 .text.Timer_SetInterruptMode
                0x0000133c        0xc .\CortexM3\ARM_GCC_541\Debug\NeverLose.a(Timer.o)
                0x0000133c                Timer_SetInterruptMode
 .text.Timer_ReadStatusRegister
                0x00001348        0xc .\CortexM3\ARM_GCC_541\Debug\NeverLose.a(Timer.o)
                0x00001348                Timer_ReadStatusRegister
 .text.Timer_WritePeriod
                0x00001354        0xc .\CortexM3\ARM_GCC_541\Debug\NeverLose.a(Timer.o)
                0x00001354                Timer_WritePeriod
 .text.Timer_WriteCounter
                0x00001360        0xc .\CortexM3\ARM_GCC_541\Debug\NeverLose.a(Timer.o)
                0x00001360                Timer_WriteCounter
 .text.Timer_Init
                0x0000136c       0x68 .\CortexM3\ARM_GCC_541\Debug\NeverLose.a(Timer.o)
                0x0000136c                Timer_Init
 .text.Timer_Start
                0x000013d4       0x1c .\CortexM3\ARM_GCC_541\Debug\NeverLose.a(Timer.o)
                0x000013d4                Timer_Start
 .text.ROW0_Read
                0x000013f0       0x10 .\CortexM3\ARM_GCC_541\Debug\NeverLose.a(ROW0.o)
                0x000013f0                ROW0_Read
 .text.ROW1_Read
                0x00001400       0x10 .\CortexM3\ARM_GCC_541\Debug\NeverLose.a(ROW1.o)
                0x00001400                ROW1_Read
 .text.ROW3_Read
                0x00001410       0x10 .\CortexM3\ARM_GCC_541\Debug\NeverLose.a(ROW3.o)
                0x00001410                ROW3_Read
 .text.COL1_Write
                0x00001420       0x18 .\CortexM3\ARM_GCC_541\Debug\NeverLose.a(COL1.o)
                0x00001420                COL1_Write
 .text.COL2_Write
                0x00001438       0x18 .\CortexM3\ARM_GCC_541\Debug\NeverLose.a(COL2.o)
                0x00001438                COL2_Write
 .text.COL3_Write
                0x00001450       0x18 .\CortexM3\ARM_GCC_541\Debug\NeverLose.a(COL3.o)
                0x00001450                COL3_Write
 .text          0x00001468       0x20 .\CortexM3\ARM_GCC_541\Debug\NeverLose.a(CyBootAsmGnu.o)
                0x00001468                CyDelayCycles
                0x00001478                CyEnterCriticalSection
                0x00001480                CyExitCriticalSection
 .text.__errno  0x00001488        0xc c:/program files (x86)/cypress/psoc creator/4.4/psoc creator/import/gnu/arm/5.4.1/bin/../lib/gcc/arm-none-eabi/5.4.1/../../../../arm-none-eabi/lib/armv7-m\libg_nano.a(lib_a-errno.o)
                0x00001488                __errno
 .text.__libc_init_array
                0x00001494       0x4c c:/program files (x86)/cypress/psoc creator/4.4/psoc creator/import/gnu/arm/5.4.1/bin/../lib/gcc/arm-none-eabi/5.4.1/../../../../arm-none-eabi/lib/armv7-m\libg_nano.a(lib_a-init.o)
                0x00001494                __libc_init_array
 .text.memcpy   0x000014e0       0x16 c:/program files (x86)/cypress/psoc creator/4.4/psoc creator/import/gnu/arm/5.4.1/bin/../lib/gcc/arm-none-eabi/5.4.1/../../../../arm-none-eabi/lib/armv7-m\libg_nano.a(lib_a-memcpy-stub.o)
                0x000014e0                memcpy
 .text.memset   0x000014f6       0x10 c:/program files (x86)/cypress/psoc creator/4.4/psoc creator/import/gnu/arm/5.4.1/bin/../lib/gcc/arm-none-eabi/5.4.1/../../../../arm-none-eabi/lib/armv7-m\libg_nano.a(lib_a-memset.o)
                0x000014f6                memset
 *(.plt)
 *(.gnu.warning)
 *(.glue_7t)
 .glue_7t       0x00001506        0x0 linker stubs
 *(.glue_7)
 .glue_7        0x00001506        0x0 linker stubs
 *(.vfp11_veneer)
 .vfp11_veneer  0x00001506        0x0 linker stubs
 *(.bootloader)
 *(.ARM.extab* .gnu.linkonce.armextab.*)
 *(.gcc_except_table)

.v4_bx          0x00001508        0x0
 .v4_bx         0x00001508        0x0 linker stubs

.iplt           0x00001508        0x0
 .iplt          0x00001508        0x0 c:/program files (x86)/cypress/psoc creator/4.4/psoc creator/import/gnu/arm/5.4.1/bin/../lib/gcc/arm-none-eabi/5.4.1/armv7-m/crtbegin.o

.eh_frame_hdr
 *(.eh_frame_hdr)

.eh_frame       0x00001508        0x4
 *(.eh_frame)
 .eh_frame      0x00001508        0x0 c:/program files (x86)/cypress/psoc creator/4.4/psoc creator/import/gnu/arm/5.4.1/bin/../lib/gcc/arm-none-eabi/5.4.1/armv7-m/crtbegin.o
 .eh_frame      0x00001508        0x4 c:/program files (x86)/cypress/psoc creator/4.4/psoc creator/import/gnu/arm/5.4.1/bin/../lib/gcc/arm-none-eabi/5.4.1/armv7-m/crtend.o
                [!provide]                PROVIDE (__exidx_start, .)

.ARM.exidx
 *(.ARM.exidx* .gnu.linkonce.armexidx.*)
                0x0000150c                __exidx_end = .

.rodata         0x0000150c       0x8c
 *(.rodata .rodata.* .gnu.linkonce.r.*)
 .rodata.str1.4
                0x0000150c       0x10 .\CortexM3\ARM_GCC_541\Debug\main.o
                                  0xd (size before relaxing)
 .rodata        0x0000151c       0x46 .\CortexM3\ARM_GCC_541\Debug\cyfitter_cfg.o
                0x0000151c                ADC_AMux__addrTable
                0x00001524                ADC_AMux__maskTable
 .rodata.str1.1
                0x00001562        0x2 c:/program files (x86)/cypress/psoc creator/4.4/psoc creator/import/gnu/arm/5.4.1/bin/../lib/gcc/arm-none-eabi/5.4.1/../../../../arm-none-eabi/lib/armv7-m\libg_nano.a(lib_a-impure.o)
                0x00001564                . = ALIGN (0x4)
 *(.init)
 .init          0x00001564        0x4 c:/program files (x86)/cypress/psoc creator/4.4/psoc creator/import/gnu/arm/5.4.1/bin/../lib/gcc/arm-none-eabi/5.4.1/armv7-m/crti.o
                0x00001564                _init
 .init          0x00001568        0x8 c:/program files (x86)/cypress/psoc creator/4.4/psoc creator/import/gnu/arm/5.4.1/bin/../lib/gcc/arm-none-eabi/5.4.1/armv7-m/crtn.o
                0x00001570                . = ALIGN (0x4)
                0x00001570                __preinit_array_start = .
 *(.preinit_array)
                0x00001570                __preinit_array_end = .
                0x00001570                . = ALIGN (0x4)
                0x00001570                __init_array_start = .
 *(SORT(.init_array.*))
 *(.init_array)
 .init_array    0x00001570        0x4 c:/program files (x86)/cypress/psoc creator/4.4/psoc creator/import/gnu/arm/5.4.1/bin/../lib/gcc/arm-none-eabi/5.4.1/armv7-m/crtbegin.o
 .init_array    0x00001574        0x4 .\CortexM3\ARM_GCC_541\Debug\Cm3Start.o
                0x00001578                __init_array_end = .
                0x00001578                . = ALIGN (0x4)
 *(.fini)
 .fini          0x00001578        0x4 c:/program files (x86)/cypress/psoc creator/4.4/psoc creator/import/gnu/arm/5.4.1/bin/../lib/gcc/arm-none-eabi/5.4.1/armv7-m/crti.o
                0x00001578                _fini
 .fini          0x0000157c        0x8 c:/program files (x86)/cypress/psoc creator/4.4/psoc creator/import/gnu/arm/5.4.1/bin/../lib/gcc/arm-none-eabi/5.4.1/armv7-m/crtn.o
                0x00001584                . = ALIGN (0x4)
                0x00001584                __fini_array_start = .
 *(.fini_array)
 .fini_array    0x00001584        0x4 c:/program files (x86)/cypress/psoc creator/4.4/psoc creator/import/gnu/arm/5.4.1/bin/../lib/gcc/arm-none-eabi/5.4.1/armv7-m/crtbegin.o
 *(SORT(.fini_array.*))
                0x00001588                __fini_array_end = .
                0x00001588                . = ALIGN (0x4)
 *crtbegin.o(.ctors)
 *(EXCLUDE_FILE(*crtend.o) .ctors)
 *(SORT(.ctors.*))
 *crtend.o(.ctors)
                0x00001588                . = ALIGN (0x4)
 *crtbegin.o(.dtors)
 *(EXCLUDE_FILE(*crtend.o) .dtors)
 *(SORT(.dtors.*))
 *crtend.o(.dtors)
                0x00001588                . = ALIGN (0x4)
                0x00001588                __cy_regions = .
                0x00001588        0x4 LONG 0x1598 __cy_region_init_ram
                0x0000158c        0x4 LONG 0x1fff80c8 __cy_region_start_data
                0x00001590        0x4 LONG 0x80 __cy_region_init_size_ram
                0x00001594        0x4 LONG 0x38 __cy_region_zero_size_ram
                0x00001598                __cy_regions_end = .
                0x00001598                . = ALIGN (0x8)
                0x00001598                _etext = .

.cy_checksum_exclude
                0x00001598        0x0
 *(.cy_checksum_exclude)

.ramvectors     0x1fff8000       0xc0
                0x1fff8000                __cy_region_start_ram = .
 *(.ramvectors)
 .ramvectors    0x1fff8000       0xc0 .\CortexM3\ARM_GCC_541\Debug\Cm3Start.o
                0x1fff8000                CyRamVectors

.noinit         0x1fff80c0        0x1
 *(.noinit)
 .noinit        0x1fff80c0        0x1 .\CortexM3\ARM_GCC_541\Debug\NeverLose.a(CyLib.o)
                0x1fff80c0                CyResetStatus

.data           0x1fff80c8       0x80 load address 0x00001598
                0x1fff80c8                __cy_region_start_data = .
 *(.jcr)
 .jcr           0x1fff80c8        0x0 c:/program files (x86)/cypress/psoc creator/4.4/psoc creator/import/gnu/arm/5.4.1/bin/../lib/gcc/arm-none-eabi/5.4.1/armv7-m/crtbegin.o
 .jcr           0x1fff80c8        0x4 c:/program files (x86)/cypress/psoc creator/4.4/psoc creator/import/gnu/arm/5.4.1/bin/../lib/gcc/arm-none-eabi/5.4.1/armv7-m/crtend.o
 *(.got.plt)
 *(.got)
 *(.shdata)
 *(.data .data.* .gnu.linkonce.d.*)
 .data          0x1fff80cc        0x1 .\CortexM3\ARM_GCC_541\Debug\NeverLose.a(ADC.o)
                0x1fff80cc                ADC_Config
 .data          0x1fff80cd        0x1 .\CortexM3\ARM_GCC_541\Debug\NeverLose.a(ADC_AMux.o)
 *fill*         0x1fff80ce        0x2 
 .data          0x1fff80d0       0x10 .\CortexM3\ARM_GCC_541\Debug\NeverLose.a(CyLib.o)
                0x1fff80d0                cydelay_32k_ms
                0x1fff80d4                cydelay_freq_khz
                0x1fff80d8                cydelay_freq_mhz
                0x1fff80dc                cydelay_freq_hz
 .data.impure_data
                0x1fff80e0       0x60 c:/program files (x86)/cypress/psoc creator/4.4/psoc creator/import/gnu/arm/5.4.1/bin/../lib/gcc/arm-none-eabi/5.4.1/../../../../arm-none-eabi/lib/armv7-m\libg_nano.a(lib_a-impure.o)
 .data._impure_ptr
                0x1fff8140        0x4 c:/program files (x86)/cypress/psoc creator/4.4/psoc creator/import/gnu/arm/5.4.1/bin/../lib/gcc/arm-none-eabi/5.4.1/../../../../arm-none-eabi/lib/armv7-m\libg_nano.a(lib_a-impure.o)
                0x1fff8140                _impure_ptr
                0x1fff8148                . = ALIGN (0x8)
 *fill*         0x1fff8144        0x4 
 *(.ram)
                0x1fff8148                _edata = .

.igot.plt       0x1fff8148        0x0 load address 0x00001618
 .igot.plt      0x1fff8148        0x0 c:/program files (x86)/cypress/psoc creator/4.4/psoc creator/import/gnu/arm/5.4.1/bin/../lib/gcc/arm-none-eabi/5.4.1/armv7-m/crtbegin.o

.bss            0x1fff8148       0x38 load address 0x00001618
                0x1fff8148                PROVIDE (__bss_start__, .)
 *(.shbss)
 *(.bss .bss.* .gnu.linkonce.b.*)
 .bss           0x1fff8148       0x1c c:/program files (x86)/cypress/psoc creator/4.4/psoc creator/import/gnu/arm/5.4.1/bin/../lib/gcc/arm-none-eabi/5.4.1/armv7-m/crtbegin.o
 .bss           0x1fff8164        0xc .\CortexM3\ARM_GCC_541\Debug\NeverLose.a(ADC.o)
                0x1fff8168                ADC_stopConversion
                0x1fff8169                ADC_convDone
                0x1fff816a                ADC_initVar
                0x1fff816b                ADC_started
                0x1fff816c                ADC_Offset
 .bss           0x1fff8170        0x2 .\CortexM3\ARM_GCC_541\Debug\NeverLose.a(LCD.o)
                0x1fff8170                LCD_enableState
                0x1fff8171                LCD_initVar
 .bss           0x1fff8172        0x2 .\CortexM3\ARM_GCC_541\Debug\NeverLose.a(UART.o)
                0x1fff8172                UART_initVar
 .bss           0x1fff8174        0x1 .\CortexM3\ARM_GCC_541\Debug\NeverLose.a(PWM1.o)
                0x1fff8174                PWM1_initVar
 .bss           0x1fff8175        0x1 .\CortexM3\ARM_GCC_541\Debug\NeverLose.a(PWM2.o)
                0x1fff8175                PWM2_initVar
 .bss           0x1fff8176        0x1 .\CortexM3\ARM_GCC_541\Debug\NeverLose.a(Timer.o)
                0x1fff8176                Timer_initVar
 *(COMMON)
 *fill*         0x1fff8177        0x1 
 COMMON         0x1fff8178        0x4 .\CortexM3\ARM_GCC_541\Debug\NeverLose.a(ADC.o)
                0x1fff8178                ADC_CountsPerVolt
                0x1fff8180                . = ALIGN (0x8)
 *fill*         0x1fff817c        0x4 
 *(.ram.b)
                0x1fff8180                _end = .
                0x1fff8180                __end = .
                0x1fff8180                PROVIDE (end, .)
                0x1fff8180                PROVIDE (__bss_end__, .)
                0x00001598                __cy_region_init_ram = LOADADDR (.data)
                0x00000080                __cy_region_init_size_ram = (_edata - ADDR (.data))
                0x00000038                __cy_region_zero_size_ram = (_end - _edata)

.heap           0x1fff8180       0x80 load address 0x00001618
                0x1fff8180                . = _end
                0x1fff8200                . = (. + 0x80)
 *fill*         0x1fff8180       0x80 
                0x1fff8200                __cy_heap_limit = .

.stack          0x20007800      0x800
                0x20007800                __cy_stack_limit = .
                0x20008000                . = (. + 0x800)
 *fill*         0x20007800      0x800 
                0x00000001                ASSERT ((__cy_stack_limit >= __cy_heap_limit), region RAM overflowed with stack)
                0x00000000                cy_checksum_exclude_size = (CY_APPL_LOADABLE == 0x1)?SIZEOF (.cy_checksum_exclude):0x0
                0x00000001                ASSERT ((cy_checksum_exclude_size <= CY_CHECKSUM_EXCLUDE_SIZE), CY_BOOT: Section .cy_checksum_exclude size exceedes specified limit.)

.cyloadermeta
 *(.cyloadermeta)

.cyloadablemeta
 *(.cyloadablemeta)

.cyconfigecc    0x80000000      0x5c4
 *(.cyconfigecc)
 .cyconfigecc   0x80000000      0x5c4 .\CortexM3\ARM_GCC_541\Debug\cymetadata.o
                0x80000000                cy_meta_configecc

.cycustnvl      0x90000000        0x4
 *(.cycustnvl)
 .cycustnvl     0x90000000        0x4 .\CortexM3\ARM_GCC_541\Debug\cymetadata.o
                0x90000000                cy_meta_custnvl

.cywolatch      0x90100000        0x4
 *(.cywolatch)
 .cywolatch     0x90100000        0x4 .\CortexM3\ARM_GCC_541\Debug\cymetadata.o
                0x90100000                cy_meta_wonvl

.cyeeprom       0x90200000        0x0
 *(.cyeeprom)
                0x00000001                ASSERT ((. <= ((0x90200000 + ee_offset) + ee_size)), .cyeeprom data will not fit in EEPROM)

.cyflashprotect
                0x90400000      0x100
 *(.cyflashprotect)
 .cyflashprotect
                0x90400000      0x100 .\CortexM3\ARM_GCC_541\Debug\cymetadata.o
                0x90400000                cy_meta_flashprotect

.cymeta         0x90500000        0xc
 *(.cymeta)
 .cymeta        0x90500000        0xc .\CortexM3\ARM_GCC_541\Debug\cymetadata.o
                0x90500000                cy_metadata

.rel.dyn        0x00001618        0x0 load address 0x9050000c
 .rel.iplt      0x00001618        0x0 c:/program files (x86)/cypress/psoc creator/4.4/psoc creator/import/gnu/arm/5.4.1/bin/../lib/gcc/arm-none-eabi/5.4.1/armv7-m/crtbegin.o

.stab
 *(.stab)

.stabstr
 *(.stabstr)

.debug
 *(.debug)

.line
 *(.line)

.debug_srcinfo
 *(.debug_srcinfo)

.debug_sfnames
 *(.debug_sfnames)

.debug_aranges  0x00000000      0xeb0
 *(.debug_aranges)
 .debug_aranges
                0x00000000       0x40 .\CortexM3\ARM_GCC_541\Debug\main.o
 .debug_aranges
                0x00000040       0x28 .\CortexM3\ARM_GCC_541\Debug\keypad.o
 .debug_aranges
                0x00000068       0x68 .\CortexM3\ARM_GCC_541\Debug\cyfitter_cfg.o
 .debug_aranges
                0x000000d0       0x18 .\CortexM3\ARM_GCC_541\Debug\cymetadata.o
 .debug_aranges
                0x000000e8       0x48 .\CortexM3\ARM_GCC_541\Debug\Cm3Start.o
 .debug_aranges
                0x00000130       0x38 .\CortexM3\ARM_GCC_541\Debug\NeverLose.a(SW1.o)
 .debug_aranges
                0x00000168       0x38 .\CortexM3\ARM_GCC_541\Debug\NeverLose.a(SW2.o)
 .debug_aranges
                0x000001a0       0x38 .\CortexM3\ARM_GCC_541\Debug\NeverLose.a(SW3.o)
 .debug_aranges
                0x000001d8       0x38 .\CortexM3\ARM_GCC_541\Debug\NeverLose.a(LED1.o)
 .debug_aranges
                0x00000210       0x38 .\CortexM3\ARM_GCC_541\Debug\NeverLose.a(LED2.o)
 .debug_aranges
                0x00000248       0x38 .\CortexM3\ARM_GCC_541\Debug\NeverLose.a(LED3.o)
 .debug_aranges
                0x00000280       0x38 .\CortexM3\ARM_GCC_541\Debug\NeverLose.a(LED4.o)
 .debug_aranges
                0x000002b8       0xe8 .\CortexM3\ARM_GCC_541\Debug\NeverLose.a(ADC.o)
 .debug_aranges
                0x000003a0       0x38 .\CortexM3\ARM_GCC_541\Debug\NeverLose.a(ADC_INT.o)
 .debug_aranges
                0x000003d8       0x98 .\CortexM3\ARM_GCC_541\Debug\NeverLose.a(LCD.o)
 .debug_aranges
                0x00000470       0xf0 .\CortexM3\ARM_GCC_541\Debug\NeverLose.a(UART.o)
 .debug_aranges
                0x00000560       0x30 .\CortexM3\ARM_GCC_541\Debug\NeverLose.a(ADC_AMux.o)
 .debug_aranges
                0x00000590       0x70 .\CortexM3\ARM_GCC_541\Debug\NeverLose.a(ADC_Ext_CP_Clk.o)
 .debug_aranges
                0x00000600       0x80 .\CortexM3\ARM_GCC_541\Debug\NeverLose.a(ADC_theACLK.o)
 .debug_aranges
                0x00000680       0x70 .\CortexM3\ARM_GCC_541\Debug\NeverLose.a(UART_IntClock.o)
 .debug_aranges
                0x000006f0      0x2a0 .\CortexM3\ARM_GCC_541\Debug\NeverLose.a(CyLib.o)
 .debug_aranges
                0x00000990       0x98 .\CortexM3\ARM_GCC_541\Debug\NeverLose.a(cyPm.o)
 .debug_aranges
                0x00000a28       0x58 .\CortexM3\ARM_GCC_541\Debug\NeverLose.a(DAC.o)
 .debug_aranges
                0x00000a80       0x98 .\CortexM3\ARM_GCC_541\Debug\NeverLose.a(PWM1.o)
 .debug_aranges
                0x00000b18       0x98 .\CortexM3\ARM_GCC_541\Debug\NeverLose.a(PWM2.o)
 .debug_aranges
                0x00000bb0       0x88 .\CortexM3\ARM_GCC_541\Debug\NeverLose.a(Timer.o)
 .debug_aranges
                0x00000c38       0x38 .\CortexM3\ARM_GCC_541\Debug\NeverLose.a(ROW0.o)
 .debug_aranges
                0x00000c70       0x38 .\CortexM3\ARM_GCC_541\Debug\NeverLose.a(ROW1.o)
 .debug_aranges
                0x00000ca8       0x38 .\CortexM3\ARM_GCC_541\Debug\NeverLose.a(ROW3.o)
 .debug_aranges
                0x00000ce0       0x38 .\CortexM3\ARM_GCC_541\Debug\NeverLose.a(COL1.o)
 .debug_aranges
                0x00000d18       0x38 .\CortexM3\ARM_GCC_541\Debug\NeverLose.a(COL2.o)
 .debug_aranges
                0x00000d50       0x38 .\CortexM3\ARM_GCC_541\Debug\NeverLose.a(COL3.o)
 .debug_aranges
                0x00000d88       0x20 .\CortexM3\ARM_GCC_541\Debug\NeverLose.a(CyBootAsmGnu.o)
 .debug_aranges
                0x00000da8       0x88 .\CortexM3\ARM_GCC_541\Debug\NeverLose.a(CyFlash.o)
 .debug_aranges
                0x00000e30       0x80 .\CortexM3\ARM_GCC_541\Debug\NeverLose.a(CySpc.o)

.debug_pubnames
 *(.debug_pubnames)

.debug_info     0x00000000     0x79d7
 *(.debug_info .gnu.linkonce.wi.*)
 .debug_info    0x00000000      0x759 .\CortexM3\ARM_GCC_541\Debug\main.o
 .debug_info    0x00000759      0x1e9 .\CortexM3\ARM_GCC_541\Debug\keypad.o
 .debug_info    0x00000942      0x6d9 .\CortexM3\ARM_GCC_541\Debug\cyfitter_cfg.o
 .debug_info    0x0000101b      0x137 .\CortexM3\ARM_GCC_541\Debug\cymetadata.o
 .debug_info    0x00001152      0x3bb .\CortexM3\ARM_GCC_541\Debug\Cm3Start.o
 .debug_info    0x0000150d      0x11f .\CortexM3\ARM_GCC_541\Debug\NeverLose.a(SW1.o)
 .debug_info    0x0000162c      0x11f .\CortexM3\ARM_GCC_541\Debug\NeverLose.a(SW2.o)
 .debug_info    0x0000174b      0x11f .\CortexM3\ARM_GCC_541\Debug\NeverLose.a(SW3.o)
 .debug_info    0x0000186a      0x11f .\CortexM3\ARM_GCC_541\Debug\NeverLose.a(LED1.o)
 .debug_info    0x00001989      0x11f .\CortexM3\ARM_GCC_541\Debug\NeverLose.a(LED2.o)
 .debug_info    0x00001aa8      0x11f .\CortexM3\ARM_GCC_541\Debug\NeverLose.a(LED3.o)
 .debug_info    0x00001bc7      0x11f .\CortexM3\ARM_GCC_541\Debug\NeverLose.a(LED4.o)
 .debug_info    0x00001ce6      0xa18 .\CortexM3\ARM_GCC_541\Debug\NeverLose.a(ADC.o)
 .debug_info    0x000026fe       0xd3 .\CortexM3\ARM_GCC_541\Debug\NeverLose.a(ADC_INT.o)
 .debug_info    0x000027d1      0x715 .\CortexM3\ARM_GCC_541\Debug\NeverLose.a(LCD.o)
 .debug_info    0x00002ee6      0x60c .\CortexM3\ARM_GCC_541\Debug\NeverLose.a(UART.o)
 .debug_info    0x000034f2      0x165 .\CortexM3\ARM_GCC_541\Debug\NeverLose.a(ADC_AMux.o)
 .debug_info    0x00003657      0x283 .\CortexM3\ARM_GCC_541\Debug\NeverLose.a(ADC_Ext_CP_Clk.o)
 .debug_info    0x000038da      0x2c4 .\CortexM3\ARM_GCC_541\Debug\NeverLose.a(ADC_theACLK.o)
 .debug_info    0x00003b9e      0x283 .\CortexM3\ARM_GCC_541\Debug\NeverLose.a(UART_IntClock.o)
 .debug_info    0x00003e21     0x1374 .\CortexM3\ARM_GCC_541\Debug\NeverLose.a(CyLib.o)
 .debug_info    0x00005195      0xa2a .\CortexM3\ARM_GCC_541\Debug\NeverLose.a(cyPm.o)
 .debug_info    0x00005bbf      0x1e0 .\CortexM3\ARM_GCC_541\Debug\NeverLose.a(DAC.o)
 .debug_info    0x00005d9f      0x354 .\CortexM3\ARM_GCC_541\Debug\NeverLose.a(PWM1.o)
 .debug_info    0x000060f3      0x354 .\CortexM3\ARM_GCC_541\Debug\NeverLose.a(PWM2.o)
 .debug_info    0x00006447      0x295 .\CortexM3\ARM_GCC_541\Debug\NeverLose.a(Timer.o)
 .debug_info    0x000066dc      0x11f .\CortexM3\ARM_GCC_541\Debug\NeverLose.a(ROW0.o)
 .debug_info    0x000067fb      0x11f .\CortexM3\ARM_GCC_541\Debug\NeverLose.a(ROW1.o)
 .debug_info    0x0000691a      0x11f .\CortexM3\ARM_GCC_541\Debug\NeverLose.a(ROW3.o)
 .debug_info    0x00006a39      0x11f .\CortexM3\ARM_GCC_541\Debug\NeverLose.a(COL1.o)
 .debug_info    0x00006b58      0x11f .\CortexM3\ARM_GCC_541\Debug\NeverLose.a(COL2.o)
 .debug_info    0x00006c77      0x11f .\CortexM3\ARM_GCC_541\Debug\NeverLose.a(COL3.o)
 .debug_info    0x00006d96       0xa4 .\CortexM3\ARM_GCC_541\Debug\NeverLose.a(CyBootAsmGnu.o)
 .debug_info    0x00006e3a      0x64d .\CortexM3\ARM_GCC_541\Debug\NeverLose.a(CyFlash.o)
 .debug_info    0x00007487      0x550 .\CortexM3\ARM_GCC_541\Debug\NeverLose.a(CySpc.o)

.debug_abbrev   0x00000000     0x236a
 *(.debug_abbrev)
 .debug_abbrev  0x00000000      0x1c7 .\CortexM3\ARM_GCC_541\Debug\main.o
 .debug_abbrev  0x000001c7       0xc5 .\CortexM3\ARM_GCC_541\Debug\keypad.o
 .debug_abbrev  0x0000028c      0x22d .\CortexM3\ARM_GCC_541\Debug\cyfitter_cfg.o
 .debug_abbrev  0x000004b9       0x77 .\CortexM3\ARM_GCC_541\Debug\cymetadata.o
 .debug_abbrev  0x00000530      0x1e8 .\CortexM3\ARM_GCC_541\Debug\Cm3Start.o
 .debug_abbrev  0x00000718       0x90 .\CortexM3\ARM_GCC_541\Debug\NeverLose.a(SW1.o)
 .debug_abbrev  0x000007a8       0x90 .\CortexM3\ARM_GCC_541\Debug\NeverLose.a(SW2.o)
 .debug_abbrev  0x00000838       0x90 .\CortexM3\ARM_GCC_541\Debug\NeverLose.a(SW3.o)
 .debug_abbrev  0x000008c8       0x90 .\CortexM3\ARM_GCC_541\Debug\NeverLose.a(LED1.o)
 .debug_abbrev  0x00000958       0x90 .\CortexM3\ARM_GCC_541\Debug\NeverLose.a(LED2.o)
 .debug_abbrev  0x000009e8       0x90 .\CortexM3\ARM_GCC_541\Debug\NeverLose.a(LED3.o)
 .debug_abbrev  0x00000a78       0x90 .\CortexM3\ARM_GCC_541\Debug\NeverLose.a(LED4.o)
 .debug_abbrev  0x00000b08      0x1eb .\CortexM3\ARM_GCC_541\Debug\NeverLose.a(ADC.o)
 .debug_abbrev  0x00000cf3       0x42 .\CortexM3\ARM_GCC_541\Debug\NeverLose.a(ADC_INT.o)
 .debug_abbrev  0x00000d35      0x157 .\CortexM3\ARM_GCC_541\Debug\NeverLose.a(LCD.o)
 .debug_abbrev  0x00000e8c      0x175 .\CortexM3\ARM_GCC_541\Debug\NeverLose.a(UART.o)
 .debug_abbrev  0x00001001       0xb1 .\CortexM3\ARM_GCC_541\Debug\NeverLose.a(ADC_AMux.o)
 .debug_abbrev  0x000010b2      0x139 .\CortexM3\ARM_GCC_541\Debug\NeverLose.a(ADC_Ext_CP_Clk.o)
 .debug_abbrev  0x000011eb      0x121 .\CortexM3\ARM_GCC_541\Debug\NeverLose.a(ADC_theACLK.o)
 .debug_abbrev  0x0000130c      0x139 .\CortexM3\ARM_GCC_541\Debug\NeverLose.a(UART_IntClock.o)
 .debug_abbrev  0x00001445      0x254 .\CortexM3\ARM_GCC_541\Debug\NeverLose.a(CyLib.o)
 .debug_abbrev  0x00001699      0x1ab .\CortexM3\ARM_GCC_541\Debug\NeverLose.a(cyPm.o)
 .debug_abbrev  0x00001844       0xf7 .\CortexM3\ARM_GCC_541\Debug\NeverLose.a(DAC.o)
 .debug_abbrev  0x0000193b      0x133 .\CortexM3\ARM_GCC_541\Debug\NeverLose.a(PWM1.o)
 .debug_abbrev  0x00001a6e      0x133 .\CortexM3\ARM_GCC_541\Debug\NeverLose.a(PWM2.o)
 .debug_abbrev  0x00001ba1      0x11a .\CortexM3\ARM_GCC_541\Debug\NeverLose.a(Timer.o)
 .debug_abbrev  0x00001cbb       0x90 .\CortexM3\ARM_GCC_541\Debug\NeverLose.a(ROW0.o)
 .debug_abbrev  0x00001d4b       0x90 .\CortexM3\ARM_GCC_541\Debug\NeverLose.a(ROW1.o)
 .debug_abbrev  0x00001ddb       0x90 .\CortexM3\ARM_GCC_541\Debug\NeverLose.a(ROW3.o)
 .debug_abbrev  0x00001e6b       0x90 .\CortexM3\ARM_GCC_541\Debug\NeverLose.a(COL1.o)
 .debug_abbrev  0x00001efb       0x90 .\CortexM3\ARM_GCC_541\Debug\NeverLose.a(COL2.o)
 .debug_abbrev  0x00001f8b       0x90 .\CortexM3\ARM_GCC_541\Debug\NeverLose.a(COL3.o)
 .debug_abbrev  0x0000201b       0x14 .\CortexM3\ARM_GCC_541\Debug\NeverLose.a(CyBootAsmGnu.o)
 .debug_abbrev  0x0000202f      0x1a7 .\CortexM3\ARM_GCC_541\Debug\NeverLose.a(CyFlash.o)
 .debug_abbrev  0x000021d6      0x194 .\CortexM3\ARM_GCC_541\Debug\NeverLose.a(CySpc.o)

.debug_line     0x00000000     0x3485
 *(.debug_line)
 .debug_line    0x00000000      0x291 .\CortexM3\ARM_GCC_541\Debug\main.o
 .debug_line    0x00000291      0x1b5 .\CortexM3\ARM_GCC_541\Debug\keypad.o
 .debug_line    0x00000446      0x229 .\CortexM3\ARM_GCC_541\Debug\cyfitter_cfg.o
 .debug_line    0x0000066f      0x141 .\CortexM3\ARM_GCC_541\Debug\cymetadata.o
 .debug_line    0x000007b0      0x234 .\CortexM3\ARM_GCC_541\Debug\Cm3Start.o
 .debug_line    0x000009e4       0x90 .\CortexM3\ARM_GCC_541\Debug\NeverLose.a(SW1.o)
 .debug_line    0x00000a74       0x90 .\CortexM3\ARM_GCC_541\Debug\NeverLose.a(SW2.o)
 .debug_line    0x00000b04       0x90 .\CortexM3\ARM_GCC_541\Debug\NeverLose.a(SW3.o)
 .debug_line    0x00000b94       0x91 .\CortexM3\ARM_GCC_541\Debug\NeverLose.a(LED1.o)
 .debug_line    0x00000c25       0x91 .\CortexM3\ARM_GCC_541\Debug\NeverLose.a(LED2.o)
 .debug_line    0x00000cb6       0x91 .\CortexM3\ARM_GCC_541\Debug\NeverLose.a(LED3.o)
 .debug_line    0x00000d47       0x91 .\CortexM3\ARM_GCC_541\Debug\NeverLose.a(LED4.o)
 .debug_line    0x00000dd8      0x34f .\CortexM3\ARM_GCC_541\Debug\NeverLose.a(ADC.o)
 .debug_line    0x00001127       0x80 .\CortexM3\ARM_GCC_541\Debug\NeverLose.a(ADC_INT.o)
 .debug_line    0x000011a7      0x1dc .\CortexM3\ARM_GCC_541\Debug\NeverLose.a(LCD.o)
 .debug_line    0x00001383      0x2bc .\CortexM3\ARM_GCC_541\Debug\NeverLose.a(UART.o)
 .debug_line    0x0000163f       0xac .\CortexM3\ARM_GCC_541\Debug\NeverLose.a(ADC_AMux.o)
 .debug_line    0x000016eb      0x17d .\CortexM3\ARM_GCC_541\Debug\NeverLose.a(ADC_Ext_CP_Clk.o)
 .debug_line    0x00001868      0x19d .\CortexM3\ARM_GCC_541\Debug\NeverLose.a(ADC_theACLK.o)
 .debug_line    0x00001a05      0x17c .\CortexM3\ARM_GCC_541\Debug\NeverLose.a(UART_IntClock.o)
 .debug_line    0x00001b81      0x816 .\CortexM3\ARM_GCC_541\Debug\NeverLose.a(CyLib.o)
 .debug_line    0x00002397      0x367 .\CortexM3\ARM_GCC_541\Debug\NeverLose.a(cyPm.o)
 .debug_line    0x000026fe       0xe0 .\CortexM3\ARM_GCC_541\Debug\NeverLose.a(DAC.o)
 .debug_line    0x000027de      0x187 .\CortexM3\ARM_GCC_541\Debug\NeverLose.a(PWM1.o)
 .debug_line    0x00002965      0x187 .\CortexM3\ARM_GCC_541\Debug\NeverLose.a(PWM2.o)
 .debug_line    0x00002aec      0x153 .\CortexM3\ARM_GCC_541\Debug\NeverLose.a(Timer.o)
 .debug_line    0x00002c3f       0x91 .\CortexM3\ARM_GCC_541\Debug\NeverLose.a(ROW0.o)
 .debug_line    0x00002cd0       0x91 .\CortexM3\ARM_GCC_541\Debug\NeverLose.a(ROW1.o)
 .debug_line    0x00002d61       0x91 .\CortexM3\ARM_GCC_541\Debug\NeverLose.a(ROW3.o)
 .debug_line    0x00002df2       0x91 .\CortexM3\ARM_GCC_541\Debug\NeverLose.a(COL1.o)
 .debug_line    0x00002e83       0x91 .\CortexM3\ARM_GCC_541\Debug\NeverLose.a(COL2.o)
 .debug_line    0x00002f14       0x91 .\CortexM3\ARM_GCC_541\Debug\NeverLose.a(COL3.o)
 .debug_line    0x00002fa5       0x66 .\CortexM3\ARM_GCC_541\Debug\NeverLose.a(CyBootAsmGnu.o)
 .debug_line    0x0000300b      0x21a .\CortexM3\ARM_GCC_541\Debug\NeverLose.a(CyFlash.o)
 .debug_line    0x00003225      0x260 .\CortexM3\ARM_GCC_541\Debug\NeverLose.a(CySpc.o)

.debug_frame    0x00000000     0x2208
 *(.debug_frame)
 .debug_frame   0x00000000       0xac .\CortexM3\ARM_GCC_541\Debug\main.o
 .debug_frame   0x000000ac       0x48 .\CortexM3\ARM_GCC_541\Debug\keypad.o
 .debug_frame   0x000000f4      0x104 .\CortexM3\ARM_GCC_541\Debug\cyfitter_cfg.o
 .debug_frame   0x000001f8       0xb8 .\CortexM3\ARM_GCC_541\Debug\Cm3Start.o
 .debug_frame   0x000002b0       0x50 .\CortexM3\ARM_GCC_541\Debug\NeverLose.a(SW1.o)
 .debug_frame   0x00000300       0x50 .\CortexM3\ARM_GCC_541\Debug\NeverLose.a(SW2.o)
 .debug_frame   0x00000350       0x50 .\CortexM3\ARM_GCC_541\Debug\NeverLose.a(SW3.o)
 .debug_frame   0x000003a0       0x50 .\CortexM3\ARM_GCC_541\Debug\NeverLose.a(LED1.o)
 .debug_frame   0x000003f0       0x50 .\CortexM3\ARM_GCC_541\Debug\NeverLose.a(LED2.o)
 .debug_frame   0x00000440       0x50 .\CortexM3\ARM_GCC_541\Debug\NeverLose.a(LED3.o)
 .debug_frame   0x00000490       0x50 .\CortexM3\ARM_GCC_541\Debug\NeverLose.a(LED4.o)
 .debug_frame   0x000004e0      0x278 .\CortexM3\ARM_GCC_541\Debug\NeverLose.a(ADC.o)
 .debug_frame   0x00000758       0x50 .\CortexM3\ARM_GCC_541\Debug\NeverLose.a(ADC_INT.o)
 .debug_frame   0x000007a8      0x1e8 .\CortexM3\ARM_GCC_541\Debug\NeverLose.a(LCD.o)
 .debug_frame   0x00000990      0x250 .\CortexM3\ARM_GCC_541\Debug\NeverLose.a(UART.o)
 .debug_frame   0x00000be0       0x64 .\CortexM3\ARM_GCC_541\Debug\NeverLose.a(ADC_AMux.o)
 .debug_frame   0x00000c44       0xe0 .\CortexM3\ARM_GCC_541\Debug\NeverLose.a(ADC_Ext_CP_Clk.o)
 .debug_frame   0x00000d24      0x100 .\CortexM3\ARM_GCC_541\Debug\NeverLose.a(ADC_theACLK.o)
 .debug_frame   0x00000e24       0xe0 .\CortexM3\ARM_GCC_541\Debug\NeverLose.a(UART_IntClock.o)
 .debug_frame   0x00000f04      0x738 .\CortexM3\ARM_GCC_541\Debug\NeverLose.a(CyLib.o)
 .debug_frame   0x0000163c      0x1f8 .\CortexM3\ARM_GCC_541\Debug\NeverLose.a(cyPm.o)
 .debug_frame   0x00001834       0xb4 .\CortexM3\ARM_GCC_541\Debug\NeverLose.a(DAC.o)
 .debug_frame   0x000018e8      0x134 .\CortexM3\ARM_GCC_541\Debug\NeverLose.a(PWM1.o)
 .debug_frame   0x00001a1c      0x134 .\CortexM3\ARM_GCC_541\Debug\NeverLose.a(PWM2.o)
 .debug_frame   0x00001b50      0x108 .\CortexM3\ARM_GCC_541\Debug\NeverLose.a(Timer.o)
 .debug_frame   0x00001c58       0x50 .\CortexM3\ARM_GCC_541\Debug\NeverLose.a(ROW0.o)
 .debug_frame   0x00001ca8       0x50 .\CortexM3\ARM_GCC_541\Debug\NeverLose.a(ROW1.o)
 .debug_frame   0x00001cf8       0x50 .\CortexM3\ARM_GCC_541\Debug\NeverLose.a(ROW3.o)
 .debug_frame   0x00001d48       0x50 .\CortexM3\ARM_GCC_541\Debug\NeverLose.a(COL1.o)
 .debug_frame   0x00001d98       0x50 .\CortexM3\ARM_GCC_541\Debug\NeverLose.a(COL2.o)
 .debug_frame   0x00001de8       0x50 .\CortexM3\ARM_GCC_541\Debug\NeverLose.a(COL3.o)
 .debug_frame   0x00001e38      0x194 .\CortexM3\ARM_GCC_541\Debug\NeverLose.a(CyFlash.o)
 .debug_frame   0x00001fcc      0x180 .\CortexM3\ARM_GCC_541\Debug\NeverLose.a(CySpc.o)
 .debug_frame   0x0000214c       0x20 c:/program files (x86)/cypress/psoc creator/4.4/psoc creator/import/gnu/arm/5.4.1/bin/../lib/gcc/arm-none-eabi/5.4.1/../../../../arm-none-eabi/lib/armv7-m\libg_nano.a(lib_a-errno.o)
 .debug_frame   0x0000216c       0x28 c:/program files (x86)/cypress/psoc creator/4.4/psoc creator/import/gnu/arm/5.4.1/bin/../lib/gcc/arm-none-eabi/5.4.1/../../../../arm-none-eabi/lib/armv7-m\libg_nano.a(lib_a-exit.o)
 .debug_frame   0x00002194       0x2c c:/program files (x86)/cypress/psoc creator/4.4/psoc creator/import/gnu/arm/5.4.1/bin/../lib/gcc/arm-none-eabi/5.4.1/../../../../arm-none-eabi/lib/armv7-m\libg_nano.a(lib_a-init.o)
 .debug_frame   0x000021c0       0x28 c:/program files (x86)/cypress/psoc creator/4.4/psoc creator/import/gnu/arm/5.4.1/bin/../lib/gcc/arm-none-eabi/5.4.1/../../../../arm-none-eabi/lib/armv7-m\libg_nano.a(lib_a-memcpy-stub.o)
 .debug_frame   0x000021e8       0x20 c:/program files (x86)/cypress/psoc creator/4.4/psoc creator/import/gnu/arm/5.4.1/bin/../lib/gcc/arm-none-eabi/5.4.1/../../../../arm-none-eabi/lib/armv7-m\libg_nano.a(lib_a-memset.o)

.debug_str      0x00000000     0x2909
 *(.debug_str)
 .debug_str     0x00000000      0x389 .\CortexM3\ARM_GCC_541\Debug\main.o
                                0x3f0 (size before relaxing)
 .debug_str     0x00000389       0x48 .\CortexM3\ARM_GCC_541\Debug\keypad.o
                                0x21e (size before relaxing)
 .debug_str     0x000003d1      0x1f5 .\CortexM3\ARM_GCC_541\Debug\cyfitter_cfg.o
                                0x3a4 (size before relaxing)
 .debug_str     0x000005c6       0x75 .\CortexM3\ARM_GCC_541\Debug\cymetadata.o
                                0x1f8 (size before relaxing)
 .debug_str     0x0000063b      0x144 .\CortexM3\ARM_GCC_541\Debug\Cm3Start.o
                                0x31e (size before relaxing)
 .debug_str     0x0000077f       0x58 .\CortexM3\ARM_GCC_541\Debug\NeverLose.a(SW1.o)
                                0x1ec (size before relaxing)
 .debug_str     0x000007d7       0x48 .\CortexM3\ARM_GCC_541\Debug\NeverLose.a(SW2.o)
                                0x1ec (size before relaxing)
 .debug_str     0x0000081f       0x48 .\CortexM3\ARM_GCC_541\Debug\NeverLose.a(SW3.o)
                                0x1ec (size before relaxing)
 .debug_str     0x00000867       0x4b .\CortexM3\ARM_GCC_541\Debug\NeverLose.a(LED1.o)
                                0x1f1 (size before relaxing)
 .debug_str     0x000008b2       0x4b .\CortexM3\ARM_GCC_541\Debug\NeverLose.a(LED2.o)
                                0x1f1 (size before relaxing)
 .debug_str     0x000008fd       0x4b .\CortexM3\ARM_GCC_541\Debug\NeverLose.a(LED3.o)
                                0x1f1 (size before relaxing)
 .debug_str     0x00000948       0x4b .\CortexM3\ARM_GCC_541\Debug\NeverLose.a(LED4.o)
                                0x1f1 (size before relaxing)
 .debug_str     0x00000993      0x3d3 .\CortexM3\ARM_GCC_541\Debug\NeverLose.a(ADC.o)
                                0x5dd (size before relaxing)
 .debug_str     0x00000d66       0x45 .\CortexM3\ARM_GCC_541\Debug\NeverLose.a(ADC_INT.o)
                                0x1d4 (size before relaxing)
 .debug_str     0x00000dab      0x134 .\CortexM3\ARM_GCC_541\Debug\NeverLose.a(LCD.o)
                                0x33f (size before relaxing)
 .debug_str     0x00000edf      0x26f .\CortexM3\ARM_GCC_541\Debug\NeverLose.a(UART.o)
                                0x489 (size before relaxing)
 .debug_str     0x0000114e       0x5f .\CortexM3\ARM_GCC_541\Debug\NeverLose.a(ADC_AMux.o)
                                0x213 (size before relaxing)
 .debug_str     0x000011ad      0x173 .\CortexM3\ARM_GCC_541\Debug\NeverLose.a(ADC_Ext_CP_Clk.o)
                                0x356 (size before relaxing)
 .debug_str     0x00001320      0x14f .\CortexM3\ARM_GCC_541\Debug\NeverLose.a(ADC_theACLK.o)
                                0x375 (size before relaxing)
 .debug_str     0x0000146f      0x138 .\CortexM3\ARM_GCC_541\Debug\NeverLose.a(UART_IntClock.o)
                                0x34a (size before relaxing)
 .debug_str     0x000015a7      0x7cc .\CortexM3\ARM_GCC_541\Debug\NeverLose.a(CyLib.o)
                                0xa5b (size before relaxing)
 .debug_str     0x00001d73      0x365 .\CortexM3\ARM_GCC_541\Debug\NeverLose.a(cyPm.o)
                                0x747 (size before relaxing)
 .debug_str     0x000020d8       0x82 .\CortexM3\ARM_GCC_541\Debug\NeverLose.a(DAC.o)
                                0x21f (size before relaxing)
 .debug_str     0x0000215a      0x147 .\CortexM3\ARM_GCC_541\Debug\NeverLose.a(PWM1.o)
                                0x35f (size before relaxing)
 .debug_str     0x000022a1      0x124 .\CortexM3\ARM_GCC_541\Debug\NeverLose.a(PWM2.o)
                                0x35f (size before relaxing)
 .debug_str     0x000023c5      0x118 .\CortexM3\ARM_GCC_541\Debug\NeverLose.a(Timer.o)
                                0x309 (size before relaxing)
 .debug_str     0x000024dd       0x4c .\CortexM3\ARM_GCC_541\Debug\NeverLose.a(ROW0.o)
                                0x1f1 (size before relaxing)
 .debug_str     0x00002529       0x4c .\CortexM3\ARM_GCC_541\Debug\NeverLose.a(ROW1.o)
                                0x1f1 (size before relaxing)
 .debug_str     0x00002575       0x4c .\CortexM3\ARM_GCC_541\Debug\NeverLose.a(ROW3.o)
                                0x1f1 (size before relaxing)
 .debug_str     0x000025c1       0x4b .\CortexM3\ARM_GCC_541\Debug\NeverLose.a(COL1.o)
                                0x1f1 (size before relaxing)
 .debug_str     0x0000260c       0x4b .\CortexM3\ARM_GCC_541\Debug\NeverLose.a(COL2.o)
                                0x1f1 (size before relaxing)
 .debug_str     0x00002657       0x4b .\CortexM3\ARM_GCC_541\Debug\NeverLose.a(COL3.o)
                                0x1f1 (size before relaxing)
 .debug_str     0x000026a2      0x1bb .\CortexM3\ARM_GCC_541\Debug\NeverLose.a(CyFlash.o)
                                0x3d4 (size before relaxing)
 .debug_str     0x0000285d       0xac .\CortexM3\ARM_GCC_541\Debug\NeverLose.a(CySpc.o)
                                0x34c (size before relaxing)

.debug_loc      0x00000000     0x30fd
 *(.debug_loc)
 .debug_loc     0x00000000      0x1aa .\CortexM3\ARM_GCC_541\Debug\main.o
 .debug_loc     0x000001aa      0x29c .\CortexM3\ARM_GCC_541\Debug\cyfitter_cfg.o
 .debug_loc     0x00000446      0x144 .\CortexM3\ARM_GCC_541\Debug\Cm3Start.o
 .debug_loc     0x0000058a       0x42 .\CortexM3\ARM_GCC_541\Debug\NeverLose.a(SW1.o)
 .debug_loc     0x000005cc       0x42 .\CortexM3\ARM_GCC_541\Debug\NeverLose.a(SW2.o)
 .debug_loc     0x0000060e       0x42 .\CortexM3\ARM_GCC_541\Debug\NeverLose.a(SW3.o)
 .debug_loc     0x00000650       0x42 .\CortexM3\ARM_GCC_541\Debug\NeverLose.a(LED1.o)
 .debug_loc     0x00000692       0x42 .\CortexM3\ARM_GCC_541\Debug\NeverLose.a(LED2.o)
 .debug_loc     0x000006d4       0x42 .\CortexM3\ARM_GCC_541\Debug\NeverLose.a(LED3.o)
 .debug_loc     0x00000716       0x42 .\CortexM3\ARM_GCC_541\Debug\NeverLose.a(LED4.o)
 .debug_loc     0x00000758      0x681 .\CortexM3\ARM_GCC_541\Debug\NeverLose.a(ADC.o)
 .debug_loc     0x00000dd9      0x3c6 .\CortexM3\ARM_GCC_541\Debug\NeverLose.a(LCD.o)
 .debug_loc     0x0000119f      0x258 .\CortexM3\ARM_GCC_541\Debug\NeverLose.a(UART.o)
 .debug_loc     0x000013f7       0x6c .\CortexM3\ARM_GCC_541\Debug\NeverLose.a(ADC_AMux.o)
 .debug_loc     0x00001463      0x128 .\CortexM3\ARM_GCC_541\Debug\NeverLose.a(ADC_Ext_CP_Clk.o)
 .debug_loc     0x0000158b      0x14d .\CortexM3\ARM_GCC_541\Debug\NeverLose.a(ADC_theACLK.o)
 .debug_loc     0x000016d8      0x128 .\CortexM3\ARM_GCC_541\Debug\NeverLose.a(UART_IntClock.o)
 .debug_loc     0x00001800      0xa11 .\CortexM3\ARM_GCC_541\Debug\NeverLose.a(CyLib.o)
 .debug_loc     0x00002211      0x1e4 .\CortexM3\ARM_GCC_541\Debug\NeverLose.a(cyPm.o)
 .debug_loc     0x000023f5       0x79 .\CortexM3\ARM_GCC_541\Debug\NeverLose.a(DAC.o)
 .debug_loc     0x0000246e       0x26 .\CortexM3\ARM_GCC_541\Debug\NeverLose.a(PWM1.o)
 .debug_loc     0x00002494       0x26 .\CortexM3\ARM_GCC_541\Debug\NeverLose.a(PWM2.o)
 .debug_loc     0x000024ba       0x42 .\CortexM3\ARM_GCC_541\Debug\NeverLose.a(ROW0.o)
 .debug_loc     0x000024fc       0x42 .\CortexM3\ARM_GCC_541\Debug\NeverLose.a(ROW1.o)
 .debug_loc     0x0000253e       0x42 .\CortexM3\ARM_GCC_541\Debug\NeverLose.a(ROW3.o)
 .debug_loc     0x00002580       0x42 .\CortexM3\ARM_GCC_541\Debug\NeverLose.a(COL1.o)
 .debug_loc     0x000025c2       0x42 .\CortexM3\ARM_GCC_541\Debug\NeverLose.a(COL2.o)
 .debug_loc     0x00002604       0x42 .\CortexM3\ARM_GCC_541\Debug\NeverLose.a(COL3.o)
 .debug_loc     0x00002646      0x3b2 .\CortexM3\ARM_GCC_541\Debug\NeverLose.a(CyFlash.o)
 .debug_loc     0x000029f8      0x705 .\CortexM3\ARM_GCC_541\Debug\NeverLose.a(CySpc.o)

.debug_macinfo
 *(.debug_macinfo)

.debug_ranges   0x00000000      0xc68
 *(.debug_ranges)
 .debug_ranges  0x00000000       0x30 .\CortexM3\ARM_GCC_541\Debug\main.o
 .debug_ranges  0x00000030       0x18 .\CortexM3\ARM_GCC_541\Debug\keypad.o
 .debug_ranges  0x00000048       0x58 .\CortexM3\ARM_GCC_541\Debug\cyfitter_cfg.o
 .debug_ranges  0x000000a0       0x38 .\CortexM3\ARM_GCC_541\Debug\Cm3Start.o
 .debug_ranges  0x000000d8       0x28 .\CortexM3\ARM_GCC_541\Debug\NeverLose.a(SW1.o)
 .debug_ranges  0x00000100       0x28 .\CortexM3\ARM_GCC_541\Debug\NeverLose.a(SW2.o)
 .debug_ranges  0x00000128       0x28 .\CortexM3\ARM_GCC_541\Debug\NeverLose.a(SW3.o)
 .debug_ranges  0x00000150       0x28 .\CortexM3\ARM_GCC_541\Debug\NeverLose.a(LED1.o)
 .debug_ranges  0x00000178       0x28 .\CortexM3\ARM_GCC_541\Debug\NeverLose.a(LED2.o)
 .debug_ranges  0x000001a0       0x28 .\CortexM3\ARM_GCC_541\Debug\NeverLose.a(LED3.o)
 .debug_ranges  0x000001c8       0x28 .\CortexM3\ARM_GCC_541\Debug\NeverLose.a(LED4.o)
 .debug_ranges  0x000001f0       0xd8 .\CortexM3\ARM_GCC_541\Debug\NeverLose.a(ADC.o)
 .debug_ranges  0x000002c8       0x28 .\CortexM3\ARM_GCC_541\Debug\NeverLose.a(ADC_INT.o)
 .debug_ranges  0x000002f0       0x88 .\CortexM3\ARM_GCC_541\Debug\NeverLose.a(LCD.o)
 .debug_ranges  0x00000378       0xe0 .\CortexM3\ARM_GCC_541\Debug\NeverLose.a(UART.o)
 .debug_ranges  0x00000458       0x20 .\CortexM3\ARM_GCC_541\Debug\NeverLose.a(ADC_AMux.o)
 .debug_ranges  0x00000478       0x60 .\CortexM3\ARM_GCC_541\Debug\NeverLose.a(ADC_Ext_CP_Clk.o)
 .debug_ranges  0x000004d8       0x70 .\CortexM3\ARM_GCC_541\Debug\NeverLose.a(ADC_theACLK.o)
 .debug_ranges  0x00000548       0x60 .\CortexM3\ARM_GCC_541\Debug\NeverLose.a(UART_IntClock.o)
 .debug_ranges  0x000005a8      0x290 .\CortexM3\ARM_GCC_541\Debug\NeverLose.a(CyLib.o)
 .debug_ranges  0x00000838       0x88 .\CortexM3\ARM_GCC_541\Debug\NeverLose.a(cyPm.o)
 .debug_ranges  0x000008c0       0x48 .\CortexM3\ARM_GCC_541\Debug\NeverLose.a(DAC.o)
 .debug_ranges  0x00000908       0x88 .\CortexM3\ARM_GCC_541\Debug\NeverLose.a(PWM1.o)
 .debug_ranges  0x00000990       0x88 .\CortexM3\ARM_GCC_541\Debug\NeverLose.a(PWM2.o)
 .debug_ranges  0x00000a18       0x78 .\CortexM3\ARM_GCC_541\Debug\NeverLose.a(Timer.o)
 .debug_ranges  0x00000a90       0x28 .\CortexM3\ARM_GCC_541\Debug\NeverLose.a(ROW0.o)
 .debug_ranges  0x00000ab8       0x28 .\CortexM3\ARM_GCC_541\Debug\NeverLose.a(ROW1.o)
 .debug_ranges  0x00000ae0       0x28 .\CortexM3\ARM_GCC_541\Debug\NeverLose.a(ROW3.o)
 .debug_ranges  0x00000b08       0x28 .\CortexM3\ARM_GCC_541\Debug\NeverLose.a(COL1.o)
 .debug_ranges  0x00000b30       0x28 .\CortexM3\ARM_GCC_541\Debug\NeverLose.a(COL2.o)
 .debug_ranges  0x00000b58       0x28 .\CortexM3\ARM_GCC_541\Debug\NeverLose.a(COL3.o)
 .debug_ranges  0x00000b80       0x78 .\CortexM3\ARM_GCC_541\Debug\NeverLose.a(CyFlash.o)
 .debug_ranges  0x00000bf8       0x70 .\CortexM3\ARM_GCC_541\Debug\NeverLose.a(CySpc.o)

.comment        0x00000000       0x6e
 .comment       0x00000000       0x6e .\CortexM3\ARM_GCC_541\Debug\main.o
                                 0x6f (size before relaxing)
 .comment       0x0000006e       0x6f .\CortexM3\ARM_GCC_541\Debug\keypad.o
 .comment       0x0000006e       0x6f .\CortexM3\ARM_GCC_541\Debug\cyfitter_cfg.o
 .comment       0x0000006e       0x6f .\CortexM3\ARM_GCC_541\Debug\cymetadata.o
 .comment       0x0000006e       0x6f .\CortexM3\ARM_GCC_541\Debug\Cm3Start.o
 .comment       0x0000006e       0x6f .\CortexM3\ARM_GCC_541\Debug\NeverLose.a(SW1.o)
 .comment       0x0000006e       0x6f .\CortexM3\ARM_GCC_541\Debug\NeverLose.a(SW2.o)
 .comment       0x0000006e       0x6f .\CortexM3\ARM_GCC_541\Debug\NeverLose.a(SW3.o)
 .comment       0x0000006e       0x6f .\CortexM3\ARM_GCC_541\Debug\NeverLose.a(LED1.o)
 .comment       0x0000006e       0x6f .\CortexM3\ARM_GCC_541\Debug\NeverLose.a(LED2.o)
 .comment       0x0000006e       0x6f .\CortexM3\ARM_GCC_541\Debug\NeverLose.a(LED3.o)
 .comment       0x0000006e       0x6f .\CortexM3\ARM_GCC_541\Debug\NeverLose.a(LED4.o)
 .comment       0x0000006e       0x6f .\CortexM3\ARM_GCC_541\Debug\NeverLose.a(ADC.o)
 .comment       0x0000006e       0x6f .\CortexM3\ARM_GCC_541\Debug\NeverLose.a(ADC_INT.o)
 .comment       0x0000006e       0x6f .\CortexM3\ARM_GCC_541\Debug\NeverLose.a(LCD.o)
 .comment       0x0000006e       0x6f .\CortexM3\ARM_GCC_541\Debug\NeverLose.a(UART.o)
 .comment       0x0000006e       0x6f .\CortexM3\ARM_GCC_541\Debug\NeverLose.a(ADC_AMux.o)
 .comment       0x0000006e       0x6f .\CortexM3\ARM_GCC_541\Debug\NeverLose.a(ADC_Ext_CP_Clk.o)
 .comment       0x0000006e       0x6f .\CortexM3\ARM_GCC_541\Debug\NeverLose.a(ADC_theACLK.o)
 .comment       0x0000006e       0x6f .\CortexM3\ARM_GCC_541\Debug\NeverLose.a(UART_IntClock.o)
 .comment       0x0000006e       0x6f .\CortexM3\ARM_GCC_541\Debug\NeverLose.a(CyLib.o)
 .comment       0x0000006e       0x6f .\CortexM3\ARM_GCC_541\Debug\NeverLose.a(cyPm.o)
 .comment       0x0000006e       0x6f .\CortexM3\ARM_GCC_541\Debug\NeverLose.a(DAC.o)
 .comment       0x0000006e       0x6f .\CortexM3\ARM_GCC_541\Debug\NeverLose.a(PWM1.o)
 .comment       0x0000006e       0x6f .\CortexM3\ARM_GCC_541\Debug\NeverLose.a(PWM2.o)
 .comment       0x0000006e       0x6f .\CortexM3\ARM_GCC_541\Debug\NeverLose.a(Timer.o)
 .comment       0x0000006e       0x6f .\CortexM3\ARM_GCC_541\Debug\NeverLose.a(ROW0.o)
 .comment       0x0000006e       0x6f .\CortexM3\ARM_GCC_541\Debug\NeverLose.a(ROW1.o)
 .comment       0x0000006e       0x6f .\CortexM3\ARM_GCC_541\Debug\NeverLose.a(ROW3.o)
 .comment       0x0000006e       0x6f .\CortexM3\ARM_GCC_541\Debug\NeverLose.a(COL1.o)
 .comment       0x0000006e       0x6f .\CortexM3\ARM_GCC_541\Debug\NeverLose.a(COL2.o)
 .comment       0x0000006e       0x6f .\CortexM3\ARM_GCC_541\Debug\NeverLose.a(COL3.o)
 .comment       0x0000006e       0x6f .\CortexM3\ARM_GCC_541\Debug\NeverLose.a(CyFlash.o)
 .comment       0x0000006e       0x6f .\CortexM3\ARM_GCC_541\Debug\NeverLose.a(CySpc.o)

.debug_weaknames
 *(.debug_weaknames)

.debug_funcnames
 *(.debug_funcnames)

.debug_typenames
 *(.debug_typenames)

.debug_varnames
 *(.debug_varnames)

.note.gnu.arm.ident
 *(.note.gnu.arm.ident)

.ARM.attributes
                0x00000000       0x29
 *(.ARM.attributes)
 .ARM.attributes
                0x00000000       0x1d c:/program files (x86)/cypress/psoc creator/4.4/psoc creator/import/gnu/arm/5.4.1/bin/../lib/gcc/arm-none-eabi/5.4.1/armv7-m/crti.o
 .ARM.attributes
                0x0000001d       0x2d c:/program files (x86)/cypress/psoc creator/4.4/psoc creator/import/gnu/arm/5.4.1/bin/../lib/gcc/arm-none-eabi/5.4.1/armv7-m/crtbegin.o
 .ARM.attributes
                0x0000004a       0x1b c:/program files (x86)/cypress/psoc creator/4.4/psoc creator/import/gnu/arm/5.4.1/bin/../lib/gcc/arm-none-eabi/5.4.1/../../../../arm-none-eabi/lib/armv7-m/crt0.o
 .ARM.attributes
                0x00000065       0x33 .\CortexM3\ARM_GCC_541\Debug\main.o
 .ARM.attributes
                0x00000098       0x33 .\CortexM3\ARM_GCC_541\Debug\keypad.o
 .ARM.attributes
                0x000000cb       0x33 .\CortexM3\ARM_GCC_541\Debug\cyfitter_cfg.o
 .ARM.attributes
                0x000000fe       0x33 .\CortexM3\ARM_GCC_541\Debug\cymetadata.o
 .ARM.attributes
                0x00000131       0x33 .\CortexM3\ARM_GCC_541\Debug\Cm3Start.o
 .ARM.attributes
                0x00000164       0x33 .\CortexM3\ARM_GCC_541\Debug\NeverLose.a(SW1.o)
 .ARM.attributes
                0x00000197       0x33 .\CortexM3\ARM_GCC_541\Debug\NeverLose.a(SW2.o)
 .ARM.attributes
                0x000001ca       0x33 .\CortexM3\ARM_GCC_541\Debug\NeverLose.a(SW3.o)
 .ARM.attributes
                0x000001fd       0x33 .\CortexM3\ARM_GCC_541\Debug\NeverLose.a(LED1.o)
 .ARM.attributes
                0x00000230       0x33 .\CortexM3\ARM_GCC_541\Debug\NeverLose.a(LED2.o)
 .ARM.attributes
                0x00000263       0x33 .\CortexM3\ARM_GCC_541\Debug\NeverLose.a(LED3.o)
 .ARM.attributes
                0x00000296       0x33 .\CortexM3\ARM_GCC_541\Debug\NeverLose.a(LED4.o)
 .ARM.attributes
                0x000002c9       0x33 .\CortexM3\ARM_GCC_541\Debug\NeverLose.a(ADC.o)
 .ARM.attributes
                0x000002fc       0x33 .\CortexM3\ARM_GCC_541\Debug\NeverLose.a(ADC_INT.o)
 .ARM.attributes
                0x0000032f       0x33 .\CortexM3\ARM_GCC_541\Debug\NeverLose.a(LCD.o)
 .ARM.attributes
                0x00000362       0x33 .\CortexM3\ARM_GCC_541\Debug\NeverLose.a(UART.o)
 .ARM.attributes
                0x00000395       0x33 .\CortexM3\ARM_GCC_541\Debug\NeverLose.a(ADC_AMux.o)
 .ARM.attributes
                0x000003c8       0x33 .\CortexM3\ARM_GCC_541\Debug\NeverLose.a(ADC_Ext_CP_Clk.o)
 .ARM.attributes
                0x000003fb       0x33 .\CortexM3\ARM_GCC_541\Debug\NeverLose.a(ADC_theACLK.o)
 .ARM.attributes
                0x0000042e       0x33 .\CortexM3\ARM_GCC_541\Debug\NeverLose.a(UART_IntClock.o)
 .ARM.attributes
                0x00000461       0x33 .\CortexM3\ARM_GCC_541\Debug\NeverLose.a(CyLib.o)
 .ARM.attributes
                0x00000494       0x33 .\CortexM3\ARM_GCC_541\Debug\NeverLose.a(cyPm.o)
 .ARM.attributes
                0x000004c7       0x33 .\CortexM3\ARM_GCC_541\Debug\NeverLose.a(DAC.o)
 .ARM.attributes
                0x000004fa       0x33 .\CortexM3\ARM_GCC_541\Debug\NeverLose.a(PWM1.o)
 .ARM.attributes
                0x0000052d       0x33 .\CortexM3\ARM_GCC_541\Debug\NeverLose.a(PWM2.o)
 .ARM.attributes
                0x00000560       0x33 .\CortexM3\ARM_GCC_541\Debug\NeverLose.a(Timer.o)
 .ARM.attributes
                0x00000593       0x33 .\CortexM3\ARM_GCC_541\Debug\NeverLose.a(ROW0.o)
 .ARM.attributes
                0x000005c6       0x33 .\CortexM3\ARM_GCC_541\Debug\NeverLose.a(ROW1.o)
 .ARM.attributes
                0x000005f9       0x33 .\CortexM3\ARM_GCC_541\Debug\NeverLose.a(ROW3.o)
 .ARM.attributes
                0x0000062c       0x33 .\CortexM3\ARM_GCC_541\Debug\NeverLose.a(COL1.o)
 .ARM.attributes
                0x0000065f       0x33 .\CortexM3\ARM_GCC_541\Debug\NeverLose.a(COL2.o)
 .ARM.attributes
                0x00000692       0x33 .\CortexM3\ARM_GCC_541\Debug\NeverLose.a(COL3.o)
 .ARM.attributes
                0x000006c5       0x21 .\CortexM3\ARM_GCC_541\Debug\NeverLose.a(CyBootAsmGnu.o)
 .ARM.attributes
                0x000006e6       0x33 .\CortexM3\ARM_GCC_541\Debug\NeverLose.a(CyFlash.o)
 .ARM.attributes
                0x00000719       0x33 .\CortexM3\ARM_GCC_541\Debug\NeverLose.a(CySpc.o)
 .ARM.attributes
                0x0000074c       0x1d c:/program files (x86)/cypress/psoc creator/4.4/psoc creator/import/gnu/arm/5.4.1/bin/../lib/gcc/arm-none-eabi/5.4.1/armv7-m\libgcc.a(_arm_addsubdf3.o)
 .ARM.attributes
                0x00000769       0x1d c:/program files (x86)/cypress/psoc creator/4.4/psoc creator/import/gnu/arm/5.4.1/bin/../lib/gcc/arm-none-eabi/5.4.1/armv7-m\libgcc.a(_arm_cmpdf2.o)
 .ARM.attributes
                0x00000786       0x1d c:/program files (x86)/cypress/psoc creator/4.4/psoc creator/import/gnu/arm/5.4.1/bin/../lib/gcc/arm-none-eabi/5.4.1/armv7-m\libgcc.a(_arm_addsubsf3.o)
 .ARM.attributes
                0x000007a3       0x1d c:/program files (x86)/cypress/psoc creator/4.4/psoc creator/import/gnu/arm/5.4.1/bin/../lib/gcc/arm-none-eabi/5.4.1/armv7-m\libgcc.a(_arm_muldivsf3.o)
 .ARM.attributes
                0x000007c0       0x1d c:/program files (x86)/cypress/psoc creator/4.4/psoc creator/import/gnu/arm/5.4.1/bin/../lib/gcc/arm-none-eabi/5.4.1/armv7-m\libgcc.a(_arm_fixunssfsi.o)
 .ARM.attributes
                0x000007dd       0x2d c:/program files (x86)/cypress/psoc creator/4.4/psoc creator/import/gnu/arm/5.4.1/bin/../lib/gcc/arm-none-eabi/5.4.1/../../../../arm-none-eabi/lib/armv7-m\libg_nano.a(lib_a-errno.o)
 .ARM.attributes
                0x0000080a       0x2d c:/program files (x86)/cypress/psoc creator/4.4/psoc creator/import/gnu/arm/5.4.1/bin/../lib/gcc/arm-none-eabi/5.4.1/../../../../arm-none-eabi/lib/armv7-m\libg_nano.a(lib_a-exit.o)
 .ARM.attributes
                0x00000837       0x2d c:/program files (x86)/cypress/psoc creator/4.4/psoc creator/import/gnu/arm/5.4.1/bin/../lib/gcc/arm-none-eabi/5.4.1/../../../../arm-none-eabi/lib/armv7-m\libg_nano.a(lib_a-impure.o)
 .ARM.attributes
                0x00000864       0x2d c:/program files (x86)/cypress/psoc creator/4.4/psoc creator/import/gnu/arm/5.4.1/bin/../lib/gcc/arm-none-eabi/5.4.1/../../../../arm-none-eabi/lib/armv7-m\libg_nano.a(lib_a-init.o)
 .ARM.attributes
                0x00000891       0x2d c:/program files (x86)/cypress/psoc creator/4.4/psoc creator/import/gnu/arm/5.4.1/bin/../lib/gcc/arm-none-eabi/5.4.1/../../../../arm-none-eabi/lib/armv7-m\libg_nano.a(lib_a-memcpy-stub.o)
 .ARM.attributes
                0x000008be       0x2d c:/program files (x86)/cypress/psoc creator/4.4/psoc creator/import/gnu/arm/5.4.1/bin/../lib/gcc/arm-none-eabi/5.4.1/../../../../arm-none-eabi/lib/armv7-m\libg_nano.a(lib_a-memset.o)
 .ARM.attributes
                0x000008eb       0x2d c:/program files (x86)/cypress/psoc creator/4.4/psoc creator/import/gnu/arm/5.4.1/bin/../lib/gcc/arm-none-eabi/5.4.1/armv7-m/crtend.o
 .ARM.attributes
                0x00000918       0x1d c:/program files (x86)/cypress/psoc creator/4.4/psoc creator/import/gnu/arm/5.4.1/bin/../lib/gcc/arm-none-eabi/5.4.1/armv7-m/crtn.o

/DISCARD/
 *(.note.GNU-stack)
OUTPUT(C:\Users\cleme\Desktop\Cours\Q2\Digital Electronics\Projet\never-lose\NeverLose.cydsn\CortexM3\ARM_GCC_541\Debug\NeverLose.elf elf32-littlearm)
